 zlibwapi

 Timestamp is 55a143b2 (Sat Jul 11 11:26:26 2015)

 Preferred load address is 10000000

 Start         Length     Name                   Class
 0001:00000000 0001d29aH .text$mn                CODE
 0002:00000000 00000108H .idata$5                DATA
 0002:00000108 00000004H .CRT$XCA                DATA
 0002:0000010c 00000004H .CRT$XCZ                DATA
 0002:00000110 00000004H .CRT$XIA                DATA
 0002:00000114 00000010H .CRT$XIC                DATA
 0002:00000124 00000004H .CRT$XIZ                DATA
 0002:00000128 00000004H .CRT$XPA                DATA
 0002:0000012c 00000008H .CRT$XPX                DATA
 0002:00000134 00000004H .CRT$XPXA               DATA
 0002:00000138 00000004H .CRT$XPZ                DATA
 0002:0000013c 00000004H .CRT$XTA                DATA
 0002:00000140 00000004H .CRT$XTZ                DATA
 0002:00000150 00008228H .rdata                  DATA
 0002:00008378 00000004H .rtc$IAA                DATA
 0002:0000837c 00000004H .rtc$IZZ                DATA
 0002:00008380 00000004H .rtc$TAA                DATA
 0002:00008384 00000004H .rtc$TZZ                DATA
 0002:00008388 0000047cH .xdata$x                DATA
 0002:00008810 00000c44H .edata                  DATA
 0002:00009454 00000014H .idata$2                DATA
 0002:00009468 00000014H .idata$3                DATA
 0002:0000947c 00000108H .idata$4                DATA
 0002:00009584 000004aeH .idata$6                DATA
 0003:00000000 00001200H .data                   DATA
 0003:00001200 00001e50H .bss                    DATA
 0004:00000000 00000058H .rsrc$01                DATA
 0004:00000060 00000338H .rsrc$02                DATA

  Address         Publics by Value              Rva+Base       Lib:Object

 0000:00000000       ___guard_flags             00000000     <absolute>
 0000:00000000       ___guard_fids_count        00000000     <absolute>
 0000:00000000       ___safe_se_handler_count   00000000     <absolute>
 0000:00000000       __except_list              00000000     <absolute>
 0000:00000000       ___guard_fids_table        00000000     <absolute>
 0000:00000000       ___safe_se_handler_table   00000000     <absolute>
 0000:00000000       ___ImageBase               10000000     <linker-defined>
 0001:00000000       _adler32@12                10001000 f   adler32.obj
 0001:00000340       _adler32_combine@12        10001340 f   adler32.obj
 0001:00000360       _compress2@20              10001360 f   compress.obj
 0001:00000410       _compress@16               10001410 f   compress.obj
 0001:00000430       _compressBound@4           10001430 f   compress.obj
 0001:00000450       _get_crc_table@0           10001450 f   crc32.obj
 0001:00000460       _crc32@12                  10001460 f   crc32.obj
 0001:000008a0       _crc32_combine@12          100018a0 f   crc32.obj
 0001:000008c0       _deflateInit_@16           100018c0 f   deflate.obj
 0001:000008e0       _deflateInit2_@32          100018e0 f   deflate.obj
 0001:00000b10       _deflateSetDictionary@12   10001b10 f   deflate.obj
 0001:00000cb0       _deflateResetKeep@4        10001cb0 f   deflate.obj
 0001:00000d60       _deflateReset@4            10001d60 f   deflate.obj
 0001:00000d90       _deflateSetHeader@8        10001d90 f   deflate.obj
 0001:00000dc0       _deflatePending@12         10001dc0 f   deflate.obj
 0001:00000e00       _deflatePrime@12           10001e00 f   deflate.obj
 0001:00000e90       _deflateParams@12          10001e90 f   deflate.obj
 0001:00000f90       _deflateTune@20            10001f90 f   deflate.obj
 0001:00000fe0       _deflateBound@8            10001fe0 f   deflate.obj
 0001:00001150       _deflate@8                 10002150 f   deflate.obj
 0001:000019c0       _deflateEnd@4              100029c0 f   deflate.obj
 0001:00001aa0       _deflateCopy@8             10002aa0 f   deflate.obj
 0001:00002c00       _gzclose@4                 10003c00 f   gzclose.obj
 0001:00002f80       _gzopen@8                  10003f80 f   gzlib.obj
 0001:00002fa0       _gzdopen@8                 10003fa0 f   gzlib.obj
 0001:00003000       _gzopen_w@8                10004000 f   gzlib.obj
 0001:00003020       _gzbuffer@8                10004020 f   gzlib.obj
 0001:00003060       _gzrewind@4                10004060 f   gzlib.obj
 0001:000030c0       _gzseek64@16               100040c0 f   gzlib.obj
 0001:00003250       _gzseek@12                 10004250 f   gzlib.obj
 0001:00003290       _gztell64@4                10004290 f   gzlib.obj
 0001:000032f0       _gztell@4                  100042f0 f   gzlib.obj
 0001:00003320       _gzoffset64@4              10004320 f   gzlib.obj
 0001:00003370       _gzoffset@4                10004370 f   gzlib.obj
 0001:000033a0       _gzeof@4                   100043a0 f   gzlib.obj
 0001:000033e0       _gzerror@8                 100043e0 f   gzlib.obj
 0001:00003430       _gzclearerr@4              10004430 f   gzlib.obj
 0001:00003470       _gz_error                  10004470 f   gzlib.obj
 0001:000039d0       _gzread@12                 100049d0 f   gzread.obj
 0001:00003b20       _gzgetc@4                  10004b20 f   gzread.obj
 0001:00003b80       _gzgetc_@4                 10004b80 f   gzread.obj
 0001:00003b90       _gzungetc@8                10004b90 f   gzread.obj
 0001:00003c70       _gzgets@12                 10004c70 f   gzread.obj
 0001:00003d80       _gzdirect@4                10004d80 f   gzread.obj
 0001:00003dc0       _gzclose_r@4               10004dc0 f   gzread.obj
 0001:00004130       _gzwrite@12                10005130 f   gzwrite.obj
 0001:00004250       _gzputc@8                  10005250 f   gzwrite.obj
 0001:00004300       _gzputs@8                  10005300 f   gzwrite.obj
 0001:00004340       _gzvprintf                 10005340 f   gzwrite.obj
 0001:00004400       _gzprintf                  10005400 f   gzwrite.obj
 0001:00004420       _gzflush@8                 10005420 f   gzwrite.obj
 0001:00004490       _gzsetparams@12            10005490 f   gzwrite.obj
 0001:00004540       _gzclose_w@4               10005540 f   gzwrite.obj
 0001:00004600       _inflateBackInit_@20       10005600 f   infback.obj
 0001:00004700       _inflateBack@20            10005700 f   infback.obj
 0001:00005500       _inflateBackEnd@4          10006500 f   infback.obj
 0001:00005540       _inflateResetKeep@4        10006540 f   inflate.obj
 0001:000055f0       _inflateReset@4            100065f0 f   inflate.obj
 0001:00005630       _inflateReset2@8           10006630 f   inflate.obj
 0001:000056c0       _inflateInit2_@16          100066c0 f   inflate.obj
 0001:00005780       _inflateInit_@12           10006780 f   inflate.obj
 0001:000057a0       _inflatePrime@12           100067a0 f   inflate.obj
 0001:00005930       _inflate@8                 10006930 f   inflate.obj
 0001:00007000       _inflateEnd@4              10008000 f   inflate.obj
 0001:00007050       _inflateGetDictionary@12   10008050 f   inflate.obj
 0001:000070c0       _inflateSetDictionary@12   100080c0 f   inflate.obj
 0001:00007160       _inflateGetHeader@8        10008160 f   inflate.obj
 0001:00007220       _inflateSync@4             10008220 f   inflate.obj
 0001:00007310       _inflateSyncPoint@4        10008310 f   inflate.obj
 0001:00007350       _inflateCopy@8             10008350 f   inflate.obj
 0001:000074c0       _inflateUndermine@8        100084c0 f   inflate.obj
 0001:000074f0       _inflateMark@4             100084f0 f   inflate.obj
 0001:00007560       _inflate_table             10008560 f   inftrees.obj
 0001:00007940       _call_zopen64              10008940 f   ioapi.obj
 0001:00007960       _call_zseek64              10008960 f   ioapi.obj
 0001:000079c0       _call_ztell64              100089c0 f   ioapi.obj
 0001:000079f0       _fill_zlib_filefunc64_32_def_from_filefunc32 100089f0 f   ioapi.obj
 0001:00007b50       _fill_fopen64_filefunc     10008b50 f   ioapi.obj
 0001:00007c40       _win32_open64_file_func    10008c40 f   iowin32.obj
 0001:00007c40       _win32_open64_file_funcA   10008c40 f   iowin32.obj
 0001:00007c40       _win32_open_file_func      10008c40 f   iowin32.obj
 0001:00007cb0       _win32_open64_file_funcW   10008cb0 f   iowin32.obj
 0001:00007d00       _win32_read_file_func      10008d00 f   iowin32.obj
 0001:00007d50       _win32_write_file_func     10008d50 f   iowin32.obj
 0001:00007dc0       _win32_tell_file_func      10008dc0 f   iowin32.obj
 0001:00007e20       _win32_tell64_file_func    10008e20 f   iowin32.obj
 0001:00007e80       _win32_seek_file_func      10008e80 f   iowin32.obj
 0001:00007f00       _win32_seek64_file_func    10008f00 f   iowin32.obj
 0001:00007f70       _win32_close_file_func     10008f70 f   iowin32.obj
 0001:00007fa0       _win32_error_file_func     10008fa0 f   iowin32.obj
 0001:00007fc0       _fill_win32_filefunc       10008fc0 f   iowin32.obj
 0001:00008000       _fill_win32_filefunc64     10009000 f   iowin32.obj
 0001:00008000       _fill_win32_filefunc64A    10009000 f   iowin32.obj
 0001:00008040       _fill_win32_filefunc64W    10009040 f   iowin32.obj
 0001:00008080       __tr_init                  10009080 f   trees.obj
 0001:00009010       __tr_stored_block          1000a010 f   trees.obj
 0001:000090c0       __tr_flush_bits            1000a0c0 f   trees.obj
 0001:000090d0       __tr_align                 1000a0d0 f   trees.obj
 0001:000091c0       __tr_flush_block           1000a1c0 f   trees.obj
 0001:000099b0       _uncompress@16             1000a9b0 f   uncompr.obj
 0001:00009d90       _unzStringFileNameCompare@12 1000ad90 f   unzip.obj
 0001:0000a640       _unzOpen2@8                1000b640 f   unzip.obj
 0001:0000a690       _unzOpen2_64@8             1000b690 f   unzip.obj
 0001:0000a6f0       _unzOpen@4                 1000b6f0 f   unzip.obj
 0001:0000a710       _unzOpen64@4               1000b710 f   unzip.obj
 0001:0000a730       _unzClose@4                1000b730 f   unzip.obj
 0001:0000a770       _unzGetGlobalInfo64@8      1000b770 f   unzip.obj
 0001:0000a7a0       _unzGetGlobalInfo@8        1000b7a0 f   unzip.obj
 0001:0000ae20       _unzGetCurrentFileInfo64@32 1000be20 f   unzip.obj
 0001:0000ae50       _unzGetCurrentFileInfo@32  1000be50 f   unzip.obj
 0001:0000af10       _unzGoToFirstFile@4        1000bf10 f   unzip.obj
 0001:0000af80       _unzGoToNextFile@4         1000bf80 f   unzip.obj
 0001:0000b030       _unzLocateFile@12          1000c030 f   unzip.obj
 0001:0000b1f0       _unzGetFilePos64@8         1000c1f0 f   unzip.obj
 0001:0000b240       _unzGetFilePos@8           1000c240 f   unzip.obj
 0001:0000b270       _unzGoToFilePos64@8        1000c270 f   unzip.obj
 0001:0000b2e0       _unzGoToFilePos@8          1000c2e0 f   unzip.obj
 0001:0000b580       _unzOpenCurrentFile3@20    1000c580 f   unzip.obj
 0001:0000b7f0       _unzOpenCurrentFile@4      1000c7f0 f   unzip.obj
 0001:0000b810       _unzOpenCurrentFilePassword@8 1000c810 f   unzip.obj
 0001:0000b830       _unzOpenCurrentFile2@16    1000c830 f   unzip.obj
 0001:0000b850       _unzGetCurrentFileZStreamPos64@4 1000c850 f   unzip.obj
 0001:0000b890       _unzReadCurrentFile@12     1000c890 f   unzip.obj
 0001:0000bb50       _unztell@4                 1000cb50 f   unzip.obj
 0001:0000bb80       _unztell64@4               1000cb80 f   unzip.obj
 0001:0000bbb0       _unzeof@4                  1000cbb0 f   unzip.obj
 0001:0000bbf0       _unzGetLocalExtrafield@12  1000cbf0 f   unzip.obj
 0001:0000bcc0       _unzCloseCurrentFile@4     1000ccc0 f   unzip.obj
 0001:0000bd60       _unzGetGlobalComment@12    1000cd60 f   unzip.obj
 0001:0000c740       _LoadCentralDirectoryRecord 1000d740 f   zip.obj
 0001:0000cbe0       _zipOpen3@16               1000dbe0 f   zip.obj
 0001:0000cd60       _zipOpen2@16               1000dd60 f   zip.obj
 0001:0000cdb0       _zipOpen2_64@16            1000ddb0 f   zip.obj
 0001:0000ce10       _zipOpen@8                 1000de10 f   zip.obj
 0001:0000ce10       _zipOpen64@8               1000de10 f   zip.obj
 0001:0000ce30       _Write_LocalFileHeader     1000de30 f   zip.obj
 0001:0000d040       _zipOpenNewFileInZip4_64@76 1000e040 f   zip.obj
 0001:0000d520       _zipOpenNewFileInZip3@64   1000e520 f   zip.obj
 0001:0000d570       _zipOpenNewFileInZip3_64@68 1000e570 f   zip.obj
 0001:0000d5c0       _zipOpenNewFileInZip2@44   1000e5c0 f   zip.obj
 0001:0000d600       _zipOpenNewFileInZip2_64@48 1000e600 f   zip.obj
 0001:0000d640       _zipOpenNewFileInZip64@44  1000e640 f   zip.obj
 0001:0000d680       _zipOpenNewFileInZip@40    1000e680 f   zip.obj
 0001:0000d780       _zipWriteInFileInZip@12    1000e780 f   zip.obj
 0001:0000d880       _zipCloseFileInZipRaw@12   1000e880 f   zip.obj
 0001:0000d8a0       _zipCloseFileInZipRaw64@16 1000e8a0 f   zip.obj
 0001:0000dd90       _zipCloseFileInZip@4       1000ed90 f   zip.obj
 0001:0000ddb0       _Write_Zip64EndOfCentralDirectoryLocator 1000edb0 f   zip.obj
 0001:0000de30       _Write_Zip64EndOfCentralDirectoryRecord 1000ee30 f   zip.obj
 0001:0000df50       _Write_EndOfCentralDirectoryRecord 1000ef50 f   zip.obj
 0001:0000e090       _Write_GlobalComment       1000f090 f   zip.obj
 0001:0000e100       _zipClose@8                1000f100 f   zip.obj
 0001:0000e290       _zlibVersion@0             1000f290 f   zutil.obj
 0001:0000e2a0       _zlibCompileFlags@0        1000f2a0 f   zutil.obj
 0001:0000e2b0       _zError@4                  1000f2b0 f   zutil.obj
 0001:0000e2d0       _zcalloc                   1000f2d0 f   zutil.obj
 0001:0000e2f0       _zcfree                    1000f2f0 f   zutil.obj
 0001:0000e300       _longest_match             1000f300 f   match686.obj
 0001:0000e4e8       _match_init                1000f4e8 f   match686.obj
 0001:0000e5f0       _inflate_fast              1000f5f0 f   inffas32.obj
 0001:0000ec83       __lseeki64                 1000fc83 f   LIBCMT:lseeki64.obj
 0001:0000ed7f       __lseeki64_nolock          1000fd7f f   LIBCMT:lseeki64.obj
 0001:0000ee7a       __wopen                    1000fe7a f   LIBCMT:wopen.obj
 0001:0000ef2a       __wsopen_nolock            1000ff2a f   LIBCMT:wopen.obj
 0001:0000f67d       _free                      1001067d f   LIBCMT:free.obj
 0001:0000f6b5       __open                     100106b5 f   LIBCMT:open.obj
 0001:0000f765       __sopen_helper             10010765 f   LIBCMT:open.obj
 0001:0000f82e       __sopen_nolock             1001082e f   LIBCMT:open.obj
 0001:0000f87c       __sopen_s                  1001087c f   LIBCMT:open.obj
 0001:0000f89a       _malloc                    1001089a f   LIBCMT:malloc.obj
 0001:0000f92c       __snprintf                 1001092c f   LIBCMT:snprintf.obj
 0001:0000f9d8       ??0_LocaleUpdate@@QAE@PAUlocaleinfo_struct@@@Z 100109d8 f i LIBCMT:wcstombs.obj
 0001:0000fa60       __wcstombs_l_helper        10010a60 f   LIBCMT:wcstombs.obj
 0001:0000fcc7       _wcstombs                  10010cc7 f   LIBCMT:wcstombs.obj
 0001:0000fcdf       __get_sys_err_msg          10010cdf f i LIBCMT:strerror.obj
 0001:0000fd05       _strerror                  10010d05 f   LIBCMT:strerror.obj
 0001:0000fd70       _memchr                    10010d70 f   LIBCMT:memchr.obj
 0001:0000fe1d       ___doserrno                10010e1d f   LIBCMT:dosmap.obj
 0001:0000fe30       __dosmaperr                10010e30 f   LIBCMT:dosmap.obj
 0001:0000fe51       __errno                    10010e51 f   LIBCMT:dosmap.obj
 0001:0000fe64       __get_errno_from_oserr     10010e64 f   LIBCMT:dosmap.obj
 0001:0000fea5       __read                     10010ea5 f   LIBCMT:read.obj
 0001:0000ffb9       __read_nolock              10010fb9 f   LIBCMT:read.obj
 0001:0001074a       __close                    1001174a f   LIBCMT:close.obj
 0001:00010825       __close_nolock             10011825 f   LIBCMT:close.obj
 0001:000108bf       __write                    100118bf f   LIBCMT:write.obj
 0001:000109ae       __write_nolock             100119ae f   LIBCMT:write.obj
 0001:00011213       __ftelli64                 10012213 f   LIBCMT:ftelli64.obj
 0001:0001128e       __ftelli64_nolock          1001228e f   LIBCMT:ftelli64.obj
 0001:00011663       __fseeki64                 10012663 f   LIBCMT:fseeki64.obj
 0001:000116e9       __fseeki64_nolock          100126e9 f   LIBCMT:fseeki64.obj
 0001:0001179a       __fsopen                   1001279a f   LIBCMT:fopen.obj
 0001:0001185e       _fopen                     1001285e f   LIBCMT:fopen.obj
 0001:00011873       __fread_nolock_s           10012873 f   LIBCMT:fread.obj
 0001:00011a38       _fread                     10012a38 f   LIBCMT:fread.obj
 0001:00011a53       _fread_s                   10012a53 f   LIBCMT:fread.obj
 0001:00011ae4       _ferror                    10012ae4 f   LIBCMT:feoferr.obj
 0001:00011b0a       __fwrite_nolock            10012b0a f   LIBCMT:fwrite.obj
 0001:00011c63       _fwrite                    10012c63 f   LIBCMT:fwrite.obj
 0001:00011ce5       __fclose_nolock            10012ce5 f   LIBCMT:fclose.obj
 0001:00011d51       _fclose                    10012d51 f   LIBCMT:fclose.obj
 0001:00011dc8       _rand                      10012dc8 f   LIBCMT:rand.obj
 0001:00011de9       _srand                     10012de9 f   LIBCMT:rand.obj
 0001:00011df9       __time64                   10012df9 f   LIBCMT:time64.obj
 0001:00011e4a       __CRT_INIT@12              10012e4a f   LIBCMT:dllcrt0.obj
 0001:00011fbc       __DllMainCRTStartup@12     10012fbc f   LIBCMT:dllcrt0.obj
 0001:000120ed       ___DllXcptFilter           100130ed f   LIBCMT:dllcrt0.obj
 0001:00012112       __call_reportfault         10013112 f   LIBCMT:invarg.obj
 0001:00012237       __initp_misc_invarg        10013237 f   LIBCMT:invarg.obj
 0001:00012244       __invalid_parameter        10013244 f   LIBCMT:invarg.obj
 0001:0001226f       __invalid_parameter_noinfo 1001326f f   LIBCMT:invarg.obj
 0001:0001227f       __invoke_watson            1001327f f   LIBCMT:invarg.obj
 0001:000122aa       ___lock_fhandle            100132aa f   LIBCMT:osfinfo.obj
 0001:00012338       __alloc_osfhnd             10013338 f   LIBCMT:osfinfo.obj
 0001:000124e1       __free_osfhnd              100134e1 f   LIBCMT:osfinfo.obj
 0001:00012567       __get_osfhandle            10013567 f   LIBCMT:osfinfo.obj
 0001:000125ce       __set_osfhnd               100135ce f   LIBCMT:osfinfo.obj
 0001:00012650       __unlock_fhandle           10013650 f   LIBCMT:osfinfo.obj
 0001:00012680       __SEH_prolog4              10013680 f   LIBCMT:sehprolg4.obj
 0001:000126c5       __SEH_epilog4              100136c5 f   LIBCMT:sehprolg4.obj
 0001:000126e0       __except_handler4          100136e0 f   LIBCMT:chandler4.obj
 0001:00012874       __ioinit                   10013874 f   LIBCMT:ioinit.obj
 0001:00012b28       __ioterm                   10013b28 f   LIBCMT:ioinit.obj
 0001:00012b7a       __chsize_nolock            10013b7a f   LIBCMT:chsize.obj
 0001:00012d30       __get_fmode                10013d30 f   LIBCMT:setmode.obj
 0001:00012d5a       __setmode_nolock           10013d5a f   LIBCMT:setmode.obj
 0001:00012e27       ___crtFlsAlloc             10013e27 f   LIBCMT:winapisupp.obj
 0001:00012e45       ___crtFlsFree              10013e45 f   LIBCMT:winapisupp.obj
 0001:00012e64       ___crtFlsGetValue          10013e64 f   LIBCMT:winapisupp.obj
 0001:00012e83       ___crtFlsSetValue          10013e83 f   LIBCMT:winapisupp.obj
 0001:00012ea5       ___crtInitializeCriticalSectionEx 10013ea5 f   LIBCMT:winapisupp.obj
 0001:00012ed3       ___crtIsPackagedApp        10013ed3 f   LIBCMT:winapisupp.obj
 0001:00012f13       ___crtLoadWinApiPointers   10013f13 f   LIBCMT:winapisupp.obj
 0001:0001319e       ___crtSleep                1001419e f   LIBCMT:winapisupp.obj
 0001:000131ac       ___crtTerminateProcess     100141ac f   LIBCMT:winapisupp.obj
 0001:000131c1       ___crtUnhandledException   100141c1 f   LIBCMT:winapisupp.obj
 0001:000131d7       ___copy_path_to_wide_string 100141d7 f   LIBCMT:crt0dat.obj
 0001:00013289       ___crtCorExitProcess       10014289 f   LIBCMT:crt0dat.obj
 0001:000132bd       ___crtExitProcess          100142bd f   LIBCMT:crt0dat.obj
 0001:000132d3       ___freeCrtMemory           100142d3 f   LIBCMT:crt0dat.obj
 0001:000133e0       __amsg_exit                100143e0 f   LIBCMT:crt0dat.obj
 0001:000133fc       __cexit                    100143fc f   LIBCMT:crt0dat.obj
 0001:0001340b       __cinit                    1001440b f   LIBCMT:crt0dat.obj
 0001:0001348f       __exit                     1001448f f   LIBCMT:crt0dat.obj
 0001:000134a3       __init_pointers            100144a3 f   LIBCMT:crt0dat.obj
 0001:00013511       __initterm_e               10014511 f   LIBCMT:crt0dat.obj
 0001:00013533       __lockexit                 10014533 f   LIBCMT:crt0dat.obj
 0001:0001353c       __unlockexit               1001453c f   LIBCMT:crt0dat.obj
 0001:00013674       __heap_init                10014674 f   LIBCMT:heapinit.obj
 0001:00013689       __heap_term                10014689 f   LIBCMT:heapinit.obj
 0001:00013691       __callnewh                 10014691 f   LIBCMT:handler.obj
 0001:000136b7       __initp_heap_handler       100146b7 f   LIBCMT:handler.obj
 0001:000136c4       __FF_MSGBANNER             100146c4 f   LIBCMT:crt0msg.obj
 0001:000136fd       __GET_RTERRMSG             100146fd f   LIBCMT:crt0msg.obj
 0001:00013721       __NMSG_WRITE               10014721 f   LIBCMT:crt0msg.obj
 0001:000138de       __flsbuf                   100148de f   LIBCMT:_flsbuf.obj
 0001:00013a2d       __vsnprintf                10014a2d f   LIBCMT:vsnprint.obj
 0001:00013a2d       _vsnprintf                 10014a2d f   LIBCMT:vsnprint.obj
 0001:00013a48       __vsnprintf_l              10014a48 f   LIBCMT:vsnprint.obj
 0001:00013af4       __output_l                 10014af4 f   LIBCMT:output.obj
 0001:00014760       ___addlocaleref            10015760 f   LIBCMT:localref.obj
 0001:000147f5       ___freetlocinfo            100157f5 f   LIBCMT:localref.obj
 0001:0001494f       ___removelocaleref         1001594f f   LIBCMT:localref.obj
 0001:000149ef       ___updatetlocinfo          100159ef f   LIBCMT:localref.obj
 0001:00014a6f       __updatetlocinfoEx_nolock  10015a6f f   LIBCMT:localref.obj
 0001:00014aba       ___initmbctable            10015aba f   LIBCMT:mbctype.obj
 0001:00014d71       ___updatetmbcinfo          10015d71 f   LIBCMT:mbctype.obj
 0001:00014e17       __setmbcp                  10015e17 f   LIBCMT:mbctype.obj
 0001:00014fbf       __setmbcp_nolock           10015fbf f   LIBCMT:mbctype.obj
 0001:000151aa       __freefls@4                100161aa f   LIBCMT:tidtable.obj
 0001:000152df       __freeptd                  100162df f   LIBCMT:tidtable.obj
 0001:00015315       __getptd                   10016315 f   LIBCMT:tidtable.obj
 0001:0001532d       __getptd_noexit            1001632d f   LIBCMT:tidtable.obj
 0001:0001539c       __initptd                  1001639c f   LIBCMT:tidtable.obj
 0001:0001544f       __mtinit                   1001644f f   LIBCMT:tidtable.obj
 0001:000154c5       __mtterm                   100164c5 f   LIBCMT:tidtable.obj
 0001:000154e2       @__security_check_cookie@4 100164e2 f   LIBCMT:secchk.obj
 0001:000154f1       ___sys_errlist             100164f1 f   LIBCMT:syserr.obj
 0001:000154f7       ___sys_nerr                100164f7 f   LIBCMT:syserr.obj
 0001:000154fd       _strcpy_s                  100164fd f   LIBCMT:strcpy_s.obj
 0001:00015552       __calloc_crt               10016552 f   LIBCMT:crtheap.obj
 0001:0001559a       __malloc_crt               1001659a f   LIBCMT:crtheap.obj
 0001:000155e1       __realloc_crt              100165e1 f   LIBCMT:crtheap.obj
 0001:0001562b       __isatty                   1001662b f   LIBCMT:isatty.obj
 0001:0001567f       __isleadbyte_l             1001667f f i LIBCMT:_wctype.obj
 0001:000156b9       _isleadbyte                100166b9 f i LIBCMT:_wctype.obj
 0001:000156ca       __mbtowc_l                 100166ca f   LIBCMT:mbtowc.obj
 0001:000157bf       _mbtowc                    100167bf f   LIBCMT:mbtowc.obj
 0001:000157d7       __putwch_nolock            100167d7 f   LIBCMT:putwch.obj
 0001:00015820       __alloca_probe             10016820 f   LIBCMT:chkstk.obj
 0001:00015820       __chkstk                   10016820 f   LIBCMT:chkstk.obj
 0001:0001584b       __fileno                   1001684b f   LIBCMT:fileno.obj
 0001:0001586f       ___initstdio               1001686f f   LIBCMT:_file.obj
 0001:000158e2       ___endstdio                100168e2 f   LIBCMT:_file.obj
 0001:00015909       ___iob_func                10016909 f   LIBCMT:_file.obj
 0001:0001590f       __lock_file                1001690f f   LIBCMT:_file.obj
 0001:0001594e       __lock_file2               1001694e f   LIBCMT:_file.obj
 0001:0001597e       __unlock_file              1001697e f   LIBCMT:_file.obj
 0001:000159b8       __unlock_file2             100169b8 f   LIBCMT:_file.obj
 0001:000159e5       __fflush_nolock            100169e5 f   LIBCMT:fflush.obj
 0001:00015a2b       __flush                    10016a2b f   LIBCMT:fflush.obj
 0001:00015a8f       __flushall                 10016a8f f   LIBCMT:fflush.obj
 0001:00015b7c       __getstream                10016b7c f   LIBCMT:stream.obj
 0001:00015c9b       __openfile                 10016c9b f   LIBCMT:_open.obj
 0001:00015f20       __local_unwind4            10016f20 f   LIBCMT:exsup4.obj
 0001:00015ff6       __seh_longjmp_unwind4@4    10016ff6 f   LIBCMT:exsup4.obj
 0001:00016012       @_EH4_CallFilterFunc@8     10017012 f   LIBCMT:exsup4.obj
 0001:00016029       @_EH4_TransferToHandler@8  10017029 f   LIBCMT:exsup4.obj
 0001:00016042       @_EH4_GlobalUnwind2@8      10017042 f   LIBCMT:exsup4.obj
 0001:0001605b       @_EH4_LocalUnwind@16       1001705b f   LIBCMT:exsup4.obj
 0001:00016072       __filbuf                   10017072 f   LIBCMT:_filbuf.obj
 0001:00016193       _memcpy_s                  10017193 f   LIBCMT:memcpy_s.obj
 0001:00016220       _memset                    10017220 f   LIBCMT:memset.obj
 0001:000162b0       _memcpy                    100172b0 f   LIBCMT:memcpy.obj
 0001:000168f4       __freebuf                  100178f4 f   LIBCMT:_freebuf.obj
 0001:00016930       __aulldiv                  10017930 f   LIBCMT:ulldiv.obj
 0001:00016998       __XcptFilter               10017998 f   LIBCMT:winxfltr.obj
 0001:00016af3       ___CppXcptFilter           10017af3 f   LIBCMT:winxfltr.obj
 0001:00016b11       __setargv                  10017b11 f   LIBCMT:stdargv.obj
 0001:00016d40       __setenvp                  10017d40 f   LIBCMT:stdenvp.obj
 0001:00016e21       ___security_init_cookie    10017e21 f   LIBCMT:gs_support.obj
 0001:00016ebd       _DllMain@12                10017ebd f   LIBCMT:dllmain.obj
 0001:00016ec3       ___crtGetEnvironmentStringsA 10017ec3 f   LIBCMT:a_env.obj
 0001:00016f50       __RTC_Initialize           10017f50 f   LIBCMT:initsect.obj
 0001:00016f70       __RTC_Terminate            10017f70 f   LIBCMT:initsect.obj
 0001:00016f90       __crt_debugger_hook        10017f90 f   LIBCMT:dbghook.obj
 0001:00016f98       __lock                     10017f98 f   LIBCMT:mlock.obj
 0001:00016fcc       __mtdeletelocks            10017fcc f   LIBCMT:mlock.obj
 0001:00017020       __mtinitlocknum            10018020 f   LIBCMT:mlock.obj
 0001:000170c9       __mtinitlocks              100180c9 f   LIBCMT:mlock.obj
 0001:00017102       __unlock                   10018102 f   LIBCMT:mlock.obj
 0001:00017120       __FindPESection            10018120 f   LIBCMT:pesect.obj
 0001:00017170       __IsNonwritableInCurrentImage 10018170 f   LIBCMT:pesect.obj
 0001:00017230       __ValidateImageBase        10018230 f   LIBCMT:pesect.obj
 0001:00017261       ___onexitinit              10018261 f   LIBCMT:onexit.obj
 0001:00017290       __onexit                   10018290 f   LIBCMT:onexit.obj
 0001:0001738c       _atexit                    1001838c f   LIBCMT:onexit.obj
 0001:000173a1       __initp_misc_cfltcvt_tab   100183a1 f   LIBCMT:cmiscdat.obj
 0001:000173c0       ?terminate@@YAXXZ          100183c0 f   LIBCMT:hooks.obj
 0001:000173f4       __initp_eh_hooks           100183f4 f   LIBCMT:hooks.obj
 0001:00017405       __initp_misc_purevirt      10018405 f   LIBCMT:inithelp.obj
 0001:00017412       ___get_sigabrt             10018412 f   LIBCMT:winsig.obj
 0001:0001741f       __initp_misc_winsig        1001841f f   LIBCMT:winsig.obj
 0001:0001743b       _raise                     1001843b f   LIBCMT:winsig.obj
 0001:00017630       __initp_misc_rand_s        10018630 f   LIBCMT:rand_s.obj
 0001:00017640       _strlen                    10018640 f   LIBCMT:strlen.obj
 0001:000176cb       _wcscat_s                  100186cb f   LIBCMT:wcscat_s.obj
 0001:00017737       _wcscpy_s                  10018737 f   LIBCMT:wcscpy_s.obj
 0001:00017793       _wcslen                    10018793 f   LIBCMT:wcslen.obj
 0001:000177ac       _wcsncpy_s                 100187ac f   LIBCMT:wcsncpy_s.obj
 0001:0001786a       __set_error_mode           1001886a f   LIBCMT:errmode.obj
 0001:000178aa       ___crtMessageBoxW          100188aa f   LIBCMT:crtmboxw.obj
 0001:00017a90       __getbuf                   10018a90 f   LIBCMT:_getbuf.obj
 0001:00017ad6       __get_printf_count_output  10018ad6 f   LIBCMT:printf.obj
 0001:00017aeb       __wctomb_s_l               10018aeb f   LIBCMT:wctomb.obj
 0001:00017c0f       _wctomb_s                  10018c0f f   LIBCMT:wctomb.obj
 0001:00017c30       __aulldvrm                 10018c30 f   LIBCMT:ulldvrm.obj
 0001:00017cc5       ___free_lconv_mon          10018cc5 f   LIBCMT:initmon.obj
 0001:00017dc1       ___free_lconv_num          10018dc1 f   LIBCMT:initnum.obj
 0001:00017e28       ___free_lc_time            10018e28 f   LIBCMT:inittime.obj
 0001:000183ac       ___crtLCMapStringA         100193ac f   LIBCMT:a_map.obj
 0001:000183f2       __freea                    100193f2 f i LIBCMT:a_map.obj
 0001:00018508       ___crtGetStringTypeA       10019508 f   LIBCMT:a_str.obj
 0001:00018548       ___raise_securityfailure   10019548 f   LIBCMT:gs_report.obj
 0001:00018585       ___report_gsfailure        10019585 f   LIBCMT:gs_report.obj
 0001:00018680       _realloc                   10019680 f   LIBCMT:realloc.obj
 0001:0001872b       __calloc_impl              1001972b f   LIBCMT:calloc_impl.obj
 0001:000187a5       ___termconout              100197a5 f   LIBCMT:initcon.obj
 0001:000187bc       ___initconout              100197bc f   LIBCMT:initcon.obj
 0001:000187db       __fcloseall                100197db f   LIBCMT:closeall.obj
 0001:00018878       __commit                   10019878 f   LIBCMT:commit.obj
 0001:00018961       __mbsnbcmp                 10019961 f   LIBCMT:mbsnbcmp.obj
 0001:00018979       __mbsnbcmp_l               10019979 f   LIBCMT:mbsnbcmp.obj
 0001:00018a90       __mbsnbicmp                10019a90 f   LIBCMT:mbsnbicm.obj
 0001:00018aa8       __mbsnbicmp_l              10019aa8 f   LIBCMT:mbsnbicm.obj
 0001:00018c70       __global_unwind2           10019c70 f   LIBCMT:exsup.obj
 0001:00018cd5       __local_unwind2            10019cd5 f   LIBCMT:exsup.obj
 0001:00018d59       __abnormal_termination     10019d59 f   LIBCMT:exsup.obj
 0001:00018d7c       __NLG_Notify1              10019d7c f   LIBCMT:exsup.obj
 0001:00018d85       __NLG_Notify               10019d85 f   LIBCMT:exsup.obj
 0001:00018d9c       __NLG_Dispatch2            10019d9c     LIBCMT:exsup.obj
 0001:00018d9c       __NLG_Dispatch             10019d9c     LIBCMT:exsup.obj
 0001:00018da4       __NLG_Call                 10019da4 f   LIBCMT:exsup.obj
 0001:00018da6       __NLG_Return2              10019da6     LIBCMT:exsup.obj
 0001:00018da7       __VEC_memset               10019da7 f   LIBCMT:p4_memset.obj
 0001:00018e6f       ___isa_available_init      10019e6f f   LIBCMT:cpu_disp.obj
 0001:00019042       __ismbblead                1001a042 f   LIBCMT:ismbbyte.obj
 0001:00019058       __msize                    1001a058 f   LIBCMT:msize.obj
 0001:00019089       __fptrap                   1001a089 f   LIBCMT:crt0fp.obj
 0001:00019092       _abort                     1001a092 f   LIBCMT:abort.obj
 0001:000190d5       _GetTableIndexFromLocaleName 1001a0d5 f   LIBCMT:winapinls.obj
 0001:00019123       ___crtDownlevelLocaleNameToLCID 1001a123 f   LIBCMT:winapinls.obj
 0001:0001914d       ___crtLCMapStringEx        1001a14d f   LIBCMT:winapinls.obj
 0001:00019199       ___wcsnicmp_ascii          1001a199 f   LIBCMT:winapinls.obj
 0001:00019207       __locterm                  1001a207 f   LIBCMT:wsetloca.obj
 0001:00019260       __alloca_probe_16          1001a260 f   LIBCMT:alloca16.obj
 0001:00019276       __alloca_probe_8           1001a276     LIBCMT:alloca16.obj
 0001:00019290       _strncmp                   1001a290 f   LIBCMT:strncmp.obj
 0001:00019308       __strnicmp                 1001a308 f   LIBCMT:strnicmp.obj
 0001:00019373       __strnicmp_l               1001a373 f   LIBCMT:strnicmp.obj
 0001:00019430       ___ascii_strnicmp          1001a430 f   LIBCMT:_strnicm.obj
 0001:00019491       __tolower_l                1001a491 f   LIBCMT:tolower.obj
 0001:000195d4       _tolower                   1001a5d4 f   LIBCMT:tolower.obj
 0001:00019600       __isctype_l                1001a600 f   LIBCMT:isctype.obj
 0001:000196b1       ___crt_atoflt_l            1001a6b1 f   LIBCMT:atodbl.obj
 0001:00019755       __atodbl_l                 1001a755 f   LIBCMT:atodbl.obj
 0001:000197e3       __atoflt_l                 1001a7e3 f   LIBCMT:atodbl.obj
 0001:00019800       __allmul                   1001a800 f   LIBCMT:llmul.obj
 0001:00019834       __fpmath                   1001a834 f   LIBCMT:fpinit.obj
 0001:0001984b       __cfltcvt_init             1001a84b f   LIBCMT:fpinit.obj
 0001:000198b0       __ld12tod                  1001a8b0 f   LIBCMT:intrncvt.obj
 0001:00019e22       __ld12tof                  1001ae22 f   LIBCMT:intrncvt.obj
 0001:0001a394       ___strgtold12_l            1001b394 f   LIBCMT:strgtold.obj
 0001:0001ab3c       __cfltcvt                  1001bb3c f   LIBCMT:cvt.obj
 0001:0001ab5d       __cfltcvt_l                1001bb5d f   LIBCMT:cvt.obj
 0001:0001abe3       __cftoa_l                  1001bbe3 f   LIBCMT:cvt.obj
 0001:0001af3f       __cftoe                    1001bf3f f   LIBCMT:cvt.obj
 0001:0001b0ae       __cftoe_l                  1001c0ae f   LIBCMT:cvt.obj
 0001:0001b268       __cftof_l                  1001c268 f   LIBCMT:cvt.obj
 0001:0001b329       __cftog_l                  1001c329 f   LIBCMT:cvt.obj
 0001:0001b428       __cropzeros                1001c428 f   LIBCMT:cvt.obj
 0001:0001b439       __cropzeros_l              1001c439 f   LIBCMT:cvt.obj
 0001:0001b4b9       __fassign                  1001c4b9 f   LIBCMT:cvt.obj
 0001:0001b4d1       __fassign_l                1001c4d1 f   LIBCMT:cvt.obj
 0001:0001b513       __forcdecpt                1001c513 f   LIBCMT:cvt.obj
 0001:0001b524       __forcdecpt_l              1001c524 f   LIBCMT:cvt.obj
 0001:0001b598       __positive                 1001c598 f   LIBCMT:cvt.obj
 0001:0001b5da       __setdefaultprecision      1001c5da f   LIBCMT:fp8.obj
 0001:0001b601       ___mtold12                 1001c601 f   LIBCMT:mantold.obj
 0001:0001b7e1       __isdigit_l                1001c7e1 f i LIBCMT:_ctype.obj
 0001:0001b833       _isdigit                   1001c833 f i LIBCMT:_ctype.obj
 0001:0001b860       _memmove                   1001c860 f   LIBCMT:memmove.obj
 0001:0001beb0       _strrchr                   1001ceb0 f   LIBCMT:strrchr.obj
 0001:0001bfe7       __fptostr                  1001cfe7 f   LIBCMT:_fptostr.obj
 0001:0001c097       ___dtold                   1001d097 f   LIBCMT:cfout.obj
 0001:0001c15f       __fltout2                  1001d15f f   LIBCMT:cfout.obj
 0001:0001c1f0       __alldvrm                  1001d1f0 f   LIBCMT:lldvrm.obj
 0001:0001c2d0       __aullshr                  1001d2d0 f   LIBCMT:ullshr.obj
 0001:0001c2ef       __controlfp_s              1001d2ef f   LIBCMT:contrlfp.obj
 0001:0001c34c       _$I10_OUTPUT               1001d34c f   LIBCMT:x10fout.obj
 0001:0001cdc9       __control87                1001ddc9 f i LIBCMT:ieee87.obj
 0001:0001d162       ___set_fpsr_sse2           1001e162 f   LIBCMT:fpctrl.obj
 0001:0001d1d8       _IsProcessorFeaturePresent@4 1001e1d8 f   kernel32:KERNEL32.dll
 0001:0001d1de       _RtlUnwind@16              1001e1de f   kernel32:KERNEL32.dll
 0001:0001d1f0       __alldiv                   1001e1f0 f   LIBCMT:lldiv.obj
 0002:00000000       __imp__CreateFile2@20      1001f000     kernel32:KERNEL32.dll
 0002:00000004       __imp__SetFilePointerEx@20 1001f004     kernel32:KERNEL32.dll
 0002:00000008       __imp__WriteFile@20        1001f008     kernel32:KERNEL32.dll
 0002:0000000c       __imp__ReadFile@20         1001f00c     kernel32:KERNEL32.dll
 0002:00000010       __imp__MultiByteToWideChar@24 1001f010     kernel32:KERNEL32.dll
 0002:00000014       __imp__GetLastError@0      1001f014     kernel32:KERNEL32.dll
 0002:00000018       __imp__CloseHandle@4       1001f018     kernel32:KERNEL32.dll
 0002:0000001c       __imp__CreateFileW@28      1001f01c     kernel32:KERNEL32.dll
 0002:00000020       __imp__GetFileType@4       1001f020     kernel32:KERNEL32.dll
 0002:00000024       __imp__GetModuleHandleW@4  1001f024     kernel32:KERNEL32.dll
 0002:00000028       __imp__GetProcAddress@8    1001f028     kernel32:KERNEL32.dll
 0002:0000002c       __imp__HeapFree@12         1001f02c     kernel32:KERNEL32.dll
 0002:00000030       __imp__HeapAlloc@12        1001f030     kernel32:KERNEL32.dll
 0002:00000034       __imp__WideCharToMultiByte@32 1001f034     kernel32:KERNEL32.dll
 0002:00000038       __imp__GetConsoleMode@8    1001f038     kernel32:KERNEL32.dll
 0002:0000003c       __imp__ReadConsoleW@20     1001f03c     kernel32:KERNEL32.dll
 0002:00000040       __imp__GetConsoleCP@0      1001f040     kernel32:KERNEL32.dll
 0002:00000044       __imp__GetSystemTimeAsFileTime@4 1001f044     kernel32:KERNEL32.dll
 0002:00000048       __imp__GetCommandLineA@0   1001f048     kernel32:KERNEL32.dll
 0002:0000004c       __imp__GetCurrentThreadId@0 1001f04c     kernel32:KERNEL32.dll
 0002:00000050       __imp__IsDebuggerPresent@0 1001f050     kernel32:KERNEL32.dll
 0002:00000054       __imp__EncodePointer@4     1001f054     kernel32:KERNEL32.dll
 0002:00000058       __imp__DecodePointer@4     1001f058     kernel32:KERNEL32.dll
 0002:0000005c       __imp__IsProcessorFeaturePresent@4 1001f05c     kernel32:KERNEL32.dll
 0002:00000060       __imp__SetStdHandle@8      1001f060     kernel32:KERNEL32.dll
 0002:00000064       __imp__EnterCriticalSection@4 1001f064     kernel32:KERNEL32.dll
 0002:00000068       __imp__LeaveCriticalSection@4 1001f068     kernel32:KERNEL32.dll
 0002:0000006c       __imp__GetStdHandle@4      1001f06c     kernel32:KERNEL32.dll
 0002:00000070       __imp__DeleteCriticalSection@4 1001f070     kernel32:KERNEL32.dll
 0002:00000074       __imp__GetStartupInfoW@4   1001f074     kernel32:KERNEL32.dll
 0002:00000078       __imp__SetEndOfFile@4      1001f078     kernel32:KERNEL32.dll
 0002:0000007c       __imp__GetProcessHeap@0    1001f07c     kernel32:KERNEL32.dll
 0002:00000080       __imp__UnhandledExceptionFilter@4 1001f080     kernel32:KERNEL32.dll
 0002:00000084       __imp__SetUnhandledExceptionFilter@4 1001f084     kernel32:KERNEL32.dll
 0002:00000088       __imp__SetLastError@4      1001f088     kernel32:KERNEL32.dll
 0002:0000008c       __imp__InitializeCriticalSectionAndSpinCount@8 1001f08c     kernel32:KERNEL32.dll
 0002:00000090       __imp__Sleep@4             1001f090     kernel32:KERNEL32.dll
 0002:00000094       __imp__GetCurrentProcess@0 1001f094     kernel32:KERNEL32.dll
 0002:00000098       __imp__TerminateProcess@8  1001f098     kernel32:KERNEL32.dll
 0002:0000009c       __imp__TlsAlloc@0          1001f09c     kernel32:KERNEL32.dll
 0002:000000a0       __imp__TlsGetValue@4       1001f0a0     kernel32:KERNEL32.dll
 0002:000000a4       __imp__TlsSetValue@8       1001f0a4     kernel32:KERNEL32.dll
 0002:000000a8       __imp__TlsFree@4           1001f0a8     kernel32:KERNEL32.dll
 0002:000000ac       __imp__ExitProcess@4       1001f0ac     kernel32:KERNEL32.dll
 0002:000000b0       __imp__GetModuleHandleExW@12 1001f0b0     kernel32:KERNEL32.dll
 0002:000000b4       __imp__AreFileApisANSI@0   1001f0b4     kernel32:KERNEL32.dll
 0002:000000b8       __imp__GetModuleFileNameW@12 1001f0b8     kernel32:KERNEL32.dll
 0002:000000bc       __imp__IsValidCodePage@4   1001f0bc     kernel32:KERNEL32.dll
 0002:000000c0       __imp__GetACP@0            1001f0c0     kernel32:KERNEL32.dll
 0002:000000c4       __imp__GetOEMCP@0          1001f0c4     kernel32:KERNEL32.dll
 0002:000000c8       __imp__GetCPInfo@8         1001f0c8     kernel32:KERNEL32.dll
 0002:000000cc       __imp__WriteConsoleW@20    1001f0cc     kernel32:KERNEL32.dll
 0002:000000d0       __imp__RtlUnwind@16        1001f0d0     kernel32:KERNEL32.dll
 0002:000000d4       __imp__GetModuleFileNameA@12 1001f0d4     kernel32:KERNEL32.dll
 0002:000000d8       __imp__QueryPerformanceCounter@4 1001f0d8     kernel32:KERNEL32.dll
 0002:000000dc       __imp__GetCurrentProcessId@0 1001f0dc     kernel32:KERNEL32.dll
 0002:000000e0       __imp__GetEnvironmentStringsW@0 1001f0e0     kernel32:KERNEL32.dll
 0002:000000e4       __imp__FreeEnvironmentStringsW@4 1001f0e4     kernel32:KERNEL32.dll
 0002:000000e8       __imp__LoadLibraryExW@12   1001f0e8     kernel32:KERNEL32.dll
 0002:000000ec       __imp__OutputDebugStringW@4 1001f0ec     kernel32:KERNEL32.dll
 0002:000000f0       __imp__GetStringTypeW@16   1001f0f0     kernel32:KERNEL32.dll
 0002:000000f4       __imp__HeapReAlloc@16      1001f0f4     kernel32:KERNEL32.dll
 0002:000000f8       __imp__FlushFileBuffers@4  1001f0f8     kernel32:KERNEL32.dll
 0002:000000fc       __imp__HeapSize@12         1001f0fc     kernel32:KERNEL32.dll
 0002:00000100       __imp__LCMapStringW@24     1001f100     kernel32:KERNEL32.dll
 0002:00000104       \177KERNEL32_NULL_THUNK_DATA 1001f104     kernel32:KERNEL32.dll
 0002:00000108       ___xc_a                    1001f108     LIBCMT:crt0init.obj
 0002:0000010c       ___xc_z                    1001f10c     LIBCMT:crt0init.obj
 0002:00000110       ___xi_a                    1001f110     LIBCMT:crt0init.obj
 0002:00000124       ___xi_z                    1001f124     LIBCMT:crt0init.obj
 0002:00000128       ___xp_a                    1001f128     LIBCMT:crt0init.obj
 0002:00000138       ___xp_z                    1001f138     LIBCMT:crt0init.obj
 0002:0000013c       ___xt_a                    1001f13c     LIBCMT:crt0init.obj
 0002:00000140       ___xt_z                    1001f140     LIBCMT:crt0init.obj
 0002:00000150       ??_C@_0M@HHGEPIBF@CreateFile2?$AA@ 1001f150     LIBCMT:wopen.obj
 0002:0000015c       ??_C@_1BK@MGMFAEKH@?$AAk?$AAe?$AAr?$AAn?$AAe?$AAl?$AA3?$AA2?$AA?4?$AAd?$AAl?$AAl?$AA?$AA@ 1001f15c     LIBCMT:wopen.obj
 0002:00000178       ??_C@_0EA@FCLIIPNN@Visual?5C?$CL?$CL?5CRT?3?5Not?5enough?5memor@ 1001f178     LIBCMT:strerror.obj
 0002:000001b8       __pDefaultRawDllMain       1001f1b8     LIBCMT:dllcrt0.obj
 0002:000001b8       __pRawDllMain              1001f1b8     LIBCMT:dllcrt0.obj
 0002:000001bc       ??_C@_08KNHFBNJ@FlsAlloc?$AA@ 1001f1bc     LIBCMT:winapisupp.obj
 0002:000001c8       ??_C@_07PEJMOBNF@FlsFree?$AA@ 1001f1c8     LIBCMT:winapisupp.obj
 0002:000001d0       ??_C@_0M@GDNOONDI@FlsGetValue?$AA@ 1001f1d0     LIBCMT:winapisupp.obj
 0002:000001dc       ??_C@_0M@JCPCPOEF@FlsSetValue?$AA@ 1001f1dc     LIBCMT:winapisupp.obj
 0002:000001e8       ??_C@_0BM@HCFOFFN@InitializeCriticalSectionEx?$AA@ 1001f1e8     LIBCMT:winapisupp.obj
 0002:00000204       ??_C@_0P@DLHPPCNH@CreateEventExW?$AA@ 1001f204     LIBCMT:winapisupp.obj
 0002:00000214       ??_C@_0BD@KIEEOEEH@CreateSemaphoreExW?$AA@ 1001f214     LIBCMT:winapisupp.obj
 0002:00000228       ??_C@_0BI@BKLFFAPO@SetThreadStackGuarantee?$AA@ 1001f228     LIBCMT:winapisupp.obj
 0002:00000240       ??_C@_0BG@OGFAJCKC@CreateThreadpoolTimer?$AA@ 1001f240     LIBCMT:winapisupp.obj
 0002:00000258       ??_C@_0BD@LPLEMMDI@SetThreadpoolTimer?$AA@ 1001f258     LIBCMT:winapisupp.obj
 0002:0000026c       ??_C@_0CA@FMNJENH@WaitForThreadpoolTimerCallbacks?$AA@ 1001f26c     LIBCMT:winapisupp.obj
 0002:0000028c       ??_C@_0BF@DCFCCNOC@CloseThreadpoolTimer?$AA@ 1001f28c     LIBCMT:winapisupp.obj
 0002:000002a4       ??_C@_0BF@FLABGKKM@CreateThreadpoolWait?$AA@ 1001f2a4     LIBCMT:winapisupp.obj
 0002:000002bc       ??_C@_0BC@MGCOHNA@SetThreadpoolWait?$AA@ 1001f2bc     LIBCMT:winapisupp.obj
 0002:000002d0       ??_C@_0BE@OCIOMIMP@CloseThreadpoolWait?$AA@ 1001f2d0     LIBCMT:winapisupp.obj
 0002:000002e4       ??_C@_0BJ@LKGHFHBO@FlushProcessWriteBuffers?$AA@ 1001f2e4     LIBCMT:winapisupp.obj
 0002:00000300       ??_C@_0BP@KALKKPMO@FreeLibraryWhenCallbackReturns?$AA@ 1001f300     LIBCMT:winapisupp.obj
 0002:00000320       ??_C@_0BK@DFNBACLA@GetCurrentProcessorNumber?$AA@ 1001f320     LIBCMT:winapisupp.obj
 0002:0000033c       ??_C@_0BP@KHGALBC@GetLogicalProcessorInformation?$AA@ 1001f33c     LIBCMT:winapisupp.obj
 0002:0000035c       ??_C@_0BE@FKKLLFLM@CreateSymbolicLinkW?$AA@ 1001f35c     LIBCMT:winapisupp.obj
 0002:00000370       ??_C@_0BJ@OHNKDLIJ@SetDefaultDllDirectories?$AA@ 1001f370     LIBCMT:winapisupp.obj
 0002:0000038c       ??_C@_0BE@LJANKFHF@EnumSystemLocalesEx?$AA@ 1001f38c     LIBCMT:winapisupp.obj
 0002:000003a0       ??_C@_0BA@IHGNDAEB@CompareStringEx?$AA@ 1001f3a0     LIBCMT:winapisupp.obj
 0002:000003b0       ??_C@_0BA@EPCJIIPD@GetDateFormatEx?$AA@ 1001f3b0     LIBCMT:winapisupp.obj
 0002:000003c0       ??_C@_0BA@ONOKGCMP@GetLocaleInfoEx?$AA@ 1001f3c0     LIBCMT:winapisupp.obj
 0002:000003d0       ??_C@_0BA@CIJJKCJJ@GetTimeFormatEx?$AA@ 1001f3d0     LIBCMT:winapisupp.obj
 0002:000003e0       ??_C@_0BJ@PBCCBIPI@GetUserDefaultLocaleName?$AA@ 1001f3e0     LIBCMT:winapisupp.obj
 0002:000003fc       ??_C@_0BC@CELBKLLA@IsValidLocaleName?$AA@ 1001f3fc     LIBCMT:winapisupp.obj
 0002:00000410       ??_C@_0O@KKBNKAPF@LCMapStringEx?$AA@ 1001f410     LIBCMT:winapisupp.obj
 0002:00000420       ??_C@_0BE@JOGNEJCI@GetCurrentPackageId?$AA@ 1001f420     LIBCMT:winapisupp.obj
 0002:00000434       ??_C@_0P@CDHHOHKP@GetTickCount64?$AA@ 1001f434     LIBCMT:winapisupp.obj
 0002:00000444       ??_C@_0BO@KPCLFDJJ@GetFileInformationByHandleExW?$AA@ 1001f444     LIBCMT:winapisupp.obj
 0002:00000464       ??_C@_0BM@MHIDLABK@SetFileInformationByHandleW?$AA@ 1001f464     LIBCMT:winapisupp.obj
 0002:00000480       ??_C@_1BI@BGOHAHKC@?$AAm?$AAs?$AAc?$AAo?$AAr?$AAe?$AAe?$AA?4?$AAd?$AAl?$AAl?$AA?$AA@ 1001f480     LIBCMT:crt0dat.obj
 0002:00000498       ??_C@_0P@MIGLKIOC@CorExitProcess?$AA@ 1001f498     LIBCMT:crt0dat.obj
 0002:00000560       ??_C@_1FK@PGACCAFB@?$AAR?$AA6?$AA0?$AA0?$AA2?$AA?$AN?$AA?6?$AA?9?$AA?5?$AAf?$AAl?$AAo?$AAa?$AAt?$AAi?$AAn?$AAg?$AA?5?$AAp?$AAo?$AAi?$AAn?$AAt?$AA?5?$AAs?$AAu?$AAp?$AAp?$AAo?$AAr?$AAt?$AA?5@ 1001f560     LIBCMT:crt0msg.obj
 0002:000005c0       ??_C@_1FE@LLNEDJMD@?$AAR?$AA6?$AA0?$AA0?$AA8?$AA?$AN?$AA?6?$AA?9?$AA?5?$AAn?$AAo?$AAt?$AA?5?$AAe?$AAn?$AAo?$AAu?$AAg?$AAh?$AA?5?$AAs?$AAp?$AAa?$AAc?$AAe?$AA?5?$AAf?$AAo?$AAr?$AA?5?$AAa?$AAr@ 1001f5c0     LIBCMT:crt0msg.obj
 0002:00000618       ??_C@_1FI@HONFMGBI@?$AAR?$AA6?$AA0?$AA0?$AA9?$AA?$AN?$AA?6?$AA?9?$AA?5?$AAn?$AAo?$AAt?$AA?5?$AAe?$AAn?$AAo?$AAu?$AAg?$AAh?$AA?5?$AAs?$AAp?$AAa?$AAc?$AAe?$AA?5?$AAf?$AAo?$AAr?$AA?5?$AAe?$AAn@ 1001f618     LIBCMT:crt0msg.obj
 0002:00000670       ??_C@_1EG@BEHAGFJD@?$AAR?$AA6?$AA0?$AA1?$AA0?$AA?$AN?$AA?6?$AA?9?$AA?5?$AAa?$AAb?$AAo?$AAr?$AAt?$AA?$CI?$AA?$CJ?$AA?5?$AAh?$AAa?$AAs?$AA?5?$AAb?$AAe?$AAe?$AAn?$AA?5?$AAc?$AAa?$AAl?$AAl?$AAe?$AAd@ 1001f670     LIBCMT:crt0msg.obj
 0002:000006b8       ??_C@_1FI@LOGNIKDM@?$AAR?$AA6?$AA0?$AA1?$AA6?$AA?$AN?$AA?6?$AA?9?$AA?5?$AAn?$AAo?$AAt?$AA?5?$AAe?$AAn?$AAo?$AAu?$AAg?$AAh?$AA?5?$AAs?$AAp?$AAa?$AAc?$AAe?$AA?5?$AAf?$AAo?$AAr?$AA?5?$AAt?$AAh@ 1001f6b8     LIBCMT:crt0msg.obj
 0002:00000710       ??_C@_1FK@BEOGODMC@?$AAR?$AA6?$AA0?$AA1?$AA7?$AA?$AN?$AA?6?$AA?9?$AA?5?$AAu?$AAn?$AAe?$AAx?$AAp?$AAe?$AAc?$AAt?$AAe?$AAd?$AA?5?$AAm?$AAu?$AAl?$AAt?$AAi?$AAt?$AAh?$AAr?$AAe?$AAa?$AAd?$AA?5@ 1001f710     LIBCMT:crt0msg.obj
 0002:00000770       ??_C@_1EC@JIBHAOPH@?$AAR?$AA6?$AA0?$AA1?$AA8?$AA?$AN?$AA?6?$AA?9?$AA?5?$AAu?$AAn?$AAe?$AAx?$AAp?$AAe?$AAc?$AAt?$AAe?$AAd?$AA?5?$AAh?$AAe?$AAa?$AAp?$AA?5?$AAe?$AAr?$AAr?$AAo?$AAr?$AA?$AN?$AA?6@ 1001f770     LIBCMT:crt0msg.obj
 0002:000007b8       ??_C@_1FC@ECHBIFBC@?$AAR?$AA6?$AA0?$AA1?$AA9?$AA?$AN?$AA?6?$AA?9?$AA?5?$AAu?$AAn?$AAa?$AAb?$AAl?$AAe?$AA?5?$AAt?$AAo?$AA?5?$AAo?$AAp?$AAe?$AAn?$AA?5?$AAc?$AAo?$AAn?$AAs?$AAo?$AAl?$AAe?$AA?5@ 1001f7b8     LIBCMT:crt0msg.obj
 0002:00000810       ??_C@_1GK@FHCKBEFA@?$AAR?$AA6?$AA0?$AA2?$AA4?$AA?$AN?$AA?6?$AA?9?$AA?5?$AAn?$AAo?$AAt?$AA?5?$AAe?$AAn?$AAo?$AAu?$AAg?$AAh?$AA?5?$AAs?$AAp?$AAa?$AAc?$AAe?$AA?5?$AAf?$AAo?$AAr?$AA?5?$AA_?$AAo@ 1001f810     LIBCMT:crt0msg.obj
 0002:00000880       ??_C@_1EM@MAADIHMB@?$AAR?$AA6?$AA0?$AA2?$AA5?$AA?$AN?$AA?6?$AA?9?$AA?5?$AAp?$AAu?$AAr?$AAe?$AA?5?$AAv?$AAi?$AAr?$AAt?$AAu?$AAa?$AAl?$AA?5?$AAf?$AAu?$AAn?$AAc?$AAt?$AAi?$AAo?$AAn?$AA?5?$AAc@ 1001f880     LIBCMT:crt0msg.obj
 0002:000008d0       ??_C@_1GK@MCAAGJMO@?$AAR?$AA6?$AA0?$AA2?$AA6?$AA?$AN?$AA?6?$AA?9?$AA?5?$AAn?$AAo?$AAt?$AA?5?$AAe?$AAn?$AAo?$AAu?$AAg?$AAh?$AA?5?$AAs?$AAp?$AAa?$AAc?$AAe?$AA?5?$AAf?$AAo?$AAr?$AA?5?$AAs?$AAt@ 1001f8d0     LIBCMT:crt0msg.obj
 0002:00000940       ??_C@_1GK@MFGOKLAG@?$AAR?$AA6?$AA0?$AA2?$AA7?$AA?$AN?$AA?6?$AA?9?$AA?5?$AAn?$AAo?$AAt?$AA?5?$AAe?$AAn?$AAo?$AAu?$AAg?$AAh?$AA?5?$AAs?$AAp?$AAa?$AAc?$AAe?$AA?5?$AAf?$AAo?$AAr?$AA?5?$AAl?$AAo@ 1001f940     LIBCMT:crt0msg.obj
 0002:000009b0       ??_C@_1EK@HHFLMAOL@?$AAR?$AA6?$AA0?$AA2?$AA8?$AA?$AN?$AA?6?$AA?9?$AA?5?$AAu?$AAn?$AAa?$AAb?$AAl?$AAe?$AA?5?$AAt?$AAo?$AA?5?$AAi?$AAn?$AAi?$AAt?$AAi?$AAa?$AAl?$AAi?$AAz?$AAe?$AA?5?$AAh?$AAe@ 1001f9b0     LIBCMT:crt0msg.obj
 0002:000009fc       ??_C@_1DO@BMFCDCD@?$AAR?$AA6?$AA0?$AA3?$AA0?$AA?$AN?$AA?6?$AA?9?$AA?5?$AAC?$AAR?$AAT?$AA?5?$AAn?$AAo?$AAt?$AA?5?$AAi?$AAn?$AAi?$AAt?$AAi?$AAa?$AAl?$AAi?$AAz?$AAe?$AAd?$AA?$AN?$AA?6?$AA?$AA@ 1001f9fc     LIBCMT:crt0msg.obj
 0002:00000a40       ??_C@_1MG@ENCOOIDF@?$AAR?$AA6?$AA0?$AA3?$AA1?$AA?$AN?$AA?6?$AA?9?$AA?5?$AAA?$AAt?$AAt?$AAe?$AAm?$AAp?$AAt?$AA?5?$AAt?$AAo?$AA?5?$AAi?$AAn?$AAi?$AAt?$AAi?$AAa?$AAl?$AAi?$AAz?$AAe?$AA?5?$AAt@ 1001fa40     LIBCMT:crt0msg.obj
 0002:00000b08       ??_C@_1GG@GOPILAJP@?$AAR?$AA6?$AA0?$AA3?$AA2?$AA?$AN?$AA?6?$AA?9?$AA?5?$AAn?$AAo?$AAt?$AA?5?$AAe?$AAn?$AAo?$AAu?$AAg?$AAh?$AA?5?$AAs?$AAp?$AAa?$AAc?$AAe?$AA?5?$AAf?$AAo?$AAr?$AA?5?$AAl?$AAo@ 1001fb08     LIBCMT:crt0msg.obj
 0002:00000b70       ??_C@_1BOO@KGEDBGAJ@?$AAR?$AA6?$AA0?$AA3?$AA3?$AA?$AN?$AA?6?$AA?9?$AA?5?$AAA?$AAt?$AAt?$AAe?$AAm?$AAp?$AAt?$AA?5?$AAt?$AAo?$AA?5?$AAu?$AAs?$AAe?$AA?5?$AAM?$AAS?$AAI?$AAL?$AA?5?$AAc?$AAo?$AAd@ 1001fb70     LIBCMT:crt0msg.obj
 0002:00000d60       ??_C@_1GG@MKFPEKFO@?$AAR?$AA6?$AA0?$AA3?$AA4?$AA?$AN?$AA?6?$AA?9?$AA?5?$AAi?$AAn?$AAc?$AAo?$AAn?$AAs?$AAi?$AAs?$AAt?$AAe?$AAn?$AAt?$AA?5?$AAo?$AAn?$AAe?$AAx?$AAi?$AAt?$AA?5?$AAb?$AAe?$AAg@ 1001fd60     LIBCMT:crt0msg.obj
 0002:00000dc8       ??_C@_1BO@BFCDCGC@?$AAD?$AAO?$AAM?$AAA?$AAI?$AAN?$AA?5?$AAe?$AAr?$AAr?$AAo?$AAr?$AA?$AN?$AA?6?$AA?$AA@ 1001fdc8     LIBCMT:crt0msg.obj
 0002:00000de8       ??_C@_1BK@KMOMNAAI@?$AAS?$AAI?$AAN?$AAG?$AA?5?$AAe?$AAr?$AAr?$AAo?$AAr?$AA?$AN?$AA?6?$AA?$AA@ 1001fde8     LIBCMT:crt0msg.obj
 0002:00000e04       ??_C@_1BM@JBBEPPHI@?$AAT?$AAL?$AAO?$AAS?$AAS?$AA?5?$AAe?$AAr?$AAr?$AAo?$AAr?$AA?$AN?$AA?6?$AA?$AA@ 1001fe04     LIBCMT:crt0msg.obj
 0002:00000e20       ??_C@_15JNBOKNOG@?$AA?$AN?$AA?6?$AA?$AA@ 1001fe20     LIBCMT:crt0msg.obj
 0002:00000e28       ??_C@_1BO@BKOMIGKJ@?$AAr?$AAu?$AAn?$AAt?$AAi?$AAm?$AAe?$AA?5?$AAe?$AAr?$AAr?$AAo?$AAr?$AA?5?$AA?$AA@ 1001fe28     LIBCMT:crt0msg.obj
 0002:00000e48       ??_C@_1DE@JNGNBFGO@?$AAR?$AAu?$AAn?$AAt?$AAi?$AAm?$AAe?$AA?5?$AAE?$AAr?$AAr?$AAo?$AAr?$AA?$CB?$AA?6?$AA?6?$AAP?$AAr?$AAo?$AAg?$AAr?$AAa?$AAm?$AA?3?$AA?5?$AA?$AA@ 1001fe48     LIBCMT:crt0msg.obj
 0002:00000e7c       ??_C@_1CO@EAEJAADC@?$AA?$DM?$AAp?$AAr?$AAo?$AAg?$AAr?$AAa?$AAm?$AA?5?$AAn?$AAa?$AAm?$AAe?$AA?5?$AAu?$AAn?$AAk?$AAn?$AAo?$AAw?$AAn?$AA?$DO?$AA?$AA@ 1001fe7c     LIBCMT:crt0msg.obj
 0002:00000eac       ??_C@_17LGKOMLJ@?$AA?4?$AA?4?$AA?4?$AA?$AA@ 1001feac     LIBCMT:crt0msg.obj
 0002:00000eb4       ??_C@_15IABLJNFO@?$AA?6?$AA?6?$AA?$AA@ 1001feb4     LIBCMT:crt0msg.obj
 0002:00000ec0       ??_C@_1EK@MBDPDCGA@?$AAM?$AAi?$AAc?$AAr?$AAo?$AAs?$AAo?$AAf?$AAt?$AA?5?$AAV?$AAi?$AAs?$AAu?$AAa?$AAl?$AA?5?$AAC?$AA?$CL?$AA?$CL?$AA?5?$AAR?$AAu?$AAn?$AAt?$AAi?$AAm?$AAe?$AA?5?$AAL?$AAi?$AAb@ 1001fec0     LIBCMT:crt0msg.obj
 0002:00000f0c       ??_C@_06OJHGLDPL@?$CInull?$CJ?$AA@ 1001ff0c     LIBCMT:output.obj
 0002:00000f14       ??_C@_1O@CEDCILHN@?$AA?$CI?$AAn?$AAu?$AAl?$AAl?$AA?$CJ?$AA?$AA@ 1001ff14     LIBCMT:output.obj
 0002:00000f28       ___lookuptable             1001ff28     LIBCMT:output.obj
 0002:00000f94       ??_C@_1M@HPNHIDJI@?$AAj?$AAa?$AA?9?$AAJ?$AAP?$AA?$AA@ 1001ff94     LIBCMT:mbctype.obj
 0002:00000fa0       ??_C@_1M@BIBDDEMK@?$AAz?$AAh?$AA?9?$AAC?$AAN?$AA?$AA@ 1001ffa0     LIBCMT:mbctype.obj
 0002:00000fac       ??_C@_1M@JLOOOEGK@?$AAk?$AAo?$AA?9?$AAK?$AAR?$AA?$AA@ 1001ffac     LIBCMT:mbctype.obj
 0002:00000fb8       ??_C@_1M@CLNBBOPM@?$AAz?$AAh?$AA?9?$AAT?$AAW?$AA?$AA@ 1001ffb8     LIBCMT:mbctype.obj
 0002:00000fc4       ??_C@_03KOEHGMDN@Sun?$AA@  1001ffc4     LIBCMT:nlsdata.obj
 0002:00000fc8       ??_C@_03PDAGKDH@Mon?$AA@   1001ffc8     LIBCMT:nlsdata.obj
 0002:00000fcc       ??_C@_03NAGEINEP@Tue?$AA@  1001ffcc     LIBCMT:nlsdata.obj
 0002:00000fd0       ??_C@_03MHOMLAJA@Wed?$AA@  1001ffd0     LIBCMT:nlsdata.obj
 0002:00000fd4       ??_C@_03IOFIKPDN@Thu?$AA@  1001ffd4     LIBCMT:nlsdata.obj
 0002:00000fd8       ??_C@_03IDIOELNC@Fri?$AA@  1001ffd8     LIBCMT:nlsdata.obj
 0002:00000fdc       ??_C@_03FEFJNEK@Sat?$AA@   1001ffdc     LIBCMT:nlsdata.obj
 0002:00000fe0       ??_C@_06OOPIFAJ@Sunday?$AA@ 1001ffe0     LIBCMT:nlsdata.obj
 0002:00000fe8       ??_C@_06JLEDEDGH@Monday?$AA@ 1001ffe8     LIBCMT:nlsdata.obj
 0002:00000ff0       ??_C@_07BAAGCFCM@Tuesday?$AA@ 1001fff0     LIBCMT:nlsdata.obj
 0002:00000ff8       ??_C@_09DLIGFAKA@Wednesday?$AA@ 1001fff8     LIBCMT:nlsdata.obj
 0002:00001004       ??_C@_08HACCIKIA@Thursday?$AA@ 10020004     LIBCMT:nlsdata.obj
 0002:00001010       ??_C@_06JECMNKMI@Friday?$AA@ 10020010     LIBCMT:nlsdata.obj
 0002:00001018       ??_C@_08INBOOONO@Saturday?$AA@ 10020018     LIBCMT:nlsdata.obj
 0002:00001024       ??_C@_03JIHJHPIE@Jan?$AA@  10020024     LIBCMT:nlsdata.obj
 0002:00001028       ??_C@_03HJBDCHOM@Feb?$AA@  10020028     LIBCMT:nlsdata.obj
 0002:0000102c       ??_C@_03ODNJBKGA@Mar?$AA@  1002002c     LIBCMT:nlsdata.obj
 0002:00001030       ??_C@_03LEOLGMJP@Apr?$AA@  10020030     LIBCMT:nlsdata.obj
 0002:00001034       ??_C@_03CNMDKL@May?$AA@    10020034     LIBCMT:nlsdata.obj
 0002:00001038       ??_C@_03IDFGHECI@Jun?$AA@  10020038     LIBCMT:nlsdata.obj
 0002:0000103c       ??_C@_03LBGABGKK@Jul?$AA@  1002003c     LIBCMT:nlsdata.obj
 0002:00001040       ??_C@_03IFJFEIGA@Aug?$AA@  10020040     LIBCMT:nlsdata.obj
 0002:00001044       ??_C@_03GGCAPAJC@Sep?$AA@  10020044     LIBCMT:nlsdata.obj
 0002:00001048       ??_C@_03BMAOKBAD@Oct?$AA@  10020048     LIBCMT:nlsdata.obj
 0002:0000104c       ??_C@_03JPJOFNIA@Nov?$AA@  1002004c     LIBCMT:nlsdata.obj
 0002:00001050       ??_C@_03MKABNOCG@Dec?$AA@  10020050     LIBCMT:nlsdata.obj
 0002:00001054       ??_C@_07CGJPFGJA@January?$AA@ 10020054     LIBCMT:nlsdata.obj
 0002:0000105c       ??_C@_08GNJGEPFN@February?$AA@ 1002005c     LIBCMT:nlsdata.obj
 0002:00001068       ??_C@_05HPCKOFNC@March?$AA@ 10020068     LIBCMT:nlsdata.obj
 0002:00001070       ??_C@_05DMJDNLEJ@April?$AA@ 10020070     LIBCMT:nlsdata.obj
 0002:00001078       ??_C@_04CNLMGBGM@June?$AA@ 10020078     LIBCMT:nlsdata.obj
 0002:00001080       ??_C@_04MIEPOIFP@July?$AA@ 10020080     LIBCMT:nlsdata.obj
 0002:00001088       ??_C@_06LBBHFDDG@August?$AA@ 10020088     LIBCMT:nlsdata.obj
 0002:00001090       ??_C@_09BHHEALKD@September?$AA@ 10020090     LIBCMT:nlsdata.obj
 0002:0000109c       ??_C@_07JJNFCEND@October?$AA@ 1002009c     LIBCMT:nlsdata.obj
 0002:000010a4       ??_C@_08HCHEGEOA@November?$AA@ 100200a4     LIBCMT:nlsdata.obj
 0002:000010b0       ??_C@_08EDHMEBNP@December?$AA@ 100200b0     LIBCMT:nlsdata.obj
 0002:000010bc       ??_C@_02DEDBPAFC@AM?$AA@   100200bc     LIBCMT:nlsdata.obj
 0002:000010c0       ??_C@_02CJNFDJBF@PM?$AA@   100200c0     LIBCMT:nlsdata.obj
 0002:000010c4       ??_C@_08BPBNCDIB@MM?1dd?1yy?$AA@ 100200c4     LIBCMT:nlsdata.obj
 0002:000010d0       ??_C@_0BE@CKGJFCPC@dddd?0?5MMMM?5dd?0?5yyyy?$AA@ 100200d0     LIBCMT:nlsdata.obj
 0002:000010e4       ??_C@_08JCCMCCIL@HH?3mm?3ss?$AA@ 100200e4     LIBCMT:nlsdata.obj
 0002:000010f0       ??_C@_17MBGCMIPB@?$AAS?$AAu?$AAn?$AA?$AA@ 100200f0     LIBCMT:nlsdata.obj
 0002:000010f8       ??_C@_17KBOMKBF@?$AAM?$AAo?$AAn?$AA?$AA@ 100200f8     LIBCMT:nlsdata.obj
 0002:00001100       ??_C@_17BMKGEGOJ@?$AAT?$AAu?$AAe?$AA?$AA@ 10020100     LIBCMT:nlsdata.obj
 0002:00001108       ??_C@_17CJEDCEPE@?$AAW?$AAe?$AAd?$AA?$AA@ 10020108     LIBCMT:nlsdata.obj
 0002:00001110       ??_C@_17PDPHAADD@?$AAT?$AAh?$AAu?$AA?$AA@ 10020110     LIBCMT:nlsdata.obj
 0002:00001118       ??_C@_17HFOLPPLP@?$AAF?$AAr?$AAi?$AA?$AA@ 10020118     LIBCMT:nlsdata.obj
 0002:00001120       ??_C@_17GGIBDPIH@?$AAS?$AAa?$AAt?$AA?$AA@ 10020120     LIBCMT:nlsdata.obj
 0002:00001128       ??_C@_1O@IHNHDHPB@?$AAS?$AAu?$AAn?$AAd?$AAa?$AAy?$AA?$AA@ 10020128     LIBCMT:nlsdata.obj
 0002:00001138       ??_C@_1O@MMNBFLIA@?$AAM?$AAo?$AAn?$AAd?$AAa?$AAy?$AA?$AA@ 10020138     LIBCMT:nlsdata.obj
 0002:00001148       ??_C@_1BA@ENFBFFEK@?$AAT?$AAu?$AAe?$AAs?$AAd?$AAa?$AAy?$AA?$AA@ 10020148     LIBCMT:nlsdata.obj
 0002:00001158       ??_C@_1BE@EBOGMDOH@?$AAW?$AAe?$AAd?$AAn?$AAe?$AAs?$AAd?$AAa?$AAy?$AA?$AA@ 10020158     LIBCMT:nlsdata.obj
 0002:0000116c       ??_C@_1BC@HHMNLIHE@?$AAT?$AAh?$AAu?$AAr?$AAs?$AAd?$AAa?$AAy?$AA?$AA@ 1002016c     LIBCMT:nlsdata.obj
 0002:00001180       ??_C@_1O@PDICJHAG@?$AAF?$AAr?$AAi?$AAd?$AAa?$AAy?$AA?$AA@ 10020180     LIBCMT:nlsdata.obj
 0002:00001190       ??_C@_1BC@ENMNNPAJ@?$AAS?$AAa?$AAt?$AAu?$AAr?$AAd?$AAa?$AAy?$AA?$AA@ 10020190     LIBCMT:nlsdata.obj
 0002:000011a4       ??_C@_17DKNBKCHM@?$AAJ?$AAa?$AAn?$AA?$AA@ 100201a4     LIBCMT:nlsdata.obj
 0002:000011ac       ??_C@_17LMDJEKJN@?$AAF?$AAe?$AAb?$AA?$AA@ 100201ac     LIBCMT:nlsdata.obj
 0002:000011b4       ??_C@_17CKNLEDEC@?$AAM?$AAa?$AAr?$AA?$AA@ 100201b4     LIBCMT:nlsdata.obj
 0002:000011bc       ??_C@_17LFPOIHDD@?$AAA?$AAp?$AAr?$AA?$AA@ 100201bc     LIBCMT:nlsdata.obj
 0002:000011c4       ??_C@_17PNNKMEED@?$AAM?$AAa?$AAy?$AA?$AA@ 100201c4     LIBCMT:nlsdata.obj
 0002:000011cc       ??_C@_17KCJGOCPB@?$AAJ?$AAu?$AAn?$AA?$AA@ 100201cc     LIBCMT:nlsdata.obj
 0002:000011d4       ??_C@_17IJPCKHK@?$AAJ?$AAu?$AAl?$AA?$AA@ 100201d4     LIBCMT:nlsdata.obj
 0002:000011dc       ??_C@_17ICPELBCN@?$AAA?$AAu?$AAg?$AA?$AA@ 100201dc     LIBCMT:nlsdata.obj
 0002:000011e4       ??_C@_17HCHCOKMG@?$AAS?$AAe?$AAp?$AA?$AA@ 100201e4     LIBCMT:nlsdata.obj
 0002:000011ec       ??_C@_17FNLKOI@?$AAO?$AAc?$AAt?$AA?$AA@ 100201ec     LIBCMT:nlsdata.obj
 0002:000011f4       ??_C@_17BBDMLCIG@?$AAN?$AAo?$AAv?$AA?$AA@ 100201f4     LIBCMT:nlsdata.obj
 0002:000011fc       ??_C@_17EGKACKIF@?$AAD?$AAe?$AAc?$AA?$AA@ 100201fc     LIBCMT:nlsdata.obj
 0002:00001204       ??_C@_1BA@EFMEIEBA@?$AAJ?$AAa?$AAn?$AAu?$AAa?$AAr?$AAy?$AA?$AA@ 10020204     LIBCMT:nlsdata.obj
 0002:00001214       ??_C@_1BC@JGDDFFAM@?$AAF?$AAe?$AAb?$AAr?$AAu?$AAa?$AAr?$AAy?$AA?$AA@ 10020214     LIBCMT:nlsdata.obj
 0002:00001228       ??_C@_1M@IKEENEDF@?$AAM?$AAa?$AAr?$AAc?$AAh?$AA?$AA@ 10020228     LIBCMT:nlsdata.obj
 0002:00001234       ??_C@_1M@GJNLMHFD@?$AAA?$AAp?$AAr?$AAi?$AAl?$AA?$AA@ 10020234     LIBCMT:nlsdata.obj
 0002:00001240       ??_C@_19EPFLPGAP@?$AAJ?$AAu?$AAn?$AAe?$AA?$AA@ 10020240     LIBCMT:nlsdata.obj
 0002:0000124c       ??_C@_19BIFMLPCD@?$AAJ?$AAu?$AAl?$AAy?$AA?$AA@ 1002024c     LIBCMT:nlsdata.obj
 0002:00001258       ??_C@_1O@PAHLKOAC@?$AAA?$AAu?$AAg?$AAu?$AAs?$AAt?$AA?$AA@ 10020258     LIBCMT:nlsdata.obj
 0002:00001268       ??_C@_1BE@DKAAMBJL@?$AAS?$AAe?$AAp?$AAt?$AAe?$AAm?$AAb?$AAe?$AAr?$AA?$AA@ 10020268     LIBCMT:nlsdata.obj
 0002:0000127c       ??_C@_1BA@EPANDLNG@?$AAO?$AAc?$AAt?$AAo?$AAb?$AAe?$AAr?$AA?$AA@ 1002027c     LIBCMT:nlsdata.obj
 0002:0000128c       ??_C@_1BC@BGLIFPF@?$AAN?$AAo?$AAv?$AAe?$AAm?$AAb?$AAe?$AAr?$AA?$AA@ 1002028c     LIBCMT:nlsdata.obj
 0002:000012a0       ??_C@_1BC@FEMKIFH@?$AAD?$AAe?$AAc?$AAe?$AAm?$AAb?$AAe?$AAr?$AA?$AA@ 100202a0     LIBCMT:nlsdata.obj
 0002:000012b4       ??_C@_15ODEHAHHF@?$AAA?$AAM?$AA?$AA@ 100202b4     LIBCMT:nlsdata.obj
 0002:000012bc       ??_C@_15CLMNNGEL@?$AAP?$AAM?$AA?$AA@ 100202bc     LIBCMT:nlsdata.obj
 0002:000012c4       ??_C@_1BC@IEBCMHCM@?$AAM?$AAM?$AA?1?$AAd?$AAd?$AA?1?$AAy?$AAy?$AA?$AA@ 100202c4     LIBCMT:nlsdata.obj
 0002:000012d8       ??_C@_1CI@KNAKOEBC@?$AAd?$AAd?$AAd?$AAd?$AA?0?$AA?5?$AAM?$AAM?$AAM?$AAM?$AA?5?$AAd?$AAd?$AA?0?$AA?5?$AAy?$AAy?$AAy?$AAy?$AA?$AA@ 100202d8     LIBCMT:nlsdata.obj
 0002:00001300       ??_C@_1BC@GDGBMEMK@?$AAH?$AAH?$AA?3?$AAm?$AAm?$AA?3?$AAs?$AAs?$AA?$AA@ 10020300     LIBCMT:nlsdata.obj
 0002:00001314       ??_C@_1M@BMHNFIME@?$AAe?$AAn?$AA?9?$AAU?$AAS?$AA?$AA@ 10020314     LIBCMT:nlsdata.obj
 0002:00001320       __sys_errlist              10020320     LIBCMT:syserr.obj
 0002:000013d0       ??_C@_08INEPGKHH@No?5error?$AA@ 100203d0     LIBCMT:syserr.obj
 0002:000013dc       ??_C@_0BI@BJFCGOHL@Operation?5not?5permitted?$AA@ 100203dc     LIBCMT:syserr.obj
 0002:000013f4       ??_C@_0BK@FMDHKPNF@No?5such?5file?5or?5directory?$AA@ 100203f4     LIBCMT:syserr.obj
 0002:00001410       ??_C@_0BA@FKIAIBGA@No?5such?5process?$AA@ 10020410     LIBCMT:syserr.obj
 0002:00001420       ??_C@_0BK@FJBOAFDK@Interrupted?5function?5call?$AA@ 10020420     LIBCMT:syserr.obj
 0002:0000143c       ??_C@_0BD@KKNFOBBD@Input?1output?5error?$AA@ 1002043c     LIBCMT:syserr.obj
 0002:00001450       ??_C@_0BK@DPKMCKJ@No?5such?5device?5or?5address?$AA@ 10020450     LIBCMT:syserr.obj
 0002:0000146c       ??_C@_0BC@MFFGCDFL@Arg?5list?5too?5long?$AA@ 1002046c     LIBCMT:syserr.obj
 0002:00001480       ??_C@_0BC@HKPNECK@Exec?5format?5error?$AA@ 10020480     LIBCMT:syserr.obj
 0002:00001494       ??_C@_0BE@NFGDDCEF@Bad?5file?5descriptor?$AA@ 10020494     LIBCMT:syserr.obj
 0002:000014a8       ??_C@_0BD@LOHELEP@No?5child?5processes?$AA@ 100204a8     LIBCMT:syserr.obj
 0002:000014bc       ??_C@_0CB@EPFKGNAK@Resource?5temporarily?5unavailable@ 100204bc     LIBCMT:syserr.obj
 0002:000014e0       ??_C@_0BB@IMDKMPFB@Not?5enough?5space?$AA@ 100204e0     LIBCMT:syserr.obj
 0002:000014f4       ??_C@_0BC@HFNFNKAI@Permission?5denied?$AA@ 100204f4     LIBCMT:syserr.obj
 0002:00001508       ??_C@_0M@LOEHLCJD@Bad?5address?$AA@ 10020508     LIBCMT:syserr.obj
 0002:00001514       ??_C@_0O@NIPGCINC@Unknown?5error?$AA@ 10020514     LIBCMT:syserr.obj
 0002:00001524       ??_C@_0BA@BIBLIOEK@Resource?5device?$AA@ 10020524     LIBCMT:syserr.obj
 0002:00001534       ??_C@_0M@NAAJNNGH@File?5exists?$AA@ 10020534     LIBCMT:syserr.obj
 0002:00001540       ??_C@_0O@OAMDNOCP@Improper?5link?$AA@ 10020540     LIBCMT:syserr.obj
 0002:00001550       ??_C@_0P@NLEIANHE@No?5such?5device?$AA@ 10020550     LIBCMT:syserr.obj
 0002:00001560       ??_C@_0BA@CJBACOOL@Not?5a?5directory?$AA@ 10020560     LIBCMT:syserr.obj
 0002:00001570       ??_C@_0P@NDHGCGKE@Is?5a?5directory?$AA@ 10020570     LIBCMT:syserr.obj
 0002:00001580       ??_C@_0BB@HMGGCEBG@Invalid?5argument?$AA@ 10020580     LIBCMT:syserr.obj
 0002:00001594       ??_C@_0BO@IIFBODJE@Too?5many?5open?5files?5in?5system?$AA@ 10020594     LIBCMT:syserr.obj
 0002:000015b4       ??_C@_0BE@INBJMKGG@Too?5many?5open?5files?$AA@ 100205b4     LIBCMT:syserr.obj
 0002:000015c8       ??_C@_0CE@ONOKNLPF@Inappropriate?5I?1O?5control?5operat@ 100205c8     LIBCMT:syserr.obj
 0002:000015ec       ??_C@_0P@LFMMIPAE@File?5too?5large?$AA@ 100205ec     LIBCMT:syserr.obj
 0002:000015fc       ??_C@_0BI@FEALHKLD@No?5space?5left?5on?5device?$AA@ 100205fc     LIBCMT:syserr.obj
 0002:00001614       ??_C@_0N@FEHLOILP@Invalid?5seek?$AA@ 10020614     LIBCMT:syserr.obj
 0002:00001624       ??_C@_0BG@DDBFNKBH@Read?9only?5file?5system?$AA@ 10020624     LIBCMT:syserr.obj
 0002:0000163c       ??_C@_0P@PKCJJLLM@Too?5many?5links?$AA@ 1002063c     LIBCMT:syserr.obj
 0002:0000164c       ??_C@_0M@LHEPIIOM@Broken?5pipe?$AA@ 1002064c     LIBCMT:syserr.obj
 0002:00001658       ??_C@_0N@MMJPGLJK@Domain?5error?$AA@ 10020658     LIBCMT:syserr.obj
 0002:00001668       ??_C@_0BB@FCBJFCAJ@Result?5too?5large?$AA@ 10020668     LIBCMT:syserr.obj
 0002:0000167c       ??_C@_0BK@JAEBMJJM@Resource?5deadlock?5avoided?$AA@ 1002067c     LIBCMT:syserr.obj
 0002:00001698       ??_C@_0BC@BEDIHIDK@Filename?5too?5long?$AA@ 10020698     LIBCMT:syserr.obj
 0002:000016ac       ??_C@_0BD@CLHBCGPB@No?5locks?5available?$AA@ 100206ac     LIBCMT:syserr.obj
 0002:000016c0       ??_C@_0BJ@IHEHINLI@Function?5not?5implemented?$AA@ 100206c0     LIBCMT:syserr.obj
 0002:000016dc       ??_C@_0BE@ICMCHPHH@Directory?5not?5empty?$AA@ 100206dc     LIBCMT:syserr.obj
 0002:000016f0       ??_C@_0BG@KLEAJEFJ@Illegal?5byte?5sequence?$AA@ 100206f0     LIBCMT:syserr.obj
 0002:00001728       __XcptActTab               10020728     LIBCMT:winxfltr.obj
 0002:000017b8       __XcptActTabCount          100207b8     LIBCMT:winxfltr.obj
 0002:000017bc       __XcptActTabSize           100207bc     LIBCMT:winxfltr.obj
 0002:000017c0       __First_FPE_Indx           100207c0     LIBCMT:winxfltr.obj
 0002:000017c4       __Num_FPE                  100207c4     LIBCMT:winxfltr.obj
 0002:000017c8       ??_C@_1BG@GOEBHBDC@?$AAU?$AAS?$AAE?$AAR?$AA3?$AA2?$AA?4?$AAD?$AAL?$AAL?$AA?$AA@ 100207c8     LIBCMT:crtmboxw.obj
 0002:000017e0       ??_C@_0M@DLDCCGNP@MessageBoxW?$AA@ 100207e0     LIBCMT:crtmboxw.obj
 0002:000017ec       ??_C@_0BA@HNOPNCHB@GetActiveWindow?$AA@ 100207ec     LIBCMT:crtmboxw.obj
 0002:000017fc       ??_C@_0BD@HHGDFDBJ@GetLastActivePopup?$AA@ 100207fc     LIBCMT:crtmboxw.obj
 0002:00001810       ??_C@_0BK@DEKFELLI@GetUserObjectInformationW?$AA@ 10020810     LIBCMT:crtmboxw.obj
 0002:0000182c       ??_C@_0BI@DFKBFLJE@GetProcessWindowStation?$AA@ 1002082c     LIBCMT:crtmboxw.obj
 0002:00001850       ___newctype                10020850     LIBCMT:ctype.obj
 0002:00001b50       __wctype                   10020b50     LIBCMT:ctype.obj
 0002:00001d58       ___newclmap                10020d58     LIBCMT:ctype.obj
 0002:00001ed8       ___newcumap                10020ed8     LIBCMT:ctype.obj
 0002:00002058       ??_C@_1BA@BALFACEM@?$AAC?$AAO?$AAN?$AAO?$AAU?$AAT?$AA$?$AA?$AA@ 10021058     LIBCMT:initcon.obj
 0002:00002068       _LcidToLocaleNameTable     10021068     LIBCMT:winapinls.obj
 0002:00002788       _LocaleNameToIndexTable    10021788     LIBCMT:winapinls.obj
 0002:00002ea8       ??_C@_15EMKDOKLE@?$AAa?$AAr?$AA?$AA@ 10021ea8     LIBCMT:winapinls.obj
 0002:00002eb0       ??_C@_15KNPADPLH@?$AAb?$AAg?$AA?$AA@ 10021eb0     LIBCMT:winapinls.obj
 0002:00002eb8       ??_C@_15EDMHLDMO@?$AAc?$AAa?$AA?$AA@ 10021eb8     LIBCMT:winapinls.obj
 0002:00002ec0       ??_C@_1O@BPEAJADD@?$AAz?$AAh?$AA?9?$AAC?$AAH?$AAS?$AA?$AA@ 10021ec0     LIBCMT:winapinls.obj
 0002:00002ed0       ??_C@_15LJNHCMNK@?$AAc?$AAs?$AA?$AA@ 10021ed0     LIBCMT:winapinls.obj
 0002:00002ed8       ??_C@_15FOMCIDHG@?$AAd?$AAa?$AA?$AA@ 10021ed8     LIBCMT:winapinls.obj
 0002:00002ee0       ??_C@_15NBKABECB@?$AAd?$AAe?$AA?$AA@ 10021ee0     LIBCMT:winapinls.obj
 0002:00002ee8       ??_C@_15GHPEIIAO@?$AAe?$AAl?$AA?$AA@ 10021ee8     LIBCMT:winapinls.obj
 0002:00002ef0       ??_C@_15MNPNEAIF@?$AAe?$AAn?$AA?$AA@ 10021ef0     LIBCMT:winapinls.obj
 0002:00002ef8       ??_C@_15GPIOMPMH@?$AAe?$AAs?$AA?$AA@ 10021ef8     LIBCMT:winapinls.obj
 0002:00002f00       ??_C@_15NGLOAKJC@?$AAf?$AAi?$AA?$AA@ 10021f00     LIBCMT:winapinls.obj
 0002:00002f08       ??_C@_15FBKGNKAM@?$AAf?$AAr?$AA?$AA@ 10021f08     LIBCMT:winapinls.obj
 0002:00002f10       ??_C@_15KGGCNEFK@?$AAh?$AAe?$AA?$AA@ 10021f10     LIBCMT:winapinls.obj
 0002:00002f18       ??_C@_15PGHLIDMF@?$AAh?$AAu?$AA?$AA@ 10021f18     LIBCMT:winapinls.obj
 0002:00002f20       ??_C@_15BIEMAPLM@?$AAi?$AAs?$AA?$AA@ 10021f20     LIBCMT:winapinls.obj
 0002:00002f28       ??_C@_15IFJLDHAF@?$AAi?$AAt?$AA?$AA@ 10021f28     LIBCMT:winapinls.obj
 0002:00002f30       ??_C@_15GEMIOCAG@?$AAj?$AAa?$AA?$AA@ 10021f30     LIBCMT:winapinls.obj
 0002:00002f38       ??_C@_15EPELEGJA@?$AAk?$AAo?$AA?$AA@ 10021f38     LIBCMT:winapinls.obj
 0002:00002f40       ??_C@_15NDDHIMN@?$AAn?$AAl?$AA?$AA@ 10021f40     LIBCMT:winapinls.obj
 0002:00002f48       ??_C@_15BPIGNHCD@?$AAn?$AAo?$AA?$AA@ 10021f48     LIBCMT:winapinls.obj
 0002:00002f50       ??_C@_15DEOPBLCG@?$AAp?$AAl?$AA?$AA@ 10021f50     LIBCMT:winapinls.obj
 0002:00002f58       ??_C@_15KBECGEFG@?$AAp?$AAt?$AA?$AA@ 10021f58     LIBCMT:winapinls.obj
 0002:00002f60       ??_C@_15GLJCBFMD@?$AAr?$AAo?$AA?$AA@ 10021f60     LIBCMT:winapinls.obj
 0002:00002f68       ??_C@_15FEDGKCDI@?$AAr?$AAu?$AA?$AA@ 10021f68     LIBCMT:winapinls.obj
 0002:00002f70       ??_C@_15GLKMLLHM@?$AAh?$AAr?$AA?$AA@ 10021f70     LIBCMT:winapinls.obj
 0002:00002f78       ??_C@_15CPKMFBDB@?$AAs?$AAk?$AA?$AA@ 10021f78     LIBCMT:winapinls.obj
 0002:00002f80       ??_C@_15BAAIOGMK@?$AAs?$AAq?$AA?$AA@ 10021f80     LIBCMT:winapinls.obj
 0002:00002f88       ??_C@_15INNPNOHD@?$AAs?$AAv?$AA?$AA@ 10021f88     LIBCMT:winapinls.obj
 0002:00002f90       ??_C@_15CABMMOGH@?$AAt?$AAh?$AA?$AA@ 10021f90     LIBCMT:winapinls.obj
 0002:00002f98       ??_C@_15BPLIHJJM@?$AAt?$AAr?$AA?$AA@ 10021f98     LIBCMT:winapinls.obj
 0002:00002fa0       ??_C@_15NEOEKKDJ@?$AAu?$AAr?$AA?$AA@ 10021fa0     LIBCMT:winapinls.obj
 0002:00002fa8       ??_C@_15NFICGAJK@?$AAi?$AAd?$AA?$AA@ 10021fa8     LIBCMT:winapinls.obj
 0002:00002fb0       ??_C@_15PJPFLCCM@?$AAu?$AAk?$AA?$AA@ 10021fb0     LIBCMT:winapinls.obj
 0002:00002fb8       ??_C@_15HPJPHDM@?$AAb?$AAe?$AA?$AA@ 10021fb8     LIBCMT:winapinls.obj
 0002:00002fc0       ??_C@_15LCHLGJII@?$AAs?$AAl?$AA?$AA@ 10021fc0     LIBCMT:winapinls.obj
 0002:00002fc8       ??_C@_15PCFJPHHO@?$AAe?$AAt?$AA?$AA@ 10021fc8     LIBCMT:winapinls.obj
 0002:00002fd0       ??_C@_15HPFPGODN@?$AAl?$AAv?$AA?$AA@ 10021fd0     LIBCMT:winapinls.obj
 0002:00002fd8       ??_C@_15NFFGKGLG@?$AAl?$AAt?$AA?$AA@ 10021fd8     LIBCMT:winapinls.obj
 0002:00002fe0       ??_C@_15BDAKCCHN@?$AAf?$AAa?$AA?$AA@ 10021fe0     LIBCMT:winapinls.obj
 0002:00002fe8       ??_C@_15NFGIAIAJ@?$AAv?$AAi?$AA?$AA@ 10021fe8     LIBCMT:winapinls.obj
 0002:00002ff0       ??_C@_15LMKNDMHN@?$AAh?$AAy?$AA?$AA@ 10021ff0     LIBCMT:winapinls.obj
 0002:00002ff8       ??_C@_15IJBHMCFL@?$AAa?$AAz?$AA?$AA@ 10021ff8     LIBCMT:winapinls.obj
 0002:00003000       ??_C@_15EKOFJABL@?$AAe?$AAu?$AA?$AA@ 10022000     LIBCMT:winapinls.obj
 0002:00003008       ??_C@_15BGHADCNK@?$AAm?$AAk?$AA?$AA@ 10022008     LIBCMT:winapinls.obj
 0002:00003010       ??_C@_15JDNICKHM@?$AAa?$AAf?$AA?$AA@ 10022010     LIBCMT:winapinls.obj
 0002:00003018       ??_C@_15KPJEDBKD@?$AAk?$AAa?$AA?$AA@ 10022018     LIBCMT:winapinls.obj
 0002:00003020       ??_C@_15PDNFFFEO@?$AAf?$AAo?$AA?$AA@ 10022020     LIBCMT:winapinls.obj
 0002:00003028       ??_C@_15OMLEGLOC@?$AAh?$AAi?$AA?$AA@ 10022028     LIBCMT:winapinls.obj
 0002:00003030       ??_C@_15IDNNENKK@?$AAm?$AAs?$AA?$AA@ 10022030     LIBCMT:winapinls.obj
 0002:00003038       ??_C@_15MACJNBMH@?$AAk?$AAk?$AA?$AA@ 10022038     LIBCMT:winapinls.obj
 0002:00003040       ??_C@_15DKDJEOND@?$AAk?$AAy?$AA?$AA@ 10022040     LIBCMT:winapinls.obj
 0002:00003048       ??_C@_15DFGDLJBG@?$AAs?$AAw?$AA?$AA@ 10022048     LIBCMT:winapinls.obj
 0002:00003050       ??_C@_15BBFAICNG@?$AAu?$AAz?$AA?$AA@ 10022050     LIBCMT:winapinls.obj
 0002:00003058       ??_C@_15DKNDCGEA@?$AAt?$AAt?$AA?$AA@ 10022058     LIBCMT:winapinls.obj
 0002:00003060       ??_C@_15MGIFMDPL@?$AAp?$AAa?$AA?$AA@ 10022060     LIBCMT:winapinls.obj
 0002:00003068       ??_C@_15HCNDBBA@?$AAg?$AAu?$AA?$AA@ 10022068     LIBCMT:winapinls.obj
 0002:00003070       ??_C@_15FNBEIBON@?$AAt?$AAa?$AA?$AA@ 10022070     LIBCMT:winapinls.obj
 0002:00003078       ??_C@_15NCHGBGLK@?$AAt?$AAe?$AA?$AA@ 10022078     LIBCMT:winapinls.obj
 0002:00003080       ??_C@_15PHPHCBPF@?$AAk?$AAn?$AA?$AA@ 10022080     LIBCMT:winapinls.obj
 0002:00003088       ??_C@_15DLGBCKMP@?$AAm?$AAr?$AA?$AA@ 10022088     LIBCMT:winapinls.obj
 0002:00003090       ??_C@_15EABBLBFF@?$AAs?$AAa?$AA?$AA@ 10022090     LIBCMT:winapinls.obj
 0002:00003098       ??_C@_15CBKOMCOI@?$AAm?$AAn?$AA?$AA@ 10022098     LIBCMT:winapinls.obj
 0002:000030a0       ??_C@_15CKDMCJAF@?$AAg?$AAl?$AA?$AA@ 100220a0     LIBCMT:winapinls.obj
 0002:000030a8       ??_C@_17CNJFBPG@?$AAk?$AAo?$AAk?$AA?$AA@ 100220a8     LIBCMT:winapinls.obj
 0002:000030b0       ??_C@_17FFBJICPL@?$AAs?$AAy?$AAr?$AA?$AA@ 100220b0     LIBCMT:winapinls.obj
 0002:000030b8       ??_C@_17KPNDCPAF@?$AAd?$AAi?$AAv?$AA?$AA@ 100220b8     LIBCMT:winapinls.obj
 0002:000030c0       ??_C@_11LOCGONAA@?$AA?$AA@ 100220c0     LIBCMT:winapinls.obj
 0002:000030c4       ??_C@_1M@OKAHONE@?$AAa?$AAr?$AA?9?$AAS?$AAA?$AA?$AA@ 100220c4     LIBCMT:winapinls.obj
 0002:000030d0       ??_C@_1M@FFFIGIGK@?$AAb?$AAg?$AA?9?$AAB?$AAG?$AA?$AA@ 100220d0     LIBCMT:winapinls.obj
 0002:000030dc       ??_C@_1M@BJNKEDC@?$AAc?$AAa?$AA?9?$AAE?$AAS?$AA?$AA@ 100220dc     LIBCMT:winapinls.obj
 0002:000030e8       ??_C@_1M@IJJHFJHA@?$AAc?$AAs?$AA?9?$AAC?$AAZ?$AA?$AA@ 100220e8     LIBCMT:winapinls.obj
 0002:000030f4       ??_C@_1M@CLPEOBGI@?$AAd?$AAa?$AA?9?$AAD?$AAK?$AA?$AA@ 100220f4     LIBCMT:winapinls.obj
 0002:00003100       ??_C@_1M@MCMADGCB@?$AAd?$AAe?$AA?9?$AAD?$AAE?$AA?$AA@ 10022100     LIBCMT:winapinls.obj
 0002:0000310c       ??_C@_1M@OOCKEMAM@?$AAe?$AAl?$AA?9?$AAG?$AAR?$AA?$AA@ 1002210c     LIBCMT:winapinls.obj
 0002:00003118       ??_C@_1M@DDNJFGID@?$AAf?$AAi?$AA?9?$AAF?$AAI?$AA?$AA@ 10022118     LIBCMT:winapinls.obj
 0002:00003124       ??_C@_1M@GLIPPMAC@?$AAf?$AAr?$AA?9?$AAF?$AAR?$AA?$AA@ 10022124     LIBCMT:winapinls.obj
 0002:00003130       ??_C@_1M@GFMCHPE@?$AAh?$AAe?$AA?9?$AAI?$AAL?$AA?$AA@ 10022130     LIBCMT:winapinls.obj
 0002:0000313c       ??_C@_1M@MHLPGNKM@?$AAh?$AAu?$AA?9?$AAH?$AAU?$AA?$AA@ 1002213c     LIBCMT:winapinls.obj
 0002:00003148       ??_C@_1M@LPDDNNPN@?$AAi?$AAs?$AA?9?$AAI?$AAS?$AA?$AA@ 10022148     LIBCMT:winapinls.obj
 0002:00003154       ??_C@_1M@MADIPODN@?$AAi?$AAt?$AA?9?$AAI?$AAT?$AA?$AA@ 10022154     LIBCMT:winapinls.obj
 0002:00003160       ??_C@_1M@IHBJJGG@?$AAn?$AAl?$AA?9?$AAN?$AAL?$AA?$AA@ 10022160     LIBCMT:winapinls.obj
 0002:0000316c       ??_C@_1M@EANAGDL@?$AAn?$AAb?$AA?9?$AAN?$AAO?$AA?$AA@ 1002216c     LIBCMT:winapinls.obj
 0002:00003178       ??_C@_1M@NEIEMEGP@?$AAp?$AAl?$AA?9?$AAP?$AAL?$AA?$AA@ 10022178     LIBCMT:winapinls.obj
 0002:00003184       ??_C@_1M@BOCFIGEP@?$AAp?$AAt?$AA?9?$AAB?$AAR?$AA?$AA@ 10022184     LIBCMT:winapinls.obj
 0002:00003190       ??_C@_1M@IMPFOPBG@?$AAr?$AAo?$AA?9?$AAR?$AAO?$AA?$AA@ 10022190     LIBCMT:winapinls.obj
 0002:0000319c       ??_C@_1M@IDNNEJMM@?$AAr?$AAu?$AA?9?$AAR?$AAU?$AA?$AA@ 1002219c     LIBCMT:winapinls.obj
 0002:000031a8       ??_C@_1M@LILEEOGM@?$AAh?$AAr?$AA?9?$AAH?$AAR?$AA?$AA@ 100221a8     LIBCMT:winapinls.obj
 0002:000031b4       ??_C@_1M@FKIFEHPB@?$AAs?$AAk?$AA?9?$AAS?$AAK?$AA?$AA@ 100221b4     LIBCMT:winapinls.obj
 0002:000031c0       ??_C@_1M@LJMAMNPJ@?$AAs?$AAq?$AA?9?$AAA?$AAL?$AA?$AA@ 100221c0     LIBCMT:winapinls.obj
 0002:000031cc       ??_C@_1M@GIAKDKJK@?$AAs?$AAv?$AA?9?$AAS?$AAE?$AA?$AA@ 100221cc     LIBCMT:winapinls.obj
 0002:000031d8       ??_C@_1M@MKJKIKCL@?$AAt?$AAh?$AA?9?$AAT?$AAH?$AA?$AA@ 100221d8     LIBCMT:winapinls.obj
 0002:000031e4       ??_C@_1M@MFLCCMPB@?$AAt?$AAr?$AA?9?$AAT?$AAR?$AA?$AA@ 100221e4     LIBCMT:winapinls.obj
 0002:000031f0       ??_C@_1M@OIJHDKJN@?$AAu?$AAr?$AA?9?$AAP?$AAK?$AA?$AA@ 100221f0     LIBCMT:winapinls.obj
 0002:000031fc       ??_C@_1M@LHIPCIEK@?$AAi?$AAd?$AA?9?$AAI?$AAD?$AA?$AA@ 100221fc     LIBCMT:winapinls.obj
 0002:00003208       ??_C@_1M@MFMOBGI@?$AAu?$AAk?$AA?9?$AAU?$AAA?$AA?$AA@ 10022208     LIBCMT:winapinls.obj
 0002:00003214       ??_C@_1M@OBGLJIPL@?$AAb?$AAe?$AA?9?$AAB?$AAY?$AA?$AA@ 10022214     LIBCMT:winapinls.obj
 0002:00003220       ??_C@_1M@BCFAJEAD@?$AAs?$AAl?$AA?9?$AAS?$AAI?$AA?$AA@ 10022220     LIBCMT:winapinls.obj
 0002:0000322c       ??_C@_1M@FKFFEDDN@?$AAe?$AAt?$AA?9?$AAE?$AAE?$AA?$AA@ 1002222c     LIBCMT:winapinls.obj
 0002:00003238       ??_C@_1M@KGKKAACI@?$AAl?$AAv?$AA?9?$AAL?$AAV?$AA?$AA@ 10022238     LIBCMT:winapinls.obj
 0002:00003244       ??_C@_1M@IFGBIJO@?$AAl?$AAt?$AA?9?$AAL?$AAT?$AA?$AA@ 10022244     LIBCMT:winapinls.obj
 0002:00003250       ??_C@_1M@FGEAHEDM@?$AAf?$AAa?$AA?9?$AAI?$AAR?$AA?$AA@ 10022250     LIBCMT:winapinls.obj
 0002:0000325c       ??_C@_1M@KBMAIBFN@?$AAv?$AAi?$AA?9?$AAV?$AAN?$AA?$AA@ 1002225c     LIBCMT:winapinls.obj
 0002:00003268       ??_C@_1M@GPCBKDJK@?$AAh?$AAy?$AA?9?$AAA?$AAM?$AA?$AA@ 10022268     LIBCMT:winapinls.obj
 0002:00003274       ??_C@_1BG@BECMDDJB@?$AAa?$AAz?$AA?9?$AAA?$AAZ?$AA?9?$AAL?$AAa?$AAt?$AAn?$AA?$AA@ 10022274     LIBCMT:winapinls.obj
 0002:0000328c       ??_C@_1M@MAOFCAEA@?$AAe?$AAu?$AA?9?$AAE?$AAS?$AA?$AA@ 1002228c     LIBCMT:winapinls.obj
 0002:00003298       ??_C@_1M@IGHABKPI@?$AAm?$AAk?$AA?9?$AAM?$AAK?$AA?$AA@ 10022298     LIBCMT:winapinls.obj
 0002:000032a4       ??_C@_1M@IAIGNEJG@?$AAt?$AAn?$AA?9?$AAZ?$AAA?$AA?$AA@ 100222a4     LIBCMT:winapinls.obj
 0002:000032b0       ??_C@_1M@IIJCOJFA@?$AAx?$AAh?$AA?9?$AAZ?$AAA?$AA?$AA@ 100222b0     LIBCMT:winapinls.obj
 0002:000032bc       ??_C@_1M@LGPJHNJH@?$AAz?$AAu?$AA?9?$AAZ?$AAA?$AA?$AA@ 100222bc     LIBCMT:winapinls.obj
 0002:000032c8       ??_C@_1M@HOKAOIO@?$AAa?$AAf?$AA?9?$AAZ?$AAA?$AA?$AA@ 100222c8     LIBCMT:winapinls.obj
 0002:000032d4       ??_C@_1M@DPCLHLIE@?$AAk?$AAa?$AA?9?$AAG?$AAE?$AA?$AA@ 100222d4     LIBCMT:winapinls.obj
 0002:000032e0       ??_C@_1M@BLKMHJBI@?$AAf?$AAo?$AA?9?$AAF?$AAO?$AA?$AA@ 100222e0     LIBCMT:winapinls.obj
 0002:000032ec       ??_C@_1M@LGGJAPPB@?$AAh?$AAi?$AA?9?$AAI?$AAN?$AA?$AA@ 100222ec     LIBCMT:winapinls.obj
 0002:000032f8       ??_C@_1M@FIKPIHFE@?$AAm?$AAt?$AA?9?$AAM?$AAT?$AA?$AA@ 100222f8     LIBCMT:winapinls.obj
 0002:00003304       ??_C@_1M@HEGGPBFA@?$AAs?$AAe?$AA?9?$AAN?$AAO?$AA?$AA@ 10022304     LIBCMT:winapinls.obj
 0002:00003310       ??_C@_1M@EIBJEEPA@?$AAm?$AAs?$AA?9?$AAM?$AAY?$AA?$AA@ 10022310     LIBCMT:winapinls.obj
 0002:0000331c       ??_C@_1M@FHLBGMPP@?$AAk?$AAk?$AA?9?$AAK?$AAZ?$AA?$AA@ 1002231c     LIBCMT:winapinls.obj
 0002:00003328       ??_C@_1M@NGJJLCGI@?$AAk?$AAy?$AA?9?$AAK?$AAG?$AA?$AA@ 10022328     LIBCMT:winapinls.obj
 0002:00003334       ??_C@_1M@GIENNBFC@?$AAs?$AAw?$AA?9?$AAK?$AAE?$AA?$AA@ 10022334     LIBCMT:winapinls.obj
 0002:00003340       ??_C@_1BG@NDGMJIMJ@?$AAu?$AAz?$AA?9?$AAU?$AAZ?$AA?9?$AAL?$AAa?$AAt?$AAn?$AA?$AA@ 10022340     LIBCMT:winapinls.obj
 0002:00003358       ??_C@_1M@IDCCIHBC@?$AAt?$AAt?$AA?9?$AAR?$AAU?$AA?$AA@ 10022358     LIBCMT:winapinls.obj
 0002:00003364       ??_C@_1M@LOICPMOJ@?$AAb?$AAn?$AA?9?$AAI?$AAN?$AA?$AA@ 10022364     LIBCMT:winapinls.obj
 0002:00003370       ??_C@_1M@KPKKNEAH@?$AAp?$AAa?$AA?9?$AAI?$AAN?$AA?$AA@ 10022370     LIBCMT:winapinls.obj
 0002:0000337c       ??_C@_1M@PJGPPBOG@?$AAg?$AAu?$AA?9?$AAI?$AAN?$AA?$AA@ 1002237c     LIBCMT:winapinls.obj
 0002:00003388       ??_C@_1M@KMKMOPHI@?$AAt?$AAa?$AA?9?$AAI?$AAN?$AA?$AA@ 10022388     LIBCMT:winapinls.obj
 0002:00003394       ??_C@_1M@KFEHEPAC@?$AAt?$AAe?$AA?9?$AAI?$AAN?$AA?$AA@ 10022394     LIBCMT:winapinls.obj
 0002:000033a0       ??_C@_1M@CDCLMGHI@?$AAk?$AAn?$AA?9?$AAI?$AAN?$AA?$AA@ 100223a0     LIBCMT:winapinls.obj
 0002:000033ac       ??_C@_1M@MIODLDKF@?$AAm?$AAl?$AA?9?$AAI?$AAN?$AA?$AA@ 100223ac     LIBCMT:winapinls.obj
 0002:000033b8       ??_C@_1M@PBIEACPO@?$AAm?$AAr?$AA?9?$AAI?$AAN?$AA?$AA@ 100223b8     LIBCMT:winapinls.obj
[...]
 0001:00018fe8       ?x_ismbbtype_l@@YAHPAUlocaleinfo_struct@@IHH@Z 10019fe8 f   LIBCMT:ismbbyte.obj
 0001:00019260       $$000000                   1001a260     LIBCMT:alloca16.obj
 0001:00019290       $$000000                   1001a290     LIBCMT:strncmp.obj
 0001:00019430       $$000000                   1001a430     LIBCMT:_strnicm.obj
 0001:00019800       $$000000                   1001a800     LIBCMT:llmul.obj
 0001:0001ab0c       $LN333                     1001bb0c     LIBCMT:strgtold.obj
 0001:0001af5d       __cftoe2_l                 1001bf5d f   LIBCMT:cvt.obj
 0001:0001b17c       __cftof2_l                 1001c17c f   LIBCMT:cvt.obj
 0001:0001b5b2       __shift                    1001c5b2 f   LIBCMT:cvt.obj
 0001:0001b860       $$000000                   1001c860     LIBCMT:memmove.obj
 0001:0001bab0       LeadUpVec                  1001cab0     LIBCMT:memmove.obj
 0001:0001bb2c       UnwindUpVec                1001cb2c     LIBCMT:memmove.obj
 0001:0001bb98       TrailUpVec                 1001cb98     LIBCMT:memmove.obj
 0001:0001bc3c       LeadDownVec                1001cc3c     LIBCMT:memmove.obj
 0001:0001bcc8       UnwindDownVec              1001ccc8     LIBCMT:memmove.obj
 0001:0001bd34       TrailDownVec               1001cd34     LIBCMT:memmove.obj
 0001:0001beb0       $$000000                   1001ceb0     LIBCMT:strrchr.obj
 0001:0001c1f0       $$000000                   1001d1f0     LIBCMT:lldvrm.obj
 0001:0001c2d0       $$000000                   1001d2d0     LIBCMT:ullshr.obj
 0001:0001cd20       ___hw_cw_sse2              1001dd20 f   LIBCMT:ieee87.obj
 0001:0001d0cb       __hw_cw                    1001e0cb f   LIBCMT:ieee87.obj
 0001:0001d1f0       $$000000                   1001e1f0     LIBCMT:lldiv.obj
 0002:00000114       _pinit                     1001f114     LIBCMT:mbctype.obj
 0002:00000118       _pinit                     1001f118     LIBCMT:_file.obj
 0002:0000011c       _pinit                     1001f11c     LIBCMT:onexit.obj
 0002:00000120       _pinit                     1001f120     LIBCMT:cpu_disp.obj
 0002:0000012c       _pterm                     1001f12c     LIBCMT:initcon.obj
 0002:00000130       _pterm                     1001f130     LIBCMT:wsetloca.obj
 0002:00000134       _pterm                     1001f134     LIBCMT:_file.obj
 0002:000004a8       _rterrs                    1001f4a8     LIBCMT:crt0msg.obj
 0002:00000f84       __mb_locale_names          1001ff84     LIBCMT:mbctype.obj
 0002:00001708       ?ccsField@?P@??_openfile@@9@9 10020708     LIBCMT:_open.obj
 0002:0000170c       ?utf8encoding@?P@??_openfile@@9@9 1002070c     LIBCMT:_open.obj
 0002:00001714       ?utf16encoding@?P@??_openfile@@9@9 10020714     LIBCMT:_open.obj
 0002:00001720       ?unicodeencoding@?P@??_openfile@@9@9 10020720     LIBCMT:_open.obj
 0002:00001844       _GS_ExceptionPointers      10020844     LIBCMT:gs_report.obj
 0002:000040e0       __first_127char            100230e0     LIBCMT:wsetloca.obj
 0002:00004200       _crc_table                 10023200     crc32.obj
 0002:00006200       _configuration_table       10025200     deflate.obj
 0002:00006278       ?my_version@?1??deflateInit2_@@9@9 10025278     deflate.obj
 0002:00006280       ?lenfix@?1??fixedtables@@9@9 10025280     infback.obj
 0002:00006a80       ?order@?1??inflateBack@@9@9 10025a80     infback.obj
 0002:00006aa8       ?distfix@?1??fixedtables@@9@9 10025aa8     infback.obj
 0002:00006b28       ?lenfix@?1??fixedtables@@9@9 10025b28     inflate.obj
 0002:00007330       ?order@?1??inflate@@9@9    10026330     inflate.obj
 0002:00007358       ?distfix@?1??fixedtables@@9@9 10026358     inflate.obj
 0002:000073d8       ?lext@?1??inflate_table@@9@9 100263d8     inftrees.obj
 0002:00007418       ?dbase@?1??inflate_table@@9@9 10026418     inftrees.obj
 0002:00007458       ?lbase@?1??inflate_table@@9@9 10026458     inftrees.obj
 0002:00007498       ?dext@?1??inflate_table@@9@9 10026498     inftrees.obj
 0002:000077e0       _static_dtree              100267e0     trees.obj
 0002:00007860       _static_ltree              10026860     trees.obj
 0002:00007ce0       _extra_dbits               10026ce0     trees.obj
 0002:00007d60       _base_length               10026d60     trees.obj
 0002:00007dd8       _extra_blbits              10026dd8     trees.obj
 0002:00007e30       _extra_lbits               10026e30     trees.obj
 0002:00007eb0       _bl_order                  10026eb0     trees.obj
 0002:00007ed0       _base_dist                 10026ed0     trees.obj
 0002:00008388       __sehtable$__lseeki64      10027388     LIBCMT:lseeki64.obj
 0002:000083a8       __sehtable$__wopen         100273a8     LIBCMT:wopen.obj
 0002:000083c8       __sehtable$__sopen_helper  100273c8     LIBCMT:open.obj
 0002:000083e8       __sehtable$__open          100273e8     LIBCMT:open.obj
 0002:00008408       __sehtable$__read          10027408     LIBCMT:read.obj
 0002:00008428       __sehtable$__close         10027428     LIBCMT:close.obj
 0002:00008448       __sehtable$__write         10027448     LIBCMT:write.obj
 0002:00008468       __sehtable$__ftelli64      10027468     LIBCMT:ftelli64.obj
 0002:00008488       __sehtable$__fseeki64      10027488     LIBCMT:fseeki64.obj
 0002:000084a8       __sehtable$__fsopen        100274a8     LIBCMT:fopen.obj
 0002:000084c8       __sehtable$_fread_s        100274c8     LIBCMT:fread.obj
 0002:000084e8       __sehtable$_fwrite         100274e8     LIBCMT:fwrite.obj
 0002:00008508       __sehtable$_fclose         10027508     LIBCMT:fclose.obj
 0002:00008528       __sehtable$__CRT_INIT@12   10027528     LIBCMT:dllcrt0.obj
 0002:00008548       __sehtable$___DllMainCRTStartup 10027548     LIBCMT:dllcrt0.obj
 0002:00008568       __sehtable$__alloc_osfhnd  10027568     LIBCMT:osfinfo.obj
 0002:00008590       __sehtable$___lock_fhandle 10027590     LIBCMT:osfinfo.obj
 0002:000085b0       __sehtable$__ioinit        100275b0     LIBCMT:ioinit.obj
 0002:000085d0       __sehtable$_doexit         100275d0     LIBCMT:crt0dat.obj
 0002:000085f0       __sehtable$___updatetlocinfo 100275f0     LIBCMT:localref.obj
 0002:00008610       __sehtable$___updatetmbcinfo 10027610     LIBCMT:mbctype.obj
 0002:00008630       __sehtable$__setmbcp       10027630     LIBCMT:mbctype.obj
 0002:00008650       __sehtable$__freefls@4     10027650     LIBCMT:tidtable.obj
 0002:00008678       __sehtable$__initptd       10027678     LIBCMT:tidtable.obj
 0002:000086a0       __sehtable$_flsall         100276a0     LIBCMT:fflush.obj
 0002:000086c8       __sehtable$__getstream     100276c8     LIBCMT:stream.obj
 0002:000086e8       __sehtable$__mtinitlocknum 100276e8     LIBCMT:mlock.obj
 0002:00008708       __sehtable$__IsNonwritableInCurrentImage 10027708     LIBCMT:pesect.obj
 0002:00008728       __sehtable$__onexit        10027728     LIBCMT:onexit.obj
 0002:00008748       __sehtable$?terminate@@YAXXZ 10027748     LIBCMT:hooks.obj
 0002:00008768       __sehtable$_raise          10027768     LIBCMT:winsig.obj
 0002:00008788       __sehtable$__fcloseall     10027788     LIBCMT:closeall.obj
 0002:000087a8       __sehtable$__commit        100277a8     LIBCMT:commit.obj
 0002:000087c8       __sehtable$__locterm       100277c8     LIBCMT:wsetloca.obj
 0002:000087e8       __sehtable$___set_fpsr_sse2 100277e8     LIBCMT:fpctrl.obj
 0002:00008810       .edata                     10027810     zlibwapi.exp
 0002:00008838       rgpv                       10027838     zlibwapi.exp
 0002:00008ad4       rgszName                   10027ad4     zlibwapi.exp
 0002:00008cb8       rgwOrd                     10027cb8     zlibwapi.exp
 0002:00008daa       szName                     10027daa     zlibwapi.exp
 0002:00008db7       $N00001                    10027db7     zlibwapi.exp
 0002:00008dbf       $N00140                    10027dbf     zlibwapi.exp
 0002:00008dcf       $N00039                    10027dcf     zlibwapi.exp
 0002:00008dd9       $N00002                    10027dd9     zlibwapi.exp
 0002:00008de2       $N00046                    10027de2     zlibwapi.exp
 0002:00008df0       $N00003                    10027df0     zlibwapi.exp
 0002:00008df6       $N00142                    10027df6     zlibwapi.exp
 0002:00008e04       $N00004                    10027e04     zlibwapi.exp
 0002:00008e0c       $N00047                    10027e0c     zlibwapi.exp
 0002:00008e19       $N00005                    10027e19     zlibwapi.exp
 0002:00008e25       $N00006                    10027e25     zlibwapi.exp
 0002:00008e30       $N00007                    10027e30     zlibwapi.exp
 0002:00008e3e       $N00008                    10027e3e     zlibwapi.exp
 0002:00008e4b       $N00009                    10027e4b     zlibwapi.exp
 0002:00008e59       $N00052                    10027e59     zlibwapi.exp
 0002:00008e68       $N00051                    10027e68     zlibwapi.exp
 0002:00008e75       $N00010                    10027e75     zlibwapi.exp
 0002:00008e82       $N00164                    10027e82     zlibwapi.exp
 0002:00008e93       $N00011                    10027e93     zlibwapi.exp
 0002:00008ea8       $N00144                    10027ea8     zlibwapi.exp
 0002:00008eb9       $N00145                    10027eb9     zlibwapi.exp
 0002:00008ec5       $N00110                    10027ec5     zlibwapi.exp
 0002:00008ed9       $N00111                    10027ed9     zlibwapi.exp
 0002:00008eef       $N00112                    10027eef     zlibwapi.exp
 0002:00008f06       $N00113                    10027f06     zlibwapi.exp
 0002:00008f1d       $N00038                    10027f1d     zlibwapi.exp
 0002:00008f2b       $N00146                    10027f2b     zlibwapi.exp
 0002:00008f34       $N00048                    10027f34     zlibwapi.exp
 0002:00008f3f       $N00012                    10027f3f     zlibwapi.exp
 0002:00008f47       $N00147                    10027f47     zlibwapi.exp
 0002:00008f51       $N00148                    10027f51     zlibwapi.exp
 0002:00008f5b       $N00149                    10027f5b     zlibwapi.exp
 0002:00008f64       $N00013                    10027f64     zlibwapi.exp
 0002:00008f6c       $N00034                    10027f6c     zlibwapi.exp
 0002:00008f72       $N00014                    10027f72     zlibwapi.exp
 0002:00008f7a       $N00015                    10027f7a     zlibwapi.exp
 0002:00008f82       $N00030                    10027f82     zlibwapi.exp
 0002:00008f89       $N00161                    10027f89     zlibwapi.exp
 0002:00008f91       $N00041                    10027f91     zlibwapi.exp
 0002:00008f98       $N00150                    10027f98     zlibwapi.exp
 0002:00008fa1       $N00016                    10027fa1     zlibwapi.exp
 0002:00008fa8       $N00165                    10027fa8     zlibwapi.exp
 0002:00008fb1       $N00028                    10027fb1     zlibwapi.exp
 0002:00008fba       $N00029                    10027fba     zlibwapi.exp
 0002:00008fc1       $N00040                    10027fc1     zlibwapi.exp
 0002:00008fc8       $N00017                    10027fc8     zlibwapi.exp
 0002:00008fcf       $N00032                    10027fcf     zlibwapi.exp
 0002:00008fd8       $N00031                    10027fd8     zlibwapi.exp
 0002:00008fdf       $N00035                    10027fdf     zlibwapi.exp
 0002:00008feb       $N00033                    10027feb     zlibwapi.exp
 0002:00008ff2       $N00049                    10027ff2     zlibwapi.exp
 0002:00008ffb       $N00167                    10027ffb     zlibwapi.exp
 0002:00009005       $N00018                    10028005     zlibwapi.exp
 0002:0000900d       $N00019                    1002800d     zlibwapi.exp
 0002:00009015       $N00044                    10028015     zlibwapi.exp
 0002:00009021       $N00045                    10028021     zlibwapi.exp
 0002:00009030       $N00043                    10028030     zlibwapi.exp
 0002:00009041       $N00042                    10028041     zlibwapi.exp
 0002:0000904d       $N00020                    1002804d     zlibwapi.exp
 0002:00009058       $N00166                    10028058     zlibwapi.exp
 0002:0000906d       $N00156                    1002806d     zlibwapi.exp
 0002:0000907e       $N00021                    1002807e     zlibwapi.exp
 0002:0000908c       $N00022                    1002808c     zlibwapi.exp
 0002:00009099       $N00157                    10028099     zlibwapi.exp
 0002:000090a5       $N00158                    100280a5     zlibwapi.exp
 0002:000090b2       $N00159                    100280b2     zlibwapi.exp
 0002:000090c0       $N00023                    100280c0     zlibwapi.exp
 0002:000090cd       $N00163                    100280cd     zlibwapi.exp
 0002:000090de       $N00024                    100280de     zlibwapi.exp
 0002:000090f3       $N00025                    100280f3     zlibwapi.exp
 0002:000090ff       $N00037                    100280ff     zlibwapi.exp
 0002:00009110       $N00160                    10028110     zlibwapi.exp
 0002:00009121       $N00026                    10028121     zlibwapi.exp
 0002:0000912c       $N00062                    1002812c     zlibwapi.exp
 0002:00009135       $N00072                    10028135     zlibwapi.exp
 0002:00009149       $N00124                    10028149     zlibwapi.exp
 0002:00009161       $N00064                    10028161     zlibwapi.exp
 0002:00009177       $N00125                    10028177     zlibwapi.exp
 0002:00009195       $N00127                    10028195     zlibwapi.exp
 0002:000091a5       $N00100                    100281a5     zlibwapi.exp
 0002:000091b3       $N00073                    100281b3     zlibwapi.exp
 0002:000091c7       $N00122                    100281c7     zlibwapi.exp
 0002:000091da       $N00063                    100281da     zlibwapi.exp
 0002:000091eb       $N00076                    100281eb     zlibwapi.exp
 0002:00009201       $N00128                    10028201     zlibwapi.exp
 0002:00009212       $N00101                    10028212     zlibwapi.exp
 0002:00009221       $N00065                    10028221     zlibwapi.exp
 0002:00009232       $N00066                    10028232     zlibwapi.exp
 0002:00009242       $N00075                    10028242     zlibwapi.exp
 0002:00009250       $N00077                    10028250     zlibwapi.exp
 0002:00009259       $N00121                    10028259     zlibwapi.exp
 0002:00009265       $N00120                    10028265     zlibwapi.exp
 0002:0000926f       $N00061                    1002826f     zlibwapi.exp
 0002:00009277       $N00078                    10028277     zlibwapi.exp
 0002:0000928b       $N00069                    1002828b     zlibwapi.exp
 0002:0000929f       $N00067                    1002829f     zlibwapi.exp
 0002:000092b2       $N00079                    100282b2     zlibwapi.exp
 0002:000092cd       $N00068                    100282cd     zlibwapi.exp
 0002:000092e0       $N00074                    100282e0     zlibwapi.exp
 0002:000092f9       $N00071                    100282f9     zlibwapi.exp
 0002:00009300       $N00126                    10028300     zlibwapi.exp
 0002:0000930a       $N00070                    1002830a     zlibwapi.exp
 0002:00009312       $N00036                    10028312     zlibwapi.exp
 0002:00009319       $N00084                    10028319     zlibwapi.exp
 0002:00009322       $N00083                    10028322     zlibwapi.exp
 0002:00009334       $N00136                    10028334     zlibwapi.exp
 0002:0000934b       $N00087                    1002834b     zlibwapi.exp
 0002:00009360       $N00088                    10028360     zlibwapi.exp
 0002:00009369       $N00131                    10028369     zlibwapi.exp
 0002:00009375       $N00130                    10028375     zlibwapi.exp
 0002:0000937f       $N00080                    1002837f     zlibwapi.exp
 0002:00009387       $N00086                    10028387     zlibwapi.exp
 0002:0000939c       $N00133                    1002839c     zlibwapi.exp
 0002:000093b4       $N00089                    100283b4     zlibwapi.exp
 0002:000093c9       $N00134                    100283c9     zlibwapi.exp
 0002:000093e1       $N00135                    100283e1     zlibwapi.exp
 0002:000093f9       $N00132                    100283f9     zlibwapi.exp
 0002:0000940f       $N00081                    1002840f     zlibwapi.exp
 0002:00009423       $N00082                    10028423     zlibwapi.exp
 0002:00009437       $N00050                    10028437     zlibwapi.exp
 0002:00009448       $N00027                    10028448     zlibwapi.exp
 0002:000095f2       .idata$6                   100285f2     kernel32:KERNEL32.dll
 0003:00000010       _errtable                  10029010     LIBCMT:dosmap.obj
 0003:00000178       _ErrnoNoMem                10029178     LIBCMT:dosmap.obj
 0003:0000017c       _DoserrorNoMem             1002917c     LIBCMT:dosmap.obj
 0003:000002c0       ?isPackaged@?1??__crtIsPackagedApp@@9@9 100292c0     LIBCMT:winapisupp.obj
 0003:000006f8       ___rgctypeflag             100296f8     LIBCMT:mbctype.obj
 0003:00000700       ___rgcode_page_info        10029700     LIBCMT:mbctype.obj
 0003:00000cb0       __locktable                10029cb0     LIBCMT:mlock.obj
 0003:00000e88       __ctype_loc_style          10029e88     LIBCMT:wsetloca.obj
 0003:00000ea8       _DoubleFormat              10029ea8     LIBCMT:intrncvt.obj
 0003:00000ec0       _FloatFormat               10029ec0     LIBCMT:intrncvt.obj
 0003:000011a0       _over                      1002a1a0     LIBCMT:fpctrl.obj
 0003:000011ac       _under                     1002a1ac     LIBCMT:fpctrl.obj
 0003:000011b8       ?__DAZ_ENABLED@?1??__set_fpsr_sse2@@9@9 1002a1b8     LIBCMT:fpctrl.obj
 0003:000011bc       _static_bl_desc            1002a1bc     trees.obj
 0003:000011d0       _static_d_desc             1002a1d0     trees.obj
 0003:000011e4       _static_l_desc             1002a1e4     trees.obj
 0003:00001200       ___proc_attached           1002a200     LIBCMT:dllcrt0.obj
 0003:00001358       ?outmsg@?9??_NMSG_WRITE@@9@9 1002a358     LIBCMT:crt0msg.obj
 0003:0000199c       _fSystemSet                1002a99c     LIBCMT:mbctype.obj
 0003:000019a8       ?_pgmname@?1??_setargv@@9@9 1002a9a8     LIBCMT:stdargv.obj
 0003:00001ab0       _lclcritsects              1002aab0     LIBCMT:mlock.obj
 0003:00001c0c       _ctrlc_action              1002ac0c     LIBCMT:winsig.obj
 0003:00001c10       _ctrlbreak_action          1002ac10     LIBCMT:winsig.obj
 0003:00001c14       _abort_action              1002ac14     LIBCMT:winsig.obj
 0003:00001c18       _term_action               1002ac18     LIBCMT:winsig.obj
 0003:00001c1c       _ConsoleCtrlHandler_Installed 1002ac1c     LIBCMT:winsig.obj
 0003:00001c20       _g_pfnRtlGenRandom         1002ac20     LIBCMT:rand_s.obj
 0003:00001c30       ?pfnMessageBox@?1??__crtMessageBoxW@@9@9 1002ac30     LIBCMT:crtmboxw.obj
 0003:00001c34       ?pfnGetActiveWindow@?1??__crtMessageBoxW@@9@9 1002ac34     LIBCMT:crtmboxw.obj
 0003:00001c38       ?pfnGetLastActivePopup@?1??__crtMessageBoxW@@9@9 1002ac38     LIBCMT:crtmboxw.obj
 0003:00001c3c       ?pfnGetProcessWindowStation@?1??__crtMessageBoxW@@9@9 1002ac3c     LIBCMT:crtmboxw.obj
 0003:00001c40       ?pfnGetUserObjectInformation@?1??__crtMessageBoxW@@9@9 1002ac40     LIBCMT:crtmboxw.obj
 0003:00001c44       ___enable_percent_n        1002ac44     LIBCMT:printf.obj
 0003:00001c50       _GS_ExceptionRecord        1002ac50     LIBCMT:gs_report.obj
 0003:00001ca0       _GS_ContextRecord          1002aca0     LIBCMT:gs_report.obj
 0003:00001f6c       _DebuggerWasPresent        1002af6c     LIBCMT:gs_report.obj
 0003:00001f7c       ___crtCallProc             1002af7c     LIBCMT:winapinls.obj
 0003:00001f8c       ?calls@?1??crypthead@@9@9  1002af8c     zip.obj
 0004:00000060       $R000000                   1002d060     zlib.res
