 zlibwapi

 Timestamp is 55a143ab (Sat Jul 11 11:26:19 2015)

 Preferred load address is 0000000180000000

 Start         Length     Name                   Class
 0001:00000000 000104aaH .text$mn                CODE
 0001:000104b0 0000007bH .text$x                 CODE
 0002:00000000 000001b0H .idata$5                DATA
 0002:000001b0 00000008H .CRT$XCA                DATA
 0002:000001b8 00000008H .CRT$XCZ                DATA
 0002:000001c0 00000008H .CRT$XIA                DATA
 0002:000001c8 00000008H .CRT$XIAA               DATA
 0002:000001d0 00000008H .CRT$XIC                DATA
 0002:000001d8 00000008H .CRT$XIZ                DATA
 0002:000001e0 00004260H .rdata                  DATA
 0002:00004440 00000008H .rtc$IAA                DATA
 0002:00004448 00000008H .rtc$IZZ                DATA
 0002:00004450 00000008H .rtc$TAA                DATA
 0002:00004458 00000008H .rtc$TZZ                DATA
 0002:00004460 000011a0H .xdata                  DATA
 0002:00005600 00000c44H .edata                  DATA
 0002:00006244 00000028H .idata$2                DATA
 0002:0000626c 00000014H .idata$3                DATA
 0002:00006280 000001b0H .idata$4                DATA
 0002:00006430 000002e8H .idata$6                DATA
 0003:00000000 00000080H .data                   DATA
 0003:00000080 00000048H .bss                    DATA
 0004:00000000 00000f48H .pdata                  DATA
 0005:00000000 00000058H .rsrc$01                DATA
 0005:00000060 00000338H .rsrc$02                DATA

  Address         Publics by Value              Rva+Base               Lib:Object

 0000:00000000       ___safe_se_handler_table   0000000000000000     <absolute>
 0000:00000000       ___safe_se_handler_count   0000000000000000     <absolute>
 0000:00000000       __guard_flags              0000000000000000     <absolute>
 0000:00000000       __guard_fids_table         0000000000000000     <absolute>
 0000:00000000       __guard_fids_count         0000000000000000     <absolute>
 0000:00000000       __ImageBase                0000000180000000     <linker-defined>
 0001:00000000       adler32                    0000000180001000 f   adler32.obj
 0001:000003b0       adler32_combine            00000001800013b0 f   adler32.obj
 0001:000003c0       compress2                  00000001800013c0 f   compress.obj
 0001:00000470       compress                   0000000180001470 f   compress.obj
 0001:00000490       compressBound              0000000180001490 f   compress.obj
 0001:000004b0       get_crc_table              00000001800014b0 f   crc32.obj
 0001:000004c0       crc32                      00000001800014c0 f   crc32.obj
 0001:00000910       crc32_combine              0000000180001910 f   crc32.obj
 0001:00000920       deflateInit_               0000000180001920 f   deflate.obj
 0001:00000960       deflateInit2_              0000000180001960 f   deflate.obj
 0001:00000bf0       deflateSetDictionary       0000000180001bf0 f   deflate.obj
 0001:00000e20       deflateResetKeep           0000000180001e20 f   deflate.obj
 0001:00000ef0       deflateReset               0000000180001ef0 f   deflate.obj
 0001:00000f20       deflateSetHeader           0000000180001f20 f   deflate.obj
 0001:00000f50       deflatePending             0000000180001f50 f   deflate.obj
 0001:00000f90       deflatePrime               0000000180001f90 f   deflate.obj
 0001:00001050       deflateParams              0000000180002050 f   deflate.obj
 0001:00001170       deflateTune                0000000180002170 f   deflate.obj
 0001:000011b0       deflateBound               00000001800021b0 f   deflate.obj
 0001:00001370       deflate                    0000000180002370 f   deflate.obj
 0001:00001c10       deflateEnd                 0000000180002c10 f   deflate.obj
 0001:00001cf0       deflateCopy                0000000180002cf0 f   deflate.obj
 0001:00003310       gzclose                    0000000180004310 f   gzclose.obj
 0001:00003690       gzopen                     0000000180004690 f   gzlib.obj
 0001:000036a0       gzdopen                    00000001800046a0 f   gzlib.obj
 0001:00003730       gzopen_w                   0000000180004730 f   gzlib.obj
 0001:00003740       gzbuffer                   0000000180004740 f   gzlib.obj
 0001:00003770       gzrewind                   0000000180004770 f   gzlib.obj
 0001:000037d0       gzseek64                   00000001800047d0 f   gzlib.obj
 0001:00003920       gzseek                     0000000180004920 f   gzlib.obj
 0001:00003940       gztell64                   0000000180004940 f   gzlib.obj
 0001:00003980       gztell                     0000000180004980 f   gzlib.obj
 0001:000039a0       gzoffset64                 00000001800049a0 f   gzlib.obj
 0001:00003a00       gzoffset                   0000000180004a00 f   gzlib.obj
 0001:00003a20       gzeof                      0000000180004a20 f   gzlib.obj
 0001:00003a50       gzerror                    0000000180004a50 f   gzlib.obj
 0001:00003aa0       gzclearerr                 0000000180004aa0 f   gzlib.obj
 0001:00003ad0       gz_error                   0000000180004ad0 f   gzlib.obj
 0001:00004110       gzread                     0000000180005110 f   gzread.obj
 0001:000042c0       gzgetc                     00000001800052c0 f   gzread.obj
 0001:00004330       gzgetc_                    0000000180005330 f   gzread.obj
 0001:00004340       gzungetc                   0000000180005340 f   gzread.obj
 0001:00004450       gzgets                     0000000180005450 f   gzread.obj
 0001:00004590       gzdirect                   0000000180005590 f   gzread.obj
 0001:000045d0       gzclose_r                  00000001800055d0 f   gzread.obj
 0001:000049d0       gzwrite                    00000001800059d0 f   gzwrite.obj
 0001:00004b20       gzputc                     0000000180005b20 f   gzwrite.obj
 0001:00004be0       gzputs                     0000000180005be0 f   gzwrite.obj
 0001:00004c20       gzvprintf                  0000000180005c20 f   gzwrite.obj
 0001:00004d30       gzprintf                   0000000180005d30 f   gzwrite.obj
 0001:00004d60       gzflush                    0000000180005d60 f   gzwrite.obj
 0001:00004de0       gzsetparams                0000000180005de0 f   gzwrite.obj
 0001:00004eb0       gzclose_w                  0000000180005eb0 f   gzwrite.obj
 0001:00004f80       inflateBackInit_           0000000180005f80 f   infback.obj
 0001:000050c0       inflateBack                00000001800060c0 f   infback.obj
 0001:00005f90       inflateBackEnd             0000000180006f90 f   infback.obj
 0001:00005fe0       inflate_fast               0000000180006fe0 f   inffas8664.obj
 0001:00006190       inflateResetKeep           0000000180007190 f   inflate.obj
 0001:00006210       inflateReset               0000000180007210 f   inflate.obj
 0001:00006240       inflateReset2              0000000180007240 f   inflate.obj
 0001:000062f0       inflateInit2_              00000001800072f0 f   inflate.obj
 0001:000063e0       inflateInit_               00000001800073e0 f   inflate.obj
 0001:000063f0       inflatePrime               00000001800073f0 f   inflate.obj
 0001:00006580       inflate                    0000000180007580 f   inflate.obj
 0001:00007d00       inflateEnd                 0000000180008d00 f   inflate.obj
 0001:00007d60       inflateGetDictionary       0000000180008d60 f   inflate.obj
 0001:00007df0       inflateSetDictionary       0000000180008df0 f   inflate.obj
 0001:00007ea0       inflateGetHeader           0000000180008ea0 f   inflate.obj
 0001:00007f40       inflateSync                0000000180008f40 f   inflate.obj
 0001:00008050       inflateSyncPoint           0000000180009050 f   inflate.obj
 0001:00008080       inflateCopy                0000000180009080 f   inflate.obj
 0001:000082c0       inflateUndermine           00000001800092c0 f   inflate.obj
 0001:000082f0       inflateMark                00000001800092f0 f   inflate.obj
 0001:00008350       inflate_table              0000000180009350 f   inftrees.obj
 0001:000087b0       call_zopen64               00000001800097b0 f   ioapi.obj
 0001:000087d0       call_zseek64               00000001800097d0 f   ioapi.obj
 0001:00008800       call_ztell64               0000000180009800 f   ioapi.obj
 0001:00008840       fill_zlib_filefunc64_32_def_from_filefunc32 0000000180009840 f   ioapi.obj
 0001:000089b0       fill_fopen64_filefunc      00000001800099b0 f   ioapi.obj
 0001:00008ae0       win32_open64_file_func     0000000180009ae0 f   iowin32.obj
 0001:00008ae0       win32_open_file_func       0000000180009ae0 f   iowin32.obj
 0001:00008ae0       win32_open64_file_funcA    0000000180009ae0 f   iowin32.obj
 0001:00008b80       win32_open64_file_funcW    0000000180009b80 f   iowin32.obj
 0001:00008bf0       win32_read_file_func       0000000180009bf0 f   iowin32.obj
 0001:00008c60       win32_write_file_func      0000000180009c60 f   iowin32.obj
 0001:00008ce0       win32_tell_file_func       0000000180009ce0 f   iowin32.obj
 0001:00008d40       win32_tell64_file_func     0000000180009d40 f   iowin32.obj
 0001:00008da0       win32_seek_file_func       0000000180009da0 f   iowin32.obj
 0001:00008e20       win32_seek64_file_func     0000000180009e20 f   iowin32.obj
 0001:00008e90       win32_close_file_func      0000000180009e90 f   iowin32.obj
 0001:00008ed0       win32_error_file_func      0000000180009ed0 f   iowin32.obj
 0001:00008ee0       fill_win32_filefunc        0000000180009ee0 f   iowin32.obj
 0001:00008f40       fill_win32_filefunc64      0000000180009f40 f   iowin32.obj
 0001:00008f40       fill_win32_filefunc64A     0000000180009f40 f   iowin32.obj
 0001:00008fa0       fill_win32_filefunc64W     0000000180009fa0 f   iowin32.obj
 0001:00009000       _tr_init                   000000018000a000 f   trees.obj
 0001:0000a080       _tr_stored_block           000000018000b080 f   trees.obj
 0001:0000a120       _tr_flush_bits             000000018000b120 f   trees.obj
 0001:0000a130       _tr_align                  000000018000b130 f   trees.obj
 0001:0000a250       _tr_flush_block            000000018000b250 f   trees.obj
 0001:0000ab00       uncompress                 000000018000bb00 f   uncompr.obj
 0001:0000af70       unzStringFileNameCompare   000000018000bf70 f   unzip.obj
 0001:0000b790       unzOpen2                   000000018000c790 f   unzip.obj
 0001:0000b7e0       unzOpen2_64                000000018000c7e0 f   unzip.obj
 0001:0000b840       unzOpen                    000000018000c840 f   unzip.obj
 0001:0000b850       unzOpen64                  000000018000c850 f   unzip.obj
 0001:0000b860       unzClose                   000000018000c860 f   unzip.obj
 0001:0000b8b0       unzGetGlobalInfo64         000000018000c8b0 f   unzip.obj
 0001:0000b8d0       unzGetGlobalInfo           000000018000c8d0 f   unzip.obj
 0001:0000be90       unzGetCurrentFileInfo64    000000018000ce90 f   unzip.obj
 0001:0000bee0       unzGetCurrentFileInfo      000000018000cee0 f   unzip.obj
 0001:0000bfe0       unzGoToFirstFile           000000018000cfe0 f   unzip.obj
 0001:0000c060       unzGoToNextFile            000000018000d060 f   unzip.obj
 0001:0000c120       unzLocateFile              000000018000d120 f   unzip.obj
 0001:0000c300       unzGetFilePos64            000000018000d300 f   unzip.obj
 0001:0000c340       unzGetFilePos              000000018000d340 f   unzip.obj
 0001:0000c370       unzGoToFilePos64           000000018000d370 f   unzip.obj
 0001:0000c3f0       unzGoToFilePos             000000018000d3f0 f   unzip.obj
 0001:0000c650       unzOpenCurrentFile3        000000018000d650 f   unzip.obj
 0001:0000c8d0       unzOpenCurrentFile         000000018000d8d0 f   unzip.obj
 0001:0000c8f0       unzOpenCurrentFilePassword 000000018000d8f0 f   unzip.obj
 0001:0000c910       unzOpenCurrentFile2        000000018000d910 f   unzip.obj
 0001:0000c930       unzGetCurrentFileZStreamPos64 000000018000d930 f   unzip.obj
 0001:0000c950       unzReadCurrentFile         000000018000d950 f   unzip.obj
 0001:0000cc10       unztell                    000000018000dc10 f   unzip.obj
 0001:0000cc30       unztell64                  000000018000dc30 f   unzip.obj
 0001:0000cc50       unzeof                     000000018000dc50 f   unzip.obj
 0001:0000cc80       unzGetLocalExtrafield      000000018000dc80 f   unzip.obj
 0001:0000cd70       unzCloseCurrentFile        000000018000dd70 f   unzip.obj
 0001:0000ce30       unzGetGlobalComment        000000018000de30 f   unzip.obj
 0001:0000d880       LoadCentralDirectoryRecord 000000018000e880 f   zip.obj
 0001:0000dc20       zipOpen3                   000000018000ec20 f   zip.obj
 0001:0000de50       zipOpen2                   000000018000ee50 f   zip.obj
 0001:0000dea0       zipOpen2_64                000000018000eea0 f   zip.obj
 0001:0000df00       zipOpen                    000000018000ef00 f   zip.obj
 0001:0000df00       zipOpen64                  000000018000ef00 f   zip.obj
 0001:0000df10       Write_LocalFileHeader      000000018000ef10 f   zip.obj
 0001:0000e170       zipOpenNewFileInZip4_64    000000018000f170 f   zip.obj
 0001:0000e6f0       zipOpenNewFileInZip3       000000018000f6f0 f   zip.obj
 0001:0000e7a0       zipOpenNewFileInZip3_64    000000018000f7a0 f   zip.obj
 0001:0000e860       zipOpenNewFileInZip2       000000018000f860 f   zip.obj
 0001:0000e8f0       zipOpenNewFileInZip2_64    000000018000f8f0 f   zip.obj
 0001:0000e990       zipOpenNewFileInZip64      000000018000f990 f   zip.obj
 0001:0000ea20       zipOpenNewFileInZip        000000018000fa20 f   zip.obj
 0001:0000eb90       zipWriteInFileInZip        000000018000fb90 f   zip.obj
 0001:0000ed00       zipCloseFileInZipRaw       000000018000fd00 f   zip.obj
 0001:0000ed10       zipCloseFileInZipRaw64     000000018000fd10 f   zip.obj
 0001:0000f170       zipCloseFileInZip          0000000180010170 f   zip.obj
 0001:0000f180       Write_Zip64EndOfCentralDirectoryLocator 0000000180010180 f   zip.obj
 0001:0000f200       Write_Zip64EndOfCentralDirectoryRecord 0000000180010200 f   zip.obj
 0001:0000f330       Write_EndOfCentralDirectoryRecord 0000000180010330 f   zip.obj
 0001:0000f450       Write_GlobalComment        0000000180010450 f   zip.obj
 0001:0000f4e0       zipClose                   00000001800104e0 f   zip.obj
 0001:0000f650       zlibVersion                0000000180010650 f   zutil.obj
 0001:0000f660       zlibCompileFlags           0000000180010660 f   zutil.obj
 0001:0000f670       zError                     0000000180010670 f   zutil.obj
 0001:0000f690       zcalloc                    0000000180010690 f   zutil.obj
 0001:0000f6a0       zcfree                     00000001800106a0 f   zutil.obj
 0001:0000f6b0       longest_match              00000001800106b0 f   gvmat64.obj
 0001:0000f989       match_init                 0000000180010989 f   gvmat64.obj
 0001:0000f990       inffas8664fnc              0000000180010990 f   inffasx64.obj
 0001:0000fd08       _CRT_INIT                  0000000180010d08 f   MSVCRT:crtdll.obj
 0001:0000ff54       _DllMainCRTStartup         0000000180010f54 f   MSVCRT:crtdll.obj
 0001:000100ca       __CppXcptFilter            00000001800110ca f   MSVCRT:MSVCR120.dll
 0001:000100d0       _amsg_exit                 00000001800110d0 f   MSVCRT:MSVCR120.dll
 0001:000100e0       _FindPESection             00000001800110e0 f   MSVCRT:pesect.obj
 0001:00010130       _IsNonwritableInCurrentImage 0000000180011130 f   MSVCRT:pesect.obj
 0001:00010180       _ValidateImageBase         0000000180011180 f   MSVCRT:pesect.obj
 0001:000101b0       __atonexitinit             00000001800111b0 f   MSVCRT:atonexit.obj
 0001:00010200       _onexit                    0000000180011200 f   MSVCRT:atonexit.obj
 0001:000102b0       atexit                     00000001800112b0 f   MSVCRT:atonexit.obj
 0001:000102c8       __security_init_cookie     00000001800112c8 f   MSVCRT:gs_support.obj
 0001:00010374       DllMain                    0000000180011374 f   MSVCRT:dllmain.obj
 0001:00010398       _RTC_Initialize            0000000180011398 f   MSVCRT:initsect.obj
 0001:000103d0       _RTC_Terminate             00000001800113d0 f   MSVCRT:initsect.obj
 0001:00010408       _initterm                  0000000180011408 f   MSVCRT:MSVCR120.dll
 0001:0001040e       _initterm_e                000000018001140e f   MSVCRT:MSVCR120.dll
 0001:00010414       __clean_type_info_names    0000000180011414 f   MSVCRT:tncleanup.obj
 0001:00010420       __C_specific_handler       0000000180011420 f   MSVCRT:MSVCR120.dll
 0001:00010426       _lock                      0000000180011426 f   MSVCRT:MSVCR120.dll
 0001:0001042c       _unlock                    000000018001142c f   MSVCRT:MSVCR120.dll
 0001:00010432       __dllonexit                0000000180011432 f   MSVCRT:MSVCR120.dll
 0001:00010438       __clean_type_info_names_internal 0000000180011438 f   MSVCRT:MSVCR120.dll
 0001:00010450       __chkstk                   0000000180011450 f   MSVCRT:chkstk.obj
 0001:00010450       _alloca_probe              0000000180011450 f   MSVCRT:chkstk.obj
 0001:0001049e       memcpy                     000000018001149e f   MSVCRT:MSVCR120.dll
 0001:000104a4       memset                     00000001800114a4 f   MSVCRT:MSVCR120.dll
 0002:00000000       __imp_CreateFile2          0000000180012000     kernel32:KERNEL32.dll
 0002:00000008       __imp_SetFilePointerEx     0000000180012008     kernel32:KERNEL32.dll
 0002:00000010       __imp_WriteFile            0000000180012010     kernel32:KERNEL32.dll
 0002:00000018       __imp_ReadFile             0000000180012018     kernel32:KERNEL32.dll
 0002:00000020       __imp_MultiByteToWideChar  0000000180012020     kernel32:KERNEL32.dll
 0002:00000028       __imp_GetLastError         0000000180012028     kernel32:KERNEL32.dll
 0002:00000030       __imp_CloseHandle          0000000180012030     kernel32:KERNEL32.dll
 0002:00000038       __imp_GetSystemTimeAsFileTime 0000000180012038     kernel32:KERNEL32.dll
 0002:00000040       __imp_GetCurrentThreadId   0000000180012040     kernel32:KERNEL32.dll
 0002:00000048       __imp_GetCurrentProcessId  0000000180012048     kernel32:KERNEL32.dll
 0002:00000050       __imp_QueryPerformanceCounter 0000000180012050     kernel32:KERNEL32.dll
 0002:00000058       __imp_DecodePointer        0000000180012058     kernel32:KERNEL32.dll
 0002:00000060       __imp_EncodePointer        0000000180012060     kernel32:KERNEL32.dll
 0002:00000068       __imp_DisableThreadLibraryCalls 0000000180012068     kernel32:KERNEL32.dll
 0002:00000070       \177KERNEL32_NULL_THUNK_DATA 0000000180012070     kernel32:KERNEL32.dll
 0002:00000078       __imp_strerror             0000000180012078     MSVCRT:MSVCR120.dll
 0002:00000080       __imp_memchr               0000000180012080     MSVCRT:MSVCR120.dll
 0002:00000088       __imp__errno               0000000180012088     MSVCRT:MSVCR120.dll
 0002:00000090       __imp__read                0000000180012090     MSVCRT:MSVCR120.dll
 0002:00000098       __imp__close               0000000180012098     MSVCRT:MSVCR120.dll
 0002:000000a0       __imp__write               00000001800120a0     MSVCRT:MSVCR120.dll
 0002:000000a8       __imp__ftelli64            00000001800120a8     MSVCRT:MSVCR120.dll
 0002:000000b0       __imp__fseeki64            00000001800120b0     MSVCRT:MSVCR120.dll
 0002:000000b8       __imp_fopen                00000001800120b8     MSVCRT:MSVCR120.dll
 0002:000000c0       __imp_fread                00000001800120c0     MSVCRT:MSVCR120.dll
 0002:000000c8       __imp_ferror               00000001800120c8     MSVCRT:MSVCR120.dll
 0002:000000d0       __imp_fwrite               00000001800120d0     MSVCRT:MSVCR120.dll
 0002:000000d8       __imp_wcstombs             00000001800120d8     MSVCRT:MSVCR120.dll
 0002:000000e0       __imp_fclose               00000001800120e0     MSVCRT:MSVCR120.dll
 0002:000000e8       __imp_rand                 00000001800120e8     MSVCRT:MSVCR120.dll
 0002:000000f0       __imp_srand                00000001800120f0     MSVCRT:MSVCR120.dll
 0002:000000f8       __imp__time64              00000001800120f8     MSVCRT:MSVCR120.dll
 0002:00000100       __imp_vsnprintf            0000000180012100     MSVCRT:MSVCR120.dll
 0002:00000100       __imp__vsnprintf           0000000180012100     MSVCRT:MSVCR120.dll
 0002:00000108       __imp___CppXcptFilter      0000000180012108     MSVCRT:MSVCR120.dll
 0002:00000110       __imp__amsg_exit           0000000180012110     MSVCRT:MSVCR120.dll
 0002:00000118       __imp__malloc_crt          0000000180012118     MSVCRT:MSVCR120.dll
 0002:00000120       __imp__initterm            0000000180012120     MSVCRT:MSVCR120.dll
 0002:00000128       __imp__initterm_e          0000000180012128     MSVCRT:MSVCR120.dll
 0002:00000130       __imp___C_specific_handler 0000000180012130     MSVCRT:MSVCR120.dll
 0002:00000138       __imp__lock                0000000180012138     MSVCRT:MSVCR120.dll
 0002:00000140       __imp__unlock              0000000180012140     MSVCRT:MSVCR120.dll
 0002:00000148       __imp__calloc_crt          0000000180012148     MSVCRT:MSVCR120.dll
 0002:00000150       __imp___dllonexit          0000000180012150     MSVCRT:MSVCR120.dll
 0002:00000158       __imp__onexit              0000000180012158     MSVCRT:MSVCR120.dll
 0002:00000160       __imp___clean_type_info_names_internal 0000000180012160     MSVCRT:MSVCR120.dll
 0002:00000168       __imp__snprintf            0000000180012168     MSVCRT:MSVCR120.dll
 0002:00000170       __imp_malloc               0000000180012170     MSVCRT:MSVCR120.dll
 0002:00000178       __imp__open                0000000180012178     MSVCRT:MSVCR120.dll
 0002:00000180       __imp_free                 0000000180012180     MSVCRT:MSVCR120.dll
 0002:00000188       __imp__wopen               0000000180012188     MSVCRT:MSVCR120.dll
 0002:00000190       __imp__lseeki64            0000000180012190     MSVCRT:MSVCR120.dll
 0002:00000198       __imp_memcpy               0000000180012198     MSVCRT:MSVCR120.dll
 0002:000001a0       __imp_memset               00000001800121a0     MSVCRT:MSVCR120.dll
 0002:000001a8       \177MSVCR120_NULL_THUNK_DATA 00000001800121a8     MSVCRT:MSVCR120.dll
 0002:000001b0       __xc_a                     00000001800121b0     MSVCRT:cinitexe.obj
 0002:000001b8       __xc_z                     00000001800121b8     MSVCRT:cinitexe.obj
 0002:000001c0       __xi_a                     00000001800121c0     MSVCRT:cinitexe.obj
 0002:000001d8       __xi_z                     00000001800121d8     MSVCRT:cinitexe.obj
 0002:000001e0       _pDefaultRawDllMain        00000001800121e0     MSVCRT:crtdll.obj
 0002:000001e0       _pRawDllMain               00000001800121e0     MSVCRT:crtdll.obj
 0002:000001e8       ??_C@_05IAIEPMAK@1?42?48?$AA@ 00000001800121e8     compress.obj
 0002:00003500       _dist_code                 0000000180015500     trees.obj
 0002:00003700       _length_code               0000000180015700     trees.obj
 0002:00003f70       unz_copyright              0000000180015f70     unzip.obj
 0002:00003fd0       z_errmsg                   0000000180015fd0     zutil.obj
 0002:00004020       ??_C@_02DKCKIIND@?$CFs?$AA@ 0000000180016020     gzlib.obj
 0002:00004028       ??_C@_07EBNKNFJN@?$DMfd?3?$CFd?$DO?$AA@ 0000000180016028     gzlib.obj
 0002:00004030       ??_C@_0O@BNNCBLEN@out?5of?5memory?$AA@ 0000000180016030     gzlib.obj
 0002:0000403e       ??_C@_00CNPNBAHC@?$AA@     000000018001603e     gzlib.obj
 0002:00004040       ??_C@_02LMMGGCAJ@?3?5?$AA@ 0000000180016040     gzlib.obj
 0002:00004044       ??_C@_06DIJPEION@?$CFs?$CFs?$CFs?$AA@ 0000000180016044     gzlib.obj
 0002:00004050       ??_C@_0BH@CFIIDOJD@unexpected?5end?5of?5file?$AA@ 0000000180016050     gzread.obj
 0002:00004068       ??_C@_0CH@CPOLIEKA@internal?5error?3?5inflate?5stream?5c@ 0000000180016068     gzread.obj
 0002:00004090       ??_C@_0BG@HCKBMIHF@compressed?5data?5error?$AA@ 0000000180016090     gzread.obj
 0002:000040a8       ??_C@_0CF@MLPJFDMM@requested?5length?5does?5not?5fit?5in@ 00000001800160a8     gzread.obj
 0002:000040d0       ??_C@_0BP@IIKIGMCC@out?5of?5room?5to?5push?5characters?$AA@ 00000001800160d0     gzread.obj
 0002:000040f0       ??_C@_0CH@DEEGAHIB@internal?5error?3?5deflate?5stream?5c@ 00000001800160f0     gzwrite.obj
 0002:00004118       ??_C@_0BD@PJCBIDD@invalid?5block?5type?$AA@ 0000000180016118     infback.obj
 0002:00004130       ??_C@_0BN@LGAADGOK@invalid?5stored?5block?5lengths?$AA@ 0000000180016130     infback.obj
 0002:00004150       ??_C@_0CE@GMIGFPBB@too?5many?5length?5or?5distance?5symb@ 0000000180016150     infback.obj
 0002:00004178       ??_C@_0BJ@HDEPPGOH@invalid?5code?5lengths?5set?$AA@ 0000000180016178     infback.obj
 0002:00004198       ??_C@_0BK@BMMPFBBH@invalid?5bit?5length?5repeat?$AA@ 0000000180016198     infback.obj
 0002:000041b8       ??_C@_0CF@DGDMADCD@invalid?5code?5?9?9?5missing?5end?9of?9b@ 00000001800161b8     infback.obj
 0002:000041e0       ??_C@_0BM@IIMGAINC@invalid?5literal?1lengths?5set?$AA@ 00000001800161e0     infback.obj
 0002:00004200       ??_C@_0BG@GMDFCBGP@invalid?5distances?5set?$AA@ 0000000180016200     infback.obj
 0002:00004218       ??_C@_0BM@FFFLPBBC@invalid?5literal?1length?5code?$AA@ 0000000180016218     infback.obj
 0002:00004238       ??_C@_0BG@LBKINIKP@invalid?5distance?5code?$AA@ 0000000180016238     infback.obj
 0002:00004250       ??_C@_0BO@ECPMAOGG@invalid?5distance?5too?5far?5back?$AA@ 0000000180016250     infback.obj
 0002:00004270       ??_C@_0BH@LIBMMIGA@incorrect?5header?5check?$AA@ 0000000180016270     inflate.obj
 0002:00004288       ??_C@_0BL@IHKGDAEE@unknown?5compression?5method?$AA@ 0000000180016288     inflate.obj
 0002:000042a8       ??_C@_0BE@EMOGCLGO@invalid?5window?5size?$AA@ 00000001800162a8     inflate.obj
 0002:000042c0       ??_C@_0BJ@BLBBCOMO@unknown?5header?5flags?5set?$AA@ 00000001800162c0     inflate.obj
 0002:000042e0       ??_C@_0BE@GONKLEPM@header?5crc?5mismatch?$AA@ 00000001800162e0     inflate.obj
 0002:000042f8       ??_C@_0BF@MEIGEHBE@incorrect?5data?5check?$AA@ 00000001800162f8     inflate.obj
 0002:00004310       ??_C@_0BH@FGKKJGOC@incorrect?5length?5check?$AA@ 0000000180016310     inflate.obj
 0002:00004328       ??_C@_02JDPG@rb?$AA@       0000000180016328     ioapi.obj
 0002:0000432c       ??_C@_03HMFOOINA@r?$CLb?$AA@ 000000018001632c     ioapi.obj
 0002:00004330       ??_C@_02GMLFBBN@wb?$AA@    0000000180016330     ioapi.obj
 0002:00004334       ??_C@_01JOAMLHOP@?9?$AA@   0000000180016334     zip.obj
 0002:00004338       ??_C@_0BA@MOKMMFOD@need?5dictionary?$AA@ 0000000180016338     zutil.obj
 0002:00004348       ??_C@_0L@FNAOCBOG@stream?5end?$AA@ 0000000180016348     zutil.obj
 0002:00004358       ??_C@_0L@KIJFAKBJ@file?5error?$AA@ 0000000180016358     zutil.obj
 0002:00004368       ??_C@_0N@MKKNPMJD@stream?5error?$AA@ 0000000180016368     zutil.obj
 0002:00004378       ??_C@_0L@HAHMBNLP@data?5error?$AA@ 0000000180016378     zutil.obj
 0002:00004388       ??_C@_0BE@OGGJBMCE@insufficient?5memory?$AA@ 0000000180016388     zutil.obj
 0002:000043a0       ??_C@_0N@DFPGLBGC@buffer?5error?$AA@ 00000001800163a0     zutil.obj
 0002:000043b0       ??_C@_0BF@CJFPCCEG@incompatible?5version?$AA@ 00000001800163b0     zutil.obj
 0002:000043d0       _load_config_used          00000001800163d0     MSVCRT:loadcfg.obj
 0002:00004440       __rtc_iaa                  0000000180016440     MSVCRT:initsect.obj
 0002:00004448       __rtc_izz                  0000000180016448     MSVCRT:initsect.obj
 0002:00004450       __rtc_taa                  0000000180016450     MSVCRT:initsect.obj
 0002:00004458       __rtc_tzz                  0000000180016458     MSVCRT:initsect.obj
 0002:00006244       __IMPORT_DESCRIPTOR_KERNEL32 0000000180018244     kernel32:KERNEL32.dll
 0002:00006258       __IMPORT_DESCRIPTOR_MSVCR120 0000000180018258     MSVCRT:MSVCR120.dll
 0002:0000626c       __NULL_IMPORT_DESCRIPTOR   000000018001826c     kernel32:KERNEL32.dll
 0003:00000000       __native_dllmain_reason    0000000180019000     MSVCRT:natstart.obj
 0003:00000008       __security_cookie          0000000180019008     MSVCRT:gs_cookie.obj
 0003:00000010       __security_cookie_complement 0000000180019010     MSVCRT:gs_cookie.obj
 0003:00000088       ?__type_info_root_node@@3U__type_info_node@@A 0000000180019088     MSVCRT:tncleanup.obj
 0003:000000a0       __native_startup_lock      00000001800190a0     <common>
 0003:000000a8       __native_startup_state     00000001800190a8     <common>
 0003:000000b0       __onexitend                00000001800190b0     <common>
 0003:000000b8       __onexitbegin              00000001800190b8     <common>
 0003:000000c0       __dyn_tls_init_callback    00000001800190c0     <common>

 entry point at        0001:0000ff54

 Static symbols

 0001:000002e0       adler32_combine_           00000001800012e0 f   adler32.obj
 0001:000004d0       crc32_little               00000001800014d0 f   crc32.obj
 0001:000007d0       gf2_matrix_times           00000001800017d0 f   crc32.obj
 0001:000007f0       gf2_matrix_square          00000001800017f0 f   crc32.obj
 0001:00000830       crc32_combine_             0000000180001830 f   crc32.obj
 0001:000012c0       putShortMSB                00000001800022c0 f   deflate.obj
 0001:000012f0       flush_pending              00000001800022f0 f   deflate.obj
 0001:00001f60       read_buf                   0000000180002f60 f   deflate.obj
 0001:00002000       lm_init                    0000000180003000 f   deflate.obj
 0001:000020c0       fill_window                00000001800030c0 f   deflate.obj
 0001:00002310       deflate_stored             0000000180003310 f   deflate.obj
 0001:00002500       deflate_fast               0000000180003500 f   deflate.obj
 0001:00002900       deflate_slow               0000000180003900 f   deflate.obj
 0001:00002e10       deflate_rle                0000000180003e10 f   deflate.obj
 0001:00003140       deflate_huff               0000000180004140 f   deflate.obj
 0001:00003330       gz_reset                   0000000180004330 f   gzlib.obj
 0001:00003380       gz_open                    0000000180004380 f   gzlib.obj
 0001:0000360c       $LN52                      000000018000460c     gzlib.obj
 0001:00003638       $LN51                      0000000180004638     gzlib.obj
 0001:00003bd0       gz_load                    0000000180004bd0 f   gzread.obj
 0001:00003c70       gz_avail                   0000000180004c70 f   gzread.obj
 0001:00003d00       gz_look                    0000000180004d00 f   gzread.obj
 0001:00003ed0       gz_decomp                  0000000180004ed0 f   gzread.obj
 0001:00003fe0       gz_fetch                   0000000180004fe0 f   gzread.obj
 0001:00004090       gz_skip                    0000000180005090 f   gzread.obj
 0001:00004680       gz_init                    0000000180005680 f   gzwrite.obj
 0001:00004790       gz_comp                    0000000180005790 f   gzwrite.obj
 0001:00004910       gz_zero                    0000000180005910 f   gzwrite.obj
 0001:00005090       fixedtables                0000000180006090 f   infback.obj
 0001:00005f44       $LN467                     0000000180006f44     infback.obj
 0001:00006450       fixedtables                0000000180007450 f   inflate.obj
 0001:00006480       updatewindow               0000000180007480 f   inflate.obj
 0001:00007c78       $LN793                     0000000180008c78     inflate.obj
 0001:00007ed0       syncsearch                 0000000180008ed0 f   inflate.obj
 0001:00008890       fopen64_file_func          0000000180009890 f   ioapi.obj
 0001:000088e0       fread_file_func            00000001800098e0 f   ioapi.obj
 0001:00008900       fwrite_file_func           0000000180009900 f   ioapi.obj
 0001:00008920       ftell64_file_func          0000000180009920 f   ioapi.obj
 0001:00008930       fseek64_file_func          0000000180009930 f   ioapi.obj
 0001:00008990       fclose_file_func           0000000180009990 f   ioapi.obj
 0001:000089a0       ferror_file_func           00000001800099a0 f   ioapi.obj
 0001:00008a10       win32_translate_open_mode  0000000180009a10 f   iowin32.obj
 0001:00008a70       win32_build_iowin          0000000180009a70 f   iowin32.obj
 0001:00008cd0       MySetFilePointerEx         0000000180009cd0 f   iowin32.obj
 0001:00009070       init_block                 000000018000a070 f   trees.obj
 0001:000090f0       pqdownheap                 000000018000a0f0 f   trees.obj
 0001:000091e0       gen_bitlen                 000000018000a1e0 f   trees.obj
 0001:000093f0       gen_codes                  000000018000a3f0 f   trees.obj
 0001:00009470       build_tree                 000000018000a470 f   trees.obj
 0001:000096c0       scan_tree                  000000018000a6c0 f   trees.obj
 0001:000097b0       send_tree                  000000018000a7b0 f   trees.obj
 0001:00009d30       build_bl_tree              000000018000ad30 f   trees.obj
 0001:00009e00       send_all_trees             000000018000ae00 f   trees.obj
 0001:0000a480       compress_block             000000018000b480 f   trees.obj
 0001:0000a8d0       detect_data_type           000000018000b8d0 f   trees.obj
 0001:0000a950       bi_reverse                 000000018000b950 f   trees.obj
 0001:0000a970       bi_flush                   000000018000b970 f   trees.obj
 0001:0000a9f0       bi_windup                  000000018000b9f0 f   trees.obj
 0001:0000aa50       copy_block                 000000018000ba50 f   trees.obj
 0001:0000abd0       zip64local_getByte         000000018000bbd0 f   zip.obj
 0001:0000abd0       unz64local_getByte         000000018000bbd0 f   unzip.obj
 0001:0000ac40       unz64local_getShort        000000018000bc40 f   unzip.obj
 0001:0000acc0       unz64local_getLong         000000018000bcc0 f   unzip.obj
 0001:0000ad90       unz64local_getLong64       000000018000bd90 f   unzip.obj
 0001:0000af10       strcmpcasenosensitive_internal 000000018000bf10 f   unzip.obj
 0001:0000afa0       zip64local_SearchCentralDir 000000018000bfa0 f   zip.obj
 0001:0000afa0       unz64local_SearchCentralDir 000000018000bfa0 f   unzip.obj
 0001:0000b120       unz64local_SearchCentralDir64 000000018000c120 f   unzip.obj
 0001:0000b340       unzOpenInternal            000000018000c340 f   unzip.obj
 0001:0000b8f0       unz64local_DosDateToTmuDate 000000018000c8f0 f   unzip.obj
 0001:0000b950       unz64local_GetCurrentFileInfoInternal 000000018000c950 f   unzip.obj
 0001:0000c430       unz64local_CheckCurrentFileCoherencyHeader 000000018000d430 f   unzip.obj
 0001:0000cee0       decrypt_byte               000000018000dee0 f   zip.obj
 0001:0000cf00       update_keys                000000018000df00 f   zip.obj
 0001:0000cf60       init_keys                  000000018000df60 f   zip.obj
 0001:0000cfd0       crypthead                  000000018000dfd0 f   zip.obj
 0001:0000d120       allocate_new_datablock     000000018000e120 f   zip.obj
 0001:0000d150       free_datablock             000000018000e150 f   zip.obj
 0001:0000d180       init_linkedlist            000000018000e180 f   zip.obj
 0001:0000d190       free_linkedlist            000000018000e190 f   zip.obj
 0001:0000d1b0       add_data_in_datablock      000000018000e1b0 f   zip.obj
 0001:0000d280       zip64local_putValue        000000018000e280 f   zip.obj
 0001:0000d2f0       zip64local_putValue_inmemory 000000018000e2f0 f   zip.obj
 0001:0000d340       zip64local_TmzDateToDosDate 000000018000e340 f   zip.obj
 0001:0000d390       zip64local_getShort        000000018000e390 f   zip.obj
 0001:0000d410       zip64local_getLong         000000018000e410 f   zip.obj
 0001:0000d4e0       zip64local_getLong64       000000018000e4e0 f   zip.obj
 0001:0000d660       zip64local_SearchCentralDir64 000000018000e660 f   zip.obj
 0001:0000eab0       zip64FlushWriteBuffer      000000018000fab0 f   zip.obj
 0001:0000f6b0       $$000000                   00000001800106b0     gvmat64.obj
 0001:0000f990       $$000000                   0000000180010990     inffasx64.obj
 0001:0000fca8       pre_c_init                 0000000180010ca8 f   MSVCRT:crtdll.obj
 0001:0000ff94       __DllMainCRTStartup        0000000180010f94 f   MSVCRT:crtdll.obj
 0001:00010440       $$000000                   0000000180011440     MSVCRT:chkstk.obj
 0001:000104b0       __DllMainCRTStartup$filt$0 00000001800114b0 f   MSVCRT:crtdll.obj
 0001:000104d5       __DllMainCRTStartup$fin$1  00000001800114d5 f   MSVCRT:crtdll.obj
 0001:000104f0       _IsNonwritableInCurrentImage$filt$0 00000001800114f0 f   MSVCRT:pesect.obj
 0001:00010510       _onexit$fin$0              0000000180011510 f   MSVCRT:atonexit.obj
 0002:000001c8       pcinit                     00000001800121c8     MSVCRT:crtdll.obj
 0002:000001d0       pinit                      00000001800121d0     MSVCRT:atonexit.obj
 0002:000001f0       crc_table                  00000001800121f0     crc32.obj
 0002:000021f0       configuration_table        00000001800141f0     deflate.obj
 0002:00002290       ?my_version@?1??deflateInit2_@@9@9 0000000180014290     deflate.obj
 0002:000022a0       ?lenfix@?1??fixedtables@@9@9 00000001800142a0     infback.obj
 0002:00002aa0       ?order@?1??inflateBack@@9@9 0000000180014aa0     infback.obj
 0002:00002ad0       ?distfix@?1??fixedtables@@9@9 0000000180014ad0     infback.obj
 0002:00002b50       ?lenfix@?1??fixedtables@@9@9 0000000180014b50     inflate.obj
 0002:00003350       ?order@?1??inflate@@9@9    0000000180015350     inflate.obj
 0002:00003380       ?distfix@?1??fixedtables@@9@9 0000000180015380     inflate.obj
 0002:00003400       ?lext@?1??inflate_table@@9@9 0000000180015400     inftrees.obj
 0002:00003440       ?dbase@?1??inflate_table@@9@9 0000000180015440     inftrees.obj
 0002:00003480       ?lbase@?1??inflate_table@@9@9 0000000180015480     inftrees.obj
 0002:000034c0       ?dext@?1??inflate_table@@9@9 00000001800154c0     inftrees.obj
 0002:00003800       static_dtree               0000000180015800     trees.obj
 0002:00003880       static_ltree               0000000180015880     trees.obj
 0002:00003d00       extra_dbits                0000000180015d00     trees.obj
 0002:00003d80       base_length                0000000180015d80     trees.obj
 0002:00003e00       extra_blbits               0000000180015e00     trees.obj
 0002:00003e50       extra_lbits                0000000180015e50     trees.obj
 0002:00003ed0       bl_order                   0000000180015ed0     trees.obj
 0002:00003ef0       base_dist                  0000000180015ef0     trees.obj
 0002:00004460       $unwind$syncsearch         0000000180016460     inflate.obj
 0002:00004460       $unwind$adler32_combine_   0000000180016460     adler32.obj
 0002:00004460       $unwind$update_keys        0000000180016460     zip.obj
 0002:00004468       $unwind$compress2          0000000180016468     compress.obj
 0002:00004470       $chain$0$compress2         0000000180016470     compress.obj
 0002:00004484       $chain$2$compress2         0000000180016484     compress.obj
 0002:00004498       $chain$3$compress2         0000000180016498     compress.obj
 0002:000044a8       $unwind$unzOpenCurrentFile 00000001800164a8     unzip.obj
 0002:000044a8       $unwind$unzGoToFilePos     00000001800164a8     unzip.obj
 0002:000044a8       $unwind$unzOpenCurrentFilePassword 00000001800164a8     unzip.obj
 0002:000044a8       $unwind$compress           00000001800164a8     compress.obj
 0002:000044a8       $unwind$unzOpenCurrentFile2 00000001800164a8     unzip.obj
 0002:000044b0       $unwind$crc32_little       00000001800164b0     crc32.obj
 0002:000044b8       $chain$0$crc32_little      00000001800164b8     crc32.obj
 0002:000044cc       $chain$1$crc32_little      00000001800164cc     crc32.obj
 0002:000044dc       $unwind$call_ztell64       00000001800164dc     ioapi.obj
 0002:000044dc       $unwind$allocate_new_datablock 00000001800164dc     zip.obj
 0002:000044dc       $unwind$free_datablock     00000001800164dc     zip.obj
 0002:000044dc       $unwind$DllMain            00000001800164dc     MSVCRT:dllmain.obj
 0002:000044dc       $unwind$gzgetc             00000001800164dc     gzread.obj
 0002:000044dc       $unwind$gzseek             00000001800164dc     gzlib.obj
 0002:000044dc       $unwind$gztell             00000001800164dc     gzlib.obj
 0002:000044dc       $unwind$gzoffset           00000001800164dc     gzlib.obj
 0002:000044dc       $unwind$gf2_matrix_square  00000001800164dc     crc32.obj
 0002:000044dc       $unwind$MySetFilePointerEx 00000001800164dc     iowin32.obj
 0002:000044dc       $unwind$atexit             00000001800164dc     MSVCRT:atonexit.obj
 0002:000044e4       $unwind$crc32_combine_     00000001800164e4     crc32.obj
 0002:000044f8       $unwind$deflateInit_       00000001800164f8     deflate.obj
 0002:00004500       $unwind$deflateInit2_      0000000180016500     deflate.obj
 0002:00004510       $chain$1$deflateInit2_     0000000180016510     deflate.obj
 0002:00004528       $chain$2$deflateInit2_     0000000180016528     deflate.obj
 0002:0000453c       $chain$3$deflateInit2_     000000018001653c     deflate.obj
 0002:0000454c       $chain$5$deflateInit2_     000000018001654c     deflate.obj
 0002:00004568       $chain$6$deflateInit2_     0000000180016568     deflate.obj
 0002:00004580       $chain$7$deflateInit2_     0000000180016580     deflate.obj
 0002:00004590       $unwind$deflateSetDictionary 0000000180016590     deflate.obj
 0002:000045a0       $chain$3$deflateSetDictionary 00000001800165a0     deflate.obj
 0002:000045c0       $chain$5$deflateSetDictionary 00000001800165c0     deflate.obj
 0002:000045d4       $chain$6$deflateSetDictionary 00000001800165d4     deflate.obj
 0002:000045e4       $unwind$gzputc             00000001800165e4     gzwrite.obj
 0002:000045e4       $unwind$deflateResetKeep   00000001800165e4     deflate.obj
 0002:000045e4       $unwind$gzseek64           00000001800165e4     gzlib.obj
 0002:000045f0       $chain$0$deflateResetKeep  00000001800165f0     deflate.obj
 0002:00004604       $chain$1$deflateResetKeep  0000000180016604     deflate.obj
 0002:00004614       $unwind$lm_init            0000000180016614     deflate.obj
 0002:00004614       $unwind$gzungetc           0000000180016614     gzread.obj
 0002:00004614       $unwind$win32_seek64_file_func 0000000180016614     iowin32.obj
 0002:00004614       $unwind$gz_skip            0000000180016614     gzread.obj
 0002:00004614       $unwind$deflateReset       0000000180016614     deflate.obj
 0002:00004614       $unwind$Write_Zip64EndOfCentralDirectoryLocator 0000000180016614     zip.obj
 0002:00004614       $unwind$gzclose_w          0000000180016614     gzwrite.obj
 0002:00004614       $unwind$gz_reset           0000000180016614     gzlib.obj
 0002:00004614       $unwind$deflatePrime       0000000180016614     deflate.obj
 0002:00004614       $unwind$_RTC_Terminate     0000000180016614     MSVCRT:initsect.obj
 0002:00004614       $unwind$gzflush            0000000180016614     gzwrite.obj
 0002:00004614       $unwind$win32_close_file_func 0000000180016614     iowin32.obj
 0002:00004614       $unwind$win32_seek_file_func 0000000180016614     iowin32.obj
 0002:00004614       $unwind$_RTC_Initialize    0000000180016614     MSVCRT:initsect.obj
 0002:00004620       $unwind$deflateParams      0000000180016620     deflate.obj
 0002:00004634       $chain$0$deflateParams     0000000180016634     deflate.obj
 0002:00004648       $chain$1$deflateParams     0000000180016648     deflate.obj
 0002:00004658       $unwind$flush_pending      0000000180016658     deflate.obj
 0002:00004658       $unwind$add_data_in_datablock 0000000180016658     zip.obj
 0002:00004668       $chain$0$flush_pending     0000000180016668     deflate.obj
 0002:0000467c       $chain$1$flush_pending     000000018001667c     deflate.obj
 0002:0000468c       $unwind$deflate            000000018001668c     deflate.obj
 0002:00004698       $chain$1$deflate           0000000180016698     deflate.obj
 0002:000046b0       $chain$2$deflate           00000001800166b0     deflate.obj
 0002:000046c4       $chain$3$deflate           00000001800166c4     deflate.obj
 0002:000046d4       $chain$5$deflate           00000001800166d4     deflate.obj
 0002:000046ec       $chain$6$deflate           00000001800166ec     deflate.obj
 0002:000046fc       $unwind$zip64local_putValue 00000001800166fc     zip.obj
 0002:000046fc       $unwind$gzoffset64         00000001800166fc     gzlib.obj
 0002:000046fc       $unwind$win32_tell64_file_func 00000001800166fc     iowin32.obj
 0002:000046fc       $unwind$fseek64_file_func  00000001800166fc     ioapi.obj
 0002:000046fc       $unwind$gzputs             00000001800166fc     gzwrite.obj
 0002:000046fc       $unwind$unzClose           00000001800166fc     unzip.obj
 0002:000046fc       $unwind$gz_avail           00000001800166fc     gzread.obj
 0002:000046fc       $unwind$__atonexitinit     00000001800166fc     MSVCRT:atonexit.obj
 0002:000046fc       $unwind$deflateEnd         00000001800166fc     deflate.obj
 0002:000046fc       $unwind$copy_block         00000001800166fc     trees.obj
 0002:000046fc       $unwind$free_linkedlist    00000001800166fc     zip.obj
 0002:000046fc       $unwind$win32_tell_file_func 00000001800166fc     iowin32.obj
 0002:000046fc       $unwind$gzdirect           00000001800166fc     gzread.obj
 0002:000046fc       $unwind$inflateEnd         00000001800166fc     inflate.obj
 0002:000046fc       $unwind$gzrewind           00000001800166fc     gzlib.obj
 0002:000046fc       $unwind$gz_fetch           00000001800166fc     gzread.obj
 0002:000046fc       $unwind$inflateBackEnd     00000001800166fc     infback.obj
 0002:000046fc       $unwind$pre_c_init         00000001800166fc     MSVCRT:crtdll.obj
 0002:000046fc       $unwind$build_bl_tree      00000001800166fc     trees.obj
 0002:00004704       $chain$0$deflateEnd        0000000180016704     deflate.obj
 0002:00004718       $chain$2$deflateEnd        0000000180016718     deflate.obj
 0002:0000472c       $chain$3$deflateEnd        000000018001672c     deflate.obj
 0002:0000473c       $unwind$inflateInit2_      000000018001673c     inflate.obj
 0002:0000473c       $unwind$deflateCopy        000000018001673c     deflate.obj
 0002:00004748       $chain$0$deflateCopy       0000000180016748     deflate.obj
 0002:0000475c       $chain$3$deflateCopy       000000018001675c     deflate.obj
 0002:00004774       $chain$5$deflateCopy       0000000180016774     deflate.obj
 0002:0000478c       $chain$6$deflateCopy       000000018001678c     deflate.obj
 0002:0000479c       $unwind$read_buf           000000018001679c     deflate.obj
 0002:000047b0       $unwind$unz64local_getByte 00000001800167b0     unzip.obj
 0002:000047b0       $unwind$zip64local_getByte 00000001800167b0     zip.obj
 0002:000047b0       $unwind$fill_window        00000001800167b0     deflate.obj
 0002:000047c0       $chain$0$fill_window       00000001800167c0     deflate.obj
 0002:000047d4       $chain$1$fill_window       00000001800167d4     deflate.obj
 0002:000047e4       $unwind$inflateSetDictionary 00000001800167e4     inflate.obj
 0002:000047e4       $unwind$deflate_stored     00000001800167e4     deflate.obj
 0002:000047e4       $unwind$_tr_flush_block    00000001800167e4     trees.obj
 0002:000047e4       $unwind$gz_load            00000001800167e4     gzread.obj
 0002:000047e4       $unwind$unz64local_getShort 00000001800167e4     unzip.obj
 0002:000047e4       $unwind$zip64local_getShort 00000001800167e4     zip.obj
 0002:000047e4       $unwind$gz_decomp          00000001800167e4     gzread.obj
 0002:000047f8       $unwind$deflate_fast       00000001800167f8     deflate.obj
 0002:00004810       $unwind$deflate_slow       0000000180016810     deflate.obj
 0002:0000482c       $unwind$deflate_rle        000000018001682c     deflate.obj
 0002:0000482c       $unwind$Write_GlobalComment 000000018001682c     zip.obj
 0002:00004844       $unwind$_DllMainCRTStartup 0000000180016844     MSVCRT:crtdll.obj
 0002:00004844       $unwind$deflate_huff       0000000180016844     deflate.obj
 0002:00004844       $unwind$init_keys          0000000180016844     zip.obj
 0002:00004844       $unwind$gzdopen            0000000180016844     gzlib.obj
 0002:00004844       $unwind$Write_Zip64EndOfCentralDirectoryRecord 0000000180016844     zip.obj
 0002:00004844       $unwind$Write_EndOfCentralDirectoryRecord 0000000180016844     zip.obj
 0002:00004844       $unwind$inflateGetDictionary 0000000180016844     inflate.obj
 0002:00004844       $unwind$send_all_trees     0000000180016844     trees.obj
 0002:00004854       $unwind$gz_open            0000000180016854     gzlib.obj
 0002:00004868       $chain$0$gz_open           0000000180016868     gzlib.obj
 0002:0000487c       $chain$1$gz_open           000000018001687c     gzlib.obj
 0002:00004890       $chain$2$gz_open           0000000180016890     gzlib.obj
 0002:000048a0       $chain$3$gz_open           00000001800168a0     gzlib.obj
 0002:000048b0       $chain$4$gz_open           00000001800168b0     gzlib.obj
 0002:000048c8       $chain$0$gzseek64          00000001800168c8     gzlib.obj
 0002:000048dc       $chain$2$gzseek64          00000001800168dc     gzlib.obj
 0002:000048dc       $chain$4$gzseek64          00000001800168dc     gzlib.obj
 0002:000048f0       $unwind$gz_error           00000001800168f0     gzlib.obj
 0002:00004904       $unwind$gz_look            0000000180016904     gzread.obj
 0002:00004918       $chain$0$gz_look           0000000180016918     gzread.obj
 0002:0000492c       $chain$1$gz_look           000000018001692c     gzread.obj
 0002:0000493c       $unwind$gzread             000000018001693c     gzread.obj
 0002:00004948       $chain$0$gzread            0000000180016948     gzread.obj
 0002:0000495c       $chain$5$gzread            000000018001695c     gzread.obj
 0002:0000497c       $unwind$gzgets             000000018001697c     gzread.obj
 0002:00004988       $chain$3$gzgets            0000000180016988     gzread.obj
 0002:000049a8       $chain$5$gzgets            00000001800169a8     gzread.obj
 0002:000049c8       $chain$6$gzgets            00000001800169c8     gzread.obj
 0002:000049d8       $unwind$gzclose_r          00000001800169d8     gzread.obj
 0002:000049e8       $unwind$gz_init            00000001800169e8     gzwrite.obj
 0002:000049fc       $unwind$gz_comp            00000001800169fc     gzwrite.obj
 0002:00004a10       $unwind$gz_zero            0000000180016a10     gzwrite.obj
 0002:00004a1c       $chain$1$gz_zero           0000000180016a1c     gzwrite.obj
 0002:00004a34       $chain$3$gz_zero           0000000180016a34     gzwrite.obj
 0002:00004a4c       $unwind$gzwrite            0000000180016a4c     gzwrite.obj
 0002:00004a64       $unwind$gzvprintf          0000000180016a64     gzwrite.obj
 0002:00004a7c       $unwind$gzprintf           0000000180016a7c     gzwrite.obj
 0002:00004a84       $unwind$gzsetparams        0000000180016a84     gzwrite.obj
 0002:00004a98       $unwind$inflateBackInit_   0000000180016a98     infback.obj
 0002:00004aa8       $chain$1$inflateBackInit_  0000000180016aa8     infback.obj
 0002:00004ac0       $chain$3$inflateBackInit_  0000000180016ac0     infback.obj
 0002:00004ad8       $chain$4$inflateBackInit_  0000000180016ad8     infback.obj
 0002:00004ae8       $unwind$inflateBack        0000000180016ae8     infback.obj
 0002:00004af8       $chain$3$inflateBack       0000000180016af8     infback.obj
 0002:00004b18       $chain$4$inflateBack       0000000180016b18     infback.obj
 0002:00004b28       $unwind$inflate_fast       0000000180016b28     inffas8664.obj
 0002:00004b40       $unwind$inflateReset2      0000000180016b40     inflate.obj
 0002:00004b50       $chain$0$inflateReset2     0000000180016b50     inflate.obj
 0002:00004b64       $chain$2$inflateReset2     0000000180016b64     inflate.obj
 0002:00004b78       $chain$3$inflateReset2     0000000180016b78     inflate.obj
 0002:00004b88       $chain$1$inflateInit2_     0000000180016b88     inflate.obj
 0002:00004ba0       $chain$3$inflateInit2_     0000000180016ba0     inflate.obj
 0002:00004bb8       $chain$4$inflateInit2_     0000000180016bb8     inflate.obj
 0002:00004bc8       $unwind$updatewindow       0000000180016bc8     inflate.obj
 0002:00004bc8       $unwind$zipWriteInFileInZip 0000000180016bc8     zip.obj
 0002:00004bdc       $chain$0$updatewindow      0000000180016bdc     inflate.obj
 0002:00004bf0       $chain$1$updatewindow      0000000180016bf0     inflate.obj
 0002:00004c00       $unwind$inflate            0000000180016c00     inflate.obj
 0002:00004c0c       $chain$4$inflate           0000000180016c0c     inflate.obj
 0002:00004c30       $chain$6$inflate           0000000180016c30     inflate.obj
 0002:00004c54       $chain$7$inflate           0000000180016c54     inflate.obj
 0002:00004c64       $unwind$inflateSync        0000000180016c64     inflate.obj
 0002:00004c70       $chain$1$inflateSync       0000000180016c70     inflate.obj
 0002:00004c88       $chain$3$inflateSync       0000000180016c88     inflate.obj
 0002:00004ca0       $chain$4$inflateSync       0000000180016ca0     inflate.obj
 0002:00004cb0       $unwind$inflateCopy        0000000180016cb0     inflate.obj
 0002:00004cbc       $chain$1$inflateCopy       0000000180016cbc     inflate.obj
 0002:00004cd4       $chain$2$inflateCopy       0000000180016cd4     inflate.obj
 0002:00004ce8       $chain$3$inflateCopy       0000000180016ce8     inflate.obj
 0002:00004cf8       $chain$5$inflateCopy       0000000180016cf8     inflate.obj
 0002:00004d14       $chain$6$inflateCopy       0000000180016d14     inflate.obj
 0002:00004d24       $unwind$inflate_table      0000000180016d24     inftrees.obj
 0002:00004d38       $chain$0$inflate_table     0000000180016d38     inftrees.obj
 0002:00004d4c       $chain$1$inflate_table     0000000180016d4c     inftrees.obj
 0002:00004d5c       $unwind$win32_build_iowin  0000000180016d5c     iowin32.obj
 0002:00004d64       $chain$0$win32_build_iowin 0000000180016d64     iowin32.obj
 0002:00004d78       $chain$2$win32_build_iowin 0000000180016d78     iowin32.obj
 0002:00004d8c       $chain$3$win32_build_iowin 0000000180016d8c     iowin32.obj
 0002:00004d9c       $unwind$win32_open64_file_funcA 0000000180016d9c     iowin32.obj
 0002:00004d9c       $unwind$win32_open_file_func 0000000180016d9c     iowin32.obj
 0002:00004d9c       $unwind$win32_open64_file_func 0000000180016d9c     iowin32.obj
 0002:00004da8       $unwind$win32_open64_file_funcW 0000000180016da8     iowin32.obj
 0002:00004da8       $unwind$gen_codes          0000000180016da8     trees.obj
 0002:00004db0       $unwind$win32_write_file_func 0000000180016db0     iowin32.obj
 0002:00004db0       $unwind$win32_read_file_func 0000000180016db0     iowin32.obj
 0002:00004dbc       $unwind$pqdownheap         0000000180016dbc     trees.obj
 0002:00004dc8       $chain$0$pqdownheap        0000000180016dc8     trees.obj
 0002:00004ddc       $chain$2$pqdownheap        0000000180016ddc     trees.obj
 0002:00004df0       $chain$3$pqdownheap        0000000180016df0     trees.obj
 0002:00004e00       $unwind$gen_bitlen         0000000180016e00     trees.obj
 0002:00004e10       $chain$2$gen_bitlen        0000000180016e10     trees.obj
 0002:00004e2c       $chain$3$gen_bitlen        0000000180016e2c     trees.obj
 0002:00004e3c       $unwind$build_tree         0000000180016e3c     trees.obj
 0002:00004e58       $unwind$scan_tree          0000000180016e58     trees.obj
 0002:00004e64       $unwind$send_tree          0000000180016e64     trees.obj
 0002:00004e6c       $chain$3$send_tree         0000000180016e6c     trees.obj
 0002:00004e8c       $chain$4$send_tree         0000000180016e8c     trees.obj
 0002:00004e9c       $unwind$compress_block     0000000180016e9c     trees.obj
 0002:00004ea8       $chain$1$compress_block    0000000180016ea8     trees.obj
 0002:00004ec0       $chain$4$compress_block    0000000180016ec0     trees.obj
 0002:00004edc       $chain$5$compress_block    0000000180016edc     trees.obj
 0002:00004eec       $chain$6$compress_block    0000000180016eec     trees.obj
 0002:00004efc       $unwind$uncompress         0000000180016efc     uncompr.obj
 0002:00004f04       $chain$0$uncompress        0000000180016f04     uncompr.obj
 0002:00004f18       $chain$4$uncompress        0000000180016f18     uncompr.obj
 0002:00004f18       $chain$2$uncompress        0000000180016f18     uncompr.obj
 0002:00004f2c       $chain$5$uncompress        0000000180016f2c     uncompr.obj
 0002:00004f3c       $unwind$unz64local_getLong 0000000180016f3c     unzip.obj
 0002:00004f3c       $unwind$zip64local_getLong 0000000180016f3c     zip.obj
 0002:00004f3c       $unwind$unz64local_getLong64 0000000180016f3c     unzip.obj
 0002:00004f3c       $unwind$zip64local_getLong64 0000000180016f3c     zip.obj
 0002:00004f50       $unwind$zip64local_SearchCentralDir 0000000180016f50     zip.obj
 0002:00004f50       $unwind$unz64local_SearchCentralDir 0000000180016f50     unzip.obj
 0002:00004f60       $chain$0$unz64local_SearchCentralDir 0000000180016f60     unzip.obj
 0002:00004f60       $chain$0$zip64local_SearchCentralDir 0000000180016f60     zip.obj
 0002:00004f74       $chain$3$zip64local_SearchCentralDir 0000000180016f74     zip.obj
 0002:00004f74       $chain$3$unz64local_SearchCentralDir 0000000180016f74     unzip.obj
 0002:00004f8c       $chain$5$unz64local_SearchCentralDir 0000000180016f8c     unzip.obj
 0002:00004f8c       $chain$5$zip64local_SearchCentralDir 0000000180016f8c     zip.obj
 0002:00004fa4       $chain$6$unz64local_SearchCentralDir 0000000180016fa4     unzip.obj
 0002:00004fa4       $chain$6$zip64local_SearchCentralDir 0000000180016fa4     zip.obj
 0002:00004fb4       $unwind$zip64local_SearchCentralDir64 0000000180016fb4     zip.obj
 0002:00004fb4       $unwind$unz64local_SearchCentralDir64 0000000180016fb4     unzip.obj
 0002:00004fcc       $chain$2$unz64local_SearchCentralDir64 0000000180016fcc     unzip.obj
 0002:00004fe0       $chain$3$unz64local_SearchCentralDir64 0000000180016fe0     unzip.obj
 0002:00004ff0       $unwind$unzOpenInternal    0000000180016ff0     unzip.obj
 0002:00005008       $chain$3$unzOpenInternal   0000000180017008     unzip.obj
 0002:00005020       $chain$4$unzOpenInternal   0000000180017020     unzip.obj
 0002:00005034       $unwind$unzOpen2_64        0000000180017034     unzip.obj
 0002:00005034       $unwind$zipOpen2_64        0000000180017034     zip.obj
 0002:00005034       $unwind$unzOpen2           0000000180017034     unzip.obj
 0002:0000503c       $unwind$unz64local_GetCurrentFileInfoInternal 000000018001703c     unzip.obj
 0002:0000505c       $unwind$unzGetCurrentFileInfo64 000000018001705c     unzip.obj
 0002:00005064       $unwind$unzGetCurrentFileInfo 0000000180017064     unzip.obj
 0002:00005070       $unwind$unzGoToFirstFile   0000000180017070     unzip.obj
 0002:0000507c       $unwind$unzGoToNextFile    000000018001707c     unzip.obj
 0002:00005088       $unwind$unzLocateFile      0000000180017088     unzip.obj
 0002:00005098       $chain$3$unzLocateFile     0000000180017098     unzip.obj
 0002:000050b8       $chain$5$unzLocateFile     00000001800170b8     unzip.obj
 0002:000050d8       $unwind$unzGetFilePos      00000001800170d8     unzip.obj
 0002:000050e0       $unwind$unzGoToFilePos64   00000001800170e0     unzip.obj
 0002:000050e8       $chain$0$unzGoToFilePos64  00000001800170e8     unzip.obj
 0002:000050fc       $chain$1$unzGoToFilePos64  00000001800170fc     unzip.obj
 0002:0000510c       $unwind$unz64local_CheckCurrentFileCoherencyHeader 000000018001710c     unzip.obj
 0002:00005128       $unwind$unzOpenCurrentFile3 0000000180017128     unzip.obj
 0002:00005138       $chain$0$unzOpenCurrentFile3 0000000180017138     unzip.obj
 0002:0000514c       $chain$1$unzOpenCurrentFile3 000000018001714c     unzip.obj
 0002:00005160       $chain$2$unzOpenCurrentFile3 0000000180017160     unzip.obj
 0002:00005170       $chain$4$unzOpenCurrentFile3 0000000180017170     unzip.obj
 0002:00005188       $unwind$unzReadCurrentFile 0000000180017188     unzip.obj
 0002:00005190       $chain$0$unzReadCurrentFile 0000000180017190     unzip.obj
 0002:000051a4       $chain$4$unzReadCurrentFile 00000001800171a4     unzip.obj
 0002:000051a4       $chain$2$unzReadCurrentFile 00000001800171a4     unzip.obj
 0002:000051b8       $chain$12$unzReadCurrentFile 00000001800171b8     unzip.obj
 0002:000051e4       $chain$14$unzReadCurrentFile 00000001800171e4     unzip.obj
 0002:00005210       $unwind$unzCloseCurrentFile 0000000180017210     unzip.obj
 0002:00005210       $unwind$unzGetLocalExtrafield 0000000180017210     unzip.obj
 0002:0000521c       $chain$0$unzGetLocalExtrafield 000000018001721c     unzip.obj
 0002:00005230       $chain$4$unzGetLocalExtrafield 0000000180017230     unzip.obj
 0002:00005230       $chain$2$unzGetLocalExtrafield 0000000180017230     unzip.obj
 0002:00005230       $chain$8$unzGetLocalExtrafield 0000000180017230     unzip.obj
 0002:00005230       $chain$6$unzGetLocalExtrafield 0000000180017230     unzip.obj
 0002:00005244       $chain$0$unzCloseCurrentFile 0000000180017244     unzip.obj
 0002:00005258       $chain$2$unzCloseCurrentFile 0000000180017258     unzip.obj
 0002:0000526c       $unwind$unzGetGlobalComment 000000018001726c     unzip.obj
 0002:00005280       $unwind$crypthead          0000000180017280     zip.obj
 0002:0000529c       $chain$0$free_datablock    000000018001729c     zip.obj
 0002:000052b0       $chain$1$free_datablock    00000001800172b0     zip.obj
 0002:000052c0       $chain$0$add_data_in_datablock 00000001800172c0     zip.obj
 0002:000052d4       $chain$2$add_data_in_datablock 00000001800172d4     zip.obj
 0002:000052e8       $chain$0$zip64local_putValue 00000001800172e8     zip.obj
 0002:000052fc       $chain$1$zip64local_putValue 00000001800172fc     zip.obj
 0002:0000530c       $unwind$zip64local_putValue_inmemory 000000018001730c     zip.obj
 0002:00005314       $chain$2$zip64local_SearchCentralDir64 0000000180017314     zip.obj
 0002:00005328       $chain$3$zip64local_SearchCentralDir64 0000000180017328     zip.obj
 0002:00005338       $unwind$LoadCentralDirectoryRecord 0000000180017338     zip.obj
 0002:00005350       $unwind$zipOpen3           0000000180017350     zip.obj
 0002:0000536c       $unwind$zipOpen2           000000018001736c     zip.obj
 0002:00005374       $unwind$Write_LocalFileHeader 0000000180017374     zip.obj
 0002:0000538c       $chain$0$Write_LocalFileHeader 000000018001738c     zip.obj
 0002:000053a0       $chain$1$Write_LocalFileHeader 00000001800173a0     zip.obj
 0002:000053b0       $unwind$zipOpenNewFileInZip4_64 00000001800173b0     zip.obj
 0002:000053bc       $chain$0$zipOpenNewFileInZip4_64 00000001800173bc     zip.obj
 0002:000053d0       $chain$2$zipOpenNewFileInZip4_64 00000001800173d0     zip.obj
 0002:000053e4       $chain$6$zipOpenNewFileInZip4_64 00000001800173e4     zip.obj
 0002:00005404       $chain$7$zipOpenNewFileInZip4_64 0000000180017404     zip.obj
 0002:00005414       $unwind$zipOpenNewFileInZip 0000000180017414     zip.obj
 0002:00005414       $unwind$zipOpenNewFileInZip2_64 0000000180017414     zip.obj
 0002:00005414       $unwind$zipOpenNewFileInZip64 0000000180017414     zip.obj
 0002:00005414       $unwind$zipOpenNewFileInZip3 0000000180017414     zip.obj
 0002:00005414       $unwind$zipOpenNewFileInZip3_64 0000000180017414     zip.obj
 0002:00005414       $unwind$zipOpenNewFileInZip2 0000000180017414     zip.obj
 0002:0000541c       $unwind$zip64FlushWriteBuffer 000000018001741c     zip.obj
 0002:00005428       $chain$0$zip64FlushWriteBuffer 0000000180017428     zip.obj
 0002:0000543c       $chain$2$zip64FlushWriteBuffer 000000018001743c     zip.obj
 0002:00005454       $chain$3$zip64FlushWriteBuffer 0000000180017454     zip.obj
 0002:00005464       $chain$4$zip64FlushWriteBuffer 0000000180017464     zip.obj
 0002:00005474       $chain$0$zipWriteInFileInZip 0000000180017474     zip.obj
 0002:00005488       $chain$1$zipWriteInFileInZip 0000000180017488     zip.obj
 0002:00005498       $chain$2$zipWriteInFileInZip 0000000180017498     zip.obj
 0002:000054ac       $unwind$zipCloseFileInZipRaw64 00000001800174ac     zip.obj
 0002:000054c8       $unwind$zipClose           00000001800174c8     zip.obj
 0002:000054d8       $chain$0$zipClose          00000001800174d8     zip.obj
 0002:000054ec       $chain$1$zipClose          00000001800174ec     zip.obj
 0002:00005500       $chain$2$zipClose          0000000180017500     zip.obj
 0002:00005514       $chain$3$zipClose          0000000180017514     zip.obj
 0002:00005524       $chain$4$zipClose          0000000180017524     zip.obj
 0002:00005534       $chain$5$zipClose          0000000180017534     zip.obj
 0002:00005544       $unwind$_CRT_INIT          0000000180017544     MSVCRT:crtdll.obj
 0002:00005560       $unwind$__DllMainCRTStartup 0000000180017560     MSVCRT:crtdll.obj
 0002:0000559c       $unwind$_IsNonwritableInCurrentImage 000000018001759c     MSVCRT:pesect.obj
 0002:000055c0       $unwind$_onexit            00000001800175c0     MSVCRT:atonexit.obj
 0002:000055e0       $unwind$__DllMainCRTStartup$filt$0 00000001800175e0     MSVCRT:atonexit.obj
 0002:000055e0       $unwind$__DllMainCRTStartup$fin$1 00000001800175e0     MSVCRT:atonexit.obj
 0002:000055e0       $unwind$_onexit$fin$0      00000001800175e0     MSVCRT:atonexit.obj
 0002:000055e0       $unwind$_IsNonwritableInCurrentImage$filt$0 00000001800175e0     MSVCRT:atonexit.obj
 0002:000055e8       $unwind$__security_init_cookie 00000001800175e8     MSVCRT:gs_support.obj
 0002:000055f8       $xdatasym                  00000001800175f8     MSVCRT:chkstk.obj
 0002:00005600       .edata                     0000000180017600     zlibwapi.exp
 0002:00005628       rgpv                       0000000180017628     zlibwapi.exp
 0002:000058c4       rgszName                   00000001800178c4     zlibwapi.exp
 0002:00005aa8       rgwOrd                     0000000180017aa8     zlibwapi.exp
 0002:00005b9a       szName                     0000000180017b9a     zlibwapi.exp
 0002:00005ba7       $N00001                    0000000180017ba7     zlibwapi.exp
 0002:00005baf       $N00140                    0000000180017baf     zlibwapi.exp
 0002:00005bbf       $N00002                    0000000180017bbf     zlibwapi.exp
 0002:00005bc8       $N00039                    0000000180017bc8     zlibwapi.exp
 0002:00005bd2       $N00046                    0000000180017bd2     zlibwapi.exp
 0002:00005be0       $N00003                    0000000180017be0     zlibwapi.exp
 0002:00005be6       $N00142                    0000000180017be6     zlibwapi.exp
 0002:00005bf4       $N00004                    0000000180017bf4     zlibwapi.exp
 0002:00005bfc       $N00047                    0000000180017bfc     zlibwapi.exp
 0002:00005c09       $N00005                    0000000180017c09     zlibwapi.exp
 0002:00005c15       $N00006                    0000000180017c15     zlibwapi.exp
 0002:00005c20       $N00007                    0000000180017c20     zlibwapi.exp
 0002:00005c2e       $N00008                    0000000180017c2e     zlibwapi.exp
 0002:00005c3b       $N00009                    0000000180017c3b     zlibwapi.exp
 0002:00005c49       $N00052                    0000000180017c49     zlibwapi.exp
 0002:00005c58       $N00051                    0000000180017c58     zlibwapi.exp
 0002:00005c65       $N00010                    0000000180017c65     zlibwapi.exp
 0002:00005c72       $N00164                    0000000180017c72     zlibwapi.exp
 0002:00005c83       $N00011                    0000000180017c83     zlibwapi.exp
 0002:00005c98       $N00144                    0000000180017c98     zlibwapi.exp
 0002:00005ca9       $N00145                    0000000180017ca9     zlibwapi.exp
 0002:00005cb5       $N00110                    0000000180017cb5     zlibwapi.exp
 0002:00005cc9       $N00111                    0000000180017cc9     zlibwapi.exp
 0002:00005cdf       $N00112                    0000000180017cdf     zlibwapi.exp
 0002:00005cf6       $N00113                    0000000180017cf6     zlibwapi.exp
 0002:00005d0d       $N00038                    0000000180017d0d     zlibwapi.exp
 0002:00005d1b       $N00146                    0000000180017d1b     zlibwapi.exp
 0002:00005d24       $N00048                    0000000180017d24     zlibwapi.exp
 0002:00005d2f       $N00012                    0000000180017d2f     zlibwapi.exp
 0002:00005d37       $N00147                    0000000180017d37     zlibwapi.exp
 0002:00005d41       $N00148                    0000000180017d41     zlibwapi.exp
 0002:00005d4b       $N00149                    0000000180017d4b     zlibwapi.exp
 0002:00005d54       $N00013                    0000000180017d54     zlibwapi.exp
 0002:00005d5c       $N00034                    0000000180017d5c     zlibwapi.exp
 0002:00005d62       $N00014                    0000000180017d62     zlibwapi.exp
 0002:00005d6a       $N00015                    0000000180017d6a     zlibwapi.exp
 0002:00005d72       $N00030                    0000000180017d72     zlibwapi.exp
 0002:00005d79       $N00161                    0000000180017d79     zlibwapi.exp
 0002:00005d81       $N00041                    0000000180017d81     zlibwapi.exp
 0002:00005d88       $N00150                    0000000180017d88     zlibwapi.exp
 0002:00005d91       $N00016                    0000000180017d91     zlibwapi.exp
 0002:00005d98       $N00165                    0000000180017d98     zlibwapi.exp
 0002:00005da1       $N00028                    0000000180017da1     zlibwapi.exp
 0002:00005daa       $N00029                    0000000180017daa     zlibwapi.exp
 0002:00005db1       $N00040                    0000000180017db1     zlibwapi.exp
 0002:00005db8       $N00017                    0000000180017db8     zlibwapi.exp
 0002:00005dbf       $N00032                    0000000180017dbf     zlibwapi.exp
 0002:00005dc8       $N00031                    0000000180017dc8     zlibwapi.exp
 0002:00005dcf       $N00035                    0000000180017dcf     zlibwapi.exp
 0002:00005ddb       $N00033                    0000000180017ddb     zlibwapi.exp
 0002:00005de2       $N00049                    0000000180017de2     zlibwapi.exp
 0002:00005deb       $N00167                    0000000180017deb     zlibwapi.exp
 0002:00005df5       $N00018                    0000000180017df5     zlibwapi.exp
 0002:00005dfd       $N00019                    0000000180017dfd     zlibwapi.exp
 0002:00005e05       $N00044                    0000000180017e05     zlibwapi.exp
 0002:00005e11       $N00045                    0000000180017e11     zlibwapi.exp
 0002:00005e20       $N00043                    0000000180017e20     zlibwapi.exp
 0002:00005e31       $N00042                    0000000180017e31     zlibwapi.exp
 0002:00005e3d       $N00020                    0000000180017e3d     zlibwapi.exp
 0002:00005e48       $N00166                    0000000180017e48     zlibwapi.exp
 0002:00005e5d       $N00156                    0000000180017e5d     zlibwapi.exp
 0002:00005e6e       $N00021                    0000000180017e6e     zlibwapi.exp
 0002:00005e7c       $N00022                    0000000180017e7c     zlibwapi.exp
 0002:00005e89       $N00157                    0000000180017e89     zlibwapi.exp
 0002:00005e95       $N00158                    0000000180017e95     zlibwapi.exp
 0002:00005ea2       $N00023                    0000000180017ea2     zlibwapi.exp
 0002:00005eaf       $N00159                    0000000180017eaf     zlibwapi.exp
 0002:00005ebd       $N00163                    0000000180017ebd     zlibwapi.exp
 0002:00005ece       $N00024                    0000000180017ece     zlibwapi.exp
 0002:00005ee3       $N00025                    0000000180017ee3     zlibwapi.exp
 0002:00005eef       $N00037                    0000000180017eef     zlibwapi.exp
 0002:00005f00       $N00160                    0000000180017f00     zlibwapi.exp
 0002:00005f11       $N00026                    0000000180017f11     zlibwapi.exp
 0002:00005f1c       $N00062                    0000000180017f1c     zlibwapi.exp
 0002:00005f25       $N00072                    0000000180017f25     zlibwapi.exp
 0002:00005f39       $N00064                    0000000180017f39     zlibwapi.exp
 0002:00005f4f       $N00124                    0000000180017f4f     zlibwapi.exp
 0002:00005f67       $N00125                    0000000180017f67     zlibwapi.exp
 0002:00005f85       $N00100                    0000000180017f85     zlibwapi.exp
 0002:00005f93       $N00127                    0000000180017f93     zlibwapi.exp
 0002:00005fa3       $N00073                    0000000180017fa3     zlibwapi.exp
 0002:00005fb7       $N00063                    0000000180017fb7     zlibwapi.exp
 0002:00005fc8       $N00122                    0000000180017fc8     zlibwapi.exp
 0002:00005fdb       $N00076                    0000000180017fdb     zlibwapi.exp
 0002:00005ff1       $N00101                    0000000180017ff1     zlibwapi.exp
 0002:00006000       $N00128                    0000000180018000     zlibwapi.exp
 0002:00006011       $N00065                    0000000180018011     zlibwapi.exp
 0002:00006022       $N00066                    0000000180018022     zlibwapi.exp
 0002:00006032       $N00075                    0000000180018032     zlibwapi.exp
 0002:00006040       $N00061                    0000000180018040     zlibwapi.exp
 0002:00006048       $N00077                    0000000180018048     zlibwapi.exp
 0002:00006051       $N00121                    0000000180018051     zlibwapi.exp
 0002:0000605d       $N00120                    000000018001805d     zlibwapi.exp
 0002:00006067       $N00067                    0000000180018067     zlibwapi.exp
 0002:0000607a       $N00078                    000000018001807a     zlibwapi.exp
 0002:0000608e       $N00069                    000000018001808e     zlibwapi.exp
 0002:000060a2       $N00079                    00000001800180a2     zlibwapi.exp
 0002:000060bd       $N00068                    00000001800180bd     zlibwapi.exp
 0002:000060d0       $N00074                    00000001800180d0     zlibwapi.exp
 0002:000060e9       $N00071                    00000001800180e9     zlibwapi.exp
 0002:000060f0       $N00070                    00000001800180f0     zlibwapi.exp
 0002:000060f8       $N00126                    00000001800180f8     zlibwapi.exp
 0002:00006102       $N00036                    0000000180018102     zlibwapi.exp
 0002:00006109       $N00084                    0000000180018109     zlibwapi.exp
 0002:00006112       $N00083                    0000000180018112     zlibwapi.exp
 0002:00006124       $N00087                    0000000180018124     zlibwapi.exp
 0002:00006139       $N00136                    0000000180018139     zlibwapi.exp
 0002:00006150       $N00080                    0000000180018150     zlibwapi.exp
 0002:00006158       $N00088                    0000000180018158     zlibwapi.exp
 0002:00006161       $N00131                    0000000180018161     zlibwapi.exp
 0002:0000616d       $N00130                    000000018001816d     zlibwapi.exp
 0002:00006177       $N00081                    0000000180018177     zlibwapi.exp
 0002:0000618b       $N00086                    000000018001818b     zlibwapi.exp
 0002:000061a0       $N00133                    00000001800181a0     zlibwapi.exp
 0002:000061b8       $N00089                    00000001800181b8     zlibwapi.exp
 0002:000061cd       $N00134                    00000001800181cd     zlibwapi.exp
 0002:000061e5       $N00135                    00000001800181e5     zlibwapi.exp
 0002:000061fd       $N00132                    00000001800181fd     zlibwapi.exp
 0002:00006213       $N00082                    0000000180018213     zlibwapi.exp
 0002:00006227       $N00050                    0000000180018227     zlibwapi.exp
 0002:00006238       $N00027                    0000000180018238     zlibwapi.exp
 0002:0000649e       .idata$6                   000000018001849e     kernel32:KERNEL32.dll
 0002:00006590       .idata$6                   0000000180018590     MSVCRT:MSVCR120.dll
 0003:00000018       static_bl_desc             0000000180019018     trees.obj
 0003:00000038       static_d_desc              0000000180019038     trees.obj
 0003:00000058       static_l_desc              0000000180019058     trees.obj
 0003:00000080       __proc_attached            0000000180019080     MSVCRT:crtdll.obj
 0003:00000098       ?calls@?1??crypthead@@9@9  0000000180019098     zip.obj
 0004:00000000       $pdata$adler32_combine_    000000018001a000     adler32.obj
 0004:0000000c       $pdata$compress2           000000018001a00c     compress.obj
 0004:00000018       $pdata$0$compress2         000000018001a018     compress.obj
 0004:00000024       $pdata$2$compress2         000000018001a024     compress.obj
 0004:00000030       $pdata$3$compress2         000000018001a030     compress.obj
 0004:0000003c       $pdata$compress            000000018001a03c     compress.obj
 0004:00000048       $pdata$crc32_little        000000018001a048     crc32.obj
 0004:00000054       $pdata$0$crc32_little      000000018001a054     crc32.obj
 0004:00000060       $pdata$1$crc32_little      000000018001a060     crc32.obj
 0004:0000006c       $pdata$gf2_matrix_square   000000018001a06c     crc32.obj
 0004:00000078       $pdata$crc32_combine_      000000018001a078     crc32.obj
 0004:00000084       $pdata$deflateInit_        000000018001a084     deflate.obj
 0004:00000090       $pdata$deflateInit2_       000000018001a090     deflate.obj
 0004:0000009c       $pdata$1$deflateInit2_     000000018001a09c     deflate.obj
 0004:000000a8       $pdata$2$deflateInit2_     000000018001a0a8     deflate.obj
 0004:000000b4       $pdata$3$deflateInit2_     000000018001a0b4     deflate.obj
 0004:000000c0       $pdata$5$deflateInit2_     000000018001a0c0     deflate.obj
 0004:000000cc       $pdata$6$deflateInit2_     000000018001a0cc     deflate.obj
 0004:000000d8       $pdata$7$deflateInit2_     000000018001a0d8     deflate.obj
 0004:000000e4       $pdata$deflateSetDictionary 000000018001a0e4     deflate.obj
 0004:000000f0       $pdata$3$deflateSetDictionary 000000018001a0f0     deflate.obj
 0004:000000fc       $pdata$5$deflateSetDictionary 000000018001a0fc     deflate.obj
 0004:00000108       $pdata$6$deflateSetDictionary 000000018001a108     deflate.obj
 0004:00000114       $pdata$deflateResetKeep    000000018001a114     deflate.obj
 0004:00000120       $pdata$0$deflateResetKeep  000000018001a120     deflate.obj
 0004:0000012c       $pdata$1$deflateResetKeep  000000018001a12c     deflate.obj
 0004:00000138       $pdata$deflateReset        000000018001a138     deflate.obj
 0004:00000144       $pdata$deflatePrime        000000018001a144     deflate.obj
 0004:00000150       $pdata$deflateParams       000000018001a150     deflate.obj
 0004:0000015c       $pdata$0$deflateParams     000000018001a15c     deflate.obj
 0004:00000168       $pdata$1$deflateParams     000000018001a168     deflate.obj
 0004:00000174       $pdata$flush_pending       000000018001a174     deflate.obj
 0004:00000180       $pdata$0$flush_pending     000000018001a180     deflate.obj
 0004:0000018c       $pdata$1$flush_pending     000000018001a18c     deflate.obj
 0004:00000198       $pdata$deflate             000000018001a198     deflate.obj
 0004:000001a4       $pdata$1$deflate           000000018001a1a4     deflate.obj
 0004:000001b0       $pdata$2$deflate           000000018001a1b0     deflate.obj
 0004:000001bc       $pdata$3$deflate           000000018001a1bc     deflate.obj
 0004:000001c8       $pdata$5$deflate           000000018001a1c8     deflate.obj
 0004:000001d4       $pdata$6$deflate           000000018001a1d4     deflate.obj
[...]
 0004:00000438       $pdata$gzgets              000000018001a438     gzread.obj
 0004:00000444       $pdata$3$gzgets            000000018001a444     gzread.obj
 0004:00000450       $pdata$5$gzgets            000000018001a450     gzread.obj
 0004:0000045c       $pdata$6$gzgets            000000018001a45c     gzread.obj
 0004:00000468       $pdata$gzdirect            000000018001a468     gzread.obj
 0004:00000474       $pdata$gzclose_r           000000018001a474     gzread.obj
 0004:00000480       $pdata$gz_init             000000018001a480     gzwrite.obj
 0004:0000048c       $pdata$gz_comp             000000018001a48c     gzwrite.obj
 0004:00000498       $pdata$gz_zero             000000018001a498     gzwrite.obj
 0004:000004a4       $pdata$1$gz_zero           000000018001a4a4     gzwrite.obj
 0004:000004b0       $pdata$3$gz_zero           000000018001a4b0     gzwrite.obj
 0004:000004bc       $pdata$gzwrite             000000018001a4bc     gzwrite.obj
 0004:000004c8       $pdata$gzputc              000000018001a4c8     gzwrite.obj
 0004:000004d4       $pdata$gzputs              000000018001a4d4     gzwrite.obj
 0004:000004e0       $pdata$gzvprintf           000000018001a4e0     gzwrite.obj
 0004:000004ec       $pdata$gzprintf            000000018001a4ec     gzwrite.obj
 0004:000004f8       $pdata$gzflush             000000018001a4f8     gzwrite.obj
 0004:00000504       $pdata$gzsetparams         000000018001a504     gzwrite.obj
 0004:00000510       $pdata$gzclose_w           000000018001a510     gzwrite.obj
 0004:0000051c       $pdata$inflateBackInit_    000000018001a51c     infback.obj
 0004:00000528       $pdata$1$inflateBackInit_  000000018001a528     infback.obj
 0004:00000534       $pdata$3$inflateBackInit_  000000018001a534     infback.obj
 0004:00000540       $pdata$4$inflateBackInit_  000000018001a540     infback.obj
 0004:0000054c       $pdata$inflateBack         000000018001a54c     infback.obj
 0004:00000558       $pdata$3$inflateBack       000000018001a558     infback.obj
 0004:00000564       $pdata$4$inflateBack       000000018001a564     infback.obj
 0004:00000570       $pdata$inflateBackEnd      000000018001a570     infback.obj
 0004:0000057c       $pdata$inflate_fast        000000018001a57c     inffas8664.obj
 0004:00000588       $pdata$inflateReset2       000000018001a588     inflate.obj
 0004:00000594       $pdata$0$inflateReset2     000000018001a594     inflate.obj
 0004:000005a0       $pdata$2$inflateReset2     000000018001a5a0     inflate.obj
 0004:000005ac       $pdata$3$inflateReset2     000000018001a5ac     inflate.obj
 0004:000005b8       $pdata$inflateInit2_       000000018001a5b8     inflate.obj
 0004:000005c4       $pdata$1$inflateInit2_     000000018001a5c4     inflate.obj
 0004:000005d0       $pdata$3$inflateInit2_     000000018001a5d0     inflate.obj
 0004:000005dc       $pdata$4$inflateInit2_     000000018001a5dc     inflate.obj
 0004:000005e8       $pdata$updatewindow        000000018001a5e8     inflate.obj
 0004:000005f4       $pdata$0$updatewindow      000000018001a5f4     inflate.obj
 0004:00000600       $pdata$1$updatewindow      000000018001a600     inflate.obj
 0004:0000060c       $pdata$inflate             000000018001a60c     inflate.obj
 0004:00000618       $pdata$4$inflate           000000018001a618     inflate.obj
 0004:00000624       $pdata$6$inflate           000000018001a624     inflate.obj
 0004:00000630       $pdata$7$inflate           000000018001a630     inflate.obj
 0004:0000063c       $pdata$inflateEnd          000000018001a63c     inflate.obj
 0004:00000648       $pdata$inflateGetDictionary 000000018001a648     inflate.obj
 0004:00000654       $pdata$inflateSetDictionary 000000018001a654     inflate.obj
 0004:00000660       $pdata$syncsearch          000000018001a660     inflate.obj
 0004:0000066c       $pdata$inflateSync         000000018001a66c     inflate.obj
 0004:00000678       $pdata$1$inflateSync       000000018001a678     inflate.obj
 0004:00000684       $pdata$3$inflateSync       000000018001a684     inflate.obj
 0004:00000690       $pdata$4$inflateSync       000000018001a690     inflate.obj
 0004:0000069c       $pdata$inflateCopy         000000018001a69c     inflate.obj
 0004:000006a8       $pdata$1$inflateCopy       000000018001a6a8     inflate.obj
 0004:000006b4       $pdata$2$inflateCopy       000000018001a6b4     inflate.obj
 0004:000006c0       $pdata$3$inflateCopy       000000018001a6c0     inflate.obj
 0004:000006cc       $pdata$5$inflateCopy       000000018001a6cc     inflate.obj
 0004:000006d8       $pdata$6$inflateCopy       000000018001a6d8     inflate.obj
 0004:000006e4       $pdata$inflate_table       000000018001a6e4     inftrees.obj
 0004:000006f0       $pdata$0$inflate_table     000000018001a6f0     inftrees.obj
 0004:000006fc       $pdata$1$inflate_table     000000018001a6fc     inftrees.obj
 0004:00000708       $pdata$call_ztell64        000000018001a708     ioapi.obj
 0004:00000714       $pdata$fseek64_file_func   000000018001a714     ioapi.obj
 0004:00000720       $pdata$win32_build_iowin   000000018001a720     iowin32.obj
 0004:0000072c       $pdata$0$win32_build_iowin 000000018001a72c     iowin32.obj
 0004:00000738       $pdata$2$win32_build_iowin 000000018001a738     iowin32.obj
 0004:00000744       $pdata$3$win32_build_iowin 000000018001a744     iowin32.obj
 0004:00000750       $pdata$win32_open64_file_func 000000018001a750     iowin32.obj
 0004:00000750       $pdata$win32_open64_file_funcA 000000018001a750     iowin32.obj
 0004:00000750       $pdata$win32_open_file_func 000000018001a750     iowin32.obj
 0004:0000075c       $pdata$win32_open64_file_funcW 000000018001a75c     iowin32.obj
 0004:00000768       $pdata$win32_read_file_func 000000018001a768     iowin32.obj
 0004:00000774       $pdata$win32_write_file_func 000000018001a774     iowin32.obj
 0004:00000780       $pdata$MySetFilePointerEx  000000018001a780     iowin32.obj
 0004:0000078c       $pdata$win32_tell_file_func 000000018001a78c     iowin32.obj
 0004:00000798       $pdata$win32_tell64_file_func 000000018001a798     iowin32.obj
 0004:000007a4       $pdata$win32_seek_file_func 000000018001a7a4     iowin32.obj
 0004:000007b0       $pdata$win32_seek64_file_func 000000018001a7b0     iowin32.obj
 0004:000007bc       $pdata$win32_close_file_func 000000018001a7bc     iowin32.obj
 0004:000007c8       $pdata$pqdownheap          000000018001a7c8     trees.obj
 0004:000007d4       $pdata$0$pqdownheap        000000018001a7d4     trees.obj
 0004:000007e0       $pdata$2$pqdownheap        000000018001a7e0     trees.obj
 0004:000007ec       $pdata$3$pqdownheap        000000018001a7ec     trees.obj
 0004:000007f8       $pdata$gen_bitlen          000000018001a7f8     trees.obj
 0004:00000804       $pdata$2$gen_bitlen        000000018001a804     trees.obj
 0004:00000810       $pdata$3$gen_bitlen        000000018001a810     trees.obj
 0004:0000081c       $pdata$gen_codes           000000018001a81c     trees.obj
 0004:00000828       $pdata$build_tree          000000018001a828     trees.obj
 0004:00000834       $pdata$scan_tree           000000018001a834     trees.obj
 0004:00000840       $pdata$send_tree           000000018001a840     trees.obj
 0004:0000084c       $pdata$3$send_tree         000000018001a84c     trees.obj
 0004:00000858       $pdata$4$send_tree         000000018001a858     trees.obj
 0004:00000864       $pdata$build_bl_tree       000000018001a864     trees.obj
 0004:00000870       $pdata$send_all_trees      000000018001a870     trees.obj
 0004:0000087c       $pdata$_tr_flush_block     000000018001a87c     trees.obj
 0004:00000888       $pdata$compress_block      000000018001a888     trees.obj
 0004:00000894       $pdata$1$compress_block    000000018001a894     trees.obj
 0004:000008a0       $pdata$4$compress_block    000000018001a8a0     trees.obj
 0004:000008ac       $pdata$5$compress_block    000000018001a8ac     trees.obj
 0004:000008b8       $pdata$6$compress_block    000000018001a8b8     trees.obj
 0004:000008c4       $pdata$copy_block          000000018001a8c4     trees.obj
 0004:000008d0       $pdata$uncompress          000000018001a8d0     uncompr.obj
 0004:000008dc       $pdata$0$uncompress        000000018001a8dc     uncompr.obj
 0004:000008e8       $pdata$2$uncompress        000000018001a8e8     uncompr.obj
 0004:000008f4       $pdata$4$uncompress        000000018001a8f4     uncompr.obj
 0004:00000900       $pdata$5$uncompress        000000018001a900     uncompr.obj
 0004:0000090c       $pdata$unz64local_getByte  000000018001a90c     unzip.obj
 0004:0000090c       $pdata$zip64local_getByte  000000018001a90c     zip.obj
 0004:00000918       $pdata$unz64local_getShort 000000018001a918     unzip.obj
 0004:00000924       $pdata$unz64local_getLong  000000018001a924     unzip.obj
 0004:00000930       $pdata$unz64local_getLong64 000000018001a930     unzip.obj
 0004:0000093c       $pdata$unz64local_SearchCentralDir 000000018001a93c     unzip.obj
 0004:0000093c       $pdata$zip64local_SearchCentralDir 000000018001a93c     zip.obj
 0004:00000948       $pdata$0$unz64local_SearchCentralDir 000000018001a948     unzip.obj
 0004:00000948       $pdata$0$zip64local_SearchCentralDir 000000018001a948     zip.obj
 0004:00000954       $pdata$3$zip64local_SearchCentralDir 000000018001a954     zip.obj
 0004:00000954       $pdata$3$unz64local_SearchCentralDir 000000018001a954     unzip.obj
 0004:00000960       $pdata$5$zip64local_SearchCentralDir 000000018001a960     zip.obj
 0004:00000960       $pdata$5$unz64local_SearchCentralDir 000000018001a960     unzip.obj
 0004:0000096c       $pdata$6$unz64local_SearchCentralDir 000000018001a96c     unzip.obj
 0004:0000096c       $pdata$6$zip64local_SearchCentralDir 000000018001a96c     zip.obj
 0004:00000978       $pdata$unz64local_SearchCentralDir64 000000018001a978     unzip.obj
 0004:00000984       $pdata$2$unz64local_SearchCentralDir64 000000018001a984     unzip.obj
 0004:00000990       $pdata$3$unz64local_SearchCentralDir64 000000018001a990     unzip.obj
 0004:0000099c       $pdata$unzOpenInternal     000000018001a99c     unzip.obj
 0004:000009a8       $pdata$3$unzOpenInternal   000000018001a9a8     unzip.obj
 0004:000009b4       $pdata$4$unzOpenInternal   000000018001a9b4     unzip.obj
 0004:000009c0       $pdata$unzOpen2            000000018001a9c0     unzip.obj
 0004:000009cc       $pdata$unzOpen2_64         000000018001a9cc     unzip.obj
 0004:000009d8       $pdata$unzClose            000000018001a9d8     unzip.obj
 0004:000009e4       $pdata$unz64local_GetCurrentFileInfoInternal 000000018001a9e4     unzip.obj
 0004:000009f0       $pdata$unzGetCurrentFileInfo64 000000018001a9f0     unzip.obj
 0004:000009fc       $pdata$unzGetCurrentFileInfo 000000018001a9fc     unzip.obj
 0004:00000a08       $pdata$unzGoToFirstFile    000000018001aa08     unzip.obj
 0004:00000a14       $pdata$unzGoToNextFile     000000018001aa14     unzip.obj
 0004:00000a20       $pdata$unzLocateFile       000000018001aa20     unzip.obj
 0004:00000a2c       $pdata$3$unzLocateFile     000000018001aa2c     unzip.obj
 0004:00000a38       $pdata$5$unzLocateFile     000000018001aa38     unzip.obj
 0004:00000a44       $pdata$unzGetFilePos       000000018001aa44     unzip.obj
 0004:00000a50       $pdata$unzGoToFilePos64    000000018001aa50     unzip.obj
 0004:00000a5c       $pdata$0$unzGoToFilePos64  000000018001aa5c     unzip.obj
 0004:00000a68       $pdata$1$unzGoToFilePos64  000000018001aa68     unzip.obj
 0004:00000a74       $pdata$unzGoToFilePos      000000018001aa74     unzip.obj
 0004:00000a80       $pdata$unz64local_CheckCurrentFileCoherencyHeader 000000018001aa80     unzip.obj
 0004:00000a8c       $pdata$unzOpenCurrentFile3 000000018001aa8c     unzip.obj
 0004:00000a98       $pdata$0$unzOpenCurrentFile3 000000018001aa98     unzip.obj
 0004:00000aa4       $pdata$1$unzOpenCurrentFile3 000000018001aaa4     unzip.obj
 0004:00000ab0       $pdata$2$unzOpenCurrentFile3 000000018001aab0     unzip.obj
 0004:00000abc       $pdata$4$unzOpenCurrentFile3 000000018001aabc     unzip.obj
 0004:00000ac8       $pdata$unzOpenCurrentFile  000000018001aac8     unzip.obj
 0004:00000ad4       $pdata$unzOpenCurrentFilePassword 000000018001aad4     unzip.obj
 0004:00000ae0       $pdata$unzOpenCurrentFile2 000000018001aae0     unzip.obj
 0004:00000aec       $pdata$unzReadCurrentFile  000000018001aaec     unzip.obj
 0004:00000af8       $pdata$0$unzReadCurrentFile 000000018001aaf8     unzip.obj
 0004:00000b04       $pdata$2$unzReadCurrentFile 000000018001ab04     unzip.obj
 0004:00000b10       $pdata$4$unzReadCurrentFile 000000018001ab10     unzip.obj
 0004:00000b1c       $pdata$12$unzReadCurrentFile 000000018001ab1c     unzip.obj
 0004:00000b28       $pdata$14$unzReadCurrentFile 000000018001ab28     unzip.obj
 0004:00000b34       $pdata$unzGetLocalExtrafield 000000018001ab34     unzip.obj
 0004:00000b40       $pdata$0$unzGetLocalExtrafield 000000018001ab40     unzip.obj
 0004:00000b4c       $pdata$2$unzGetLocalExtrafield 000000018001ab4c     unzip.obj
 0004:00000b58       $pdata$4$unzGetLocalExtrafield 000000018001ab58     unzip.obj
 0004:00000b64       $pdata$6$unzGetLocalExtrafield 000000018001ab64     unzip.obj
 0004:00000b70       $pdata$8$unzGetLocalExtrafield 000000018001ab70     unzip.obj
 0004:00000b7c       $pdata$unzCloseCurrentFile 000000018001ab7c     unzip.obj
 0004:00000b88       $pdata$0$unzCloseCurrentFile 000000018001ab88     unzip.obj
 0004:00000b94       $pdata$2$unzCloseCurrentFile 000000018001ab94     unzip.obj
 0004:00000ba0       $pdata$unzGetGlobalComment 000000018001aba0     unzip.obj
 0004:00000bac       $pdata$update_keys         000000018001abac     zip.obj
 0004:00000bb8       $pdata$init_keys           000000018001abb8     zip.obj
 0004:00000bc4       $pdata$crypthead           000000018001abc4     zip.obj
 0004:00000bd0       $pdata$allocate_new_datablock 000000018001abd0     zip.obj
 0004:00000bdc       $pdata$free_datablock      000000018001abdc     zip.obj
 0004:00000be8       $pdata$0$free_datablock    000000018001abe8     zip.obj
 0004:00000bf4       $pdata$1$free_datablock    000000018001abf4     zip.obj
 0004:00000c00       $pdata$free_linkedlist     000000018001ac00     zip.obj
 0004:00000c0c       $pdata$add_data_in_datablock 000000018001ac0c     zip.obj
 0004:00000c18       $pdata$0$add_data_in_datablock 000000018001ac18     zip.obj
 0004:00000c24       $pdata$2$add_data_in_datablock 000000018001ac24     zip.obj
 0004:00000c30       $pdata$zip64local_putValue 000000018001ac30     zip.obj
 0004:00000c3c       $pdata$0$zip64local_putValue 000000018001ac3c     zip.obj
 0004:00000c48       $pdata$1$zip64local_putValue 000000018001ac48     zip.obj
 0004:00000c54       $pdata$zip64local_putValue_inmemory 000000018001ac54     zip.obj
 0004:00000c60       $pdata$zip64local_getShort 000000018001ac60     zip.obj
 0004:00000c6c       $pdata$zip64local_getLong  000000018001ac6c     zip.obj
 0004:00000c78       $pdata$zip64local_getLong64 000000018001ac78     zip.obj
 0004:00000c84       $pdata$zip64local_SearchCentralDir64 000000018001ac84     zip.obj
 0004:00000c90       $pdata$2$zip64local_SearchCentralDir64 000000018001ac90     zip.obj
 0004:00000c9c       $pdata$3$zip64local_SearchCentralDir64 000000018001ac9c     zip.obj
 0004:00000ca8       $pdata$LoadCentralDirectoryRecord 000000018001aca8     zip.obj
 0004:00000cb4       $pdata$zipOpen3            000000018001acb4     zip.obj
 0004:00000cc0       $pdata$zipOpen2            000000018001acc0     zip.obj
 0004:00000ccc       $pdata$zipOpen2_64         000000018001accc     zip.obj
 0004:00000cd8       $pdata$Write_LocalFileHeader 000000018001acd8     zip.obj
 0004:00000ce4       $pdata$0$Write_LocalFileHeader 000000018001ace4     zip.obj
 0004:00000cf0       $pdata$1$Write_LocalFileHeader 000000018001acf0     zip.obj
 0004:00000cfc       $pdata$zipOpenNewFileInZip4_64 000000018001acfc     zip.obj
 0004:00000d08       $pdata$0$zipOpenNewFileInZip4_64 000000018001ad08     zip.obj
 0004:00000d14       $pdata$2$zipOpenNewFileInZip4_64 000000018001ad14     zip.obj
 0004:00000d20       $pdata$6$zipOpenNewFileInZip4_64 000000018001ad20     zip.obj
 0004:00000d2c       $pdata$7$zipOpenNewFileInZip4_64 000000018001ad2c     zip.obj
 0004:00000d38       $pdata$zipOpenNewFileInZip3 000000018001ad38     zip.obj
 0004:00000d44       $pdata$zipOpenNewFileInZip3_64 000000018001ad44     zip.obj
 0004:00000d50       $pdata$zipOpenNewFileInZip2 000000018001ad50     zip.obj
 0004:00000d5c       $pdata$zipOpenNewFileInZip2_64 000000018001ad5c     zip.obj
 0004:00000d68       $pdata$zipOpenNewFileInZip64 000000018001ad68     zip.obj
 0004:00000d74       $pdata$zipOpenNewFileInZip 000000018001ad74     zip.obj
 0004:00000d80       $pdata$zip64FlushWriteBuffer 000000018001ad80     zip.obj
 0004:00000d8c       $pdata$0$zip64FlushWriteBuffer 000000018001ad8c     zip.obj
 0004:00000d98       $pdata$2$zip64FlushWriteBuffer 000000018001ad98     zip.obj
 0004:00000da4       $pdata$3$zip64FlushWriteBuffer 000000018001ada4     zip.obj
 0004:00000db0       $pdata$4$zip64FlushWriteBuffer 000000018001adb0     zip.obj
 0004:00000dbc       $pdata$zipWriteInFileInZip 000000018001adbc     zip.obj
 0004:00000dc8       $pdata$0$zipWriteInFileInZip 000000018001adc8     zip.obj
 0004:00000dd4       $pdata$1$zipWriteInFileInZip 000000018001add4     zip.obj
 0004:00000de0       $pdata$2$zipWriteInFileInZip 000000018001ade0     zip.obj
 0004:00000dec       $pdata$zipCloseFileInZipRaw64 000000018001adec     zip.obj
 0004:00000df8       $pdata$Write_Zip64EndOfCentralDirectoryLocator 000000018001adf8     zip.obj
 0004:00000e04       $pdata$Write_Zip64EndOfCentralDirectoryRecord 000000018001ae04     zip.obj
 0004:00000e10       $pdata$Write_EndOfCentralDirectoryRecord 000000018001ae10     zip.obj
 0004:00000e1c       $pdata$Write_GlobalComment 000000018001ae1c     zip.obj
 0004:00000e28       $pdata$zipClose            000000018001ae28     zip.obj
 0004:00000e34       $pdata$0$zipClose          000000018001ae34     zip.obj
 0004:00000e40       $pdata$1$zipClose          000000018001ae40     zip.obj
 0004:00000e4c       $pdata$2$zipClose          000000018001ae4c     zip.obj
 0004:00000e58       $pdata$3$zipClose          000000018001ae58     zip.obj
 0004:00000e64       $pdata$4$zipClose          000000018001ae64     zip.obj
 0004:00000e70       $pdata$5$zipClose          000000018001ae70     zip.obj
 0004:00000e7c       $pdata$pre_c_init          000000018001ae7c     MSVCRT:crtdll.obj
 0004:00000e88       $pdata$_CRT_INIT           000000018001ae88     MSVCRT:crtdll.obj
 0004:00000e94       $pdata$_DllMainCRTStartup  000000018001ae94     MSVCRT:crtdll.obj
 0004:00000ea0       $pdata$__DllMainCRTStartup 000000018001aea0     MSVCRT:crtdll.obj
 0004:00000eac       $pdata$_IsNonwritableInCurrentImage 000000018001aeac     MSVCRT:pesect.obj
 0004:00000eb8       $pdata$__atonexitinit      000000018001aeb8     MSVCRT:atonexit.obj
 0004:00000ec4       $pdata$_onexit             000000018001aec4     MSVCRT:atonexit.obj
 0004:00000ed0       $pdata$atexit              000000018001aed0     MSVCRT:atonexit.obj
 0004:00000edc       $pdata$__security_init_cookie 000000018001aedc     MSVCRT:gs_support.obj
 0004:00000ee8       $pdata$DllMain             000000018001aee8     MSVCRT:dllmain.obj
 0004:00000ef4       $pdata$_RTC_Initialize     000000018001aef4     MSVCRT:initsect.obj
 0004:00000f00       $pdata$_RTC_Terminate      000000018001af00     MSVCRT:initsect.obj
 0004:00000f18       $pdata$__DllMainCRTStartup$filt$0 000000018001af18     MSVCRT:crtdll.obj
 0004:00000f24       $pdata$__DllMainCRTStartup$fin$1 000000018001af24     MSVCRT:crtdll.obj
 0004:00000f30       $pdata$_IsNonwritableInCurrentImage$filt$0 000000018001af30     MSVCRT:pesect.obj
 0004:00000f3c       $pdata$_onexit$fin$0       000000018001af3c     MSVCRT:atonexit.obj
 0005:00000060       $R000000                   000000018001b060     zlib.res
