 zlibwapi

 Timestamp is 55a143a4 (Sat Jul 11 11:26:12 2015)

 Preferred load address is 10000000

 Start         Length     Name                   Class
 0001:00000000 0000f318H .text$mn                CODE
 0002:00000000 000000ecH .idata$5                DATA
 0002:000000ec 00000004H .CRT$XCA                DATA
 0002:000000f0 00000004H .CRT$XCZ                DATA
 0002:000000f4 00000004H .CRT$XIA                DATA
 0002:000000f8 00000004H .CRT$XIAA               DATA
 0002:000000fc 00000004H .CRT$XIC                DATA
 0002:00000100 00000004H .CRT$XIZ                DATA
 0002:00000110 00004198H .rdata                  DATA
 0002:000042a8 00000004H .rtc$IAA                DATA
 0002:000042ac 00000004H .rtc$IZZ                DATA
 0002:000042b0 00000004H .rtc$TAA                DATA
 0002:000042b4 00000004H .rtc$TZZ                DATA
 0002:000042b8 00000064H .xdata$x                DATA
 0002:00004320 00000c44H .edata                  DATA
 0002:00004f64 00000028H .idata$2                DATA
 0002:00004f8c 00000014H .idata$3                DATA
 0002:00004fa0 000000ecH .idata$4                DATA
 0002:0000508c 00000362H .idata$6                DATA
 0003:00000000 00000050H .data                   DATA
 0003:00000050 00000348H .bss                    DATA
 0004:00000000 00000058H .rsrc$01                DATA
 0004:00000060 00000338H .rsrc$02                DATA

  Address         Publics by Value              Rva+Base       Lib:Object

 0000:00000000       ___guard_fids_table        00000000     <absolute>
 0000:00000000       ___safe_se_handler_table   00000000     <absolute>
 0000:00000000       ___safe_se_handler_count   00000000     <absolute>
 0000:00000000       ___guard_fids_count        00000000     <absolute>
 0000:00000000       ___guard_flags             00000000     <absolute>
 0000:00000000       ___ImageBase               10000000     <linker-defined>
 0001:00000000       _adler32@12                10001000 f   adler32.obj
 0001:00000340       _adler32_combine@12        10001340 f   adler32.obj
 0001:00000360       _compress2@20              10001360 f   compress.obj
 0001:00000410       _compress@16               10001410 f   compress.obj
 0001:00000430       _compressBound@4           10001430 f   compress.obj
 0001:00000450       _get_crc_table@0           10001450 f   crc32.obj
 0001:00000460       _crc32@12                  10001460 f   crc32.obj
 0001:000008a0       _crc32_combine@12          100018a0 f   crc32.obj
 0001:000008c0       _deflateInit_@16           100018c0 f   deflate.obj
 0001:000008e0       _deflateInit2_@32          100018e0 f   deflate.obj
 0001:00000b10       _deflateSetDictionary@12   10001b10 f   deflate.obj
 0001:00000cb0       _deflateResetKeep@4        10001cb0 f   deflate.obj
 0001:00000d60       _deflateReset@4            10001d60 f   deflate.obj
 0001:00000d90       _deflateSetHeader@8        10001d90 f   deflate.obj
 0001:00000dc0       _deflatePending@12         10001dc0 f   deflate.obj
 0001:00000e00       _deflatePrime@12           10001e00 f   deflate.obj
 0001:00000e90       _deflateParams@12          10001e90 f   deflate.obj
 0001:00000f90       _deflateTune@20            10001f90 f   deflate.obj
 0001:00000fe0       _deflateBound@8            10001fe0 f   deflate.obj
 0001:00001150       _deflate@8                 10002150 f   deflate.obj
 0001:000019c0       _deflateEnd@4              100029c0 f   deflate.obj
 0001:00001aa0       _deflateCopy@8             10002aa0 f   deflate.obj
 0001:00002d70       _gzclose@4                 10003d70 f   gzclose.obj
 0001:00003100       _gzopen@8                  10004100 f   gzlib.obj
 0001:00003120       _gzdopen@8                 10004120 f   gzlib.obj
 0001:00003180       _gzopen_w@8                10004180 f   gzlib.obj
 0001:000031a0       _gzbuffer@8                100041a0 f   gzlib.obj
 0001:000031e0       _gzrewind@4                100041e0 f   gzlib.obj
 0001:00003240       _gzseek64@16               10004240 f   gzlib.obj
 0001:000033d0       _gzseek@12                 100043d0 f   gzlib.obj
 0001:00003410       _gztell64@4                10004410 f   gzlib.obj
 0001:00003470       _gztell@4                  10004470 f   gzlib.obj
 0001:000034a0       _gzoffset64@4              100044a0 f   gzlib.obj
 0001:000034f0       _gzoffset@4                100044f0 f   gzlib.obj
 0001:00003520       _gzeof@4                   10004520 f   gzlib.obj
 0001:00003560       _gzerror@8                 10004560 f   gzlib.obj
 0001:000035b0       _gzclearerr@4              100045b0 f   gzlib.obj
 0001:000035f0       _gz_error                  100045f0 f   gzlib.obj
 0001:00003b50       _gzread@12                 10004b50 f   gzread.obj
 0001:00003ca0       _gzgetc@4                  10004ca0 f   gzread.obj
 0001:00003d00       _gzgetc_@4                 10004d00 f   gzread.obj
 0001:00003d10       _gzungetc@8                10004d10 f   gzread.obj
 0001:00003df0       _gzgets@12                 10004df0 f   gzread.obj
 0001:00003f00       _gzdirect@4                10004f00 f   gzread.obj
 0001:00003f40       _gzclose_r@4               10004f40 f   gzread.obj
 0001:000042b0       _gzwrite@12                100052b0 f   gzwrite.obj
 0001:000043d0       _gzputc@8                  100053d0 f   gzwrite.obj
 0001:00004480       _gzputs@8                  10005480 f   gzwrite.obj
 0001:000044c0       _gzvprintf                 100054c0 f   gzwrite.obj
 0001:00004580       _gzprintf                  10005580 f   gzwrite.obj
 0001:000045a0       _gzflush@8                 100055a0 f   gzwrite.obj
 0001:00004610       _gzsetparams@12            10005610 f   gzwrite.obj
 0001:000046c0       _gzclose_w@4               100056c0 f   gzwrite.obj
 0001:00004780       _inflateBackInit_@20       10005780 f   infback.obj
 0001:00004880       _inflateBack@20            10005880 f   infback.obj
 0001:00005680       _inflateBackEnd@4          10006680 f   infback.obj
 0001:000056c0       _inflate_fast              100066c0 f   inffast.obj
 0001:00005af0       _inflateResetKeep@4        10006af0 f   inflate.obj
 0001:00005ba0       _inflateReset@4            10006ba0 f   inflate.obj
 0001:00005be0       _inflateReset2@8           10006be0 f   inflate.obj
 0001:00005c70       _inflateInit2_@16          10006c70 f   inflate.obj
 0001:00005d30       _inflateInit_@12           10006d30 f   inflate.obj
 0001:00005d50       _inflatePrime@12           10006d50 f   inflate.obj
 0001:00005ee0       _inflate@8                 10006ee0 f   inflate.obj
 0001:000075b0       _inflateEnd@4              100085b0 f   inflate.obj
 0001:00007600       _inflateGetDictionary@12   10008600 f   inflate.obj
 0001:00007670       _inflateSetDictionary@12   10008670 f   inflate.obj
 0001:00007710       _inflateGetHeader@8        10008710 f   inflate.obj
 0001:000077d0       _inflateSync@4             100087d0 f   inflate.obj
 0001:000078c0       _inflateSyncPoint@4        100088c0 f   inflate.obj
 0001:00007900       _inflateCopy@8             10008900 f   inflate.obj
 0001:00007a70       _inflateUndermine@8        10008a70 f   inflate.obj
 0001:00007aa0       _inflateMark@4             10008aa0 f   inflate.obj
 0001:00007b10       _inflate_table             10008b10 f   inftrees.obj
 0001:00007ef0       _call_zopen64              10008ef0 f   ioapi.obj
 0001:00007f10       _call_zseek64              10008f10 f   ioapi.obj
 0001:00007f70       _call_ztell64              10008f70 f   ioapi.obj
 0001:00007fa0       _fill_zlib_filefunc64_32_def_from_filefunc32 10008fa0 f   ioapi.obj
 0001:00008130       _fill_fopen64_filefunc     10009130 f   ioapi.obj
 0001:00008220       _win32_open_file_func      10009220 f   iowin32.obj
 0001:00008220       _win32_open64_file_funcA   10009220 f   iowin32.obj
 0001:00008220       _win32_open64_file_func    10009220 f   iowin32.obj
 0001:00008290       _win32_open64_file_funcW   10009290 f   iowin32.obj
 0001:000082e0       _win32_read_file_func      100092e0 f   iowin32.obj
 0001:00008330       _win32_write_file_func     10009330 f   iowin32.obj
 0001:000083a0       _win32_tell_file_func      100093a0 f   iowin32.obj
 0001:00008400       _win32_tell64_file_func    10009400 f   iowin32.obj
 0001:00008460       _win32_seek_file_func      10009460 f   iowin32.obj
 0001:000084e0       _win32_seek64_file_func    100094e0 f   iowin32.obj
 0001:00008550       _win32_close_file_func     10009550 f   iowin32.obj
 0001:00008580       _win32_error_file_func     10009580 f   iowin32.obj
 0001:000085a0       _fill_win32_filefunc       100095a0 f   iowin32.obj
 0001:000085e0       _fill_win32_filefunc64     100095e0 f   iowin32.obj
 0001:000085e0       _fill_win32_filefunc64A    100095e0 f   iowin32.obj
 0001:00008620       _fill_win32_filefunc64W    10009620 f   iowin32.obj
 0001:00008660       __tr_init                  10009660 f   trees.obj
 0001:000095f0       __tr_stored_block          1000a5f0 f   trees.obj
 0001:000096a0       __tr_flush_bits            1000a6a0 f   trees.obj
 0001:000096b0       __tr_align                 1000a6b0 f   trees.obj
 0001:000097a0       __tr_flush_block           1000a7a0 f   trees.obj
 0001:00009f90       _uncompress@16             1000af90 f   uncompr.obj
 0001:0000a370       _unzStringFileNameCompare@12 1000b370 f   unzip.obj
 0001:0000ac30       _unzOpen2@8                1000bc30 f   unzip.obj
 0001:0000ac80       _unzOpen2_64@8             1000bc80 f   unzip.obj
 0001:0000ace0       _unzOpen@4                 1000bce0 f   unzip.obj
 0001:0000ad00       _unzOpen64@4               1000bd00 f   unzip.obj
 0001:0000ad20       _unzClose@4                1000bd20 f   unzip.obj
 0001:0000ad60       _unzGetGlobalInfo64@8      1000bd60 f   unzip.obj
 0001:0000ad90       _unzGetGlobalInfo@8        1000bd90 f   unzip.obj
 0001:0000b410       _unzGetCurrentFileInfo64@32 1000c410 f   unzip.obj
 0001:0000b440       _unzGetCurrentFileInfo@32  1000c440 f   unzip.obj
 0001:0000b500       _unzGoToFirstFile@4        1000c500 f   unzip.obj
 0001:0000b570       _unzGoToNextFile@4         1000c570 f   unzip.obj
 0001:0000b620       _unzLocateFile@12          1000c620 f   unzip.obj
 0001:0000b7e0       _unzGetFilePos64@8         1000c7e0 f   unzip.obj
 0001:0000b830       _unzGetFilePos@8           1000c830 f   unzip.obj
 0001:0000b860       _unzGoToFilePos64@8        1000c860 f   unzip.obj
 0001:0000b8d0       _unzGoToFilePos@8          1000c8d0 f   unzip.obj
 0001:0000bb70       _unzOpenCurrentFile3@20    1000cb70 f   unzip.obj
 0001:0000bdf0       _unzOpenCurrentFile@4      1000cdf0 f   unzip.obj
 0001:0000be10       _unzOpenCurrentFilePassword@8 1000ce10 f   unzip.obj
 0001:0000be30       _unzOpenCurrentFile2@16    1000ce30 f   unzip.obj
 0001:0000be50       _unzGetCurrentFileZStreamPos64@4 1000ce50 f   unzip.obj
 0001:0000be90       _unzReadCurrentFile@12     1000ce90 f   unzip.obj
 0001:0000c150       _unztell@4                 1000d150 f   unzip.obj
 0001:0000c180       _unztell64@4               1000d180 f   unzip.obj
 0001:0000c1b0       _unzeof@4                  1000d1b0 f   unzip.obj
 0001:0000c1f0       _unzGetLocalExtrafield@12  1000d1f0 f   unzip.obj
 0001:0000c2c0       _unzCloseCurrentFile@4     1000d2c0 f   unzip.obj
 0001:0000c360       _unzGetGlobalComment@12    1000d360 f   unzip.obj
 0001:0000cd50       _LoadCentralDirectoryRecord 1000dd50 f   zip.obj
 0001:0000d200       _zipOpen3@16               1000e200 f   zip.obj
 0001:0000d380       _zipOpen2@16               1000e380 f   zip.obj
 0001:0000d3d0       _zipOpen2_64@16            1000e3d0 f   zip.obj
 0001:0000d430       _zipOpen@8                 1000e430 f   zip.obj
 0001:0000d430       _zipOpen64@8               1000e430 f   zip.obj
 0001:0000d450       _Write_LocalFileHeader     1000e450 f   zip.obj
 0001:0000d660       _zipOpenNewFileInZip4_64@76 1000e660 f   zip.obj
 0001:0000db40       _zipOpenNewFileInZip3@64   1000eb40 f   zip.obj
 0001:0000db90       _zipOpenNewFileInZip3_64@68 1000eb90 f   zip.obj
 0001:0000dbe0       _zipOpenNewFileInZip2@44   1000ebe0 f   zip.obj
 0001:0000dc20       _zipOpenNewFileInZip2_64@48 1000ec20 f   zip.obj
 0001:0000dc60       _zipOpenNewFileInZip64@44  1000ec60 f   zip.obj
 0001:0000dca0       _zipOpenNewFileInZip@40    1000eca0 f   zip.obj
 0001:0000dda0       _zipWriteInFileInZip@12    1000eda0 f   zip.obj
 0001:0000dea0       _zipCloseFileInZipRaw@12   1000eea0 f   zip.obj
 0001:0000dec0       _zipCloseFileInZipRaw64@16 1000eec0 f   zip.obj
 0001:0000e3b0       _zipCloseFileInZip@4       1000f3b0 f   zip.obj
 0001:0000e3d0       _Write_Zip64EndOfCentralDirectoryLocator 1000f3d0 f   zip.obj
 0001:0000e450       _Write_Zip64EndOfCentralDirectoryRecord 1000f450 f   zip.obj
 0001:0000e570       _Write_EndOfCentralDirectoryRecord 1000f570 f   zip.obj
 0001:0000e6b0       _Write_GlobalComment       1000f6b0 f   zip.obj
 0001:0000e720       _zipClose@8                1000f720 f   zip.obj
 0001:0000e8b0       _zlibVersion@0             1000f8b0 f   zutil.obj
 0001:0000e8c0       _zlibCompileFlags@0        1000f8c0 f   zutil.obj
 0001:0000e8d0       _zError@4                  1000f8d0 f   zutil.obj
 0001:0000e8f0       _zcalloc                   1000f8f0 f   zutil.obj
 0001:0000e910       _zcfree                    1000f910 f   zutil.obj
 0001:0000e96d       __CRT_INIT@12              1000f96d f   MSVCRT:crtdll.obj
 0001:0000eb64       __DllMainCRTStartup@12     1000fb64 f   MSVCRT:crtdll.obj
 0001:0000ecba       ___CppXcptFilter           1000fcba f   MSVCRT:MSVCR120.dll
 0001:0000ecc0       __amsg_exit                1000fcc0 f   MSVCRT:MSVCR120.dll
 0001:0000ecd0       __FindPESection            1000fcd0 f   MSVCRT:pesect.obj
 0001:0000ed20       __IsNonwritableInCurrentImage 1000fd20 f   MSVCRT:pesect.obj
 0001:0000ede0       __ValidateImageBase        1000fde0 f   MSVCRT:pesect.obj
 0001:0000ee11       ___atonexitinit            1000fe11 f   MSVCRT:atonexit.obj
 0001:0000ee4d       __onexit                   1000fe4d f   MSVCRT:atonexit.obj
 0001:0000eef6       _atexit                    1000fef6 f   MSVCRT:atonexit.obj
 0001:0000ef0b       ___security_init_cookie    1000ff0b f   MSVCRT:gs_support.obj
 0001:0000efa7       _DllMain@12                1000ffa7 f   MSVCRT:dllmain.obj
 0001:0000efc9       __RTC_Initialize           1000ffc9 f   MSVCRT:initsect.obj
 0001:0000efe9       __RTC_Terminate            1000ffe9 f   MSVCRT:initsect.obj
 0001:0000f00a       __initterm                 1001000a f   MSVCRT:MSVCR120.dll
 0001:0000f010       __initterm_e               10010010 f   MSVCRT:MSVCR120.dll
 0001:0000f016       ___clean_type_info_names   10010016 f   MSVCRT:tncleanup.obj
 0001:0000f030       __SEH_prolog4              10010030 f   MSVCRT:sehprolg4.obj
 0001:0000f075       __SEH_epilog4              10010075 f   MSVCRT:sehprolg4.obj
 0001:0000f089       __except_handler4          10010089 f   MSVCRT:chandler4gs.obj
 0001:0000f0ac       __lock                     100100ac f   MSVCRT:MSVCR120.dll
 0001:0000f0b2       __unlock                   100100b2 f   MSVCRT:MSVCR120.dll
 0001:0000f0b8       ___dllonexit               100100b8 f   MSVCRT:MSVCR120.dll
 0001:0000f0be       ___clean_type_info_names_internal 100100be f   MSVCRT:MSVCR120.dll
 0001:0000f0c4       @__security_check_cookie@4 100100c4 f   MSVCRT:secchk.obj
 0001:0000f0d4       __except_handler4_common   100100d4 f   MSVCRT:MSVCR120.dll
 0001:0000f0da       ___raise_securityfailure   100100da f   MSVCRT:gs_report.obj
 0001:0000f117       ___report_gsfailure        10010117 f   MSVCRT:gs_report.obj
 0001:0000f212       __crt_debugger_hook        10010212 f   MSVCRT:MSVCR120.dll
 0001:0000f218       ___crtUnhandledException   10010218 f   MSVCRT:MSVCR120.dll
 0001:0000f21e       ___crtTerminateProcess     1001021e f   MSVCRT:MSVCR120.dll
 0001:0000f224       _IsProcessorFeaturePresent@4 10010224 f   kernel32:KERNEL32.dll
 0001:0000f230       __alldiv                   10010230 f   MSVCRT:lldiv.obj
 0001:0000f2e0       __alloca_probe             100102e0 f   MSVCRT:chkstk.obj
 0001:0000f2e0       __chkstk                   100102e0 f   MSVCRT:chkstk.obj
 0001:0000f30c       _memcpy                    1001030c f   MSVCRT:MSVCR120.dll
 0001:0000f312       _memset                    10010312 f   MSVCRT:MSVCR120.dll
 0002:00000000       __imp__CreateFile2@20      10011000     kernel32:KERNEL32.dll
 0002:00000004       __imp__SetFilePointerEx@20 10011004     kernel32:KERNEL32.dll
 0002:00000008       __imp__WriteFile@20        10011008     kernel32:KERNEL32.dll
 0002:0000000c       __imp__ReadFile@20         1001100c     kernel32:KERNEL32.dll
 0002:00000010       __imp__MultiByteToWideChar@24 10011010     kernel32:KERNEL32.dll
 0002:00000014       __imp__GetLastError@0      10011014     kernel32:KERNEL32.dll
 0002:00000018       __imp__CloseHandle@4       10011018     kernel32:KERNEL32.dll
 0002:0000001c       __imp__IsDebuggerPresent@0 1001101c     kernel32:KERNEL32.dll
 0002:00000020       __imp__DisableThreadLibraryCalls@4 10011020     kernel32:KERNEL32.dll
 0002:00000024       __imp__GetSystemTimeAsFileTime@4 10011024     kernel32:KERNEL32.dll
 0002:00000028       __imp__GetCurrentThreadId@0 10011028     kernel32:KERNEL32.dll
 0002:0000002c       __imp__GetCurrentProcessId@0 1001102c     kernel32:KERNEL32.dll
 0002:00000030       __imp__QueryPerformanceCounter@4 10011030     kernel32:KERNEL32.dll
 0002:00000034       __imp__DecodePointer@4     10011034     kernel32:KERNEL32.dll
 0002:00000038       __imp__EncodePointer@4     10011038     kernel32:KERNEL32.dll
 0002:0000003c       __imp__IsProcessorFeaturePresent@4 1001103c     kernel32:KERNEL32.dll
 0002:00000040       \177KERNEL32_NULL_THUNK_DATA 10011040     kernel32:KERNEL32.dll
 0002:00000044       __imp___errno              10011044     MSVCRT:MSVCR120.dll
 0002:00000048       __imp___read               10011048     MSVCRT:MSVCR120.dll
 0002:0000004c       __imp___close              1001104c     MSVCRT:MSVCR120.dll
 0002:00000050       __imp___write              10011050     MSVCRT:MSVCR120.dll
 0002:00000054       __imp___ftelli64           10011054     MSVCRT:MSVCR120.dll
 0002:00000058       __imp___fseeki64           10011058     MSVCRT:MSVCR120.dll
 0002:0000005c       __imp__fopen               1001105c     MSVCRT:MSVCR120.dll
 0002:00000060       __imp__fread               10011060     MSVCRT:MSVCR120.dll
 0002:00000064       __imp__ferror              10011064     MSVCRT:MSVCR120.dll
 0002:00000068       __imp__fwrite              10011068     MSVCRT:MSVCR120.dll
 0002:0000006c       __imp__memchr              1001106c     MSVCRT:MSVCR120.dll
 0002:00000070       __imp__rand                10011070     MSVCRT:MSVCR120.dll
 0002:00000074       __imp__srand               10011074     MSVCRT:MSVCR120.dll
 0002:00000078       __imp___time64             10011078     MSVCRT:MSVCR120.dll
 0002:0000007c       __imp__vsnprintf           1001107c     MSVCRT:MSVCR120.dll
 0002:0000007c       __imp___vsnprintf          1001107c     MSVCRT:MSVCR120.dll
 0002:00000080       __imp____CppXcptFilter     10011080     MSVCRT:MSVCR120.dll
 0002:00000084       __imp___amsg_exit          10011084     MSVCRT:MSVCR120.dll
 0002:00000088       __imp___malloc_crt         10011088     MSVCRT:MSVCR120.dll
 0002:0000008c       __imp___initterm           1001108c     MSVCRT:MSVCR120.dll
 0002:00000090       __imp___initterm_e         10011090     MSVCRT:MSVCR120.dll
 0002:00000094       __imp___lock               10011094     MSVCRT:MSVCR120.dll
 0002:00000098       __imp___unlock             10011098     MSVCRT:MSVCR120.dll
 0002:0000009c       __imp___calloc_crt         1001109c     MSVCRT:MSVCR120.dll
 0002:000000a0       __imp____dllonexit         100110a0     MSVCRT:MSVCR120.dll
 0002:000000a4       __imp___onexit             100110a4     MSVCRT:MSVCR120.dll
 0002:000000a8       __imp____clean_type_info_names_internal 100110a8     MSVCRT:MSVCR120.dll
 0002:000000ac       __imp___except_handler4_common 100110ac     MSVCRT:MSVCR120.dll
 0002:000000b0       __imp___crt_debugger_hook  100110b0     MSVCRT:MSVCR120.dll
 0002:000000b4       __imp____crtUnhandledException 100110b4     MSVCRT:MSVCR120.dll
 0002:000000b8       __imp____crtTerminateProcess 100110b8     MSVCRT:MSVCR120.dll
 0002:000000bc       __imp__strerror            100110bc     MSVCRT:MSVCR120.dll
 0002:000000c0       __imp__wcstombs            100110c0     MSVCRT:MSVCR120.dll
 0002:000000c4       __imp___snprintf           100110c4     MSVCRT:MSVCR120.dll
 0002:000000c8       __imp__malloc              100110c8     MSVCRT:MSVCR120.dll
 0002:000000cc       __imp___open               100110cc     MSVCRT:MSVCR120.dll
 0002:000000d0       __imp__free                100110d0     MSVCRT:MSVCR120.dll
 0002:000000d4       __imp___wopen              100110d4     MSVCRT:MSVCR120.dll
 0002:000000d8       __imp___lseeki64           100110d8     MSVCRT:MSVCR120.dll
 0002:000000dc       __imp__fclose              100110dc     MSVCRT:MSVCR120.dll
 0002:000000e0       __imp__memcpy              100110e0     MSVCRT:MSVCR120.dll
 0002:000000e4       __imp__memset              100110e4     MSVCRT:MSVCR120.dll
 0002:000000e8       \177MSVCR120_NULL_THUNK_DATA 100110e8     MSVCRT:MSVCR120.dll
 0002:000000ec       ___xc_a                    100110ec     MSVCRT:cinitexe.obj
 0002:000000f0       ___xc_z                    100110f0     MSVCRT:cinitexe.obj
 0002:000000f4       ___xi_a                    100110f4     MSVCRT:cinitexe.obj
 0002:00000100       ___xi_z                    10011100     MSVCRT:cinitexe.obj
 0002:00000110       __pDefaultRawDllMain       10011110     MSVCRT:crtdll.obj
 0002:00000110       __pRawDllMain              10011110     MSVCRT:crtdll.obj
 0002:0000011c       ??_C@_05IAIEPMAK@1?42?48?$AA@ 1001111c     compress.obj
 0002:00003410       __dist_code                10014410     trees.obj
 0002:00003610       __length_code              10014610     trees.obj
 0002:00003e78       _unz_copyright             10014e78     unzip.obj
 0002:00003ecc       _z_errmsg                  10014ecc     zutil.obj
 0002:00003ef4       ??_C@_02DKCKIIND@?$CFs?$AA@ 10014ef4     gzlib.obj
 0002:00003ef8       ??_C@_07EBNKNFJN@?$DMfd?3?$CFd?$DO?$AA@ 10014ef8     gzlib.obj
 0002:00003f00       ??_C@_0O@BNNCBLEN@out?5of?5memory?$AA@ 10014f00     gzlib.obj
 0002:00003f0e       ??_C@_00CNPNBAHC@?$AA@     10014f0e     gzlib.obj
 0002:00003f10       ??_C@_02LMMGGCAJ@?3?5?$AA@ 10014f10     gzlib.obj
 0002:00003f14       ??_C@_06DIJPEION@?$CFs?$CFs?$CFs?$AA@ 10014f14     gzlib.obj
 0002:00003f1c       ??_C@_0BH@CFIIDOJD@unexpected?5end?5of?5file?$AA@ 10014f1c     gzread.obj
 0002:00003f34       ??_C@_0CH@CPOLIEKA@internal?5error?3?5inflate?5stream?5c@ 10014f34     gzread.obj
 0002:00003f5c       ??_C@_0BG@HCKBMIHF@compressed?5data?5error?$AA@ 10014f5c     gzread.obj
 0002:00003f74       ??_C@_0CF@MLPJFDMM@requested?5length?5does?5not?5fit?5in@ 10014f74     gzread.obj
 0002:00003f9c       ??_C@_0BP@IIKIGMCC@out?5of?5room?5to?5push?5characters?$AA@ 10014f9c     gzread.obj
 0002:00003fbc       ??_C@_0CH@DEEGAHIB@internal?5error?3?5deflate?5stream?5c@ 10014fbc     gzwrite.obj
 0002:00003fe4       ??_C@_0BD@PJCBIDD@invalid?5block?5type?$AA@ 10014fe4     infback.obj
 0002:00003ff8       ??_C@_0BN@LGAADGOK@invalid?5stored?5block?5lengths?$AA@ 10014ff8     infback.obj
 0002:00004018       ??_C@_0CE@GMIGFPBB@too?5many?5length?5or?5distance?5symb@ 10015018     infback.obj
 0002:0000403c       ??_C@_0BJ@HDEPPGOH@invalid?5code?5lengths?5set?$AA@ 1001503c     infback.obj
 0002:00004058       ??_C@_0BK@BMMPFBBH@invalid?5bit?5length?5repeat?$AA@ 10015058     infback.obj
 0002:00004074       ??_C@_0CF@DGDMADCD@invalid?5code?5?9?9?5missing?5end?9of?9b@ 10015074     infback.obj
 0002:0000409c       ??_C@_0BM@IIMGAINC@invalid?5literal?1lengths?5set?$AA@ 1001509c     infback.obj
 0002:000040b8       ??_C@_0BG@GMDFCBGP@invalid?5distances?5set?$AA@ 100150b8     infback.obj
 0002:000040d0       ??_C@_0BM@FFFLPBBC@invalid?5literal?1length?5code?$AA@ 100150d0     infback.obj
 0002:000040ec       ??_C@_0BG@LBKINIKP@invalid?5distance?5code?$AA@ 100150ec     infback.obj
 0002:00004104       ??_C@_0BO@ECPMAOGG@invalid?5distance?5too?5far?5back?$AA@ 10015104     infback.obj
 0002:00004124       ??_C@_0BH@LIBMMIGA@incorrect?5header?5check?$AA@ 10015124     inflate.obj
 0002:0000413c       ??_C@_0BL@IHKGDAEE@unknown?5compression?5method?$AA@ 1001513c     inflate.obj
 0002:00004158       ??_C@_0BE@EMOGCLGO@invalid?5window?5size?$AA@ 10015158     inflate.obj
 0002:0000416c       ??_C@_0BJ@BLBBCOMO@unknown?5header?5flags?5set?$AA@ 1001516c     inflate.obj
 0002:00004188       ??_C@_0BE@GONKLEPM@header?5crc?5mismatch?$AA@ 10015188     inflate.obj
 0002:0000419c       ??_C@_0BF@MEIGEHBE@incorrect?5data?5check?$AA@ 1001519c     inflate.obj
 0002:000041b4       ??_C@_0BH@FGKKJGOC@incorrect?5length?5check?$AA@ 100151b4     inflate.obj
 0002:000041cc       ??_C@_02JDPG@rb?$AA@       100151cc     ioapi.obj
 0002:000041d0       ??_C@_03HMFOOINA@r?$CLb?$AA@ 100151d0     ioapi.obj
 0002:000041d4       ??_C@_02GMLFBBN@wb?$AA@    100151d4     ioapi.obj
 0002:000041d8       ??_C@_01JOAMLHOP@?9?$AA@   100151d8     zip.obj
 0002:000041dc       ??_C@_0BA@MOKMMFOD@need?5dictionary?$AA@ 100151dc     zutil.obj
 0002:000041ec       ??_C@_0L@FNAOCBOG@stream?5end?$AA@ 100151ec     zutil.obj
 0002:000041f8       ??_C@_0L@KIJFAKBJ@file?5error?$AA@ 100151f8     zutil.obj
 0002:00004204       ??_C@_0N@MKKNPMJD@stream?5error?$AA@ 10015204     zutil.obj
 0002:00004214       ??_C@_0L@HAHMBNLP@data?5error?$AA@ 10015214     zutil.obj
 0002:00004220       ??_C@_0BE@OGGJBMCE@insufficient?5memory?$AA@ 10015220     zutil.obj
 0002:00004234       ??_C@_0N@DFPGLBGC@buffer?5error?$AA@ 10015234     zutil.obj
 0002:00004244       ??_C@_0BF@CJFPCCEG@incompatible?5version?$AA@ 10015244     zutil.obj
 0002:00004260       __load_config_used         10015260     MSVCRT:loadcfg.obj
 0002:000042a8       ___rtc_iaa                 100152a8     MSVCRT:initsect.obj
 0002:000042ac       ___rtc_izz                 100152ac     MSVCRT:initsect.obj
 0002:000042b0       ___rtc_taa                 100152b0     MSVCRT:initsect.obj
 0002:000042b4       ___rtc_tzz                 100152b4     MSVCRT:initsect.obj
 0002:00004f64       __IMPORT_DESCRIPTOR_KERNEL32 10015f64     kernel32:KERNEL32.dll
 0002:00004f78       __IMPORT_DESCRIPTOR_MSVCR120 10015f78     MSVCRT:MSVCR120.dll
 0002:00004f8c       __NULL_IMPORT_DESCRIPTOR   10015f8c     kernel32:KERNEL32.dll
 0003:00000000       ___native_dllmain_reason   10017000     MSVCRT:natstart.obj
 0003:00000004       ___security_cookie         10017004     MSVCRT:gs_cookie.obj
 0003:00000008       ___security_cookie_complement 10017008     MSVCRT:gs_cookie.obj
 0003:00000054       ?__type_info_root_node@@3U__type_info_node@@A 10017054     MSVCRT:tncleanup.obj
 0003:00000384       ___native_startup_lock     10017384     <common>
 0003:00000388       ___native_startup_state    10017388     <common>
 0003:0000038c       ___onexitend               1001738c     <common>
 0003:00000390       ___onexitbegin             10017390     <common>
 0003:00000394       ___dyn_tls_init_callback   10017394     <common>

 entry point at        0001:0000eb64

 Static symbols

 0001:00000280       _adler32_combine_          10001280 f   adler32.obj
 0001:00000490       _crc32_little              10001490 f   crc32.obj
 0001:00000750       _gf2_matrix_times          10001750 f   crc32.obj
 0001:00000770       _gf2_matrix_square         10001770 f   crc32.obj
 0001:000007b0       _crc32_combine_            100017b0 f   crc32.obj
 0001:000010d0       _putShortMSB               100020d0 f   deflate.obj
 0001:00001100       _flush_pending             10002100 f   deflate.obj
 0001:00001c50       _read_buf                  10002c50 f   deflate.obj
 0001:00001cd0       _lm_init                   10002cd0 f   deflate.obj
 0001:00001d80       _longest_match             10002d80 f   deflate.obj
 0001:00001f00       _fill_window               10002f00 f   deflate.obj
 0001:000020e0       _deflate_stored            100030e0 f   deflate.obj
 0001:00002260       _deflate_fast              10003260 f   deflate.obj
 0001:00002570       _deflate_slow              10003570 f   deflate.obj
 0001:00002970       _deflate_rle               10003970 f   deflate.obj
 0001:00002c10       _deflate_huff              10003c10 f   deflate.obj
 0001:00002da0       _gz_reset                  10003da0 f   gzlib.obj
 0001:00002e00       _gz_open                   10003e00 f   gzlib.obj
 0001:0000307c       $LN57                      1000407c     gzlib.obj
 0001:000030a8       $LN49                      100040a8     gzlib.obj
 0001:000036d0       _gz_load                   100046d0 f   gzread.obj
 0001:00003750       _gz_avail                  10004750 f   gzread.obj
 0001:000037d0       _gz_look                   100047d0 f   gzread.obj
 0001:00003960       _gz_decomp                 10004960 f   gzread.obj
 0001:00003a60       _gz_fetch                  10004a60 f   gzread.obj
 0001:00003ae0       _gz_skip                   10004ae0 f   gzread.obj
 0001:00003fd0       _gz_init                   10004fd0 f   gzwrite.obj
 0001:000040c0       _gz_comp                   100050c0 f   gzwrite.obj
 0001:00004200       _gz_zero                   10005200 f   gzwrite.obj
 0001:00004860       _fixedtables               10005860 f   infback.obj
 0001:00005640       $LN499                     10006640     infback.obj
 0001:0000565c       $LN467                     1000665c     infback.obj
 0001:00005670       $LN500                     10006670     infback.obj
 0001:00005dc0       _fixedtables               10006dc0 f   inflate.obj
 0001:00005de0       _updatewindow              10006de0 f   inflate.obj
 0001:0000751c       $LN901                     1000851c     inflate.obj
 0001:00007598       $LN902                     10008598     inflate.obj
 0001:00007750       _syncsearch                10008750 f   inflate.obj
 0001:00007ff0       _fopen64_file_func         10008ff0 f   ioapi.obj
 0001:00008040       _fread_file_func           10009040 f   ioapi.obj
 0001:00008060       _fwrite_file_func          10009060 f   ioapi.obj
 0001:00008080       _ftell64_file_func         10009080 f   ioapi.obj
 0001:000080a0       _fseek64_file_func         100090a0 f   ioapi.obj
 0001:000080f0       _fclose_file_func          100090f0 f   ioapi.obj
 0001:00008110       _ferror_file_func          10009110 f   ioapi.obj
 0001:00008170       _win32_translate_open_mode 10009170 f   iowin32.obj
 0001:000081e0       _win32_build_iowin         100091e0 f   iowin32.obj
 0001:00008380       _MySetFilePointerEx        10009380 f   iowin32.obj
 0001:000086c0       _init_block                100096c0 f   trees.obj
 0001:00008740       _pqdownheap                10009740 f   trees.obj
 0001:00008820       _gen_bitlen                10009820 f   trees.obj
 0001:00008a40       _gen_codes                 10009a40 f   trees.obj
 0001:00008ab0       _build_tree                10009ab0 f   trees.obj
 0001:00008cc0       _scan_tree                 10009cc0 f   trees.obj
 0001:00008db0       _send_tree                 10009db0 f   trees.obj
 0001:000092d0       _build_bl_tree             1000a2d0 f   trees.obj
 0001:000093b0       _send_all_trees            1000a3b0 f   trees.obj
 0001:000099a0       _compress_block            1000a9a0 f   trees.obj
 0001:00009da0       _detect_data_type          1000ada0 f   trees.obj
 0001:00009e10       _bi_reverse                1000ae10 f   trees.obj
 0001:00009e30       _bi_flush                  1000ae30 f   trees.obj
 0001:00009eb0       _bi_windup                 1000aeb0 f   trees.obj
 0001:00009f10       _copy_block                1000af10 f   trees.obj
 0001:0000a040       _unz64local_getByte        1000b040 f   unzip.obj
 0001:0000a040       _zip64local_getByte        1000b040 f   zip.obj
 0001:0000a090       _unz64local_getShort       1000b090 f   unzip.obj
 0001:0000a100       _unz64local_getLong        1000b100 f   unzip.obj
 0001:0000a1b0       _unz64local_getLong64      1000b1b0 f   unzip.obj
 0001:0000a320       _strcmpcasenosensitive_internal 1000b320 f   unzip.obj
 0001:0000a3c0       _zip64local_SearchCentralDir 1000b3c0 f   zip.obj
 0001:0000a3c0       _unz64local_SearchCentralDir 1000b3c0 f   unzip.obj
 0001:0000a570       _unz64local_SearchCentralDir64 1000b570 f   unzip.obj
 0001:0000a800       _unzOpenInternal           1000b800 f   unzip.obj
 0001:0000adc0       _unz64local_DosDateToTmuDate 1000bdc0 f   unzip.obj
 0001:0000ae40       _unz64local_GetCurrentFileInfoInternal 1000be40 f   unzip.obj
 0001:0000b920       _unz64local_CheckCurrentFileCoherencyHeader 1000c920 f   unzip.obj
 0001:0000c3f0       _decrypt_byte              1000d3f0 f   zip.obj
 0001:0000c410       _update_keys               1000d410 f   zip.obj
 0001:0000c460       _init_keys                 1000d460 f   zip.obj
 0001:0000c4b0       _crypthead                 1000d4b0 f   zip.obj
 0001:0000c5e0       _allocate_new_datablock    1000d5e0 f   zip.obj
 0001:0000c610       _free_datablock            1000d610 f   zip.obj
 0001:0000c640       _init_linkedlist           1000d640 f   zip.obj
 0001:0000c650       _free_linkedlist           1000d650 f   zip.obj
 0001:0000c670       _add_data_in_datablock     1000d670 f   zip.obj
 0001:0000c720       _zip64local_putValue       1000d720 f   zip.obj
 0001:0000c7a0       _zip64local_putValue_inmemory 1000d7a0 f   zip.obj
 0001:0000c7e0       _zip64local_TmzDateToDosDate 1000d7e0 f   zip.obj
 0001:0000c830       _zip64local_getShort       1000d830 f   zip.obj
 0001:0000c8a0       _zip64local_getLong        1000d8a0 f   zip.obj
 0001:0000c950       _zip64local_getLong64      1000d950 f   zip.obj
 0001:0000cac0       _zip64local_SearchCentralDir64 1000dac0 f   zip.obj
 0001:0000dce0       _zip64FlushWriteBuffer     1000ece0 f   zip.obj
 0001:0000e921       _pre_c_init                1000f921 f   MSVCRT:crtdll.obj
 0001:0000eb87       ___DllMainCRTStartup       1000fb87 f   MSVCRT:crtdll.obj
 0001:0000f030       $$000000                   10010030     MSVCRT:sehprolg4.obj
 0001:0000f230       $$000000                   10010230     MSVCRT:lldiv.obj
 0001:0000f2e0       $$000000                   100102e0     MSVCRT:chkstk.obj
 0002:000000f8       _pcinit                    100110f8     MSVCRT:crtdll.obj
 0002:000000fc       _pinit                     100110fc     MSVCRT:atonexit.obj
 0002:00000114       _GS_ExceptionPointers      10011114     MSVCRT:gs_report.obj
 0002:00000130       _crc_table                 10011130     crc32.obj
 0002:00002130       _configuration_table       10013130     deflate.obj
 0002:000021a8       ?my_version@?1??deflateInit2_@@9@9 100131a8     deflate.obj
 0002:000021b0       ?lenfix@?1??fixedtables@@9@9 100131b0     infback.obj
 0002:000029b0       ?order@?1??inflateBack@@9@9 100139b0     infback.obj
 0002:000029d8       ?distfix@?1??fixedtables@@9@9 100139d8     infback.obj
 0002:00002a58       ?lenfix@?1??fixedtables@@9@9 10013a58     inflate.obj
 0002:00003260       ?order@?1??inflate@@9@9    10014260     inflate.obj
 0002:00003288       ?distfix@?1??fixedtables@@9@9 10014288     inflate.obj
 0002:00003308       ?lext@?1??inflate_table@@9@9 10014308     inftrees.obj
 0002:00003348       ?dbase@?1??inflate_table@@9@9 10014348     inftrees.obj
 0002:00003388       ?lbase@?1??inflate_table@@9@9 10014388     inftrees.obj
 0002:000033c8       ?dext@?1??inflate_table@@9@9 100143c8     inftrees.obj
 0002:00003710       _static_dtree              10014710     trees.obj
 0002:00003790       _static_ltree              10014790     trees.obj
 0002:00003c10       _extra_dbits               10014c10     trees.obj
 0002:00003c90       _base_length               10014c90     trees.obj
 0002:00003d08       _extra_blbits              10014d08     trees.obj
 0002:00003d60       _extra_lbits               10014d60     trees.obj
 0002:00003de0       _bl_order                  10014de0     trees.obj
 0002:00003e00       _base_dist                 10014e00     trees.obj
 0002:000042b8       __sehtable$___DllMainCRTStartup 100152b8     MSVCRT:crtdll.obj
 0002:000042e0       __sehtable$__IsNonwritableInCurrentImage 100152e0     MSVCRT:pesect.obj
 0002:00004300       __sehtable$__onexit        10015300     MSVCRT:atonexit.obj
 0002:00004320       .edata                     10015320     zlibwapi.exp
 0002:00004348       rgpv                       10015348     zlibwapi.exp
 0002:000045e4       rgszName                   100155e4     zlibwapi.exp
 0002:000047c8       rgwOrd                     100157c8     zlibwapi.exp
 0002:000048ba       szName                     100158ba     zlibwapi.exp
 0002:000048c7       $N00001                    100158c7     zlibwapi.exp
 0002:000048cf       $N00140                    100158cf     zlibwapi.exp
 0002:000048df       $N00039                    100158df     zlibwapi.exp
 0002:000048e9       $N00002                    100158e9     zlibwapi.exp
 0002:000048f2       $N00046                    100158f2     zlibwapi.exp
 0002:00004900       $N00003                    10015900     zlibwapi.exp
 0002:00004906       $N00142                    10015906     zlibwapi.exp
 0002:00004914       $N00004                    10015914     zlibwapi.exp
 0002:0000491c       $N00047                    1001591c     zlibwapi.exp
 0002:00004929       $N00005                    10015929     zlibwapi.exp
 0002:00004935       $N00006                    10015935     zlibwapi.exp
 0002:00004940       $N00007                    10015940     zlibwapi.exp
 0002:0000494e       $N00008                    1001594e     zlibwapi.exp
 0002:0000495b       $N00009                    1001595b     zlibwapi.exp
 0002:00004969       $N00052                    10015969     zlibwapi.exp
 0002:00004978       $N00051                    10015978     zlibwapi.exp
 0002:00004985       $N00010                    10015985     zlibwapi.exp
 0002:00004992       $N00164                    10015992     zlibwapi.exp
 0002:000049a3       $N00011                    100159a3     zlibwapi.exp
 0002:000049b8       $N00144                    100159b8     zlibwapi.exp
 0002:000049c9       $N00145                    100159c9     zlibwapi.exp
 0002:000049d5       $N00110                    100159d5     zlibwapi.exp
 0002:000049e9       $N00111                    100159e9     zlibwapi.exp
 0002:000049ff       $N00112                    100159ff     zlibwapi.exp
 0002:00004a16       $N00113                    10015a16     zlibwapi.exp
 0002:00004a2d       $N00038                    10015a2d     zlibwapi.exp
 0002:00004a3b       $N00146                    10015a3b     zlibwapi.exp
 0002:00004a44       $N00048                    10015a44     zlibwapi.exp
 0002:00004a4f       $N00012                    10015a4f     zlibwapi.exp
 0002:00004a57       $N00147                    10015a57     zlibwapi.exp
 0002:00004a61       $N00148                    10015a61     zlibwapi.exp
 0002:00004a6b       $N00149                    10015a6b     zlibwapi.exp
 0002:00004a74       $N00013                    10015a74     zlibwapi.exp
 0002:00004a7c       $N00034                    10015a7c     zlibwapi.exp
 0002:00004a82       $N00014                    10015a82     zlibwapi.exp
 0002:00004a8a       $N00015                    10015a8a     zlibwapi.exp
 0002:00004a92       $N00030                    10015a92     zlibwapi.exp
 0002:00004a99       $N00161                    10015a99     zlibwapi.exp
 0002:00004aa1       $N00041                    10015aa1     zlibwapi.exp
 0002:00004aa8       $N00150                    10015aa8     zlibwapi.exp
 0002:00004ab1       $N00016                    10015ab1     zlibwapi.exp
 0002:00004ab8       $N00165                    10015ab8     zlibwapi.exp
 0002:00004ac1       $N00028                    10015ac1     zlibwapi.exp
 0002:00004aca       $N00029                    10015aca     zlibwapi.exp
 0002:00004ad1       $N00040                    10015ad1     zlibwapi.exp
 0002:00004ad8       $N00017                    10015ad8     zlibwapi.exp
 0002:00004adf       $N00032                    10015adf     zlibwapi.exp
 0002:00004ae8       $N00031                    10015ae8     zlibwapi.exp
 0002:00004aef       $N00035                    10015aef     zlibwapi.exp
 0002:00004afb       $N00033                    10015afb     zlibwapi.exp
 0002:00004b02       $N00049                    10015b02     zlibwapi.exp
 0002:00004b0b       $N00167                    10015b0b     zlibwapi.exp
 0002:00004b15       $N00018                    10015b15     zlibwapi.exp
 0002:00004b1d       $N00019                    10015b1d     zlibwapi.exp
 0002:00004b25       $N00044                    10015b25     zlibwapi.exp
 0002:00004b31       $N00045                    10015b31     zlibwapi.exp
 0002:00004b40       $N00043                    10015b40     zlibwapi.exp
 0002:00004b51       $N00042                    10015b51     zlibwapi.exp
 0002:00004b5d       $N00020                    10015b5d     zlibwapi.exp
 0002:00004b68       $N00166                    10015b68     zlibwapi.exp
 0002:00004b7d       $N00156                    10015b7d     zlibwapi.exp
 0002:00004b8e       $N00021                    10015b8e     zlibwapi.exp
 0002:00004b9c       $N00022                    10015b9c     zlibwapi.exp
 0002:00004ba9       $N00157                    10015ba9     zlibwapi.exp
 0002:00004bb5       $N00158                    10015bb5     zlibwapi.exp
 0002:00004bc2       $N00159                    10015bc2     zlibwapi.exp
 0002:00004bd0       $N00023                    10015bd0     zlibwapi.exp
 0002:00004bdd       $N00163                    10015bdd     zlibwapi.exp
 0002:00004bee       $N00024                    10015bee     zlibwapi.exp
 0002:00004c03       $N00025                    10015c03     zlibwapi.exp
 0002:00004c0f       $N00037                    10015c0f     zlibwapi.exp
 0002:00004c20       $N00160                    10015c20     zlibwapi.exp
 0002:00004c31       $N00026                    10015c31     zlibwapi.exp
 0002:00004c3c       $N00062                    10015c3c     zlibwapi.exp
 0002:00004c45       $N00072                    10015c45     zlibwapi.exp
 0002:00004c59       $N00124                    10015c59     zlibwapi.exp
 0002:00004c71       $N00064                    10015c71     zlibwapi.exp
 0002:00004c87       $N00125                    10015c87     zlibwapi.exp
 0002:00004ca5       $N00127                    10015ca5     zlibwapi.exp
 0002:00004cb5       $N00100                    10015cb5     zlibwapi.exp
 0002:00004cc3       $N00073                    10015cc3     zlibwapi.exp
 0002:00004cd7       $N00122                    10015cd7     zlibwapi.exp
 0002:00004cea       $N00063                    10015cea     zlibwapi.exp
 0002:00004cfb       $N00076                    10015cfb     zlibwapi.exp
 0002:00004d11       $N00128                    10015d11     zlibwapi.exp
 0002:00004d22       $N00101                    10015d22     zlibwapi.exp
 0002:00004d31       $N00065                    10015d31     zlibwapi.exp
 0002:00004d42       $N00066                    10015d42     zlibwapi.exp
 0002:00004d52       $N00075                    10015d52     zlibwapi.exp
 0002:00004d60       $N00077                    10015d60     zlibwapi.exp
 0002:00004d69       $N00121                    10015d69     zlibwapi.exp
 0002:00004d75       $N00120                    10015d75     zlibwapi.exp
 0002:00004d7f       $N00061                    10015d7f     zlibwapi.exp
 0002:00004d87       $N00078                    10015d87     zlibwapi.exp
 0002:00004d9b       $N00069                    10015d9b     zlibwapi.exp
 0002:00004daf       $N00067                    10015daf     zlibwapi.exp
 0002:00004dc2       $N00079                    10015dc2     zlibwapi.exp
 0002:00004ddd       $N00068                    10015ddd     zlibwapi.exp
 0002:00004df0       $N00074                    10015df0     zlibwapi.exp
 0002:00004e09       $N00071                    10015e09     zlibwapi.exp
 0002:00004e10       $N00126                    10015e10     zlibwapi.exp
 0002:00004e1a       $N00070                    10015e1a     zlibwapi.exp
 0002:00004e22       $N00036                    10015e22     zlibwapi.exp
 0002:00004e29       $N00084                    10015e29     zlibwapi.exp
 0002:00004e32       $N00083                    10015e32     zlibwapi.exp
 0002:00004e44       $N00136                    10015e44     zlibwapi.exp
 0002:00004e5b       $N00087                    10015e5b     zlibwapi.exp
 0002:00004e70       $N00088                    10015e70     zlibwapi.exp
 0002:00004e79       $N00131                    10015e79     zlibwapi.exp
 0002:00004e85       $N00130                    10015e85     zlibwapi.exp
 0002:00004e8f       $N00080                    10015e8f     zlibwapi.exp
 0002:00004e97       $N00086                    10015e97     zlibwapi.exp
 0002:00004eac       $N00133                    10015eac     zlibwapi.exp
 0002:00004ec4       $N00089                    10015ec4     zlibwapi.exp
 0002:00004ed9       $N00134                    10015ed9     zlibwapi.exp
 0002:00004ef1       $N00135                    10015ef1     zlibwapi.exp
 0002:00004f09       $N00132                    10015f09     zlibwapi.exp
 0002:00004f1f       $N00081                    10015f1f     zlibwapi.exp
 0002:00004f33       $N00082                    10015f33     zlibwapi.exp
 0002:00004f47       $N00050                    10015f47     zlibwapi.exp
 0002:00004f58       $N00027                    10015f58     zlibwapi.exp
 0002:000050fa       .idata$6                   100160fa     kernel32:KERNEL32.dll
 0002:000051ec       .idata$6                   100161ec     MSVCRT:MSVCR120.dll
 0003:0000000c       _static_bl_desc            1001700c     trees.obj
 0003:00000020       _static_d_desc             10017020     trees.obj
 0003:00000034       _static_l_desc             10017034     trees.obj
 0003:00000050       ___proc_attached           10017050     MSVCRT:crtdll.obj
 0003:00000060       _GS_ExceptionRecord        10017060     MSVCRT:gs_report.obj
 0003:000000b0       _GS_ContextRecord          100170b0     MSVCRT:gs_report.obj
 0003:0000037c       _DebuggerWasPresent        1001737c     MSVCRT:gs_report.obj
 0003:00000380       ?calls@?1??crypthead@@9@9  10017380     zip.obj
 0004:00000060       $R000000                   10018060     zlib.res
