 zlibwapi

 Timestamp is 55a1439d (Sat Jul 11 11:26:05 2015)

 Preferred load address is 0000000180000000

 Start         Length     Name                   Class
 0001:00000000 0001037aH .text$mn                CODE
 0001:00010380 0000007bH .text$x                 CODE
 0002:00000000 000001b0H .idata$5                DATA
 0002:000001b0 00000008H .CRT$XCA                DATA
 0002:000001b8 00000008H .CRT$XCZ                DATA
 0002:000001c0 00000008H .CRT$XIA                DATA
 0002:000001c8 00000008H .CRT$XIAA               DATA
 0002:000001d0 00000008H .CRT$XIC                DATA
 0002:000001d8 00000008H .CRT$XIZ                DATA
 0002:000001e0 00004260H .rdata                  DATA
 0002:00004440 00000008H .rtc$IAA                DATA
 0002:00004448 00000008H .rtc$IZZ                DATA
 0002:00004450 00000008H .rtc$TAA                DATA
 0002:00004458 00000008H .rtc$TZZ                DATA
 0002:00004460 000011b8H .xdata                  DATA
 0002:00005620 00000c44H .edata                  DATA
 0002:00006264 00000028H .idata$2                DATA
 0002:0000628c 00000014H .idata$3                DATA
 0002:000062a0 000001b0H .idata$4                DATA
 0002:00006450 000002e8H .idata$6                DATA
 0003:00000000 00000080H .data                   DATA
 0003:00000080 00000048H .bss                    DATA
 0004:00000000 00000f54H .pdata                  DATA
 0005:00000000 00000058H .rsrc$01                DATA
 0005:00000060 00000338H .rsrc$02                DATA

  Address         Publics by Value              Rva+Base               Lib:Object

 0000:00000000       ___safe_se_handler_table   0000000000000000     <absolute>
 0000:00000000       __guard_flags              0000000000000000     <absolute>
 0000:00000000       __guard_fids_count         0000000000000000     <absolute>
 0000:00000000       ___safe_se_handler_count   0000000000000000     <absolute>
 0000:00000000       __guard_fids_table         0000000000000000     <absolute>
 0000:00000000       __ImageBase                0000000180000000     <linker-defined>
 0001:00000000       adler32                    0000000180001000 f   adler32.obj
 0001:000003b0       adler32_combine            00000001800013b0 f   adler32.obj
 0001:000003c0       compress2                  00000001800013c0 f   compress.obj
 0001:00000470       compress                   0000000180001470 f   compress.obj
 0001:00000490       compressBound              0000000180001490 f   compress.obj
 0001:000004b0       get_crc_table              00000001800014b0 f   crc32.obj
 0001:000004c0       crc32                      00000001800014c0 f   crc32.obj
 0001:00000910       crc32_combine              0000000180001910 f   crc32.obj
 0001:00000920       deflateInit_               0000000180001920 f   deflate.obj
 0001:00000960       deflateInit2_              0000000180001960 f   deflate.obj
 0001:00000bf0       deflateSetDictionary       0000000180001bf0 f   deflate.obj
 0001:00000e20       deflateResetKeep           0000000180001e20 f   deflate.obj
 0001:00000ef0       deflateReset               0000000180001ef0 f   deflate.obj
 0001:00000f20       deflateSetHeader           0000000180001f20 f   deflate.obj
 0001:00000f50       deflatePending             0000000180001f50 f   deflate.obj
 0001:00000f90       deflatePrime               0000000180001f90 f   deflate.obj
 0001:00001050       deflateParams              0000000180002050 f   deflate.obj
 0001:00001170       deflateTune                0000000180002170 f   deflate.obj
 0001:000011b0       deflateBound               00000001800021b0 f   deflate.obj
 0001:00001370       deflate                    0000000180002370 f   deflate.obj
 0001:00001c10       deflateEnd                 0000000180002c10 f   deflate.obj
 0001:00001cf0       deflateCopy                0000000180002cf0 f   deflate.obj
 0001:000034b0       gzclose                    00000001800044b0 f   gzclose.obj
 0001:00003830       gzopen                     0000000180004830 f   gzlib.obj
 0001:00003840       gzdopen                    0000000180004840 f   gzlib.obj
 0001:000038d0       gzopen_w                   00000001800048d0 f   gzlib.obj
 0001:000038e0       gzbuffer                   00000001800048e0 f   gzlib.obj
 0001:00003910       gzrewind                   0000000180004910 f   gzlib.obj
 0001:00003970       gzseek64                   0000000180004970 f   gzlib.obj
 0001:00003ac0       gzseek                     0000000180004ac0 f   gzlib.obj
 0001:00003ae0       gztell64                   0000000180004ae0 f   gzlib.obj
 0001:00003b20       gztell                     0000000180004b20 f   gzlib.obj
 0001:00003b40       gzoffset64                 0000000180004b40 f   gzlib.obj
 0001:00003ba0       gzoffset                   0000000180004ba0 f   gzlib.obj
 0001:00003bc0       gzeof                      0000000180004bc0 f   gzlib.obj
 0001:00003bf0       gzerror                    0000000180004bf0 f   gzlib.obj
 0001:00003c40       gzclearerr                 0000000180004c40 f   gzlib.obj
 0001:00003c70       gz_error                   0000000180004c70 f   gzlib.obj
 0001:000042b0       gzread                     00000001800052b0 f   gzread.obj
 0001:00004460       gzgetc                     0000000180005460 f   gzread.obj
 0001:000044d0       gzgetc_                    00000001800054d0 f   gzread.obj
 0001:000044e0       gzungetc                   00000001800054e0 f   gzread.obj
 0001:000045f0       gzgets                     00000001800055f0 f   gzread.obj
 0001:00004730       gzdirect                   0000000180005730 f   gzread.obj
 0001:00004770       gzclose_r                  0000000180005770 f   gzread.obj
 0001:00004b70       gzwrite                    0000000180005b70 f   gzwrite.obj
 0001:00004cc0       gzputc                     0000000180005cc0 f   gzwrite.obj
 0001:00004d80       gzputs                     0000000180005d80 f   gzwrite.obj
 0001:00004dc0       gzvprintf                  0000000180005dc0 f   gzwrite.obj
 0001:00004ed0       gzprintf                   0000000180005ed0 f   gzwrite.obj
 0001:00004f00       gzflush                    0000000180005f00 f   gzwrite.obj
 0001:00004f80       gzsetparams                0000000180005f80 f   gzwrite.obj
 0001:00005050       gzclose_w                  0000000180006050 f   gzwrite.obj
 0001:00005120       inflateBackInit_           0000000180006120 f   infback.obj
 0001:00005260       inflateBack                0000000180006260 f   infback.obj
 0001:00006130       inflateBackEnd             0000000180007130 f   infback.obj
 0001:00006180       inflate_fast               0000000180007180 f   inffast.obj
 0001:00006660       inflateResetKeep           0000000180007660 f   inflate.obj
 0001:000066e0       inflateReset               00000001800076e0 f   inflate.obj
 0001:00006710       inflateReset2              0000000180007710 f   inflate.obj
 0001:000067c0       inflateInit2_              00000001800077c0 f   inflate.obj
 0001:000068b0       inflateInit_               00000001800078b0 f   inflate.obj
 0001:000068c0       inflatePrime               00000001800078c0 f   inflate.obj
 0001:00006a50       inflate                    0000000180007a50 f   inflate.obj
 0001:000081d0       inflateEnd                 00000001800091d0 f   inflate.obj
 0001:00008230       inflateGetDictionary       0000000180009230 f   inflate.obj
 0001:000082c0       inflateSetDictionary       00000001800092c0 f   inflate.obj
 0001:00008370       inflateGetHeader           0000000180009370 f   inflate.obj
 0001:00008410       inflateSync                0000000180009410 f   inflate.obj
 0001:00008520       inflateSyncPoint           0000000180009520 f   inflate.obj
 0001:00008550       inflateCopy                0000000180009550 f   inflate.obj
 0001:00008790       inflateUndermine           0000000180009790 f   inflate.obj
 0001:000087c0       inflateMark                00000001800097c0 f   inflate.obj
 0001:00008820       inflate_table              0000000180009820 f   inftrees.obj
 0001:00008c80       call_zopen64               0000000180009c80 f   ioapi.obj
 0001:00008ca0       call_zseek64               0000000180009ca0 f   ioapi.obj
 0001:00008cd0       call_ztell64               0000000180009cd0 f   ioapi.obj
 0001:00008d10       fill_zlib_filefunc64_32_def_from_filefunc32 0000000180009d10 f   ioapi.obj
 0001:00008e80       fill_fopen64_filefunc      0000000180009e80 f   ioapi.obj
 0001:00008fb0       win32_open64_file_funcA    0000000180009fb0 f   iowin32.obj
 0001:00008fb0       win32_open64_file_func     0000000180009fb0 f   iowin32.obj
 0001:00008fb0       win32_open_file_func       0000000180009fb0 f   iowin32.obj
 0001:00009050       win32_open64_file_funcW    000000018000a050 f   iowin32.obj
 0001:000090c0       win32_read_file_func       000000018000a0c0 f   iowin32.obj
 0001:00009130       win32_write_file_func      000000018000a130 f   iowin32.obj
 0001:000091b0       win32_tell_file_func       000000018000a1b0 f   iowin32.obj
 0001:00009210       win32_tell64_file_func     000000018000a210 f   iowin32.obj
 0001:00009270       win32_seek_file_func       000000018000a270 f   iowin32.obj
 0001:000092f0       win32_seek64_file_func     000000018000a2f0 f   iowin32.obj
 0001:00009360       win32_close_file_func      000000018000a360 f   iowin32.obj
 0001:000093a0       win32_error_file_func      000000018000a3a0 f   iowin32.obj
 0001:000093b0       fill_win32_filefunc        000000018000a3b0 f   iowin32.obj
 0001:00009410       fill_win32_filefunc64A     000000018000a410 f   iowin32.obj
 0001:00009410       fill_win32_filefunc64      000000018000a410 f   iowin32.obj
 0001:00009470       fill_win32_filefunc64W     000000018000a470 f   iowin32.obj
 0001:000094d0       _tr_init                   000000018000a4d0 f   trees.obj
 0001:0000a550       _tr_stored_block           000000018000b550 f   trees.obj
 0001:0000a5f0       _tr_flush_bits             000000018000b5f0 f   trees.obj
 0001:0000a600       _tr_align                  000000018000b600 f   trees.obj
 0001:0000a720       _tr_flush_block            000000018000b720 f   trees.obj
 0001:0000afd0       uncompress                 000000018000bfd0 f   uncompr.obj
 0001:0000b440       unzStringFileNameCompare   000000018000c440 f   unzip.obj
 0001:0000bc60       unzOpen2                   000000018000cc60 f   unzip.obj
 0001:0000bcb0       unzOpen2_64                000000018000ccb0 f   unzip.obj
 0001:0000bd10       unzOpen                    000000018000cd10 f   unzip.obj
 0001:0000bd20       unzOpen64                  000000018000cd20 f   unzip.obj
 0001:0000bd30       unzClose                   000000018000cd30 f   unzip.obj
 0001:0000bd80       unzGetGlobalInfo64         000000018000cd80 f   unzip.obj
 0001:0000bda0       unzGetGlobalInfo           000000018000cda0 f   unzip.obj
 0001:0000c360       unzGetCurrentFileInfo64    000000018000d360 f   unzip.obj
 0001:0000c3b0       unzGetCurrentFileInfo      000000018000d3b0 f   unzip.obj
 0001:0000c4b0       unzGoToFirstFile           000000018000d4b0 f   unzip.obj
 0001:0000c530       unzGoToNextFile            000000018000d530 f   unzip.obj
 0001:0000c5f0       unzLocateFile              000000018000d5f0 f   unzip.obj
 0001:0000c7d0       unzGetFilePos64            000000018000d7d0 f   unzip.obj
 0001:0000c810       unzGetFilePos              000000018000d810 f   unzip.obj
 0001:0000c840       unzGoToFilePos64           000000018000d840 f   unzip.obj
 0001:0000c8c0       unzGoToFilePos             000000018000d8c0 f   unzip.obj
 0001:0000cb20       unzOpenCurrentFile3        000000018000db20 f   unzip.obj
 0001:0000cda0       unzOpenCurrentFile         000000018000dda0 f   unzip.obj
 0001:0000cdc0       unzOpenCurrentFilePassword 000000018000ddc0 f   unzip.obj
 0001:0000cde0       unzOpenCurrentFile2        000000018000dde0 f   unzip.obj
 0001:0000ce00       unzGetCurrentFileZStreamPos64 000000018000de00 f   unzip.obj
 0001:0000ce20       unzReadCurrentFile         000000018000de20 f   unzip.obj
 0001:0000d0e0       unztell                    000000018000e0e0 f   unzip.obj
 0001:0000d100       unztell64                  000000018000e100 f   unzip.obj
 0001:0000d120       unzeof                     000000018000e120 f   unzip.obj
 0001:0000d150       unzGetLocalExtrafield      000000018000e150 f   unzip.obj
 0001:0000d240       unzCloseCurrentFile        000000018000e240 f   unzip.obj
 0001:0000d300       unzGetGlobalComment        000000018000e300 f   unzip.obj
 0001:0000dd50       LoadCentralDirectoryRecord 000000018000ed50 f   zip.obj
 0001:0000e0f0       zipOpen3                   000000018000f0f0 f   zip.obj
 0001:0000e320       zipOpen2                   000000018000f320 f   zip.obj
 0001:0000e370       zipOpen2_64                000000018000f370 f   zip.obj
 0001:0000e3d0       zipOpen                    000000018000f3d0 f   zip.obj
 0001:0000e3d0       zipOpen64                  000000018000f3d0 f   zip.obj
 0001:0000e3e0       Write_LocalFileHeader      000000018000f3e0 f   zip.obj
 0001:0000e640       zipOpenNewFileInZip4_64    000000018000f640 f   zip.obj
 0001:0000ebc0       zipOpenNewFileInZip3       000000018000fbc0 f   zip.obj
 0001:0000ec70       zipOpenNewFileInZip3_64    000000018000fc70 f   zip.obj
 0001:0000ed30       zipOpenNewFileInZip2       000000018000fd30 f   zip.obj
 0001:0000edc0       zipOpenNewFileInZip2_64    000000018000fdc0 f   zip.obj
 0001:0000ee60       zipOpenNewFileInZip64      000000018000fe60 f   zip.obj
 0001:0000eef0       zipOpenNewFileInZip        000000018000fef0 f   zip.obj
 0001:0000f060       zipWriteInFileInZip        0000000180010060 f   zip.obj
 0001:0000f1d0       zipCloseFileInZipRaw       00000001800101d0 f   zip.obj
 0001:0000f1e0       zipCloseFileInZipRaw64     00000001800101e0 f   zip.obj
 0001:0000f640       zipCloseFileInZip          0000000180010640 f   zip.obj
 0001:0000f650       Write_Zip64EndOfCentralDirectoryLocator 0000000180010650 f   zip.obj
 0001:0000f6d0       Write_Zip64EndOfCentralDirectoryRecord 00000001800106d0 f   zip.obj
 0001:0000f800       Write_EndOfCentralDirectoryRecord 0000000180010800 f   zip.obj
 0001:0000f920       Write_GlobalComment        0000000180010920 f   zip.obj
 0001:0000f9b0       zipClose                   00000001800109b0 f   zip.obj
 0001:0000fb20       zlibVersion                0000000180010b20 f   zutil.obj
 0001:0000fb30       zlibCompileFlags           0000000180010b30 f   zutil.obj
 0001:0000fb40       zError                     0000000180010b40 f   zutil.obj
 0001:0000fb60       zcalloc                    0000000180010b60 f   zutil.obj
 0001:0000fb70       zcfree                     0000000180010b70 f   zutil.obj
 0001:0000fbdc       _CRT_INIT                  0000000180010bdc f   MSVCRT:crtdll.obj
 0001:0000fe28       _DllMainCRTStartup         0000000180010e28 f   MSVCRT:crtdll.obj
 0001:0000ff9e       __CppXcptFilter            0000000180010f9e f   MSVCRT:MSVCR120.dll
 0001:0000ffa4       _amsg_exit                 0000000180010fa4 f   MSVCRT:MSVCR120.dll
 0001:0000ffb0       _FindPESection             0000000180010fb0 f   MSVCRT:pesect.obj
 0001:00010000       _IsNonwritableInCurrentImage 0000000180011000 f   MSVCRT:pesect.obj
 0001:00010050       _ValidateImageBase         0000000180011050 f   MSVCRT:pesect.obj
 0001:00010080       __atonexitinit             0000000180011080 f   MSVCRT:atonexit.obj
 0001:000100d0       _onexit                    00000001800110d0 f   MSVCRT:atonexit.obj
 0001:00010180       atexit                     0000000180011180 f   MSVCRT:atonexit.obj
 0001:00010198       __security_init_cookie     0000000180011198 f   MSVCRT:gs_support.obj
 0001:00010244       DllMain                    0000000180011244 f   MSVCRT:dllmain.obj
 0001:00010268       _RTC_Initialize            0000000180011268 f   MSVCRT:initsect.obj
 0001:000102a0       _RTC_Terminate             00000001800112a0 f   MSVCRT:initsect.obj
 0001:000102d8       _initterm                  00000001800112d8 f   MSVCRT:MSVCR120.dll
 0001:000102de       _initterm_e                00000001800112de f   MSVCRT:MSVCR120.dll
 0001:000102e4       __clean_type_info_names    00000001800112e4 f   MSVCRT:tncleanup.obj
 0001:000102f0       __C_specific_handler       00000001800112f0 f   MSVCRT:MSVCR120.dll
 0001:000102f6       _lock                      00000001800112f6 f   MSVCRT:MSVCR120.dll
 0001:000102fc       _unlock                    00000001800112fc f   MSVCRT:MSVCR120.dll
 0001:00010302       __dllonexit                0000000180011302 f   MSVCRT:MSVCR120.dll
 0001:00010308       __clean_type_info_names_internal 0000000180011308 f   MSVCRT:MSVCR120.dll
 0001:00010320       _alloca_probe              0000000180011320 f   MSVCRT:chkstk.obj
 0001:00010320       __chkstk                   0000000180011320 f   MSVCRT:chkstk.obj
 0001:0001036e       memcpy                     000000018001136e f   MSVCRT:MSVCR120.dll
 0001:00010374       memset                     0000000180011374 f   MSVCRT:MSVCR120.dll
 0002:00000000       __imp_CreateFile2          0000000180012000     kernel32:KERNEL32.dll
 0002:00000008       __imp_SetFilePointerEx     0000000180012008     kernel32:KERNEL32.dll
 0002:00000010       __imp_WriteFile            0000000180012010     kernel32:KERNEL32.dll
 0002:00000018       __imp_ReadFile             0000000180012018     kernel32:KERNEL32.dll
 0002:00000020       __imp_MultiByteToWideChar  0000000180012020     kernel32:KERNEL32.dll
 0002:00000028       __imp_GetLastError         0000000180012028     kernel32:KERNEL32.dll
 0002:00000030       __imp_CloseHandle          0000000180012030     kernel32:KERNEL32.dll
 0002:00000038       __imp_GetSystemTimeAsFileTime 0000000180012038     kernel32:KERNEL32.dll
 0002:00000040       __imp_GetCurrentThreadId   0000000180012040     kernel32:KERNEL32.dll
 0002:00000048       __imp_GetCurrentProcessId  0000000180012048     kernel32:KERNEL32.dll
 0002:00000050       __imp_QueryPerformanceCounter 0000000180012050     kernel32:KERNEL32.dll
 0002:00000058       __imp_DecodePointer        0000000180012058     kernel32:KERNEL32.dll
 0002:00000060       __imp_EncodePointer        0000000180012060     kernel32:KERNEL32.dll
 0002:00000068       __imp_DisableThreadLibraryCalls 0000000180012068     kernel32:KERNEL32.dll
 0002:00000070       \177KERNEL32_NULL_THUNK_DATA 0000000180012070     kernel32:KERNEL32.dll
 0002:00000078       __imp_strerror             0000000180012078     MSVCRT:MSVCR120.dll
 0002:00000080       __imp_memchr               0000000180012080     MSVCRT:MSVCR120.dll
 0002:00000088       __imp__errno               0000000180012088     MSVCRT:MSVCR120.dll
 0002:00000090       __imp__read                0000000180012090     MSVCRT:MSVCR120.dll
 0002:00000098       __imp__close               0000000180012098     MSVCRT:MSVCR120.dll
 0002:000000a0       __imp__write               00000001800120a0     MSVCRT:MSVCR120.dll
 0002:000000a8       __imp__ftelli64            00000001800120a8     MSVCRT:MSVCR120.dll
 0002:000000b0       __imp__fseeki64            00000001800120b0     MSVCRT:MSVCR120.dll
 0002:000000b8       __imp_fopen                00000001800120b8     MSVCRT:MSVCR120.dll
 0002:000000c0       __imp_fread                00000001800120c0     MSVCRT:MSVCR120.dll
 0002:000000c8       __imp_ferror               00000001800120c8     MSVCRT:MSVCR120.dll
 0002:000000d0       __imp_fwrite               00000001800120d0     MSVCRT:MSVCR120.dll
 0002:000000d8       __imp_wcstombs             00000001800120d8     MSVCRT:MSVCR120.dll
 0002:000000e0       __imp_fclose               00000001800120e0     MSVCRT:MSVCR120.dll
 0002:000000e8       __imp_rand                 00000001800120e8     MSVCRT:MSVCR120.dll
 0002:000000f0       __imp_srand                00000001800120f0     MSVCRT:MSVCR120.dll
 0002:000000f8       __imp__time64              00000001800120f8     MSVCRT:MSVCR120.dll
 0002:00000100       __imp__vsnprintf           0000000180012100     MSVCRT:MSVCR120.dll
 0002:00000100       __imp_vsnprintf            0000000180012100     MSVCRT:MSVCR120.dll
 0002:00000108       __imp___CppXcptFilter      0000000180012108     MSVCRT:MSVCR120.dll
 0002:00000110       __imp__amsg_exit           0000000180012110     MSVCRT:MSVCR120.dll
 0002:00000118       __imp__malloc_crt          0000000180012118     MSVCRT:MSVCR120.dll
 0002:00000120       __imp__initterm            0000000180012120     MSVCRT:MSVCR120.dll
 0002:00000128       __imp__initterm_e          0000000180012128     MSVCRT:MSVCR120.dll
 0002:00000130       __imp___C_specific_handler 0000000180012130     MSVCRT:MSVCR120.dll
 0002:00000138       __imp__lock                0000000180012138     MSVCRT:MSVCR120.dll
 0002:00000140       __imp__unlock              0000000180012140     MSVCRT:MSVCR120.dll
 0002:00000148       __imp__calloc_crt          0000000180012148     MSVCRT:MSVCR120.dll
 0002:00000150       __imp___dllonexit          0000000180012150     MSVCRT:MSVCR120.dll
 0002:00000158       __imp__onexit              0000000180012158     MSVCRT:MSVCR120.dll
 0002:00000160       __imp___clean_type_info_names_internal 0000000180012160     MSVCRT:MSVCR120.dll
 0002:00000168       __imp__snprintf            0000000180012168     MSVCRT:MSVCR120.dll
 0002:00000170       __imp_malloc               0000000180012170     MSVCRT:MSVCR120.dll
 0002:00000178       __imp__open                0000000180012178     MSVCRT:MSVCR120.dll
 0002:00000180       __imp_free                 0000000180012180     MSVCRT:MSVCR120.dll
 0002:00000188       __imp__wopen               0000000180012188     MSVCRT:MSVCR120.dll
 0002:00000190       __imp__lseeki64            0000000180012190     MSVCRT:MSVCR120.dll
 0002:00000198       __imp_memcpy               0000000180012198     MSVCRT:MSVCR120.dll
 0002:000001a0       __imp_memset               00000001800121a0     MSVCRT:MSVCR120.dll
 0002:000001a8       \177MSVCR120_NULL_THUNK_DATA 00000001800121a8     MSVCRT:MSVCR120.dll
 0002:000001b0       __xc_a                     00000001800121b0     MSVCRT:cinitexe.obj
 0002:000001b8       __xc_z                     00000001800121b8     MSVCRT:cinitexe.obj
 0002:000001c0       __xi_a                     00000001800121c0     MSVCRT:cinitexe.obj
 0002:000001d8       __xi_z                     00000001800121d8     MSVCRT:cinitexe.obj
 0002:000001e0       _pDefaultRawDllMain        00000001800121e0     MSVCRT:crtdll.obj
 0002:000001e0       _pRawDllMain               00000001800121e0     MSVCRT:crtdll.obj
 0002:000001e8       ??_C@_05IAIEPMAK@1?42?48?$AA@ 00000001800121e8     compress.obj
 0002:00003500       _dist_code                 0000000180015500     trees.obj
 0002:00003700       _length_code               0000000180015700     trees.obj
 0002:00003f70       unz_copyright              0000000180015f70     unzip.obj
 0002:00003fd0       z_errmsg                   0000000180015fd0     zutil.obj
 0002:00004020       ??_C@_02DKCKIIND@?$CFs?$AA@ 0000000180016020     gzlib.obj
 0002:00004028       ??_C@_07EBNKNFJN@?$DMfd?3?$CFd?$DO?$AA@ 0000000180016028     gzlib.obj
 0002:00004030       ??_C@_0O@BNNCBLEN@out?5of?5memory?$AA@ 0000000180016030     gzlib.obj
 0002:0000403e       ??_C@_00CNPNBAHC@?$AA@     000000018001603e     gzlib.obj
 0002:00004040       ??_C@_02LMMGGCAJ@?3?5?$AA@ 0000000180016040     gzlib.obj
 0002:00004044       ??_C@_06DIJPEION@?$CFs?$CFs?$CFs?$AA@ 0000000180016044     gzlib.obj
 0002:00004050       ??_C@_0BH@CFIIDOJD@unexpected?5end?5of?5file?$AA@ 0000000180016050     gzread.obj
 0002:00004068       ??_C@_0CH@CPOLIEKA@internal?5error?3?5inflate?5stream?5c@ 0000000180016068     gzread.obj
 0002:00004090       ??_C@_0BG@HCKBMIHF@compressed?5data?5error?$AA@ 0000000180016090     gzread.obj
 0002:000040a8       ??_C@_0CF@MLPJFDMM@requested?5length?5does?5not?5fit?5in@ 00000001800160a8     gzread.obj
 0002:000040d0       ??_C@_0BP@IIKIGMCC@out?5of?5room?5to?5push?5characters?$AA@ 00000001800160d0     gzread.obj
 0002:000040f0       ??_C@_0CH@DEEGAHIB@internal?5error?3?5deflate?5stream?5c@ 00000001800160f0     gzwrite.obj
 0002:00004118       ??_C@_0BD@PJCBIDD@invalid?5block?5type?$AA@ 0000000180016118     infback.obj
 0002:00004130       ??_C@_0BN@LGAADGOK@invalid?5stored?5block?5lengths?$AA@ 0000000180016130     infback.obj
 0002:00004150       ??_C@_0CE@GMIGFPBB@too?5many?5length?5or?5distance?5symb@ 0000000180016150     infback.obj
 0002:00004178       ??_C@_0BJ@HDEPPGOH@invalid?5code?5lengths?5set?$AA@ 0000000180016178     infback.obj
 0002:00004198       ??_C@_0BK@BMMPFBBH@invalid?5bit?5length?5repeat?$AA@ 0000000180016198     infback.obj
 0002:000041b8       ??_C@_0CF@DGDMADCD@invalid?5code?5?9?9?5missing?5end?9of?9b@ 00000001800161b8     infback.obj
 0002:000041e0       ??_C@_0BM@IIMGAINC@invalid?5literal?1lengths?5set?$AA@ 00000001800161e0     infback.obj
 0002:00004200       ??_C@_0BG@GMDFCBGP@invalid?5distances?5set?$AA@ 0000000180016200     infback.obj
 0002:00004218       ??_C@_0BM@FFFLPBBC@invalid?5literal?1length?5code?$AA@ 0000000180016218     infback.obj
 0002:00004238       ??_C@_0BG@LBKINIKP@invalid?5distance?5code?$AA@ 0000000180016238     infback.obj
 0002:00004250       ??_C@_0BO@ECPMAOGG@invalid?5distance?5too?5far?5back?$AA@ 0000000180016250     infback.obj
 0002:00004270       ??_C@_0BH@LIBMMIGA@incorrect?5header?5check?$AA@ 0000000180016270     inflate.obj
 0002:00004288       ??_C@_0BL@IHKGDAEE@unknown?5compression?5method?$AA@ 0000000180016288     inflate.obj
 0002:000042a8       ??_C@_0BE@EMOGCLGO@invalid?5window?5size?$AA@ 00000001800162a8     inflate.obj
 0002:000042c0       ??_C@_0BJ@BLBBCOMO@unknown?5header?5flags?5set?$AA@ 00000001800162c0     inflate.obj
 0002:000042e0       ??_C@_0BE@GONKLEPM@header?5crc?5mismatch?$AA@ 00000001800162e0     inflate.obj
 0002:000042f8       ??_C@_0BF@MEIGEHBE@incorrect?5data?5check?$AA@ 00000001800162f8     inflate.obj
 0002:00004310       ??_C@_0BH@FGKKJGOC@incorrect?5length?5check?$AA@ 0000000180016310     inflate.obj
 0002:00004328       ??_C@_02JDPG@rb?$AA@       0000000180016328     ioapi.obj
 0002:0000432c       ??_C@_03HMFOOINA@r?$CLb?$AA@ 000000018001632c     ioapi.obj
 0002:00004330       ??_C@_02GMLFBBN@wb?$AA@    0000000180016330     ioapi.obj
 0002:00004334       ??_C@_01JOAMLHOP@?9?$AA@   0000000180016334     zip.obj
 0002:00004338       ??_C@_0BA@MOKMMFOD@need?5dictionary?$AA@ 0000000180016338     zutil.obj
 0002:00004348       ??_C@_0L@FNAOCBOG@stream?5end?$AA@ 0000000180016348     zutil.obj
 0002:00004358       ??_C@_0L@KIJFAKBJ@file?5error?$AA@ 0000000180016358     zutil.obj
 0002:00004368       ??_C@_0N@MKKNPMJD@stream?5error?$AA@ 0000000180016368     zutil.obj
 0002:00004378       ??_C@_0L@HAHMBNLP@data?5error?$AA@ 0000000180016378     zutil.obj
 0002:00004388       ??_C@_0BE@OGGJBMCE@insufficient?5memory?$AA@ 0000000180016388     zutil.obj
 0002:000043a0       ??_C@_0N@DFPGLBGC@buffer?5error?$AA@ 00000001800163a0     zutil.obj
 0002:000043b0       ??_C@_0BF@CJFPCCEG@incompatible?5version?$AA@ 00000001800163b0     zutil.obj
 0002:000043d0       _load_config_used          00000001800163d0     MSVCRT:loadcfg.obj
 0002:00004440       __rtc_iaa                  0000000180016440     MSVCRT:initsect.obj
 0002:00004448       __rtc_izz                  0000000180016448     MSVCRT:initsect.obj
 0002:00004450       __rtc_taa                  0000000180016450     MSVCRT:initsect.obj
 0002:00004458       __rtc_tzz                  0000000180016458     MSVCRT:initsect.obj
 0002:00006264       __IMPORT_DESCRIPTOR_KERNEL32 0000000180018264     kernel32:KERNEL32.dll
 0002:00006278       __IMPORT_DESCRIPTOR_MSVCR120 0000000180018278     MSVCRT:MSVCR120.dll
 0002:0000628c       __NULL_IMPORT_DESCRIPTOR   000000018001828c     kernel32:KERNEL32.dll
 0003:00000000       __native_dllmain_reason    0000000180019000     MSVCRT:natstart.obj
 0003:00000008       __security_cookie          0000000180019008     MSVCRT:gs_cookie.obj
 0003:00000010       __security_cookie_complement 0000000180019010     MSVCRT:gs_cookie.obj
 0003:00000088       ?__type_info_root_node@@3U__type_info_node@@A 0000000180019088     MSVCRT:tncleanup.obj
 0003:000000a0       __native_startup_lock      00000001800190a0     <common>
 0003:000000a8       __native_startup_state     00000001800190a8     <common>
 0003:000000b0       __onexitend                00000001800190b0     <common>
 0003:000000b8       __onexitbegin              00000001800190b8     <common>
 0003:000000c0       __dyn_tls_init_callback    00000001800190c0     <common>

 entry point at        0001:0000fe28

 Static symbols

 0001:000002e0       adler32_combine_           00000001800012e0 f   adler32.obj
 0001:000004d0       crc32_little               00000001800014d0 f   crc32.obj
 0001:000007d0       gf2_matrix_times           00000001800017d0 f   crc32.obj
 0001:000007f0       gf2_matrix_square          00000001800017f0 f   crc32.obj
 0001:00000830       crc32_combine_             0000000180001830 f   crc32.obj
 0001:000012c0       putShortMSB                00000001800022c0 f   deflate.obj
 0001:000012f0       flush_pending              00000001800022f0 f   deflate.obj
 0001:00001f60       read_buf                   0000000180002f60 f   deflate.obj
 0001:00002000       lm_init                    0000000180003000 f   deflate.obj
 0001:000020b0       longest_match              00000001800030b0 f   deflate.obj
 0001:00002260       fill_window                0000000180003260 f   deflate.obj
 0001:000024b0       deflate_stored             00000001800034b0 f   deflate.obj
 0001:000026a0       deflate_fast               00000001800036a0 f   deflate.obj
 0001:00002aa0       deflate_slow               0000000180003aa0 f   deflate.obj
 0001:00002fb0       deflate_rle                0000000180003fb0 f   deflate.obj
 0001:000032e0       deflate_huff               00000001800042e0 f   deflate.obj
 0001:000034d0       gz_reset                   00000001800044d0 f   gzlib.obj
 0001:00003520       gz_open                    0000000180004520 f   gzlib.obj
 0001:000037ac       $LN52                      00000001800047ac     gzlib.obj
 0001:000037d8       $LN51                      00000001800047d8     gzlib.obj
 0001:00003d70       gz_load                    0000000180004d70 f   gzread.obj
 0001:00003e10       gz_avail                   0000000180004e10 f   gzread.obj
 0001:00003ea0       gz_look                    0000000180004ea0 f   gzread.obj
 0001:00004070       gz_decomp                  0000000180005070 f   gzread.obj
 0001:00004180       gz_fetch                   0000000180005180 f   gzread.obj
 0001:00004230       gz_skip                    0000000180005230 f   gzread.obj
 0001:00004820       gz_init                    0000000180005820 f   gzwrite.obj
 0001:00004930       gz_comp                    0000000180005930 f   gzwrite.obj
 0001:00004ab0       gz_zero                    0000000180005ab0 f   gzwrite.obj
 0001:00005230       fixedtables                0000000180006230 f   infback.obj
 0001:000060e4       $LN467                     00000001800070e4     infback.obj
 0001:00006920       fixedtables                0000000180007920 f   inflate.obj
 0001:00006950       updatewindow               0000000180007950 f   inflate.obj
 0001:00008148       $LN793                     0000000180009148     inflate.obj
 0001:000083a0       syncsearch                 00000001800093a0 f   inflate.obj
 0001:00008d60       fopen64_file_func          0000000180009d60 f   ioapi.obj
 0001:00008db0       fread_file_func            0000000180009db0 f   ioapi.obj
 0001:00008dd0       fwrite_file_func           0000000180009dd0 f   ioapi.obj
 0001:00008df0       ftell64_file_func          0000000180009df0 f   ioapi.obj
 0001:00008e00       fseek64_file_func          0000000180009e00 f   ioapi.obj
 0001:00008e60       fclose_file_func           0000000180009e60 f   ioapi.obj
 0001:00008e70       ferror_file_func           0000000180009e70 f   ioapi.obj
 0001:00008ee0       win32_translate_open_mode  0000000180009ee0 f   iowin32.obj
 0001:00008f40       win32_build_iowin          0000000180009f40 f   iowin32.obj
 0001:000091a0       MySetFilePointerEx         000000018000a1a0 f   iowin32.obj
 0001:00009540       init_block                 000000018000a540 f   trees.obj
 0001:000095c0       pqdownheap                 000000018000a5c0 f   trees.obj
 0001:000096b0       gen_bitlen                 000000018000a6b0 f   trees.obj
 0001:000098c0       gen_codes                  000000018000a8c0 f   trees.obj
 0001:00009940       build_tree                 000000018000a940 f   trees.obj
 0001:00009b90       scan_tree                  000000018000ab90 f   trees.obj
 0001:00009c80       send_tree                  000000018000ac80 f   trees.obj
 0001:0000a200       build_bl_tree              000000018000b200 f   trees.obj
 0001:0000a2d0       send_all_trees             000000018000b2d0 f   trees.obj
 0001:0000a950       compress_block             000000018000b950 f   trees.obj
 0001:0000ada0       detect_data_type           000000018000bda0 f   trees.obj
 0001:0000ae20       bi_reverse                 000000018000be20 f   trees.obj
 0001:0000ae40       bi_flush                   000000018000be40 f   trees.obj
 0001:0000aec0       bi_windup                  000000018000bec0 f   trees.obj
 0001:0000af20       copy_block                 000000018000bf20 f   trees.obj
 0001:0000b0a0       unz64local_getByte         000000018000c0a0 f   unzip.obj
 0001:0000b0a0       zip64local_getByte         000000018000c0a0 f   zip.obj
 0001:0000b110       unz64local_getShort        000000018000c110 f   unzip.obj
 0001:0000b190       unz64local_getLong         000000018000c190 f   unzip.obj
 0001:0000b260       unz64local_getLong64       000000018000c260 f   unzip.obj
 0001:0000b3e0       strcmpcasenosensitive_internal 000000018000c3e0 f   unzip.obj
 0001:0000b470       unz64local_SearchCentralDir 000000018000c470 f   unzip.obj
 0001:0000b470       zip64local_SearchCentralDir 000000018000c470 f   zip.obj
 0001:0000b5f0       unz64local_SearchCentralDir64 000000018000c5f0 f   unzip.obj
 0001:0000b810       unzOpenInternal            000000018000c810 f   unzip.obj
 0001:0000bdc0       unz64local_DosDateToTmuDate 000000018000cdc0 f   unzip.obj
 0001:0000be20       unz64local_GetCurrentFileInfoInternal 000000018000ce20 f   unzip.obj
 0001:0000c900       unz64local_CheckCurrentFileCoherencyHeader 000000018000d900 f   unzip.obj
 0001:0000d3b0       decrypt_byte               000000018000e3b0 f   zip.obj
 0001:0000d3d0       update_keys                000000018000e3d0 f   zip.obj
 0001:0000d430       init_keys                  000000018000e430 f   zip.obj
 0001:0000d4a0       crypthead                  000000018000e4a0 f   zip.obj
 0001:0000d5f0       allocate_new_datablock     000000018000e5f0 f   zip.obj
 0001:0000d620       free_datablock             000000018000e620 f   zip.obj
 0001:0000d650       init_linkedlist            000000018000e650 f   zip.obj
 0001:0000d660       free_linkedlist            000000018000e660 f   zip.obj
 0001:0000d680       add_data_in_datablock      000000018000e680 f   zip.obj
 0001:0000d750       zip64local_putValue        000000018000e750 f   zip.obj
 0001:0000d7c0       zip64local_putValue_inmemory 000000018000e7c0 f   zip.obj
 0001:0000d810       zip64local_TmzDateToDosDate 000000018000e810 f   zip.obj
 0001:0000d860       zip64local_getShort        000000018000e860 f   zip.obj
 0001:0000d8e0       zip64local_getLong         000000018000e8e0 f   zip.obj
 0001:0000d9b0       zip64local_getLong64       000000018000e9b0 f   zip.obj
 0001:0000db30       zip64local_SearchCentralDir64 000000018000eb30 f   zip.obj
 0001:0000ef80       zip64FlushWriteBuffer      000000018000ff80 f   zip.obj
 0001:0000fb7c       pre_c_init                 0000000180010b7c f   MSVCRT:crtdll.obj
 0001:0000fe68       __DllMainCRTStartup        0000000180010e68 f   MSVCRT:crtdll.obj
 0001:00010310       $$000000                   0000000180011310     MSVCRT:chkstk.obj
 0001:00010380       __DllMainCRTStartup$filt$0 0000000180011380 f   MSVCRT:crtdll.obj
 0001:000103a5       __DllMainCRTStartup$fin$1  00000001800113a5 f   MSVCRT:crtdll.obj
 0001:000103c0       _IsNonwritableInCurrentImage$filt$0 00000001800113c0 f   MSVCRT:pesect.obj
 0001:000103e0       _onexit$fin$0              00000001800113e0 f   MSVCRT:atonexit.obj
 0002:000001c8       pcinit                     00000001800121c8     MSVCRT:crtdll.obj
 0002:000001d0       pinit                      00000001800121d0     MSVCRT:atonexit.obj
 0002:000001f0       crc_table                  00000001800121f0     crc32.obj
 0002:000021f0       configuration_table        00000001800141f0     deflate.obj
 0002:00002290       ?my_version@?1??deflateInit2_@@9@9 0000000180014290     deflate.obj
 0002:000022a0       ?lenfix@?1??fixedtables@@9@9 00000001800142a0     infback.obj
 0002:00002aa0       ?order@?1??inflateBack@@9@9 0000000180014aa0     infback.obj
 0002:00002ad0       ?distfix@?1??fixedtables@@9@9 0000000180014ad0     infback.obj
 0002:00002b50       ?lenfix@?1??fixedtables@@9@9 0000000180014b50     inflate.obj
 0002:00003350       ?order@?1??inflate@@9@9    0000000180015350     inflate.obj
 0002:00003380       ?distfix@?1??fixedtables@@9@9 0000000180015380     inflate.obj
 0002:00003400       ?lext@?1??inflate_table@@9@9 0000000180015400     inftrees.obj
 0002:00003440       ?dbase@?1??inflate_table@@9@9 0000000180015440     inftrees.obj
 0002:00003480       ?lbase@?1??inflate_table@@9@9 0000000180015480     inftrees.obj
 0002:000034c0       ?dext@?1??inflate_table@@9@9 00000001800154c0     inftrees.obj
 0002:00003800       static_dtree               0000000180015800     trees.obj
 0002:00003880       static_ltree               0000000180015880     trees.obj
 0002:00003d00       extra_dbits                0000000180015d00     trees.obj
 0002:00003d80       base_length                0000000180015d80     trees.obj
 0002:00003e00       extra_blbits               0000000180015e00     trees.obj
 0002:00003e50       extra_lbits                0000000180015e50     trees.obj
 0002:00003ed0       bl_order                   0000000180015ed0     trees.obj
 0002:00003ef0       base_dist                  0000000180015ef0     trees.obj
 0002:00004460       $unwind$adler32_combine_   0000000180016460     adler32.obj
 0002:00004460       $unwind$syncsearch         0000000180016460     inflate.obj
 0002:00004460       $unwind$update_keys        0000000180016460     zip.obj
 0002:00004468       $unwind$compress2          0000000180016468     compress.obj
 0002:00004470       $chain$0$compress2         0000000180016470     compress.obj
 0002:00004484       $chain$2$compress2         0000000180016484     compress.obj
 0002:00004498       $chain$3$compress2         0000000180016498     compress.obj
 0002:000044a8       $unwind$unzOpenCurrentFile2 00000001800164a8     unzip.obj
 0002:000044a8       $unwind$unzGoToFilePos     00000001800164a8     unzip.obj
 0002:000044a8       $unwind$unzOpenCurrentFile 00000001800164a8     unzip.obj
 0002:000044a8       $unwind$unzOpenCurrentFilePassword 00000001800164a8     unzip.obj
 0002:000044a8       $unwind$compress           00000001800164a8     compress.obj
 0002:000044b0       $unwind$crc32_little       00000001800164b0     crc32.obj
 0002:000044b8       $chain$0$crc32_little      00000001800164b8     crc32.obj
 0002:000044cc       $chain$1$crc32_little      00000001800164cc     crc32.obj
 0002:000044dc       $unwind$atexit             00000001800164dc     MSVCRT:atonexit.obj
 0002:000044dc       $unwind$gf2_matrix_square  00000001800164dc     crc32.obj
 0002:000044dc       $unwind$free_datablock     00000001800164dc     zip.obj
 0002:000044dc       $unwind$gzgetc             00000001800164dc     gzread.obj
 0002:000044dc       $unwind$allocate_new_datablock 00000001800164dc     zip.obj
 0002:000044dc       $unwind$gzoffset           00000001800164dc     gzlib.obj
 0002:000044dc       $unwind$call_ztell64       00000001800164dc     ioapi.obj
 0002:000044dc       $unwind$gzseek             00000001800164dc     gzlib.obj
 0002:000044dc       $unwind$gztell             00000001800164dc     gzlib.obj
 0002:000044dc       $unwind$DllMain            00000001800164dc     MSVCRT:dllmain.obj
 0002:000044dc       $unwind$MySetFilePointerEx 00000001800164dc     iowin32.obj
 0002:000044e4       $unwind$crc32_combine_     00000001800164e4     crc32.obj
 0002:000044f8       $unwind$deflateInit_       00000001800164f8     deflate.obj
 0002:00004500       $unwind$deflateInit2_      0000000180016500     deflate.obj
 0002:00004510       $chain$1$deflateInit2_     0000000180016510     deflate.obj
 0002:00004528       $chain$2$deflateInit2_     0000000180016528     deflate.obj
 0002:0000453c       $chain$3$deflateInit2_     000000018001653c     deflate.obj
 0002:0000454c       $chain$5$deflateInit2_     000000018001654c     deflate.obj
 0002:00004568       $chain$6$deflateInit2_     0000000180016568     deflate.obj
 0002:00004580       $chain$7$deflateInit2_     0000000180016580     deflate.obj
 0002:00004590       $unwind$deflateSetDictionary 0000000180016590     deflate.obj
 0002:000045a0       $chain$3$deflateSetDictionary 00000001800165a0     deflate.obj
 0002:000045c0       $chain$5$deflateSetDictionary 00000001800165c0     deflate.obj
 0002:000045d4       $chain$6$deflateSetDictionary 00000001800165d4     deflate.obj
 0002:000045e4       $unwind$gzseek64           00000001800165e4     gzlib.obj
 0002:000045e4       $unwind$deflateResetKeep   00000001800165e4     deflate.obj
 0002:000045e4       $unwind$gzputc             00000001800165e4     gzwrite.obj
 0002:000045f0       $chain$0$deflateResetKeep  00000001800165f0     deflate.obj
 0002:00004604       $chain$1$deflateResetKeep  0000000180016604     deflate.obj
 0002:00004614       $unwind$_RTC_Initialize    0000000180016614     MSVCRT:initsect.obj
 0002:00004614       $unwind$gzungetc           0000000180016614     gzread.obj
 0002:00004614       $unwind$deflatePrime       0000000180016614     deflate.obj
 0002:00004614       $unwind$_RTC_Terminate     0000000180016614     MSVCRT:initsect.obj
 0002:00004614       $unwind$Write_Zip64EndOfCentralDirectoryLocator 0000000180016614     zip.obj
 0002:00004614       $unwind$gzclose_w          0000000180016614     gzwrite.obj
 0002:00004614       $unwind$gz_reset           0000000180016614     gzlib.obj
 0002:00004614       $unwind$win32_seek64_file_func 0000000180016614     iowin32.obj
 0002:00004614       $unwind$win32_seek_file_func 0000000180016614     iowin32.obj
 0002:00004614       $unwind$win32_close_file_func 0000000180016614     iowin32.obj
 0002:00004614       $unwind$lm_init            0000000180016614     deflate.obj
 0002:00004614       $unwind$deflateReset       0000000180016614     deflate.obj
 0002:00004614       $unwind$gzflush            0000000180016614     gzwrite.obj
 0002:00004614       $unwind$gz_skip            0000000180016614     gzread.obj
 0002:00004620       $unwind$deflateParams      0000000180016620     deflate.obj
 0002:00004634       $chain$0$deflateParams     0000000180016634     deflate.obj
 0002:00004648       $chain$1$deflateParams     0000000180016648     deflate.obj
 0002:00004658       $unwind$flush_pending      0000000180016658     deflate.obj
 0002:00004658       $unwind$add_data_in_datablock 0000000180016658     zip.obj
 0002:00004668       $chain$0$flush_pending     0000000180016668     deflate.obj
 0002:0000467c       $chain$1$flush_pending     000000018001667c     deflate.obj
 0002:0000468c       $unwind$deflate            000000018001668c     deflate.obj
 0002:00004698       $chain$1$deflate           0000000180016698     deflate.obj
 0002:000046b0       $chain$2$deflate           00000001800166b0     deflate.obj
 0002:000046c4       $chain$3$deflate           00000001800166c4     deflate.obj
 0002:000046d4       $chain$5$deflate           00000001800166d4     deflate.obj
 0002:000046ec       $chain$6$deflate           00000001800166ec     deflate.obj
 0002:000046fc       $unwind$win32_tell64_file_func 00000001800166fc     iowin32.obj
 0002:000046fc       $unwind$win32_tell_file_func 00000001800166fc     iowin32.obj
 0002:000046fc       $unwind$gzputs             00000001800166fc     gzwrite.obj
 0002:000046fc       $unwind$gz_avail           00000001800166fc     gzread.obj
 0002:000046fc       $unwind$copy_block         00000001800166fc     trees.obj
 0002:000046fc       $unwind$build_bl_tree      00000001800166fc     trees.obj
 0002:000046fc       $unwind$gz_fetch           00000001800166fc     gzread.obj
 0002:000046fc       $unwind$__atonexitinit     00000001800166fc     MSVCRT:atonexit.obj
 0002:000046fc       $unwind$free_linkedlist    00000001800166fc     zip.obj
 0002:000046fc       $unwind$fseek64_file_func  00000001800166fc     ioapi.obj
 0002:000046fc       $unwind$inflateEnd         00000001800166fc     inflate.obj
 0002:000046fc       $unwind$gzrewind           00000001800166fc     gzlib.obj
 0002:000046fc       $unwind$deflateEnd         00000001800166fc     deflate.obj
 0002:000046fc       $unwind$unzClose           00000001800166fc     unzip.obj
 0002:000046fc       $unwind$inflateBackEnd     00000001800166fc     infback.obj
 0002:000046fc       $unwind$pre_c_init         00000001800166fc     MSVCRT:crtdll.obj
 0002:000046fc       $unwind$gzdirect           00000001800166fc     gzread.obj
 0002:000046fc       $unwind$zip64local_putValue 00000001800166fc     zip.obj
 0002:000046fc       $unwind$gzoffset64         00000001800166fc     gzlib.obj
 0002:00004704       $chain$0$deflateEnd        0000000180016704     deflate.obj
 0002:00004718       $chain$2$deflateEnd        0000000180016718     deflate.obj
 0002:0000472c       $chain$3$deflateEnd        000000018001672c     deflate.obj
 0002:0000473c       $unwind$deflateCopy        000000018001673c     deflate.obj
 0002:0000473c       $unwind$inflateInit2_      000000018001673c     inflate.obj
 0002:00004748       $chain$0$deflateCopy       0000000180016748     deflate.obj
 0002:0000475c       $chain$3$deflateCopy       000000018001675c     deflate.obj
 0002:00004774       $chain$5$deflateCopy       0000000180016774     deflate.obj
 0002:0000478c       $chain$6$deflateCopy       000000018001678c     deflate.obj
 0002:0000479c       $unwind$read_buf           000000018001679c     deflate.obj
 0002:000047b0       $unwind$longest_match      00000001800167b0     deflate.obj
 0002:000047cc       $unwind$fill_window        00000001800167cc     deflate.obj
 0002:000047cc       $unwind$zip64local_getByte 00000001800167cc     zip.obj
 0002:000047cc       $unwind$unz64local_getByte 00000001800167cc     unzip.obj
 0002:000047dc       $chain$0$fill_window       00000001800167dc     deflate.obj
 0002:000047f0       $chain$1$fill_window       00000001800167f0     deflate.obj
 0002:00004800       $unwind$unz64local_getShort 0000000180016800     unzip.obj
 0002:00004800       $unwind$deflate_stored     0000000180016800     deflate.obj
 0002:00004800       $unwind$zip64local_getShort 0000000180016800     zip.obj
 0002:00004800       $unwind$_tr_flush_block    0000000180016800     trees.obj
 0002:00004800       $unwind$gz_decomp          0000000180016800     gzread.obj
 0002:00004800       $unwind$inflateSetDictionary 0000000180016800     inflate.obj
 0002:00004800       $unwind$gz_load            0000000180016800     gzread.obj
 0002:00004814       $unwind$deflate_fast       0000000180016814     deflate.obj
 0002:0000482c       $unwind$deflate_slow       000000018001682c     deflate.obj
 0002:00004848       $unwind$deflate_rle        0000000180016848     deflate.obj
 0002:00004848       $unwind$Write_GlobalComment 0000000180016848     zip.obj
 0002:00004860       $unwind$deflate_huff       0000000180016860     deflate.obj
 0002:00004860       $unwind$init_keys          0000000180016860     zip.obj
 0002:00004860       $unwind$gzdopen            0000000180016860     gzlib.obj
 0002:00004860       $unwind$Write_Zip64EndOfCentralDirectoryRecord 0000000180016860     zip.obj
 0002:00004860       $unwind$send_all_trees     0000000180016860     trees.obj
 0002:00004860       $unwind$inflateGetDictionary 0000000180016860     inflate.obj
 0002:00004860       $unwind$Write_EndOfCentralDirectoryRecord 0000000180016860     zip.obj
 0002:00004860       $unwind$_DllMainCRTStartup 0000000180016860     MSVCRT:crtdll.obj
 0002:00004870       $unwind$gz_open            0000000180016870     gzlib.obj
 0002:00004884       $chain$0$gz_open           0000000180016884     gzlib.obj
 0002:00004898       $chain$1$gz_open           0000000180016898     gzlib.obj
 0002:000048ac       $chain$2$gz_open           00000001800168ac     gzlib.obj
 0002:000048bc       $chain$3$gz_open           00000001800168bc     gzlib.obj
 0002:000048cc       $chain$4$gz_open           00000001800168cc     gzlib.obj
 0002:000048e4       $chain$0$gzseek64          00000001800168e4     gzlib.obj
 0002:000048f8       $chain$2$gzseek64          00000001800168f8     gzlib.obj
 0002:000048f8       $chain$4$gzseek64          00000001800168f8     gzlib.obj
 0002:0000490c       $unwind$gz_error           000000018001690c     gzlib.obj
 0002:00004920       $unwind$gz_look            0000000180016920     gzread.obj
 0002:00004934       $chain$0$gz_look           0000000180016934     gzread.obj
 0002:00004948       $chain$1$gz_look           0000000180016948     gzread.obj
 0002:00004958       $unwind$gzread             0000000180016958     gzread.obj
 0002:00004964       $chain$0$gzread            0000000180016964     gzread.obj
 0002:00004978       $chain$5$gzread            0000000180016978     gzread.obj
 0002:00004998       $unwind$gzgets             0000000180016998     gzread.obj
 0002:000049a4       $chain$3$gzgets            00000001800169a4     gzread.obj
 0002:000049c4       $chain$5$gzgets            00000001800169c4     gzread.obj
 0002:000049e4       $chain$6$gzgets            00000001800169e4     gzread.obj
 0002:000049f4       $unwind$gzclose_r          00000001800169f4     gzread.obj
 0002:00004a04       $unwind$gz_init            0000000180016a04     gzwrite.obj
 0002:00004a18       $unwind$gz_comp            0000000180016a18     gzwrite.obj
 0002:00004a2c       $unwind$gz_zero            0000000180016a2c     gzwrite.obj
 0002:00004a38       $chain$1$gz_zero           0000000180016a38     gzwrite.obj
 0002:00004a50       $chain$3$gz_zero           0000000180016a50     gzwrite.obj
 0002:00004a68       $unwind$gzwrite            0000000180016a68     gzwrite.obj
 0002:00004a80       $unwind$gzvprintf          0000000180016a80     gzwrite.obj
 0002:00004a98       $unwind$gzprintf           0000000180016a98     gzwrite.obj
 0002:00004aa0       $unwind$gzsetparams        0000000180016aa0     gzwrite.obj
 0002:00004ab4       $unwind$inflateBackInit_   0000000180016ab4     infback.obj
 0002:00004ac4       $chain$1$inflateBackInit_  0000000180016ac4     infback.obj
 0002:00004adc       $chain$3$inflateBackInit_  0000000180016adc     infback.obj
 0002:00004af4       $chain$4$inflateBackInit_  0000000180016af4     infback.obj
 0002:00004b04       $unwind$inflateBack        0000000180016b04     infback.obj
 0002:00004b14       $chain$3$inflateBack       0000000180016b14     infback.obj
 0002:00004b34       $chain$4$inflateBack       0000000180016b34     infback.obj
 0002:00004b44       $unwind$inflate_fast       0000000180016b44     inffast.obj
 0002:00004b5c       $unwind$inflateReset2      0000000180016b5c     inflate.obj
 0002:00004b6c       $chain$0$inflateReset2     0000000180016b6c     inflate.obj
 0002:00004b80       $chain$2$inflateReset2     0000000180016b80     inflate.obj
 0002:00004b94       $chain$3$inflateReset2     0000000180016b94     inflate.obj
 0002:00004ba4       $chain$1$inflateInit2_     0000000180016ba4     inflate.obj
 0002:00004bbc       $chain$3$inflateInit2_     0000000180016bbc     inflate.obj
 0002:00004bd4       $chain$4$inflateInit2_     0000000180016bd4     inflate.obj
 0002:00004be4       $unwind$zipWriteInFileInZip 0000000180016be4     zip.obj
 0002:00004be4       $unwind$updatewindow       0000000180016be4     inflate.obj
 0002:00004bf8       $chain$0$updatewindow      0000000180016bf8     inflate.obj
 0002:00004c0c       $chain$1$updatewindow      0000000180016c0c     inflate.obj
 0002:00004c1c       $unwind$inflate            0000000180016c1c     inflate.obj
 0002:00004c28       $chain$4$inflate           0000000180016c28     inflate.obj
 0002:00004c4c       $chain$6$inflate           0000000180016c4c     inflate.obj
 0002:00004c70       $chain$7$inflate           0000000180016c70     inflate.obj
 0002:00004c80       $unwind$inflateSync        0000000180016c80     inflate.obj
 0002:00004c8c       $chain$1$inflateSync       0000000180016c8c     inflate.obj
 0002:00004ca4       $chain$3$inflateSync       0000000180016ca4     inflate.obj
 0002:00004cbc       $chain$4$inflateSync       0000000180016cbc     inflate.obj
 0002:00004ccc       $unwind$inflateCopy        0000000180016ccc     inflate.obj
 0002:00004cd8       $chain$1$inflateCopy       0000000180016cd8     inflate.obj
 0002:00004cf0       $chain$2$inflateCopy       0000000180016cf0     inflate.obj
 0002:00004d04       $chain$3$inflateCopy       0000000180016d04     inflate.obj
 0002:00004d14       $chain$5$inflateCopy       0000000180016d14     inflate.obj
 0002:00004d30       $chain$6$inflateCopy       0000000180016d30     inflate.obj
 0002:00004d40       $unwind$inflate_table      0000000180016d40     inftrees.obj
 0002:00004d54       $chain$0$inflate_table     0000000180016d54     inftrees.obj
 0002:00004d68       $chain$1$inflate_table     0000000180016d68     inftrees.obj
 0002:00004d78       $unwind$win32_build_iowin  0000000180016d78     iowin32.obj
 0002:00004d80       $chain$0$win32_build_iowin 0000000180016d80     iowin32.obj
 0002:00004d94       $chain$2$win32_build_iowin 0000000180016d94     iowin32.obj
 0002:00004da8       $chain$3$win32_build_iowin 0000000180016da8     iowin32.obj
 0002:00004db8       $unwind$win32_open64_file_func 0000000180016db8     iowin32.obj
 0002:00004db8       $unwind$win32_open_file_func 0000000180016db8     iowin32.obj
 0002:00004db8       $unwind$win32_open64_file_funcA 0000000180016db8     iowin32.obj
 0002:00004dc4       $unwind$gen_codes          0000000180016dc4     trees.obj
 0002:00004dc4       $unwind$win32_open64_file_funcW 0000000180016dc4     iowin32.obj
 0002:00004dcc       $unwind$win32_write_file_func 0000000180016dcc     iowin32.obj
 0002:00004dcc       $unwind$win32_read_file_func 0000000180016dcc     iowin32.obj
 0002:00004dd8       $unwind$pqdownheap         0000000180016dd8     trees.obj
 0002:00004de4       $chain$0$pqdownheap        0000000180016de4     trees.obj
 0002:00004df8       $chain$2$pqdownheap        0000000180016df8     trees.obj
 0002:00004e0c       $chain$3$pqdownheap        0000000180016e0c     trees.obj
 0002:00004e1c       $unwind$gen_bitlen         0000000180016e1c     trees.obj
 0002:00004e2c       $chain$2$gen_bitlen        0000000180016e2c     trees.obj
 0002:00004e48       $chain$3$gen_bitlen        0000000180016e48     trees.obj
 0002:00004e58       $unwind$build_tree         0000000180016e58     trees.obj
 0002:00004e74       $unwind$scan_tree          0000000180016e74     trees.obj
 0002:00004e80       $unwind$send_tree          0000000180016e80     trees.obj
 0002:00004e88       $chain$3$send_tree         0000000180016e88     trees.obj
 0002:00004ea8       $chain$4$send_tree         0000000180016ea8     trees.obj
 0002:00004eb8       $unwind$compress_block     0000000180016eb8     trees.obj
 0002:00004ec4       $chain$1$compress_block    0000000180016ec4     trees.obj
 0002:00004edc       $chain$4$compress_block    0000000180016edc     trees.obj
 0002:00004ef8       $chain$5$compress_block    0000000180016ef8     trees.obj
 0002:00004f08       $chain$6$compress_block    0000000180016f08     trees.obj
 0002:00004f18       $unwind$uncompress         0000000180016f18     uncompr.obj
 0002:00004f20       $chain$0$uncompress        0000000180016f20     uncompr.obj
 0002:00004f34       $chain$2$uncompress        0000000180016f34     uncompr.obj
 0002:00004f34       $chain$4$uncompress        0000000180016f34     uncompr.obj
 0002:00004f48       $chain$5$uncompress        0000000180016f48     uncompr.obj
 0002:00004f58       $unwind$zip64local_getLong64 0000000180016f58     zip.obj
 0002:00004f58       $unwind$unz64local_getLong64 0000000180016f58     unzip.obj
 0002:00004f58       $unwind$unz64local_getLong 0000000180016f58     unzip.obj
 0002:00004f58       $unwind$zip64local_getLong 0000000180016f58     zip.obj
 0002:00004f6c       $unwind$unz64local_SearchCentralDir 0000000180016f6c     unzip.obj
 0002:00004f6c       $unwind$zip64local_SearchCentralDir 0000000180016f6c     zip.obj
 0002:00004f7c       $chain$0$unz64local_SearchCentralDir 0000000180016f7c     unzip.obj
 0002:00004f7c       $chain$0$zip64local_SearchCentralDir 0000000180016f7c     zip.obj
 0002:00004f90       $chain$3$zip64local_SearchCentralDir 0000000180016f90     zip.obj
 0002:00004f90       $chain$3$unz64local_SearchCentralDir 0000000180016f90     unzip.obj
 0002:00004fa8       $chain$5$unz64local_SearchCentralDir 0000000180016fa8     unzip.obj
 0002:00004fa8       $chain$5$zip64local_SearchCentralDir 0000000180016fa8     zip.obj
 0002:00004fc0       $chain$6$unz64local_SearchCentralDir 0000000180016fc0     unzip.obj
 0002:00004fc0       $chain$6$zip64local_SearchCentralDir 0000000180016fc0     zip.obj
 0002:00004fd0       $unwind$zip64local_SearchCentralDir64 0000000180016fd0     zip.obj
 0002:00004fd0       $unwind$unz64local_SearchCentralDir64 0000000180016fd0     unzip.obj
 0002:00004fe8       $chain$2$unz64local_SearchCentralDir64 0000000180016fe8     unzip.obj
 0002:00004ffc       $chain$3$unz64local_SearchCentralDir64 0000000180016ffc     unzip.obj
 0002:0000500c       $unwind$unzOpenInternal    000000018001700c     unzip.obj
 0002:00005024       $chain$3$unzOpenInternal   0000000180017024     unzip.obj
 0002:0000503c       $chain$4$unzOpenInternal   000000018001703c     unzip.obj
 0002:00005050       $unwind$zipOpen2_64        0000000180017050     zip.obj
 0002:00005050       $unwind$unzOpen2           0000000180017050     unzip.obj
 0002:00005050       $unwind$unzOpen2_64        0000000180017050     unzip.obj
 0002:00005058       $unwind$unz64local_GetCurrentFileInfoInternal 0000000180017058     unzip.obj
 0002:00005078       $unwind$unzGetCurrentFileInfo64 0000000180017078     unzip.obj
 0002:00005080       $unwind$unzGetCurrentFileInfo 0000000180017080     unzip.obj
 0002:0000508c       $unwind$unzGoToFirstFile   000000018001708c     unzip.obj
 0002:00005098       $unwind$unzGoToNextFile    0000000180017098     unzip.obj
 0002:000050a4       $unwind$unzLocateFile      00000001800170a4     unzip.obj
 0002:000050b4       $chain$3$unzLocateFile     00000001800170b4     unzip.obj
 0002:000050d4       $chain$5$unzLocateFile     00000001800170d4     unzip.obj
 0002:000050f4       $unwind$unzGetFilePos      00000001800170f4     unzip.obj
 0002:000050fc       $unwind$unzGoToFilePos64   00000001800170fc     unzip.obj
 0002:00005104       $chain$0$unzGoToFilePos64  0000000180017104     unzip.obj
 0002:00005118       $chain$1$unzGoToFilePos64  0000000180017118     unzip.obj
 0002:00005128       $unwind$unz64local_CheckCurrentFileCoherencyHeader 0000000180017128     unzip.obj
 0002:00005144       $unwind$unzOpenCurrentFile3 0000000180017144     unzip.obj
 0002:00005154       $chain$0$unzOpenCurrentFile3 0000000180017154     unzip.obj
 0002:00005168       $chain$1$unzOpenCurrentFile3 0000000180017168     unzip.obj
 0002:0000517c       $chain$2$unzOpenCurrentFile3 000000018001717c     unzip.obj
 0002:0000518c       $chain$4$unzOpenCurrentFile3 000000018001718c     unzip.obj
 0002:000051a4       $unwind$unzReadCurrentFile 00000001800171a4     unzip.obj
 0002:000051ac       $chain$0$unzReadCurrentFile 00000001800171ac     unzip.obj
 0002:000051c0       $chain$2$unzReadCurrentFile 00000001800171c0     unzip.obj
 0002:000051c0       $chain$4$unzReadCurrentFile 00000001800171c0     unzip.obj
 0002:000051d4       $chain$12$unzReadCurrentFile 00000001800171d4     unzip.obj
 0002:00005200       $chain$14$unzReadCurrentFile 0000000180017200     unzip.obj
 0002:0000522c       $unwind$unzGetLocalExtrafield 000000018001722c     unzip.obj
 0002:0000522c       $unwind$unzCloseCurrentFile 000000018001722c     unzip.obj
 0002:00005238       $chain$0$unzGetLocalExtrafield 0000000180017238     unzip.obj
 0002:0000524c       $chain$2$unzGetLocalExtrafield 000000018001724c     unzip.obj
 0002:0000524c       $chain$8$unzGetLocalExtrafield 000000018001724c     unzip.obj
 0002:0000524c       $chain$4$unzGetLocalExtrafield 000000018001724c     unzip.obj
 0002:0000524c       $chain$6$unzGetLocalExtrafield 000000018001724c     unzip.obj
 0002:00005260       $chain$0$unzCloseCurrentFile 0000000180017260     unzip.obj
 0002:00005274       $chain$2$unzCloseCurrentFile 0000000180017274     unzip.obj
 0002:00005288       $unwind$unzGetGlobalComment 0000000180017288     unzip.obj
 0002:0000529c       $unwind$crypthead          000000018001729c     zip.obj
 0002:000052b8       $chain$0$free_datablock    00000001800172b8     zip.obj
 0002:000052cc       $chain$1$free_datablock    00000001800172cc     zip.obj
 0002:000052dc       $chain$0$add_data_in_datablock 00000001800172dc     zip.obj
 0002:000052f0       $chain$2$add_data_in_datablock 00000001800172f0     zip.obj
 0002:00005304       $chain$0$zip64local_putValue 0000000180017304     zip.obj
 0002:00005318       $chain$1$zip64local_putValue 0000000180017318     zip.obj
 0002:00005328       $unwind$zip64local_putValue_inmemory 0000000180017328     zip.obj
 0002:00005330       $chain$2$zip64local_SearchCentralDir64 0000000180017330     zip.obj
 0002:00005344       $chain$3$zip64local_SearchCentralDir64 0000000180017344     zip.obj
 0002:00005354       $unwind$LoadCentralDirectoryRecord 0000000180017354     zip.obj
 0002:0000536c       $unwind$zipOpen3           000000018001736c     zip.obj
 0002:00005388       $unwind$zipOpen2           0000000180017388     zip.obj
 0002:00005390       $unwind$Write_LocalFileHeader 0000000180017390     zip.obj
 0002:000053a8       $chain$0$Write_LocalFileHeader 00000001800173a8     zip.obj
 0002:000053bc       $chain$1$Write_LocalFileHeader 00000001800173bc     zip.obj
 0002:000053cc       $unwind$zipOpenNewFileInZip4_64 00000001800173cc     zip.obj
 0002:000053d8       $chain$0$zipOpenNewFileInZip4_64 00000001800173d8     zip.obj
 0002:000053ec       $chain$2$zipOpenNewFileInZip4_64 00000001800173ec     zip.obj
 0002:00005400       $chain$6$zipOpenNewFileInZip4_64 0000000180017400     zip.obj
 0002:00005420       $chain$7$zipOpenNewFileInZip4_64 0000000180017420     zip.obj
 0002:00005430       $unwind$zipOpenNewFileInZip3_64 0000000180017430     zip.obj
 0002:00005430       $unwind$zipOpenNewFileInZip 0000000180017430     zip.obj
 0002:00005430       $unwind$zipOpenNewFileInZip2 0000000180017430     zip.obj
 0002:00005430       $unwind$zipOpenNewFileInZip3 0000000180017430     zip.obj
 0002:00005430       $unwind$zipOpenNewFileInZip64 0000000180017430     zip.obj
 0002:00005430       $unwind$zipOpenNewFileInZip2_64 0000000180017430     zip.obj
 0002:00005438       $unwind$zip64FlushWriteBuffer 0000000180017438     zip.obj
 0002:00005444       $chain$0$zip64FlushWriteBuffer 0000000180017444     zip.obj
 0002:00005458       $chain$2$zip64FlushWriteBuffer 0000000180017458     zip.obj
 0002:00005470       $chain$3$zip64FlushWriteBuffer 0000000180017470     zip.obj
 0002:00005480       $chain$4$zip64FlushWriteBuffer 0000000180017480     zip.obj
 0002:00005490       $chain$0$zipWriteInFileInZip 0000000180017490     zip.obj
 0002:000054a4       $chain$1$zipWriteInFileInZip 00000001800174a4     zip.obj
 0002:000054b4       $chain$2$zipWriteInFileInZip 00000001800174b4     zip.obj
 0002:000054c8       $unwind$zipCloseFileInZipRaw64 00000001800174c8     zip.obj
 0002:000054e4       $unwind$zipClose           00000001800174e4     zip.obj
 0002:000054f4       $chain$0$zipClose          00000001800174f4     zip.obj
 0002:00005508       $chain$1$zipClose          0000000180017508     zip.obj
 0002:0000551c       $chain$2$zipClose          000000018001751c     zip.obj
 0002:00005530       $chain$3$zipClose          0000000180017530     zip.obj
 0002:00005540       $chain$4$zipClose          0000000180017540     zip.obj
 0002:00005550       $chain$5$zipClose          0000000180017550     zip.obj
 0002:00005560       $unwind$_CRT_INIT          0000000180017560     MSVCRT:crtdll.obj
 0002:0000557c       $unwind$__DllMainCRTStartup 000000018001757c     MSVCRT:crtdll.obj
 0002:000055b8       $unwind$__DllMainCRTStartup$filt$0 00000001800175b8     MSVCRT:crtdll.obj
 0002:000055b8       $unwind$_IsNonwritableInCurrentImage$filt$0 00000001800175b8     MSVCRT:crtdll.obj
 0002:000055b8       $unwind$__DllMainCRTStartup$fin$1 00000001800175b8     MSVCRT:crtdll.obj
 0002:000055b8       $unwind$_onexit$fin$0      00000001800175b8     MSVCRT:crtdll.obj
 0002:000055c0       $unwind$_IsNonwritableInCurrentImage 00000001800175c0     MSVCRT:pesect.obj
 0002:000055e4       $unwind$_onexit            00000001800175e4     MSVCRT:atonexit.obj
 0002:00005604       $unwind$__security_init_cookie 0000000180017604     MSVCRT:gs_support.obj
 0002:00005610       $xdatasym                  0000000180017610     MSVCRT:chkstk.obj
 0002:00005620       .edata                     0000000180017620     zlibwapi.exp
 0002:00005648       rgpv                       0000000180017648     zlibwapi.exp
 0002:000058e4       rgszName                   00000001800178e4     zlibwapi.exp
 0002:00005ac8       rgwOrd                     0000000180017ac8     zlibwapi.exp
 0002:00005bba       szName                     0000000180017bba     zlibwapi.exp
 0002:00005bc7       $N00001                    0000000180017bc7     zlibwapi.exp
 0002:00005bcf       $N00140                    0000000180017bcf     zlibwapi.exp
 0002:00005bdf       $N00002                    0000000180017bdf     zlibwapi.exp
 0002:00005be8       $N00039                    0000000180017be8     zlibwapi.exp
 0002:00005bf2       $N00046                    0000000180017bf2     zlibwapi.exp
 0002:00005c00       $N00003                    0000000180017c00     zlibwapi.exp
 0002:00005c06       $N00142                    0000000180017c06     zlibwapi.exp
 0002:00005c14       $N00004                    0000000180017c14     zlibwapi.exp
 0002:00005c1c       $N00047                    0000000180017c1c     zlibwapi.exp
 0002:00005c29       $N00005                    0000000180017c29     zlibwapi.exp
 0002:00005c35       $N00006                    0000000180017c35     zlibwapi.exp
 0002:00005c40       $N00007                    0000000180017c40     zlibwapi.exp
 0002:00005c4e       $N00008                    0000000180017c4e     zlibwapi.exp
 0002:00005c5b       $N00009                    0000000180017c5b     zlibwapi.exp
 0002:00005c69       $N00052                    0000000180017c69     zlibwapi.exp
 0002:00005c78       $N00051                    0000000180017c78     zlibwapi.exp
 0002:00005c85       $N00010                    0000000180017c85     zlibwapi.exp
 0002:00005c92       $N00164                    0000000180017c92     zlibwapi.exp
 0002:00005ca3       $N00011                    0000000180017ca3     zlibwapi.exp
 0002:00005cb8       $N00144                    0000000180017cb8     zlibwapi.exp
 0002:00005cc9       $N00145                    0000000180017cc9     zlibwapi.exp
 0002:00005cd5       $N00110                    0000000180017cd5     zlibwapi.exp
 0002:00005ce9       $N00111                    0000000180017ce9     zlibwapi.exp
 0002:00005cff       $N00112                    0000000180017cff     zlibwapi.exp
 0002:00005d16       $N00113                    0000000180017d16     zlibwapi.exp
 0002:00005d2d       $N00038                    0000000180017d2d     zlibwapi.exp
 0002:00005d3b       $N00146                    0000000180017d3b     zlibwapi.exp
 0002:00005d44       $N00048                    0000000180017d44     zlibwapi.exp
 0002:00005d4f       $N00012                    0000000180017d4f     zlibwapi.exp
 0002:00005d57       $N00147                    0000000180017d57     zlibwapi.exp
 0002:00005d61       $N00148                    0000000180017d61     zlibwapi.exp
 0002:00005d6b       $N00149                    0000000180017d6b     zlibwapi.exp
 0002:00005d74       $N00013                    0000000180017d74     zlibwapi.exp
 0002:00005d7c       $N00034                    0000000180017d7c     zlibwapi.exp
 0002:00005d82       $N00014                    0000000180017d82     zlibwapi.exp
 0002:00005d8a       $N00015                    0000000180017d8a     zlibwapi.exp
 0002:00005d92       $N00030                    0000000180017d92     zlibwapi.exp
 0002:00005d99       $N00161                    0000000180017d99     zlibwapi.exp
 0002:00005da1       $N00041                    0000000180017da1     zlibwapi.exp
 0002:00005da8       $N00150                    0000000180017da8     zlibwapi.exp
 0002:00005db1       $N00016                    0000000180017db1     zlibwapi.exp
 0002:00005db8       $N00165                    0000000180017db8     zlibwapi.exp
 0002:00005dc1       $N00028                    0000000180017dc1     zlibwapi.exp
 0002:00005dca       $N00029                    0000000180017dca     zlibwapi.exp
 0002:00005dd1       $N00040                    0000000180017dd1     zlibwapi.exp
 0002:00005dd8       $N00017                    0000000180017dd8     zlibwapi.exp
 0002:00005ddf       $N00032                    0000000180017ddf     zlibwapi.exp
 0002:00005de8       $N00031                    0000000180017de8     zlibwapi.exp
 0002:00005def       $N00035                    0000000180017def     zlibwapi.exp
 0002:00005dfb       $N00033                    0000000180017dfb     zlibwapi.exp
 0002:00005e02       $N00049                    0000000180017e02     zlibwapi.exp
 0002:00005e0b       $N00167                    0000000180017e0b     zlibwapi.exp
 0002:00005e15       $N00018                    0000000180017e15     zlibwapi.exp
 0002:00005e1d       $N00019                    0000000180017e1d     zlibwapi.exp
 0002:00005e25       $N00044                    0000000180017e25     zlibwapi.exp
 0002:00005e31       $N00045                    0000000180017e31     zlibwapi.exp
 0002:00005e40       $N00043                    0000000180017e40     zlibwapi.exp
 0002:00005e51       $N00042                    0000000180017e51     zlibwapi.exp
 0002:00005e5d       $N00020                    0000000180017e5d     zlibwapi.exp
 0002:00005e68       $N00166                    0000000180017e68     zlibwapi.exp
 0002:00005e7d       $N00156                    0000000180017e7d     zlibwapi.exp
 0002:00005e8e       $N00021                    0000000180017e8e     zlibwapi.exp
 0002:00005e9c       $N00022                    0000000180017e9c     zlibwapi.exp
 0002:00005ea9       $N00157                    0000000180017ea9     zlibwapi.exp
 0002:00005eb5       $N00158                    0000000180017eb5     zlibwapi.exp
 0002:00005ec2       $N00023                    0000000180017ec2     zlibwapi.exp
 0002:00005ecf       $N00159                    0000000180017ecf     zlibwapi.exp
 0002:00005edd       $N00163                    0000000180017edd     zlibwapi.exp
 0002:00005eee       $N00024                    0000000180017eee     zlibwapi.exp
 0002:00005f03       $N00025                    0000000180017f03     zlibwapi.exp
 0002:00005f0f       $N00037                    0000000180017f0f     zlibwapi.exp
 0002:00005f20       $N00160                    0000000180017f20     zlibwapi.exp
 0002:00005f31       $N00026                    0000000180017f31     zlibwapi.exp
 0002:00005f3c       $N00062                    0000000180017f3c     zlibwapi.exp
 0002:00005f45       $N00072                    0000000180017f45     zlibwapi.exp
 0002:00005f59       $N00064                    0000000180017f59     zlibwapi.exp
 0002:00005f6f       $N00124                    0000000180017f6f     zlibwapi.exp
 0002:00005f87       $N00125                    0000000180017f87     zlibwapi.exp
 0002:00005fa5       $N00100                    0000000180017fa5     zlibwapi.exp
 0002:00005fb3       $N00127                    0000000180017fb3     zlibwapi.exp
 0002:00005fc3       $N00073                    0000000180017fc3     zlibwapi.exp
 0002:00005fd7       $N00063                    0000000180017fd7     zlibwapi.exp
 0002:00005fe8       $N00122                    0000000180017fe8     zlibwapi.exp
 0002:00005ffb       $N00076                    0000000180017ffb     zlibwapi.exp
 0002:00006011       $N00101                    0000000180018011     zlibwapi.exp
 0002:00006020       $N00128                    0000000180018020     zlibwapi.exp
 0002:00006031       $N00065                    0000000180018031     zlibwapi.exp
 0002:00006042       $N00066                    0000000180018042     zlibwapi.exp
 0002:00006052       $N00075                    0000000180018052     zlibwapi.exp
 0002:00006060       $N00061                    0000000180018060     zlibwapi.exp
 0002:00006068       $N00077                    0000000180018068     zlibwapi.exp
 0002:00006071       $N00121                    0000000180018071     zlibwapi.exp
 0002:0000607d       $N00120                    000000018001807d     zlibwapi.exp
 0002:00006087       $N00067                    0000000180018087     zlibwapi.exp
 0002:0000609a       $N00078                    000000018001809a     zlibwapi.exp
 0002:000060ae       $N00069                    00000001800180ae     zlibwapi.exp
 0002:000060c2       $N00079                    00000001800180c2     zlibwapi.exp
 0002:000060dd       $N00068                    00000001800180dd     zlibwapi.exp
 0002:000060f0       $N00074                    00000001800180f0     zlibwapi.exp
 0002:00006109       $N00071                    0000000180018109     zlibwapi.exp
 0002:00006110       $N00070                    0000000180018110     zlibwapi.exp
 0002:00006118       $N00126                    0000000180018118     zlibwapi.exp
 0002:00006122       $N00036                    0000000180018122     zlibwapi.exp
 0002:00006129       $N00084                    0000000180018129     zlibwapi.exp
 0002:00006132       $N00083                    0000000180018132     zlibwapi.exp
 0002:00006144       $N00087                    0000000180018144     zlibwapi.exp
 0002:00006159       $N00136                    0000000180018159     zlibwapi.exp
 0002:00006170       $N00080                    0000000180018170     zlibwapi.exp
 0002:00006178       $N00088                    0000000180018178     zlibwapi.exp
 0002:00006181       $N00131                    0000000180018181     zlibwapi.exp
 0002:0000618d       $N00130                    000000018001818d     zlibwapi.exp
 0002:00006197       $N00081                    0000000180018197     zlibwapi.exp
 0002:000061ab       $N00086                    00000001800181ab     zlibwapi.exp
 0002:000061c0       $N00133                    00000001800181c0     zlibwapi.exp
 0002:000061d8       $N00089                    00000001800181d8     zlibwapi.exp
 0002:000061ed       $N00134                    00000001800181ed     zlibwapi.exp
 0002:00006205       $N00135                    0000000180018205     zlibwapi.exp
 0002:0000621d       $N00132                    000000018001821d     zlibwapi.exp
 0002:00006233       $N00082                    0000000180018233     zlibwapi.exp
 0002:00006247       $N00050                    0000000180018247     zlibwapi.exp
 0002:00006258       $N00027                    0000000180018258     zlibwapi.exp
 0002:000064be       .idata$6                   00000001800184be     kernel32:KERNEL32.dll
 0002:000065b0       .idata$6                   00000001800185b0     MSVCRT:MSVCR120.dll
 0003:00000018       static_bl_desc             0000000180019018     trees.obj
 0003:00000038       static_d_desc              0000000180019038     trees.obj
 0003:00000058       static_l_desc              0000000180019058     trees.obj
 0003:00000080       __proc_attached            0000000180019080     MSVCRT:crtdll.obj
 0003:00000098       ?calls@?1??crypthead@@9@9  0000000180019098     zip.obj
 0004:00000000       $pdata$adler32_combine_    000000018001a000     adler32.obj
 0004:0000000c       $pdata$compress2           000000018001a00c     compress.obj
 0004:00000018       $pdata$0$compress2         000000018001a018     compress.obj
 0004:00000024       $pdata$2$compress2         000000018001a024     compress.obj
 0004:00000030       $pdata$3$compress2         000000018001a030     compress.obj
 0004:0000003c       $pdata$compress            000000018001a03c     compress.obj
 0004:00000048       $pdata$crc32_little        000000018001a048     crc32.obj
 0004:00000054       $pdata$0$crc32_little      000000018001a054     crc32.obj
 0004:00000060       $pdata$1$crc32_little      000000018001a060     crc32.obj
 0004:0000006c       $pdata$gf2_matrix_square   000000018001a06c     crc32.obj
 0004:00000078       $pdata$crc32_combine_      000000018001a078     crc32.obj
 0004:00000084       $pdata$deflateInit_        000000018001a084     deflate.obj
 0004:00000090       $pdata$deflateInit2_       000000018001a090     deflate.obj
 0004:0000009c       $pdata$1$deflateInit2_     000000018001a09c     deflate.obj
 0004:000000a8       $pdata$2$deflateInit2_     000000018001a0a8     deflate.obj
 0004:000000b4       $pdata$3$deflateInit2_     000000018001a0b4     deflate.obj
 0004:000000c0       $pdata$5$deflateInit2_     000000018001a0c0     deflate.obj
 0004:000000cc       $pdata$6$deflateInit2_     000000018001a0cc     deflate.obj
 0004:000000d8       $pdata$7$deflateInit2_     000000018001a0d8     deflate.obj
 0004:000000e4       $pdata$deflateSetDictionary 000000018001a0e4     deflate.obj
 0004:000000f0       $pdata$3$deflateSetDictionary 000000018001a0f0     deflate.obj
 0004:000000fc       $pdata$5$deflateSetDictionary 000000018001a0fc     deflate.obj
 0004:00000108       $pdata$6$deflateSetDictionary 000000018001a108     deflate.obj
 0004:00000114       $pdata$deflateResetKeep    000000018001a114     deflate.obj
 0004:00000120       $pdata$0$deflateResetKeep  000000018001a120     deflate.obj
 0004:0000012c       $pdata$1$deflateResetKeep  000000018001a12c     deflate.obj
 0004:00000138       $pdata$deflateReset        000000018001a138     deflate.obj
 0004:00000144       $pdata$deflatePrime        000000018001a144     deflate.obj
 0004:00000150       $pdata$deflateParams       000000018001a150     deflate.obj
 0004:0000015c       $pdata$0$deflateParams     000000018001a15c     deflate.obj
 0004:00000168       $pdata$1$deflateParams     000000018001a168     deflate.obj
 0004:00000174       $pdata$flush_pending       000000018001a174     deflate.obj
 0004:00000180       $pdata$0$flush_pending     000000018001a180     deflate.obj
 0004:0000018c       $pdata$1$flush_pending     000000018001a18c     deflate.obj
 0004:00000198       $pdata$deflate             000000018001a198     deflate.obj
 0004:000001a4       $pdata$1$deflate           000000018001a1a4     deflate.obj
 0004:000001b0       $pdata$2$deflate           000000018001a1b0     deflate.obj
 0004:000001bc       $pdata$3$deflate           000000018001a1bc     deflate.obj
 0004:000001c8       $pdata$5$deflate           000000018001a1c8     deflate.obj
 0004:000001d4       $pdata$6$deflate           000000018001a1d4     deflate.obj
 0004:000001e0       $pdata$deflateEnd          000000018001a1e0     deflate.obj
 0004:000001ec       $pdata$0$deflateEnd        000000018001a1ec     deflate.obj
 0004:000001f8       $pdata$2$deflateEnd        000000018001a1f8     deflate.obj
[...]
 0004:00000444       $pdata$gzgets              000000018001a444     gzread.obj
 0004:00000450       $pdata$3$gzgets            000000018001a450     gzread.obj
 0004:0000045c       $pdata$5$gzgets            000000018001a45c     gzread.obj
 0004:00000468       $pdata$6$gzgets            000000018001a468     gzread.obj
 0004:00000474       $pdata$gzdirect            000000018001a474     gzread.obj
 0004:00000480       $pdata$gzclose_r           000000018001a480     gzread.obj
 0004:0000048c       $pdata$gz_init             000000018001a48c     gzwrite.obj
 0004:00000498       $pdata$gz_comp             000000018001a498     gzwrite.obj
 0004:000004a4       $pdata$gz_zero             000000018001a4a4     gzwrite.obj
 0004:000004b0       $pdata$1$gz_zero           000000018001a4b0     gzwrite.obj
 0004:000004bc       $pdata$3$gz_zero           000000018001a4bc     gzwrite.obj
 0004:000004c8       $pdata$gzwrite             000000018001a4c8     gzwrite.obj
 0004:000004d4       $pdata$gzputc              000000018001a4d4     gzwrite.obj
 0004:000004e0       $pdata$gzputs              000000018001a4e0     gzwrite.obj
 0004:000004ec       $pdata$gzvprintf           000000018001a4ec     gzwrite.obj
 0004:000004f8       $pdata$gzprintf            000000018001a4f8     gzwrite.obj
 0004:00000504       $pdata$gzflush             000000018001a504     gzwrite.obj
 0004:00000510       $pdata$gzsetparams         000000018001a510     gzwrite.obj
 0004:0000051c       $pdata$gzclose_w           000000018001a51c     gzwrite.obj
 0004:00000528       $pdata$inflateBackInit_    000000018001a528     infback.obj
 0004:00000534       $pdata$1$inflateBackInit_  000000018001a534     infback.obj
 0004:00000540       $pdata$3$inflateBackInit_  000000018001a540     infback.obj
 0004:0000054c       $pdata$4$inflateBackInit_  000000018001a54c     infback.obj
 0004:00000558       $pdata$inflateBack         000000018001a558     infback.obj
 0004:00000564       $pdata$3$inflateBack       000000018001a564     infback.obj
 0004:00000570       $pdata$4$inflateBack       000000018001a570     infback.obj
 0004:0000057c       $pdata$inflateBackEnd      000000018001a57c     infback.obj
 0004:00000588       $pdata$inflate_fast        000000018001a588     inffast.obj
 0004:00000594       $pdata$inflateReset2       000000018001a594     inflate.obj
 0004:000005a0       $pdata$0$inflateReset2     000000018001a5a0     inflate.obj
 0004:000005ac       $pdata$2$inflateReset2     000000018001a5ac     inflate.obj
 0004:000005b8       $pdata$3$inflateReset2     000000018001a5b8     inflate.obj
 0004:000005c4       $pdata$inflateInit2_       000000018001a5c4     inflate.obj
 0004:000005d0       $pdata$1$inflateInit2_     000000018001a5d0     inflate.obj
 0004:000005dc       $pdata$3$inflateInit2_     000000018001a5dc     inflate.obj
 0004:000005e8       $pdata$4$inflateInit2_     000000018001a5e8     inflate.obj
 0004:000005f4       $pdata$updatewindow        000000018001a5f4     inflate.obj
 0004:00000600       $pdata$0$updatewindow      000000018001a600     inflate.obj
 0004:0000060c       $pdata$1$updatewindow      000000018001a60c     inflate.obj
 0004:00000618       $pdata$inflate             000000018001a618     inflate.obj
 0004:00000624       $pdata$4$inflate           000000018001a624     inflate.obj
 0004:00000630       $pdata$6$inflate           000000018001a630     inflate.obj
 0004:0000063c       $pdata$7$inflate           000000018001a63c     inflate.obj
 0004:00000648       $pdata$inflateEnd          000000018001a648     inflate.obj
 0004:00000654       $pdata$inflateGetDictionary 000000018001a654     inflate.obj
 0004:00000660       $pdata$inflateSetDictionary 000000018001a660     inflate.obj
 0004:0000066c       $pdata$syncsearch          000000018001a66c     inflate.obj
 0004:00000678       $pdata$inflateSync         000000018001a678     inflate.obj
 0004:00000684       $pdata$1$inflateSync       000000018001a684     inflate.obj
 0004:00000690       $pdata$3$inflateSync       000000018001a690     inflate.obj
 0004:0000069c       $pdata$4$inflateSync       000000018001a69c     inflate.obj
 0004:000006a8       $pdata$inflateCopy         000000018001a6a8     inflate.obj
 0004:000006b4       $pdata$1$inflateCopy       000000018001a6b4     inflate.obj
 0004:000006c0       $pdata$2$inflateCopy       000000018001a6c0     inflate.obj
 0004:000006cc       $pdata$3$inflateCopy       000000018001a6cc     inflate.obj
 0004:000006d8       $pdata$5$inflateCopy       000000018001a6d8     inflate.obj
 0004:000006e4       $pdata$6$inflateCopy       000000018001a6e4     inflate.obj
 0004:000006f0       $pdata$inflate_table       000000018001a6f0     inftrees.obj
 0004:000006fc       $pdata$0$inflate_table     000000018001a6fc     inftrees.obj
 0004:00000708       $pdata$1$inflate_table     000000018001a708     inftrees.obj
 0004:00000714       $pdata$call_ztell64        000000018001a714     ioapi.obj
 0004:00000720       $pdata$fseek64_file_func   000000018001a720     ioapi.obj
 0004:0000072c       $pdata$win32_build_iowin   000000018001a72c     iowin32.obj
 0004:00000738       $pdata$0$win32_build_iowin 000000018001a738     iowin32.obj
 0004:00000744       $pdata$2$win32_build_iowin 000000018001a744     iowin32.obj
 0004:00000750       $pdata$3$win32_build_iowin 000000018001a750     iowin32.obj
 0004:0000075c       $pdata$win32_open64_file_funcA 000000018001a75c     iowin32.obj
 0004:0000075c       $pdata$win32_open64_file_func 000000018001a75c     iowin32.obj
 0004:0000075c       $pdata$win32_open_file_func 000000018001a75c     iowin32.obj
 0004:00000768       $pdata$win32_open64_file_funcW 000000018001a768     iowin32.obj
 0004:00000774       $pdata$win32_read_file_func 000000018001a774     iowin32.obj
 0004:00000780       $pdata$win32_write_file_func 000000018001a780     iowin32.obj
 0004:0000078c       $pdata$MySetFilePointerEx  000000018001a78c     iowin32.obj
 0004:00000798       $pdata$win32_tell_file_func 000000018001a798     iowin32.obj
 0004:000007a4       $pdata$win32_tell64_file_func 000000018001a7a4     iowin32.obj
 0004:000007b0       $pdata$win32_seek_file_func 000000018001a7b0     iowin32.obj
 0004:000007bc       $pdata$win32_seek64_file_func 000000018001a7bc     iowin32.obj
 0004:000007c8       $pdata$win32_close_file_func 000000018001a7c8     iowin32.obj
 0004:000007d4       $pdata$pqdownheap          000000018001a7d4     trees.obj
 0004:000007e0       $pdata$0$pqdownheap        000000018001a7e0     trees.obj
 0004:000007ec       $pdata$2$pqdownheap        000000018001a7ec     trees.obj
 0004:000007f8       $pdata$3$pqdownheap        000000018001a7f8     trees.obj
 0004:00000804       $pdata$gen_bitlen          000000018001a804     trees.obj
 0004:00000810       $pdata$2$gen_bitlen        000000018001a810     trees.obj
 0004:0000081c       $pdata$3$gen_bitlen        000000018001a81c     trees.obj
 0004:00000828       $pdata$gen_codes           000000018001a828     trees.obj
 0004:00000834       $pdata$build_tree          000000018001a834     trees.obj
 0004:00000840       $pdata$scan_tree           000000018001a840     trees.obj
 0004:0000084c       $pdata$send_tree           000000018001a84c     trees.obj
 0004:00000858       $pdata$3$send_tree         000000018001a858     trees.obj
 0004:00000864       $pdata$4$send_tree         000000018001a864     trees.obj
 0004:00000870       $pdata$build_bl_tree       000000018001a870     trees.obj
 0004:0000087c       $pdata$send_all_trees      000000018001a87c     trees.obj
 0004:00000888       $pdata$_tr_flush_block     000000018001a888     trees.obj
 0004:00000894       $pdata$compress_block      000000018001a894     trees.obj
 0004:000008a0       $pdata$1$compress_block    000000018001a8a0     trees.obj
 0004:000008ac       $pdata$4$compress_block    000000018001a8ac     trees.obj
 0004:000008b8       $pdata$5$compress_block    000000018001a8b8     trees.obj
 0004:000008c4       $pdata$6$compress_block    000000018001a8c4     trees.obj
 0004:000008d0       $pdata$copy_block          000000018001a8d0     trees.obj
 0004:000008dc       $pdata$uncompress          000000018001a8dc     uncompr.obj
 0004:000008e8       $pdata$0$uncompress        000000018001a8e8     uncompr.obj
 0004:000008f4       $pdata$2$uncompress        000000018001a8f4     uncompr.obj
 0004:00000900       $pdata$4$uncompress        000000018001a900     uncompr.obj
 0004:0000090c       $pdata$5$uncompress        000000018001a90c     uncompr.obj
 0004:00000918       $pdata$unz64local_getByte  000000018001a918     unzip.obj
 0004:00000918       $pdata$zip64local_getByte  000000018001a918     zip.obj
 0004:00000924       $pdata$unz64local_getShort 000000018001a924     unzip.obj
 0004:00000930       $pdata$unz64local_getLong  000000018001a930     unzip.obj
 0004:0000093c       $pdata$unz64local_getLong64 000000018001a93c     unzip.obj
 0004:00000948       $pdata$unz64local_SearchCentralDir 000000018001a948     unzip.obj
 0004:00000948       $pdata$zip64local_SearchCentralDir 000000018001a948     zip.obj
 0004:00000954       $pdata$0$zip64local_SearchCentralDir 000000018001a954     zip.obj
 0004:00000954       $pdata$0$unz64local_SearchCentralDir 000000018001a954     unzip.obj
 0004:00000960       $pdata$3$unz64local_SearchCentralDir 000000018001a960     unzip.obj
 0004:00000960       $pdata$3$zip64local_SearchCentralDir 000000018001a960     zip.obj
 0004:0000096c       $pdata$5$unz64local_SearchCentralDir 000000018001a96c     unzip.obj
 0004:0000096c       $pdata$5$zip64local_SearchCentralDir 000000018001a96c     zip.obj
 0004:00000978       $pdata$6$unz64local_SearchCentralDir 000000018001a978     unzip.obj
 0004:00000978       $pdata$6$zip64local_SearchCentralDir 000000018001a978     zip.obj
 0004:00000984       $pdata$unz64local_SearchCentralDir64 000000018001a984     unzip.obj
 0004:00000990       $pdata$2$unz64local_SearchCentralDir64 000000018001a990     unzip.obj
 0004:0000099c       $pdata$3$unz64local_SearchCentralDir64 000000018001a99c     unzip.obj
 0004:000009a8       $pdata$unzOpenInternal     000000018001a9a8     unzip.obj
 0004:000009b4       $pdata$3$unzOpenInternal   000000018001a9b4     unzip.obj
 0004:000009c0       $pdata$4$unzOpenInternal   000000018001a9c0     unzip.obj
 0004:000009cc       $pdata$unzOpen2            000000018001a9cc     unzip.obj
 0004:000009d8       $pdata$unzOpen2_64         000000018001a9d8     unzip.obj
 0004:000009e4       $pdata$unzClose            000000018001a9e4     unzip.obj
 0004:000009f0       $pdata$unz64local_GetCurrentFileInfoInternal 000000018001a9f0     unzip.obj
 0004:000009fc       $pdata$unzGetCurrentFileInfo64 000000018001a9fc     unzip.obj
 0004:00000a08       $pdata$unzGetCurrentFileInfo 000000018001aa08     unzip.obj
 0004:00000a14       $pdata$unzGoToFirstFile    000000018001aa14     unzip.obj
 0004:00000a20       $pdata$unzGoToNextFile     000000018001aa20     unzip.obj
 0004:00000a2c       $pdata$unzLocateFile       000000018001aa2c     unzip.obj
 0004:00000a38       $pdata$3$unzLocateFile     000000018001aa38     unzip.obj
 0004:00000a44       $pdata$5$unzLocateFile     000000018001aa44     unzip.obj
 0004:00000a50       $pdata$unzGetFilePos       000000018001aa50     unzip.obj
 0004:00000a5c       $pdata$unzGoToFilePos64    000000018001aa5c     unzip.obj
 0004:00000a68       $pdata$0$unzGoToFilePos64  000000018001aa68     unzip.obj
 0004:00000a74       $pdata$1$unzGoToFilePos64  000000018001aa74     unzip.obj
 0004:00000a80       $pdata$unzGoToFilePos      000000018001aa80     unzip.obj
 0004:00000a8c       $pdata$unz64local_CheckCurrentFileCoherencyHeader 000000018001aa8c     unzip.obj
 0004:00000a98       $pdata$unzOpenCurrentFile3 000000018001aa98     unzip.obj
 0004:00000aa4       $pdata$0$unzOpenCurrentFile3 000000018001aaa4     unzip.obj
 0004:00000ab0       $pdata$1$unzOpenCurrentFile3 000000018001aab0     unzip.obj
 0004:00000abc       $pdata$2$unzOpenCurrentFile3 000000018001aabc     unzip.obj
 0004:00000ac8       $pdata$4$unzOpenCurrentFile3 000000018001aac8     unzip.obj
 0004:00000ad4       $pdata$unzOpenCurrentFile  000000018001aad4     unzip.obj
 0004:00000ae0       $pdata$unzOpenCurrentFilePassword 000000018001aae0     unzip.obj
 0004:00000aec       $pdata$unzOpenCurrentFile2 000000018001aaec     unzip.obj
 0004:00000af8       $pdata$unzReadCurrentFile  000000018001aaf8     unzip.obj
 0004:00000b04       $pdata$0$unzReadCurrentFile 000000018001ab04     unzip.obj
 0004:00000b10       $pdata$2$unzReadCurrentFile 000000018001ab10     unzip.obj
 0004:00000b1c       $pdata$4$unzReadCurrentFile 000000018001ab1c     unzip.obj
 0004:00000b28       $pdata$12$unzReadCurrentFile 000000018001ab28     unzip.obj
 0004:00000b34       $pdata$14$unzReadCurrentFile 000000018001ab34     unzip.obj
 0004:00000b40       $pdata$unzGetLocalExtrafield 000000018001ab40     unzip.obj
 0004:00000b4c       $pdata$0$unzGetLocalExtrafield 000000018001ab4c     unzip.obj
 0004:00000b58       $pdata$2$unzGetLocalExtrafield 000000018001ab58     unzip.obj
 0004:00000b64       $pdata$4$unzGetLocalExtrafield 000000018001ab64     unzip.obj
 0004:00000b70       $pdata$6$unzGetLocalExtrafield 000000018001ab70     unzip.obj
 0004:00000b7c       $pdata$8$unzGetLocalExtrafield 000000018001ab7c     unzip.obj
 0004:00000b88       $pdata$unzCloseCurrentFile 000000018001ab88     unzip.obj
 0004:00000b94       $pdata$0$unzCloseCurrentFile 000000018001ab94     unzip.obj
 0004:00000ba0       $pdata$2$unzCloseCurrentFile 000000018001aba0     unzip.obj
 0004:00000bac       $pdata$unzGetGlobalComment 000000018001abac     unzip.obj
 0004:00000bb8       $pdata$update_keys         000000018001abb8     zip.obj
 0004:00000bc4       $pdata$init_keys           000000018001abc4     zip.obj
 0004:00000bd0       $pdata$crypthead           000000018001abd0     zip.obj
 0004:00000bdc       $pdata$allocate_new_datablock 000000018001abdc     zip.obj
 0004:00000be8       $pdata$free_datablock      000000018001abe8     zip.obj
 0004:00000bf4       $pdata$0$free_datablock    000000018001abf4     zip.obj
 0004:00000c00       $pdata$1$free_datablock    000000018001ac00     zip.obj
 0004:00000c0c       $pdata$free_linkedlist     000000018001ac0c     zip.obj
 0004:00000c18       $pdata$add_data_in_datablock 000000018001ac18     zip.obj
 0004:00000c24       $pdata$0$add_data_in_datablock 000000018001ac24     zip.obj
 0004:00000c30       $pdata$2$add_data_in_datablock 000000018001ac30     zip.obj
 0004:00000c3c       $pdata$zip64local_putValue 000000018001ac3c     zip.obj
 0004:00000c48       $pdata$0$zip64local_putValue 000000018001ac48     zip.obj
 0004:00000c54       $pdata$1$zip64local_putValue 000000018001ac54     zip.obj
 0004:00000c60       $pdata$zip64local_putValue_inmemory 000000018001ac60     zip.obj
 0004:00000c6c       $pdata$zip64local_getShort 000000018001ac6c     zip.obj
 0004:00000c78       $pdata$zip64local_getLong  000000018001ac78     zip.obj
 0004:00000c84       $pdata$zip64local_getLong64 000000018001ac84     zip.obj
 0004:00000c90       $pdata$zip64local_SearchCentralDir64 000000018001ac90     zip.obj
 0004:00000c9c       $pdata$2$zip64local_SearchCentralDir64 000000018001ac9c     zip.obj
 0004:00000ca8       $pdata$3$zip64local_SearchCentralDir64 000000018001aca8     zip.obj
 0004:00000cb4       $pdata$LoadCentralDirectoryRecord 000000018001acb4     zip.obj
 0004:00000cc0       $pdata$zipOpen3            000000018001acc0     zip.obj
 0004:00000ccc       $pdata$zipOpen2            000000018001accc     zip.obj
 0004:00000cd8       $pdata$zipOpen2_64         000000018001acd8     zip.obj
 0004:00000ce4       $pdata$Write_LocalFileHeader 000000018001ace4     zip.obj
 0004:00000cf0       $pdata$0$Write_LocalFileHeader 000000018001acf0     zip.obj
 0004:00000cfc       $pdata$1$Write_LocalFileHeader 000000018001acfc     zip.obj
 0004:00000d08       $pdata$zipOpenNewFileInZip4_64 000000018001ad08     zip.obj
 0004:00000d14       $pdata$0$zipOpenNewFileInZip4_64 000000018001ad14     zip.obj
 0004:00000d20       $pdata$2$zipOpenNewFileInZip4_64 000000018001ad20     zip.obj
 0004:00000d2c       $pdata$6$zipOpenNewFileInZip4_64 000000018001ad2c     zip.obj
 0004:00000d38       $pdata$7$zipOpenNewFileInZip4_64 000000018001ad38     zip.obj
 0004:00000d44       $pdata$zipOpenNewFileInZip3 000000018001ad44     zip.obj
 0004:00000d50       $pdata$zipOpenNewFileInZip3_64 000000018001ad50     zip.obj
 0004:00000d5c       $pdata$zipOpenNewFileInZip2 000000018001ad5c     zip.obj
 0004:00000d68       $pdata$zipOpenNewFileInZip2_64 000000018001ad68     zip.obj
 0004:00000d74       $pdata$zipOpenNewFileInZip64 000000018001ad74     zip.obj
 0004:00000d80       $pdata$zipOpenNewFileInZip 000000018001ad80     zip.obj
 0004:00000d8c       $pdata$zip64FlushWriteBuffer 000000018001ad8c     zip.obj
 0004:00000d98       $pdata$0$zip64FlushWriteBuffer 000000018001ad98     zip.obj
 0004:00000da4       $pdata$2$zip64FlushWriteBuffer 000000018001ada4     zip.obj
 0004:00000db0       $pdata$3$zip64FlushWriteBuffer 000000018001adb0     zip.obj
 0004:00000dbc       $pdata$4$zip64FlushWriteBuffer 000000018001adbc     zip.obj
 0004:00000dc8       $pdata$zipWriteInFileInZip 000000018001adc8     zip.obj
 0004:00000dd4       $pdata$0$zipWriteInFileInZip 000000018001add4     zip.obj
 0004:00000de0       $pdata$1$zipWriteInFileInZip 000000018001ade0     zip.obj
 0004:00000dec       $pdata$2$zipWriteInFileInZip 000000018001adec     zip.obj
 0004:00000df8       $pdata$zipCloseFileInZipRaw64 000000018001adf8     zip.obj
 0004:00000e04       $pdata$Write_Zip64EndOfCentralDirectoryLocator 000000018001ae04     zip.obj
 0004:00000e10       $pdata$Write_Zip64EndOfCentralDirectoryRecord 000000018001ae10     zip.obj
 0004:00000e1c       $pdata$Write_EndOfCentralDirectoryRecord 000000018001ae1c     zip.obj
 0004:00000e28       $pdata$Write_GlobalComment 000000018001ae28     zip.obj
 0004:00000e34       $pdata$zipClose            000000018001ae34     zip.obj
 0004:00000e40       $pdata$0$zipClose          000000018001ae40     zip.obj
 0004:00000e4c       $pdata$1$zipClose          000000018001ae4c     zip.obj
 0004:00000e58       $pdata$2$zipClose          000000018001ae58     zip.obj
 0004:00000e64       $pdata$3$zipClose          000000018001ae64     zip.obj
 0004:00000e70       $pdata$4$zipClose          000000018001ae70     zip.obj
 0004:00000e7c       $pdata$5$zipClose          000000018001ae7c     zip.obj
 0004:00000e88       $pdata$pre_c_init          000000018001ae88     MSVCRT:crtdll.obj
 0004:00000e94       $pdata$_CRT_INIT           000000018001ae94     MSVCRT:crtdll.obj
 0004:00000ea0       $pdata$_DllMainCRTStartup  000000018001aea0     MSVCRT:crtdll.obj
 0004:00000eac       $pdata$__DllMainCRTStartup 000000018001aeac     MSVCRT:crtdll.obj
 0004:00000eb8       $pdata$_IsNonwritableInCurrentImage 000000018001aeb8     MSVCRT:pesect.obj
 0004:00000ec4       $pdata$__atonexitinit      000000018001aec4     MSVCRT:atonexit.obj
 0004:00000ed0       $pdata$_onexit             000000018001aed0     MSVCRT:atonexit.obj
 0004:00000edc       $pdata$atexit              000000018001aedc     MSVCRT:atonexit.obj
 0004:00000ee8       $pdata$__security_init_cookie 000000018001aee8     MSVCRT:gs_support.obj
 0004:00000ef4       $pdata$DllMain             000000018001aef4     MSVCRT:dllmain.obj
 0004:00000f00       $pdata$_RTC_Initialize     000000018001af00     MSVCRT:initsect.obj
 0004:00000f0c       $pdata$_RTC_Terminate      000000018001af0c     MSVCRT:initsect.obj
 0004:00000f24       $pdata$__DllMainCRTStartup$filt$0 000000018001af24     MSVCRT:crtdll.obj
 0004:00000f30       $pdata$__DllMainCRTStartup$fin$1 000000018001af30     MSVCRT:crtdll.obj
 0004:00000f3c       $pdata$_IsNonwritableInCurrentImage$filt$0 000000018001af3c     MSVCRT:pesect.obj
 0004:00000f48       $pdata$_onexit$fin$0       000000018001af48     MSVCRT:atonexit.obj
 0005:00000060       $R000000                   000000018001b060     zlib.res
