 zlibwapid

 Timestamp is 55a143bf (Sat Jul 11 11:26:39 2015)

 Preferred load address is 10000000

 Start         Length     Name                   Class
 0001:00000000 00041405H .textbss                DATA
 0002:00000000 0008632cH .text$mn                CODE
 0002:00086330 0000116bH .text$x                 CODE
 0003:00000000 00000104H .CRT$XCA                DATA
 0003:00000104 00000104H .CRT$XCZ                DATA
 0003:00000208 00000104H .CRT$XIA                DATA
 0003:0000030c 00000113H .CRT$XIC                DATA
 0003:00000420 00000104H .CRT$XIZ                DATA
 0003:00000524 00000104H .CRT$XPA                DATA
 0003:00000628 00000109H .CRT$XPX                DATA
 0003:00000734 00000104H .CRT$XPXA               DATA
 0003:00000838 00000104H .CRT$XPZ                DATA
 0003:0000093c 00000104H .CRT$XTA                DATA
 0003:00000a40 00000104H .CRT$XTZ                DATA
 0003:00000b50 000176bdH .rdata                  DATA
 0003:00018210 000001bbH .rdata$debug            DATA
 0003:000183cc 00000563H .rdata$r                DATA
 0003:00018930 00000104H .rtc$IAA                DATA
 0003:00018a34 00000104H .rtc$IZZ                DATA
 0003:00018b38 00000104H .rtc$TAA                DATA
 0003:00018c3c 00000104H .rtc$TZZ                DATA
 0003:00018d40 00000f90H .xdata$x                DATA
 0003:00019cd0 00000fb9H .edata                  DATA
 0004:00000000 00001730H .data                   DATA
 0004:00001730 00000293H .data$r                 DATA
 0004:000019e0 00002600H .bss                    DATA
 0005:00000000 000001c8H .idata$5                DATA
 0005:000001c8 00000014H .idata$2                DATA
 0005:000001dc 00000014H .idata$3                DATA
 0005:000001f0 000001c8H .idata$4                DATA
 0005:000003b8 000007d7H .idata$6                DATA
 0006:00000000 00000169H .rsrc$01                DATA
 0006:00000170 000004dcH .rsrc$02                DATA

  Address         Publics by Value              Rva+Base       Lib:Object

 0000:00000000       ___guard_fids_table        00000000     <absolute>
 0000:00000000       ___guard_fids_count        00000000     <absolute>
 0000:00000000       ___safe_se_handler_table   00000000     <absolute>
 0000:00000000       ___safe_se_handler_count   00000000     <absolute>
 0000:00000000       __except_list              00000000     <absolute>
 0000:00000000       ___guard_flags             00000000     <absolute>
 0000:00000000       ___ImageBase               10000000     <linker-defined>
 0001:00000000       __enc$textbss$begin        10001000     <linker-defined>
 0001:00041405       __enc$textbss$end          10042405     <linker-defined>
 0002:000032e0       _longest_match             100462e0 f   match686.obj
 0002:000034c8       _match_init                100464c8 f   match686.obj
 0002:00003650       _inflate_fast              10046650 f   inffas32.obj
 0002:00003ed0       _adler32@12                10046ed0 f   adler32.obj
 0002:000045e0       _adler32_combine64@16      100475e0 f   adler32.obj
 0002:00004620       _adler32_combine@12        10047620 f   adler32.obj
 0002:000047a0       _compress2@20              100477a0 f   compress.obj
 0002:000048a0       _compress@16               100478a0 f   compress.obj
 0002:000048e0       _compressBound@4           100478e0 f   compress.obj
 0002:00004920       _crc32@12                  10047920 f   crc32.obj
 0002:00005320       _crc32_combine64@16        10048320 f   crc32.obj
 0002:00005360       _crc32_combine@12          10048360 f   crc32.obj
 0002:00005c00       _get_crc_table@0           10048c00 f   crc32.obj
 0002:00007160       _deflate@8                 1004a160 f   deflate.obj
 0002:000084a0       _deflateBound@8            1004b4a0 f   deflate.obj
 0002:000086a0       _deflateCopy@8             1004b6a0 f   deflate.obj
 0002:000089a0       _deflateEnd@4              1004b9a0 f   deflate.obj
 0002:00008b40       _deflateInit2_@32          1004bb40 f   deflate.obj
 0002:00008f70       _deflateInit_@16           1004bf70 f   deflate.obj
 0002:00008fb0       _deflateParams@12          1004bfb0 f   deflate.obj
 0002:00009140       _deflatePending@12         1004c140 f   deflate.obj
 0002:000091b0       _deflatePrime@12           1004c1b0 f   deflate.obj
 0002:000092d0       _deflateReset@4            1004c2d0 f   deflate.obj
 0002:00009320       _deflateResetKeep@4        1004c320 f   deflate.obj
 0002:00009470       _deflateSetDictionary@12   1004c470 f   deflate.obj
 0002:00009780       _deflateSetHeader@8        1004c780 f   deflate.obj
 0002:000097e0       _deflateTune@20            1004c7e0 f   deflate.obj
 0002:0000ab00       _gzclose@4                 1004db00 f   gzclose.obj
 0002:0000ab70       _gz_error                  1004db70 f   gzlib.obj
 0002:0000b2b0       _gzbuffer@8                1004e2b0 f   gzlib.obj
 0002:0000b330       _gzclearerr@4              1004e330 f   gzlib.obj
 0002:0000b3c0       _gzdopen@8                 1004e3c0 f   gzlib.obj
 0002:0000b450       _gzeof@4                   1004e450 f   gzlib.obj
 0002:0000b4d0       _gzerror@8                 1004e4d0 f   gzlib.obj
 0002:0000b580       _gzoffset64@4              1004e580 f   gzlib.obj
 0002:0000b650       _gzoffset@4                1004e650 f   gzlib.obj
 0002:0000b6b0       _gzopen64@8                1004e6b0 f   gzlib.obj
 0002:0000b6e0       _gzopen@8                  1004e6e0 f   gzlib.obj
 0002:0000b710       _gzopen_w@8                1004e710 f   gzlib.obj
 0002:0000b740       _gzrewind@4                1004e740 f   gzlib.obj
 0002:0000b7f0       _gzseek64@16               1004e7f0 f   gzlib.obj
 0002:0000bb90       _gzseek@12                 1004eb90 f   gzlib.obj
 0002:0000bc00       _gztell64@4                1004ec00 f   gzlib.obj
 0002:0000bca0       _gztell@4                  1004eca0 f   gzlib.obj
 0002:0000c5b0       _gzclose_r@4               1004f5b0 f   gzread.obj
 0002:0000c6d0       _gzdirect@4                1004f6d0 f   gzread.obj
 0002:0000c740       _gzgetc@4                  1004f740 f   gzread.obj
 0002:0000c840       _gzgetc_@4                 1004f840 f   gzread.obj
 0002:0000c870       _gzgets@12                 1004f870 f   gzread.obj
 0002:0000ca90       _gzread@12                 1004fa90 f   gzread.obj
 0002:0000cd40       _gzungetc@8                1004fd40 f   gzread.obj
 0002:0000d4d0       _gzclose_w@4               100504d0 f   gzwrite.obj
 0002:0000d640       _gzflush@8                 10050640 f   gzwrite.obj
 0002:0000d710       _gzprintf                  10050710 f   gzwrite.obj
 0002:0000d760       _gzputc@8                  10050760 f   gzwrite.obj
 0002:0000d8e0       _gzputs@8                  100508e0 f   gzwrite.obj
 0002:0000d950       _gzsetparams@12            10050950 f   gzwrite.obj
 0002:0000da80       _gzvprintf                 10050a80 f   gzwrite.obj
 0002:0000dc20       _gzwrite@12                10050c20 f   gzwrite.obj
 0002:0000def0       _inflateBack@20            10050ef0 f   infback.obj
 0002:0000f790       _inflateBackEnd@4          10052790 f   infback.obj
 0002:0000f800       _inflateBackInit_@20       10052800 f   infback.obj
 0002:0000f9b0       _inflate@8                 100529b0 f   inflate.obj
 0002:00012360       _inflateCopy@8             10055360 f   inflate.obj
 0002:000125a0       _inflateEnd@4              100555a0 f   inflate.obj
 0002:00012650       _inflateGetDictionary@12   10055650 f   inflate.obj
 0002:00012720       _inflateGetHeader@8        10055720 f   inflate.obj
 0002:00012790       _inflateInit2_@16          10055790 f   inflate.obj
 0002:000128e0       _inflateInit_@12           100558e0 f   inflate.obj
 0002:00012910       _inflateMark@4             10055910 f   inflate.obj
 0002:000129b0       _inflatePrime@12           100559b0 f   inflate.obj
 0002:00012a80       _inflateReset2@8           10055a80 f   inflate.obj
 0002:00012b90       _inflateReset@4            10055b90 f   inflate.obj
 0002:00012c00       _inflateResetKeep@4        10055c00 f   inflate.obj
 0002:00012d40       _inflateSetDictionary@12   10055d40 f   inflate.obj
 0002:00012e40       _inflateSync@4             10055e40 f   inflate.obj
 0002:00013030       _inflateSyncPoint@4        10056030 f   inflate.obj
 0002:000130a0       _inflateUndermine@8        100560a0 f   inflate.obj
 0002:000133e0       _inflate_table             100563e0 f   inftrees.obj
 0002:00013b20       _call_zopen64              10056b20 f   ioapi.obj
 0002:00013b90       _call_zseek64              10056b90 f   ioapi.obj
 0002:00013c40       _call_ztell64              10056c40 f   ioapi.obj
 0002:00013d20       _fill_fopen64_filefunc     10056d20 f   ioapi.obj
 0002:00013da0       _fill_fopen_filefunc       10056da0 f   ioapi.obj
 0002:00013e20       _fill_zlib_filefunc64_32_def_from_filefunc32 10056e20 f   ioapi.obj
 0002:00014290       _fill_win32_filefunc       10057290 f   iowin32.obj
 0002:00014310       _fill_win32_filefunc64     10057310 f   iowin32.obj
 0002:00014390       _fill_win32_filefunc64A    10057390 f   iowin32.obj
 0002:00014410       _fill_win32_filefunc64W    10057410 f   iowin32.obj
 0002:00014510       _win32_close_file_func     10057510 f   iowin32.obj
 0002:00014570       _win32_error_file_func     10057570 f   iowin32.obj
 0002:000145b0       _win32_open64_file_func    100575b0 f   iowin32.obj
 0002:00014670       _win32_open64_file_funcA   10057670 f   iowin32.obj
 0002:00014730       _win32_open64_file_funcW   10057730 f   iowin32.obj
 0002:000147c0       _win32_open_file_func      100577c0 f   iowin32.obj
 0002:00014880       _win32_read_file_func      10057880 f   iowin32.obj
 0002:00014910       _win32_seek64_file_func    10057910 f   iowin32.obj
 0002:00014a00       _win32_seek_file_func      10057a00 f   iowin32.obj
 0002:00014b00       _win32_tell64_file_func    10057b00 f   iowin32.obj
 0002:00014bc0       _win32_tell_file_func      10057bc0 f   iowin32.obj
 0002:00014d20       _win32_write_file_func     10057d20 f   iowin32.obj
 0002:00014db0       __tr_align                 10057db0 f   trees.obj
 0002:000150c0       __tr_flush_bits            100580c0 f   trees.obj
 0002:000150f0       __tr_flush_block           100580f0 f   trees.obj
 0002:000155b0       __tr_init                  100585b0 f   trees.obj
 0002:00015670       __tr_stored_block          10058670 f   trees.obj
 0002:00015800       __tr_tally                 10058800 f   trees.obj
 0002:00018ca0       _uncompress@16             1005bca0 f   uncompr.obj
 0002:0001a830       _unzClose@4                1005d830 f   unzip.obj
 0002:0001a8b0       _unzCloseCurrentFile@4     1005d8b0 f   unzip.obj
 0002:0001a9d0       _unzGetCurrentFileInfo64@32 1005d9d0 f   unzip.obj
 0002:0001aa20       _unzGetCurrentFileInfo@32  1005da20 f   unzip.obj
 0002:0001ab60       _unzGetCurrentFileZStreamPos64@4 1005db60 f   unzip.obj
 0002:0001abd0       _unzGetFilePos64@8         1005dbd0 f   unzip.obj
 0002:0001ac60       _unzGetFilePos@8           1005dc60 f   unzip.obj
 0002:0001acb0       _unzGetGlobalComment@12    1005dcb0 f   unzip.obj
 0002:0001adb0       _unzGetGlobalInfo64@8      1005ddb0 f   unzip.obj
 0002:0001ae10       _unzGetGlobalInfo@8        1005de10 f   unzip.obj
 0002:0001ae60       _unzGetLocalExtrafield@12  1005de60 f   unzip.obj
 0002:0001afc0       _unzGetOffset64@4          1005dfc0 f   unzip.obj
 0002:0001b090       _unzGetOffset@4            1005e090 f   unzip.obj
 0002:0001b0d0       _unzGoToFilePos64@8        1005e0d0 f   unzip.obj
 0002:0001b1a0       _unzGoToFilePos@8          1005e1a0 f   unzip.obj
 0002:0001b200       _unzGoToFirstFile@4        1005e200 f   unzip.obj
 0002:0001b2d0       _unzGoToNextFile@4         1005e2d0 f   unzip.obj
 0002:0001b460       _unzLocateFile@12          1005e460 f   unzip.obj
 0002:0001b620       _unzOpen2@8                1005e620 f   unzip.obj
 0002:0001b690       _unzOpen2_64@8             1005e690 f   unzip.obj
 0002:0001b700       _unzOpen64@4               1005e700 f   unzip.obj
 0002:0001b730       _unzOpen@4                 1005e730 f   unzip.obj
 0002:0001b760       _unzOpenCurrentFile2@16    1005e760 f   unzip.obj
 0002:0001b7a0       _unzOpenCurrentFile3@20    1005e7a0 f   unzip.obj
 0002:0001bbf0       _unzOpenCurrentFile@4      1005ebf0 f   unzip.obj
 0002:0001bc20       _unzOpenCurrentFilePassword@8 1005ec20 f   unzip.obj
 0002:0001c430       _unzReadCurrentFile@12     1005f430 f   unzip.obj
 0002:0001ca80       _unzSetOffset64@12         1005fa80 f   unzip.obj
 0002:0001cb40       _unzSetOffset@8            1005fb40 f   unzip.obj
 0002:0001cb70       _unzStringFileNameCompare@12 1005fb70 f   unzip.obj
 0002:0001cbd0       _unzeof@4                  1005fbd0 f   unzip.obj
 0002:0001cc50       _unztell64@4               1005fc50 f   unzip.obj
 0002:0001ccb0       _unztell@4                 1005fcb0 f   unzip.obj
 0002:0001cd10       _LoadCentralDirectoryRecord 1005fd10 f   zip.obj
 0002:0001d500       _Write_EndOfCentralDirectoryRecord 10060500 f   zip.obj
 0002:0001d780       _Write_GlobalComment       10060780 f   zip.obj
 0002:0001d840       _Write_LocalFileHeader     10060840 f   zip.obj
 0002:0001dca0       _Write_Zip64EndOfCentralDirectoryLocator 10060ca0 f   zip.obj
 0002:0001dd90       _Write_Zip64EndOfCentralDirectoryRecord 10060d90 f   zip.obj
 0002:0001f5d0       _zipClose@8                100625d0 f   zip.obj
 0002:0001f880       _zipCloseFileInZip@4       10062880 f   zip.obj
 0002:0001f8b0       _zipCloseFileInZipRaw64@16 100628b0 f   zip.obj
 0002:00020180       _zipCloseFileInZipRaw@12   10063180 f   zip.obj
 0002:000201b0       _zipOpen2@16               100631b0 f   zip.obj
 0002:00020220       _zipOpen2_64@16            10063220 f   zip.obj
 0002:000202a0       _zipOpen3@16               100632a0 f   zip.obj
 0002:00020500       _zipOpen64@8               10063500 f   zip.obj
 0002:00020530       _zipOpen@8                 10063530 f   zip.obj
 0002:00020560       _zipOpenNewFileInZip2@44   10063560 f   zip.obj
 0002:000205d0       _zipOpenNewFileInZip2_64@48 100635d0 f   zip.obj
 0002:00020640       _zipOpenNewFileInZip3@64   10063640 f   zip.obj
 0002:000206c0       _zipOpenNewFileInZip3_64@68 100636c0 f   zip.obj
 0002:00020740       _zipOpenNewFileInZip4@72   10063740 f   zip.obj
 0002:000207c0       _zipOpenNewFileInZip4_64@76 100637c0 f   zip.obj
 0002:000210f0       _zipOpenNewFileInZip64@44  100640f0 f   zip.obj
 0002:00021160       _zipOpenNewFileInZip@40    10064160 f   zip.obj
 0002:000211d0       _zipRemoveExtraInfoBlock@12 100641d0 f   zip.obj
 0002:00021350       _zipWriteInFileInZip@12    10064350 f   zip.obj
 0002:000215d0       _zError@4                  100645d0 f   zutil.obj
 0002:00021600       _zcalloc                   10064600 f   zutil.obj
 0002:00021640       _zcfree                    10064640 f   zutil.obj
 0002:00021670       _zlibCompileFlags@0        10064670 f   zutil.obj
 0002:000217e0       _zlibVersion@0             100647e0 f   zutil.obj
 0002:000217fa       _ReadFile@20               100647fa f   kernel32:KERNEL32.dll
 0002:00021800       _SetFilePointerEx@20       10064800 f   kernel32:KERNEL32.dll
 0002:00021806       _WriteFile@20              10064806 f   kernel32:KERNEL32.dll
 0002:0002180c       _CreateFile2@20            1006480c f   kernel32:KERNEL32.dll
 0002:00021812       _CloseHandle@4             10064812 f   kernel32:KERNEL32.dll
 0002:00021818       _GetLastError@0            10064818 f   kernel32:KERNEL32.dll
 0002:0002181e       _MultiByteToWideChar@24    1006481e f   kernel32:KERNEL32.dll
 0002:00021830       __allrem                   10064830 f   LIBCMTD:llrem.obj
 0002:00021910       __allshr                   10064910 f   LIBCMTD:llshr.obj
 0002:00021940       _memcpy                    10064940 f   LIBCMTD:memcpy.obj
 0002:00022120       _memset                    10065120 f   LIBCMTD:memset.obj
 0002:000221e0       __snprintf                 100651e0 f   LIBCMTD:snprintf.obj
 0002:00022430       __snprintf_l               10065430 f   LIBCMTD:snprintf.obj
 0002:00022470       _strlen                    10065470 f   LIBCMTD:strlen.obj
 0002:00022520       ??0_LocaleUpdate@@QAE@PAUlocaleinfo_struct@@@Z 10065520 f i LIBCMTD:wcstombs.obj
 0002:00022630       ??1_LocaleUpdate@@QAE@XZ   10065630 f i LIBCMTD:wcstombs.obj
 0002:00022670       ?GetLocaleT@_LocaleUpdate@@QAEPAUlocaleinfo_struct@@XZ 10065670 f i LIBCMTD:wcstombs.obj
 0002:00022700       __wcstombs_l               10065700 f   LIBCMTD:wcstombs.obj
 0002:00022730       __wcstombs_l_helper        10065730 f   LIBCMTD:wcstombs.obj
 0002:00022d80       __wcstombs_s_l             10065d80 f   LIBCMTD:wcstombs.obj
 0002:000231c0       _wcstombs                  100661c0 f   LIBCMTD:wcstombs.obj
 0002:000231f0       _wcstombs_s                100661f0 f   LIBCMTD:wcstombs.obj
 0002:00023220       _free                      10066220 f   LIBCMTD:dbgfree.obj
 0002:00023240       _malloc                    10066240 f   LIBCMTD:dbgmalloc.obj
 0002:00023270       __lseeki64                 10066270 f   LIBCMTD:lseeki64.obj
 0002:00023580       __lseeki64_nolock          10066580 f   LIBCMTD:lseeki64.obj
 0002:00023680       __open                     10066680 f   LIBCMTD:open.obj
 0002:00023880       __sopen                    10066880 f   LIBCMTD:open.obj
 0002:00023910       __sopen_helper             10066910 f   LIBCMTD:open.obj
 0002:00023c50       __sopen_nolock             10066c50 f   LIBCMTD:open.obj
 0002:00023cd0       __sopen_s                  10066cd0 f   LIBCMTD:open.obj
 0002:00023dd0       __invoke_watson_if_error   10066dd0 f i LIBCMTD:wopen.obj
 0002:00023e00       __wopen                    10066e00 f   LIBCMTD:wopen.obj
 0002:00024000       __wsopen                   10067000 f   LIBCMTD:wopen.obj
 0002:00024090       __wsopen_helper            10067090 f   LIBCMTD:wopen.obj
 0002:000243d0       __wsopen_nolock            100673d0 f   LIBCMTD:wopen.obj
 0002:00025870       __wsopen_s                 10068870 f   LIBCMTD:wopen.obj
 0002:000258a0       _memchr                    100688a0 f   LIBCMTD:memchr.obj
 0002:00025980       __get_sys_err_msg          10068980 f i LIBCMTD:strerror.obj
 0002:000259d0       _strerror                  100689d0 f   LIBCMTD:strerror.obj
 0002:00025aa0       _strerror_s                10068aa0 f   LIBCMTD:strerror.obj
 0002:00025c40       ___doserrno                10068c40 f   LIBCMTD:dosmap.obj
 0002:00025c70       __dosmaperr                10068c70 f   LIBCMTD:dosmap.obj
 0002:00025ca0       __errno                    10068ca0 f   LIBCMTD:dosmap.obj
 0002:00025cd0       __get_doserrno             10068cd0 f   LIBCMTD:dosmap.obj
 0002:00025d80       __get_errno                10068d80 f   LIBCMTD:dosmap.obj
 0002:00025e30       __get_errno_from_oserr     10068e30 f   LIBCMTD:dosmap.obj
 0002:00025ec0       __set_doserrno             10068ec0 f   LIBCMTD:dosmap.obj
 0002:00025f00       __set_errno                10068f00 f   LIBCMTD:dosmap.obj
 0002:00025f40       __close                    10068f40 f   LIBCMTD:close.obj
 0002:00026210       __close_nolock             10069210 f   LIBCMTD:close.obj
 0002:00026330       __read                     10069330 f   LIBCMTD:read.obj
 0002:000266c0       __read_nolock              100696c0 f   LIBCMTD:read.obj
 0002:00027d90       __write                    1006ad90 f   LIBCMTD:write.obj
 0002:00028070       __write_nolock             1006b070 f   LIBCMTD:write.obj
 0002:00029180       __fclose_nolock            1006c180 f   LIBCMTD:fclose.obj
 0002:000292d0       _fclose                    1006c2d0 f   LIBCMTD:fclose.obj
 0002:00029430       _feof                      1006c430 f   LIBCMTD:feoferr.obj
 0002:000294e0       _ferror                    1006c4e0 f   LIBCMTD:feoferr.obj
 0002:00029590       __fsopen                   1006c590 f   LIBCMTD:fopen.obj
 0002:00029870       _fopen                     1006c870 f   LIBCMTD:fopen.obj
 0002:00029890       _fopen_s                   1006c890 f   LIBCMTD:fopen.obj
 0002:00029980       __fread_nolock             1006c980 f   LIBCMTD:fread.obj
 0002:000299b0       __fread_nolock_s           1006c9b0 f   LIBCMTD:fread.obj
 0002:0002a170       _fread                     1006d170 f   LIBCMTD:fread.obj
 0002:0002a1a0       _fread_s                   1006d1a0 f   LIBCMTD:fread.obj
 0002:0002a340       __fseek_nolock             1006d340 f   LIBCMTD:fseek.obj
 0002:0002a470       _fseek                     1006d470 f   LIBCMTD:fseek.obj
 0002:0002a660       __ftell_nolock             1006d660 f   LIBCMTD:ftell.obj
 0002:0002aed0       _ftell                     1006ded0 f   LIBCMTD:ftell.obj
 0002:0002b010       __fseeki64                 1006e010 f   LIBCMTD:fseeki64.obj
 0002:0002b210       __fseeki64_nolock          1006e210 f   LIBCMTD:fseeki64.obj
 0002:0002b3a0       __ftelli64                 1006e3a0 f   LIBCMTD:ftelli64.obj
 0002:0002b500       __ftelli64_nolock          1006e500 f   LIBCMTD:ftelli64.obj
 0002:0002bdf0       __fwrite_nolock            1006edf0 f   LIBCMTD:fwrite.obj
 0002:0002c300       _fwrite                    1006f300 f   LIBCMTD:fwrite.obj
 0002:0002c470       _strcmp                    1006f470 f   LIBCMTD:strcmp.obj
 0002:0002c520       __allmul                   1006f520 f   LIBCMTD:llmul.obj
 0002:0002c570       __allshl                   1006f570 f   LIBCMTD:llshl.obj
 0002:0002c5a0       __aulldiv                  1006f5a0 f   LIBCMTD:ulldiv.obj
 0002:0002c630       __aullshr                  1006f630 f   LIBCMTD:ullshr.obj
 0002:0002c660       _rand                      1006f660 f   LIBCMTD:rand.obj
 0002:0002c6b0       _srand                     1006f6b0 f   LIBCMTD:rand.obj
 0002:0002c6d0       __time64                   1006f6d0 f   LIBCMTD:time64.obj
 0002:0002c760       __alloca_probe             1006f760 f   LIBCMTD:chkstk.obj
 0002:0002c760       __chkstk                   1006f760 f   LIBCMTD:chkstk.obj
 0002:0002c7a0       __CRT_INIT@12              1006f7a0 f   LIBCMTD:dllcrt0.obj
 0002:0002ca80       __DllMainCRTStartup@12     1006fa80 f   LIBCMTD:dllcrt0.obj
 0002:0002cce0       ___DllXcptFilter           1006fce0 f   LIBCMTD:dllcrt0.obj
 0002:0002cd20       ___isa_available_init      1006fd20 f   LIBCMTD:cpu_disp.obj
 0002:0002d070       __VEC_memset               10070070 f   LIBCMTD:p4_memset.obj
 0002:0002d170       ?_invalid_parameter@@YAXPBG00II@Z 10070170 f   LIBCMTD:invarg.obj
 0002:0002d1a0       ?_invoke_watson@@YAXPBG00II@Z 100701a0 f   LIBCMTD:invarg.obj
 0002:0002d1d0       __call_reportfault         100701d0 f   LIBCMTD:invarg.obj
 0002:0002d380       __get_invalid_parameter_handler 10070380 f   LIBCMTD:invarg.obj
 0002:0002d3b0       __initp_misc_invarg        100703b0 f   LIBCMTD:invarg.obj
 0002:0002d3c0       __invalid_parameter        100703c0 f   LIBCMTD:invarg.obj
 0002:0002d430       __invoke_watson            10070430 f   LIBCMTD:invarg.obj
 0002:0002d480       __set_invalid_parameter_handler 10070480 f   LIBCMTD:invarg.obj
 0002:0002d4d0       __flsbuf                   100704d0 f   LIBCMTD:_flsbuf.obj
 0002:0002d860       _vsnprintf                 10070860 f   LIBCMTD:vsnprint.obj
 0002:0002d860       __vsnprintf                10070860 f   LIBCMTD:vsnprint.obj
 0002:0002d890       __vsnprintf_l              10070890 f   LIBCMTD:vsnprint.obj
 0002:0002dae0       ?_CrtDbgReportW@@YAHHPBGH00ZZ 10070ae0 f   LIBCMTD:dbgrptw.obj
 0002:0002db40       __CrtDbgReportW            10070b40 f   LIBCMTD:dbgrptw.obj
 0002:0002dba0       __CrtDbgReportWV           10070ba0 f i LIBCMTD:dbgrptw.obj
 0002:0002dbe0       __CrtSetReportHookW2       10070be0 f   LIBCMTD:dbgrptw.obj
 0002:0002e000       ___crtMessageWindowW       10071000 f   LIBCMTD:dbgrptw.obj
 0002:0002e5d0       __invoke_watson_if_oneof   100715d0 f i LIBCMTD:dbgrptw.obj
 0002:0002e620       __output_l                 10071620 f   LIBCMTD:output.obj
 0002:00030270       _get_int64_arg             10073270 f i LIBCMTD:output.obj
 0002:000302a0       _get_int_arg               100732a0 f i LIBCMTD:output.obj
 0002:000302c0       _get_short_arg             100732c0 f i LIBCMTD:output.obj
 0002:000304f0       ___addlocaleref            100734f0 f   LIBCMTD:localref.obj
 0002:00030660       ___freetlocinfo            10073660 f   LIBCMTD:localref.obj
 0002:00030a10       ___removelocaleref         10073a10 f   LIBCMTD:localref.obj
 0002:00030b80       ___updatetlocinfo          10073b80 f   LIBCMTD:localref.obj
 0002:00030c80       __updatetlocinfoEx_nolock  10073c80 f   LIBCMTD:localref.obj
 0002:00030d20       ___initmbctable            10073d20 f   LIBCMTD:mbctype.obj
 0002:000314b0       ___updatetmbcinfo          100744b0 f   LIBCMTD:mbctype.obj
 0002:00031610       __getmbcp                  10074610 f   LIBCMTD:mbctype.obj
 0002:000316a0       __setmbcp                  100746a0 f   LIBCMTD:mbctype.obj
 0002:000319e0       __setmbcp_nolock           100749e0 f   LIBCMTD:mbctype.obj
 0002:00031e40       ___get_flsindex            10074e40 f   LIBCMTD:tidtable.obj
 0002:00031e50       ___threadhandle            10074e50 f   LIBCMTD:tidtable.obj
 0002:00031e60       ___threadid                10074e60 f   LIBCMTD:tidtable.obj
 0002:00031e70       __freefls@4                10074e70 f   LIBCMTD:tidtable.obj
 0002:000320f0       __freeptd                  100750f0 f   LIBCMTD:tidtable.obj
 0002:00032140       __getptd                   10075140 f   LIBCMTD:tidtable.obj
 0002:00032170       __getptd_noexit            10075170 f   LIBCMTD:tidtable.obj
 0002:00032250       __initptd                  10075250 f   LIBCMTD:tidtable.obj
 0002:000323e0       __mtinit                   100753e0 f   LIBCMTD:tidtable.obj
 0002:000324c0       __mtterm                   100754c0 f   LIBCMTD:tidtable.obj
 0002:00032500       @__security_check_cookie@4 10075500 f   LIBCMTD:secchk.obj
 0002:00032ad0       __CrtCheckMemory           10075ad0 f   LIBCMTD:dbgheap.obj
 0002:00033040       __CrtDoForAllClientObjects 10076040 f   LIBCMTD:dbgheap.obj
 0002:000331c0       __CrtDumpMemoryLeaks       100761c0 f   LIBCMTD:dbgheap.obj
 0002:00033280       __CrtGetAllocHook          10076280 f   LIBCMTD:dbgheap.obj
 0002:00033290       __CrtGetCheckCount         10076290 f   LIBCMTD:dbgheap.obj
 0002:000332a0       __CrtGetDumpClient         100762a0 f   LIBCMTD:dbgheap.obj
 0002:000332b0       __CrtIsMemoryBlock         100762b0 f   LIBCMTD:dbgheap.obj
 0002:00033480       __CrtIsValidHeapPointer    10076480 f   LIBCMTD:dbgheap.obj
 0002:000334d0       __CrtIsValidPointer        100764d0 f   LIBCMTD:dbgheap.obj
 0002:00033500       __CrtMemCheckpoint         10076500 f   LIBCMTD:dbgheap.obj
 0002:000337c0       __CrtMemDifference         100767c0 f   LIBCMTD:dbgheap.obj
 0002:00033ab0       __CrtMemDumpAllObjectsSince 10076ab0 f   LIBCMTD:dbgheap.obj
 0002:00033b00       __CrtMemDumpStatistics     10076b00 f   LIBCMTD:dbgheap.obj
 0002:00033c70       __CrtReportBlockType       10076c70 f   LIBCMTD:dbgheap.obj
 0002:00033cb0       __CrtSetAllocHook          10076cb0 f   LIBCMTD:dbgheap.obj
 0002:00033ce0       __CrtSetBreakAlloc         10076ce0 f   LIBCMTD:dbgheap.obj
 0002:00033d10       __CrtSetCheckCount         10076d10 f   LIBCMTD:dbgheap.obj
 0002:00033d30       __CrtSetDbgBlockType       10076d30 f   LIBCMTD:dbgheap.obj
 0002:00033e50       __CrtSetDbgFlag            10076e50 f   LIBCMTD:dbgheap.obj
 0002:00033ff0       __CrtSetDebugFillThreshold 10076ff0 f   LIBCMTD:dbgheap.obj
 0002:00034020       __CrtSetDumpClient         10077020 f   LIBCMTD:dbgheap.obj
 0002:00034050       __aligned_free             10077050 f   LIBCMTD:dbgheap.obj
 0002:00034070       __aligned_free_dbg         10077070 f   LIBCMTD:dbgheap.obj
 0002:00034150       __aligned_malloc           10077150 f   LIBCMTD:dbgheap.obj
 0002:00034180       __aligned_malloc_dbg       10077180 f   LIBCMTD:dbgheap.obj
 0002:000341b0       __aligned_msize            100771b0 f   LIBCMTD:dbgheap.obj
 0002:000341d0       __aligned_msize_dbg        100771d0 f   LIBCMTD:dbgheap.obj
 0002:00034340       __aligned_offset_malloc    10077340 f   LIBCMTD:dbgheap.obj
 0002:00034370       __aligned_offset_malloc_dbg 10077370 f   LIBCMTD:dbgheap.obj
 0002:000345c0       __aligned_offset_realloc   100775c0 f   LIBCMTD:dbgheap.obj
 0002:000345f0       __aligned_offset_realloc_dbg 100775f0 f   LIBCMTD:dbgheap.obj
 0002:000349c0       __aligned_offset_recalloc  100779c0 f   LIBCMTD:dbgheap.obj
 0002:000349f0       __aligned_offset_recalloc_dbg 100779f0 f   LIBCMTD:dbgheap.obj
 0002:00034ae0       __aligned_realloc          10077ae0 f   LIBCMTD:dbgheap.obj
 0002:00034b10       __aligned_realloc_dbg      10077b10 f   LIBCMTD:dbgheap.obj
 0002:00034b40       __aligned_recalloc         10077b40 f   LIBCMTD:dbgheap.obj
 0002:00034b70       __aligned_recalloc_dbg     10077b70 f   LIBCMTD:dbgheap.obj
 0002:00034ba0       __calloc_dbg               10077ba0 f   LIBCMTD:dbgheap.obj
 0002:00034c10       __calloc_dbg_impl          10077c10 f   LIBCMTD:dbgheap.obj
 0002:00034cb0       __expand                   10077cb0 f   LIBCMTD:dbgheap.obj
 0002:00034ce0       __expand_dbg               10077ce0 f   LIBCMTD:dbgheap.obj
 0002:00034e50       __free_dbg                 10077e50 f   LIBCMTD:dbgheap.obj
 0002:00034ef0       __free_dbg_nolock          10077ef0 f   LIBCMTD:dbgheap.obj
 0002:00035530       __free_nolock              10078530 f   LIBCMTD:dbgheap.obj
 0002:00035550       __heap_alloc               10078550 f   LIBCMTD:dbgheap.obj
 0002:00035570       __heap_alloc_dbg           10078570 f   LIBCMTD:dbgheap.obj
 0002:00035a90       __malloc_dbg               10078a90 f   LIBCMTD:dbgheap.obj
 0002:00035ad0       __msize                    10078ad0 f   LIBCMTD:dbgheap.obj
 0002:00035af0       __msize_dbg                10078af0 f   LIBCMTD:dbgheap.obj
 0002:00035d90       __nh_malloc                10078d90 f   LIBCMTD:dbgheap.obj
 0002:00035dc0       __nh_malloc_dbg            10078dc0 f   LIBCMTD:dbgheap.obj
 0002:000360e0       __realloc_dbg              100790e0 f   LIBCMTD:dbgheap.obj
 0002:000361a0       __recalloc                 100791a0 f   LIBCMTD:dbgheap.obj
 0002:000361e0       __recalloc_dbg             100791e0 f   LIBCMTD:dbgheap.obj
 0002:00036a50       ___lock_fhandle            10079a50 f   LIBCMTD:osfinfo.obj
 0002:00036b80       __alloc_osfhnd             10079b80 f   LIBCMTD:osfinfo.obj
 0002:00036ed0       __free_osfhnd              10079ed0 f   LIBCMTD:osfinfo.obj
 0002:00036ff0       __get_osfhandle            10079ff0 f   LIBCMTD:osfinfo.obj
 0002:000371d0       __open_osfhandle           1007a1d0 f   LIBCMTD:osfinfo.obj
 0002:00037480       __set_osfhnd               1007a480 f   LIBCMTD:osfinfo.obj
 0002:00037580       __unlock_fhandle           1007a580 f   LIBCMTD:osfinfo.obj
 0002:00037630       __except_handler4          1007a630 f   LIBCMTD:chandler4.obj
 0002:00037860       __ioinit                   1007a860 f   LIBCMTD:ioinit.obj
 0002:00037e80       __ioterm                   1007ae80 f   LIBCMTD:ioinit.obj
 0002:00037f50       ___copy_path_to_wide_string 1007af50 f   LIBCMTD:crt0dat.obj
 0002:000381b0       ___copy_to_char            1007b1b0 f   LIBCMTD:crt0dat.obj
 0002:00038420       ___crtCorExitProcess       1007b420 f   LIBCMTD:crt0dat.obj
 0002:00038470       ___crtExitProcess          1007b470 f   LIBCMTD:crt0dat.obj
 0002:000384a0       ___freeCrtMemory           1007b4a0 f   LIBCMTD:crt0dat.obj
 0002:000386e0       __amsg_exit                1007b6e0 f   LIBCMTD:crt0dat.obj
 0002:00038710       __c_exit                   1007b710 f   LIBCMTD:crt0dat.obj
 0002:00038730       __cexit                    1007b730 f   LIBCMTD:crt0dat.obj
 0002:00038750       __cinit                    1007b750 f   LIBCMTD:crt0dat.obj
 0002:00038820       __exit                     1007b820 f   LIBCMTD:crt0dat.obj
 0002:00038840       __exit_app                 1007b840 f   LIBCMTD:crt0dat.obj
 0002:00038860       __get_pgmptr               1007b860 f   LIBCMTD:crt0dat.obj
 0002:000389c0       __get_wpgmptr              1007b9c0 f   LIBCMTD:crt0dat.obj
 0002:00038b20       __init_pointers            1007bb20 f   LIBCMTD:crt0dat.obj
 0002:00038bd0       __initterm_e               1007bbd0 f   LIBCMTD:crt0dat.obj
 0002:00038c20       __lockexit                 1007bc20 f   LIBCMTD:crt0dat.obj
 0002:00038c40       __unlockexit               1007bc40 f   LIBCMTD:crt0dat.obj
 0002:00038ec0       _exit                      1007bec0 f   LIBCMTD:crt0dat.obj
 0002:00038ee0       __chsize                   1007bee0 f   LIBCMTD:chsize.obj
 0002:00038f30       __chsize_nolock            1007bf30 f   LIBCMTD:chsize.obj
 0002:00039280       __chsize_s                 1007c280 f   LIBCMTD:chsize.obj
 0002:00039600       __get_fmode                1007c600 f   LIBCMTD:setmode.obj
 0002:000396c0       __set_fmode                1007c6c0 f   LIBCMTD:setmode.obj
 0002:000397a0       __setmode                  1007c7a0 f   LIBCMTD:setmode.obj
 0002:00039b10       __setmode_nolock           1007cb10 f   LIBCMTD:setmode.obj
 0002:00039e70       ___crtCloseThreadpoolTimer 1007ce70 f   LIBCMTD:winapisupp.obj
 0002:00039eb0       ___crtCloseThreadpoolWait  1007ceb0 f   LIBCMTD:winapisupp.obj
 0002:00039ef0       ___crtCreateEventExW       1007cef0 f   LIBCMTD:winapisupp.obj
 0002:00039f60       ___crtCreateSemaphoreExW   1007cf60 f   LIBCMTD:winapisupp.obj
 0002:00039fd0       ___crtCreateSymbolicLinkW  1007cfd0 f   LIBCMTD:winapisupp.obj
 0002:0003a020       ___crtCreateThreadpoolTimer 1007d020 f   LIBCMTD:winapisupp.obj
 0002:0003a070       ___crtCreateThreadpoolWait 1007d070 f   LIBCMTD:winapisupp.obj
 0002:0003a0c0       ___crtFlsAlloc             1007d0c0 f   LIBCMTD:winapisupp.obj
 0002:0003a100       ___crtFlsFree              1007d100 f   LIBCMTD:winapisupp.obj
 0002:0003a150       ___crtFlsGetValue          1007d150 f   LIBCMTD:winapisupp.obj
 0002:0003a190       ___crtFlsSetValue          1007d190 f   LIBCMTD:winapisupp.obj
 0002:0003a1e0       ___crtFlushProcessWriteBuffers 1007d1e0 f   LIBCMTD:winapisupp.obj
 0002:0003a210       ___crtFreeLibraryWhenCallbackReturns 1007d210 f   LIBCMTD:winapisupp.obj
 0002:0003a250       ___crtGetCurrentProcessorNumber 1007d250 f   LIBCMTD:winapisupp.obj
 0002:0003a290       ___crtGetFileInformationByHandleEx 1007d290 f   LIBCMTD:winapisupp.obj
 0002:0003a2e0       ___crtGetLogicalProcessorInformation 1007d2e0 f   LIBCMTD:winapisupp.obj
 0002:0003a330       ___crtGetShowWindowMode    1007d330 f   LIBCMTD:winapisupp.obj
 0002:0003a370       ___crtGetTickCount64       1007d370 f   LIBCMTD:winapisupp.obj
 0002:0003a3b0       ___crtInitializeCriticalSectionEx 1007d3b0 f   LIBCMTD:winapisupp.obj
 0002:0003a410       ___crtIsPackagedApp        1007d410 f   LIBCMTD:winapisupp.obj
 0002:0003a460       ___crtLoadWinApiPointers   1007d460 f   LIBCMTD:winapisupp.obj
 0002:0003aa20       ___crtSetFileInformationByHandle 1007da20 f   LIBCMTD:winapisupp.obj
 0002:0003aa70       ___crtSetThreadStackGuarantee 1007da70 f   LIBCMTD:winapisupp.obj
 0002:0003aab0       ___crtSetThreadpoolTimer   1007dab0 f   LIBCMTD:winapisupp.obj
 0002:0003ab00       ___crtSetThreadpoolWait    1007db00 f   LIBCMTD:winapisupp.obj
 0002:0003ab40       ___crtSetUnhandledExceptionFilter 1007db40 f   LIBCMTD:winapisupp.obj
 0002:0003ab60       ___crtSleep                1007db60 f   LIBCMTD:winapisupp.obj
 0002:0003ab80       ___crtTerminateProcess     1007db80 f   LIBCMTD:winapisupp.obj
 0002:0003aba0       ___crtUnhandledException   1007dba0 f   LIBCMTD:winapisupp.obj
 0002:0003abc0       ___crtWaitForThreadpoolTimerCallbacks 1007dbc0 f   LIBCMTD:winapisupp.obj
 0002:0003ac00       ___sys_errlist             1007dc00 f   LIBCMTD:syserr.obj
 0002:0003ac10       ___sys_nerr                1007dc10 f   LIBCMTD:syserr.obj
 0002:0003ac20       _strcpy_s                  1007dc20 f   LIBCMTD:strcpy_s.obj
 0002:0003afe0       _strncpy_s                 1007dfe0 f   LIBCMTD:strncpy_s.obj
 0002:0003b500       __isatty                   1007e500 f   LIBCMTD:isatty.obj
 0002:0003b5f0       ___iswcsym                 1007e5f0 f i LIBCMTD:_wctype.obj
 0002:0003b640       ___iswcsymf                1007e640 f i LIBCMTD:_wctype.obj
 0002:0003b690       __isleadbyte_l             1007e690 f i LIBCMTD:_wctype.obj
 0002:0003b6f0       __iswalnum_l               1007e6f0 f i LIBCMTD:_wctype.obj
 0002:0003b710       __iswalpha_l               1007e710 f i LIBCMTD:_wctype.obj
 0002:0003b730       __iswblank_l               1007e730 f i LIBCMTD:_wctype.obj
 0002:0003b770       __iswcntrl_l               1007e770 f i LIBCMTD:_wctype.obj
 0002:0003b790       __iswcsym_l                1007e790 f i LIBCMTD:_wctype.obj
 0002:0003b7e0       __iswcsymf_l               1007e7e0 f i LIBCMTD:_wctype.obj
 0002:0003b830       __iswdigit_l               1007e830 f i LIBCMTD:_wctype.obj
 0002:0003b850       __iswgraph_l               1007e850 f i LIBCMTD:_wctype.obj
 0002:0003b870       __iswlower_l               1007e870 f i LIBCMTD:_wctype.obj
 0002:0003b890       __iswprint_l               1007e890 f i LIBCMTD:_wctype.obj
 0002:0003b8b0       __iswpunct_l               1007e8b0 f i LIBCMTD:_wctype.obj
 0002:0003b8d0       __iswspace_l               1007e8d0 f i LIBCMTD:_wctype.obj
 0002:0003b8f0       __iswupper_l               1007e8f0 f i LIBCMTD:_wctype.obj
 0002:0003b910       __iswxdigit_l              1007e910 f i LIBCMTD:_wctype.obj
 0002:0003b930       _isleadbyte                1007e930 f i LIBCMTD:_wctype.obj
 0002:0003b950       _iswalnum                  1007e950 f i LIBCMTD:_wctype.obj
 0002:0003b970       _iswalpha                  1007e970 f i LIBCMTD:_wctype.obj
 0002:0003b990       _iswascii                  1007e990 f i LIBCMTD:_wctype.obj
 0002:0003b9c0       _iswblank                  1007e9c0 f i LIBCMTD:_wctype.obj
 0002:0003ba00       _iswcntrl                  1007ea00 f i LIBCMTD:_wctype.obj
 0002:0003ba20       _iswdigit                  1007ea20 f i LIBCMTD:_wctype.obj
 0002:0003ba40       _iswgraph                  1007ea40 f i LIBCMTD:_wctype.obj
 0002:0003ba60       _iswlower                  1007ea60 f i LIBCMTD:_wctype.obj
 0002:0003ba80       _iswprint                  1007ea80 f i LIBCMTD:_wctype.obj
 0002:0003baa0       _iswpunct                  1007eaa0 f i LIBCMTD:_wctype.obj
 0002:0003bac0       _iswspace                  1007eac0 f i LIBCMTD:_wctype.obj
 0002:0003bae0       _iswupper                  1007eae0 f i LIBCMTD:_wctype.obj
 0002:0003bb00       _iswxdigit                 1007eb00 f i LIBCMTD:_wctype.obj
 0002:0003bb20       __mbtowc_l                 1007eb20 f   LIBCMTD:mbtowc.obj
 0002:0003bde0       _mbtowc                    1007ede0 f   LIBCMTD:mbtowc.obj
 0002:0003be10       __putwch                   1007ee10 f   LIBCMTD:putwch.obj
 0002:0003bec0       __putwch_nolock            1007eec0 f   LIBCMTD:putwch.obj
 0002:0003bf30       __fileno                   1007ef30 f   LIBCMTD:fileno.obj
 0002:0003bfe0       ___initstdio               1007efe0 f   LIBCMTD:_file.obj
 0002:0003c0e0       ___endstdio                1007f0e0 f   LIBCMTD:_file.obj
 0002:0003c130       ___iob_func                1007f130 f   LIBCMTD:_file.obj
 0002:0003c140       __lock_file                1007f140 f   LIBCMTD:_file.obj
 0002:0003c1b0       __lock_file2               1007f1b0 f   LIBCMTD:_file.obj
 0002:0003c200       __unlock_file              1007f200 f   LIBCMTD:_file.obj
 0002:0003c270       __unlock_file2             1007f270 f   LIBCMTD:_file.obj
 0002:0003c2c0       __freebuf                  1007f2c0 f   LIBCMTD:_freebuf.obj
 0002:0003c370       __fflush_nolock            1007f370 f   LIBCMTD:fflush.obj
 0002:0003c400       __flush                    1007f400 f   LIBCMTD:fflush.obj
 0002:0003c4f0       __flushall                 1007f4f0 f   LIBCMTD:fflush.obj
 0002:0003c510       _fflush                    1007f510 f   LIBCMTD:fflush.obj
 0002:0003c7f0       __getstream                1007f7f0 f   LIBCMTD:stream.obj
 0002:0003cab0       __openfile                 1007fab0 f   LIBCMTD:_open.obj
 0002:0003d4b0       __local_unwind4            100804b0 f   LIBCMTD:exsup4.obj
 0002:0003d586       __seh_longjmp_unwind4@4    10080586 f   LIBCMTD:exsup4.obj
 0002:0003d5a2       @_EH4_CallFilterFunc@8     100805a2 f   LIBCMTD:exsup4.obj
 0002:0003d5b9       @_EH4_TransferToHandler@8  100805b9 f   LIBCMTD:exsup4.obj
 0002:0003d5d2       @_EH4_GlobalUnwind2@8      100805d2 f   LIBCMTD:exsup4.obj
 0002:0003d5eb       @_EH4_LocalUnwind@16       100805eb f   LIBCMTD:exsup4.obj
 0002:0003d660       __filbuf                   10080660 f   LIBCMTD:_filbuf.obj
 0002:0003d970       _memcpy_s                  10080970 f   LIBCMTD:memcpy_s.obj
 0002:0003dbb0       __lseek                    10080bb0 f   LIBCMTD:lseek.obj
 0002:0003de90       __lseek_nolock             10080e90 f   LIBCMTD:lseek.obj
 0002:0003e020       __XcptFilter               10081020 f   LIBCMTD:winxfltr.obj
 0002:0003e2a0       ___CppXcptFilter           100812a0 f   LIBCMTD:winxfltr.obj
 0002:0003e340       __get_heap_handle          10081340 f   LIBCMTD:heapinit.obj
 0002:0003e390       __heap_init                10081390 f   LIBCMTD:heapinit.obj
 0002:0003e3c0       __heap_term                100813c0 f   LIBCMTD:heapinit.obj
 0002:0003e3e0       __set_pgmptr               100813e0 f i LIBCMTD:stdargv.obj
 0002:0003e3f0       __setargv                  100813f0 f   LIBCMTD:stdargv.obj
 0002:0003e9f0       __setenvp                  100819f0 f   LIBCMTD:stdenvp.obj
 0002:0003ebf0       ___security_init_cookie    10081bf0 f   LIBCMTD:gs_support.obj
 0002:0003ed10       _DllMain@12                10081d10 f   LIBCMTD:dllmain.obj
 0002:0003ed20       ___crtGetEnvironmentStringsA 10081d20 f   LIBCMTD:a_env.obj
 0002:0003ee60       __RTC_Initialize           10081e60 f   LIBCMTD:initsect.obj
 0002:0003ee90       __RTC_Terminate            10081e90 f   LIBCMTD:initsect.obj
 0002:0003eec0       __CrtDefaultAllocHook      10081ec0 f   LIBCMTD:dbghook.obj
 0002:0003eed0       __crt_debugger_hook        10081ed0 f   LIBCMTD:dbghook.obj
 0002:0003eef0       __getbuf                   10081ef0 f   LIBCMTD:_getbuf.obj
 0002:0003eff0       ___raise_securityfailure   10081ff0 f   LIBCMTD:gs_report.obj
 0002:0003f050       ___report_gsfailure        10082050 f   LIBCMTD:gs_report.obj
 0002:0003f1a0       ___report_rangecheckfailure 100821a0 f   LIBCMTD:gs_report.obj
 0002:0003f1b0       ___report_securityfailure  100821b0 f   LIBCMTD:gs_report.obj
 0002:0003f2c0       ___report_securityfailureEx 100822c0 f   LIBCMTD:gs_report.obj
 0002:0003f430       _wcscpy_s                  10082430 f   LIBCMTD:wcscpy_s.obj
 0002:0003f800       _wcslen                    10082800 f   LIBCMTD:wcslen.obj
 0002:0003f850       __lock                     10082850 f   LIBCMTD:mlock.obj
 0002:0003f8a0       __lockerr_exit             100828a0 f   LIBCMTD:mlock.obj
 0002:0003f8d0       __mtdeletelocks            100828d0 f   LIBCMTD:mlock.obj
 0002:0003f9c0       __mtinitlocknum            100829c0 f   LIBCMTD:mlock.obj
 0002:0003fb30       __mtinitlocks              10082b30 f   LIBCMTD:mlock.obj
 0002:0003fbd0       __unlock                   10082bd0 f   LIBCMTD:mlock.obj
 0002:0003fbf0       ___swprintf_l              10082bf0 f   LIBCMTD:swprintf.obj
 0002:0003fc20       __scwprintf                10082c20 f   LIBCMTD:swprintf.obj
 0002:0003fc50       __scwprintf_l              10082c50 f   LIBCMTD:swprintf.obj
 0002:0003fc80       __scwprintf_p              10082c80 f   LIBCMTD:swprintf.obj
 0002:0003fcb0       __scwprintf_p_l            10082cb0 f   LIBCMTD:swprintf.obj
 0002:0003fce0       __snwprintf_s              10082ce0 f   LIBCMTD:swprintf.obj
 0002:0003fd20       __snwprintf_s_l            10082d20 f   LIBCMTD:swprintf.obj
 0002:0003fd60       __swprintf                 10082d60 f   LIBCMTD:swprintf.obj
 0002:00040010       __swprintf_p               10083010 f   LIBCMTD:swprintf.obj
 0002:00040050       __swprintf_p_l             10083050 f   LIBCMTD:swprintf.obj
 0002:00040090       __swprintf_s_l             10083090 f   LIBCMTD:swprintf.obj
 0002:000400d0       _swprintf_s                100830d0 f   LIBCMTD:swprintf.obj
 0002:00040110       ___fpecode                 10083110 f   LIBCMTD:winsig.obj
 0002:00040120       ___get_sigabrt             10083120 f   LIBCMTD:winsig.obj
 0002:00040140       ___pxcptinfoptrs           10083140 f   LIBCMTD:winsig.obj
 0002:00040150       __initp_misc_winsig        10083150 f   LIBCMTD:winsig.obj
 0002:000402c0       _raise                     100832c0 f   LIBCMTD:winsig.obj
 0002:00040730       _signal                    10083730 f   LIBCMTD:winsig.obj
 0002:00040bd0       ___crtMessageBoxW          10083bd0 f   LIBCMTD:crtmboxw.obj
 0002:00040fb0       ___crtMessageBoxWaitThreadW@4 10083fb0 f   LIBCMTD:crtmboxw.obj
 0002:00041000       __CrtDbgBreak              10084000 f   LIBCMTD:dbgrptt.obj
 0002:00041010       __CrtGetReportHook         10084010 f   LIBCMTD:dbgrptt.obj
 0002:00041020       __CrtSetReportFile         10084020 f   LIBCMTD:dbgrptt.obj
 0002:00041160       __CrtSetReportHook         10084160 f   LIBCMTD:dbgrptt.obj
 0002:00041190       __CrtSetReportMode         10084190 f   LIBCMTD:dbgrptt.obj
 0002:00041320       __VCrtDbgReportA           10084320 f   LIBCMTD:dbgrptt.obj
 0002:00041db0       __VCrtDbgReportW           10084db0 f   LIBCMTD:dbgrptt.obj
 0002:00042980       __get_printf_count_output  10085980 f   LIBCMTD:printf.obj
 0002:000429c0       __printf_l                 100859c0 f   LIBCMTD:printf.obj
 0002:000429f0       __printf_p                 100859f0 f   LIBCMTD:printf.obj
 0002:00042a20       __printf_p_l               10085a20 f   LIBCMTD:printf.obj
 0002:00042a50       __printf_s_l               10085a50 f   LIBCMTD:printf.obj
 0002:00042a80       __set_printf_count_output  10085a80 f   LIBCMTD:printf.obj
 0002:00042af0       _printf                    10085af0 f   LIBCMTD:printf.obj
 0002:00042cc0       _printf_s                  10085cc0 f   LIBCMTD:printf.obj
 0002:00042cf0       __wctomb_l                 10085cf0 f   LIBCMTD:wctomb.obj
 0002:00042d80       __wctomb_s_l               10085d80 f   LIBCMTD:wctomb.obj
 0002:000431a0       _wctomb                    100861a0 f   LIBCMTD:wctomb.obj
 0002:00043200       _wctomb_s                  10086200 f   LIBCMTD:wctomb.obj
 0002:00043230       __aullrem                  10086230 f   LIBCMTD:ullrem.obj
 0002:000432d0       __initp_misc_cfltcvt_tab   100862d0 f   LIBCMTD:cmiscdat.obj
 0002:00043320       ___free_lconv_mon          10086320 f   LIBCMTD:initmon.obj
 0002:00043530       ___init_monetary           10086530 f   LIBCMTD:initmon.obj
 0002:00043cc0       ___free_lconv_num          10086cc0 f   LIBCMTD:initnum.obj
 0002:00043da0       ___init_numeric            10086da0 f   LIBCMTD:initnum.obj
 0002:00044260       ___free_lc_time            10087260 f   LIBCMTD:inittime.obj
 0002:00044de0       ___init_time               10087de0 f   LIBCMTD:inittime.obj
 0002:000461e0       _localeconv                100891e0 f   LIBCMTD:lconv.obj
 0002:00046640       __MallocaIsSizeInRange     10089640 f i LIBCMTD:a_map.obj
 0002:00046670       __MarkAllocaS              10089670 f i LIBCMTD:a_map.obj
 0002:000466a0       ___crtLCMapStringA         100896a0 f   LIBCMTD:a_map.obj
 0002:00046710       __freea                    10089710 f i LIBCMTD:a_map.obj
 0002:00046920       ___crtGetStringTypeA       10089920 f   LIBCMTD:a_str.obj
 0002:00046ac0       ?_CallCatchBlock2@@YAPAXPAUEHRegistrationNode@@PBU_s_FuncInfo@@PAXHK@Z 10089ac0 f   LIBCMTD:_trnsctrl_.obj
 0002:00046b50       ?_CallMemberFunction0@@YGXPAX0@Z 10089b50 f   LIBCMTD:_trnsctrl_.obj
 0002:00046b60       ?_CallMemberFunction1@@YGXPAX00@Z 10089b60 f   LIBCMTD:_trnsctrl_.obj
 0002:00046b70       ?_CallMemberFunction2@@YGXPAX00H@Z 10089b70 f   LIBCMTD:_trnsctrl_.obj
 0002:00046b80       ?_CallSETranslator@@YAHPAUEHExceptionRecord@@PAUEHRegistrationNode@@PAX2PBU_s_FuncInfo@@H1@Z 10089b80 f   LIBCMTD:_trnsctrl_.obj
 0002:00046cb0       ?_GetRangeOfTrysToCheck@@YAPBU_s_TryBlockMapEntry@@PBU_s_FuncInfo@@HHPAI1@Z 10089cb0 f   LIBCMTD:_trnsctrl_.obj
 0002:00046d60       ?_JumpToContinuation@@YGXPAXPAUEHRegistrationNode@@@Z 10089d60 f   LIBCMTD:_trnsctrl_.obj
 0002:00046da0       ?_UnwindNestedFrames@@YGXPAUEHRegistrationNode@@PAUEHExceptionRecord@@@Z 10089da0 f   LIBCMTD:_trnsctrl_.obj
 0002:00046e10       __CreateFrameInfo          10089e10 f   LIBCMTD:_trnsctrl_.obj
 0002:00046e50       __FindAndUnlinkFrame       10089e50 f   LIBCMTD:_trnsctrl_.obj
 0002:00046ec0       __IsExceptionObjectToBeDestroyed 10089ec0 f   LIBCMTD:_trnsctrl_.obj
 0002:00046f00       ___CxxFrameHandler         10089f00 f   LIBCMTD:_trnsctrl_.obj
 0002:00046f50       ___CxxFrameHandler2        10089f50 f   LIBCMTD:_trnsctrl_.obj
 0002:00046fa0       ___CxxFrameHandler3        10089fa0 f   LIBCMTD:_trnsctrl_.obj
 0002:00046ff0       ___CxxLongjmpUnwind@4      10089ff0 f   LIBCMTD:_trnsctrl_.obj
 0002:00047030       ___pctype_func             1008a030 f   LIBCMTD:ctype.obj
 0002:00047090       ___pwctype_func            1008a090 f   LIBCMTD:ctype.obj
 0002:000470a0       __chvalidator              1008a0a0 f   LIBCMTD:isctype.obj
 0002:00047100       __chvalidator_l            1008a100 f   LIBCMTD:isctype.obj
 0002:000471f0       __isctype                  1008a1f0 f   LIBCMTD:isctype.obj
 0002:00047240       __isctype_l                1008a240 f   LIBCMTD:isctype.obj
 0002:000473f0       __free_base                1008a3f0 f   LIBCMTD:free.obj
 0002:00047450       __realloc_base             1008a450 f   LIBCMTD:realloc.obj
 0002:00047590       __expand_base              1008a590 f   LIBCMTD:expand.obj
 0002:00047750       __CrtDbgReport             1008a750 f   LIBCMTD:dbgrpt.obj
 0002:000477b0       __CrtDbgReportV            1008a7b0 f i LIBCMTD:dbgrpt.obj
 0002:000477f0       __CrtSetReportHook2        1008a7f0 f   LIBCMTD:dbgrpt.obj
 0002:00047c10       ___crtMessageWindowA       1008ac10 f   LIBCMTD:dbgrpt.obj
 0002:000481e0       ?_query_new_handler@@YAP6AHI@ZXZ 1008b1e0 f   LIBCMTD:handler.obj
 0002:00048200       ?_set_new_handler@@YAP6AHI@ZH@Z 1008b200 f   LIBCMTD:handler.obj
 0002:00048250       ?_set_new_handler@@YAP6AHI@ZP6AHI@Z@Z 1008b250 f   LIBCMTD:handler.obj
 0002:000482a0       __callnewh                 1008b2a0 f   LIBCMTD:handler.obj
 0002:000482f0       __initp_heap_handler       1008b2f0 f   LIBCMTD:handler.obj
 0002:00048300       __heapchk                  1008b300 f   LIBCMTD:heapchk.obj
 0002:00048340       __heapset                  1008b340 f   LIBCMTD:heapchk.obj
 0002:00048350       __scprintf                 1008b350 f   LIBCMTD:sprintf.obj
 0002:00048380       __scprintf_l               1008b380 f   LIBCMTD:sprintf.obj
 0002:000483b0       __scprintf_p               1008b3b0 f   LIBCMTD:sprintf.obj
 0002:000483e0       __scprintf_p_l             1008b3e0 f   LIBCMTD:sprintf.obj
 0002:00048410       __snprintf_s               1008b410 f   LIBCMTD:sprintf.obj
 0002:00048450       __snprintf_s_l             1008b450 f   LIBCMTD:sprintf.obj
 0002:00048490       __sprintf_l                1008b490 f   LIBCMTD:sprintf.obj
 0002:000484c0       __sprintf_p                1008b4c0 f   LIBCMTD:sprintf.obj
 0002:00048500       __sprintf_p_l              1008b500 f   LIBCMTD:sprintf.obj
 0002:00048540       __sprintf_s_l              1008b540 f   LIBCMTD:sprintf.obj
 0002:00048580       _sprintf                   1008b580 f   LIBCMTD:sprintf.obj
 0002:000487b0       _sprintf_s                 1008b7b0 f   LIBCMTD:sprintf.obj
 0002:000487f0       __heap_alloc_base          1008b7f0 f i LIBCMTD:malloc.obj
 0002:00048860       __malloc_base              1008b860 f   LIBCMTD:malloc.obj
 0002:00048910       __FF_MSGBANNER             1008b910 f   LIBCMTD:crt0msg.obj
 0002:00048970       __GET_RTERRMSG             1008b970 f   LIBCMTD:crt0msg.obj
 0002:000489c0       __NMSG_WRITE               1008b9c0 f   LIBCMTD:crt0msg.obj
 0002:00048e70       __FindPESection            1008be70 f   LIBCMTD:pesect.obj
 0002:00048f00       __IsNonwritableInCurrentImage 1008bf00 f   LIBCMTD:pesect.obj
 0002:00049080       __ValidateImageBase        1008c080 f   LIBCMTD:pesect.obj
 0002:00049100       ___onexitinit              1008c100 f   LIBCMTD:onexit.obj
 0002:00049170       __onexit                   1008c170 f   LIBCMTD:onexit.obj
 0002:000493a0       _atexit                    1008c3a0 f   LIBCMTD:onexit.obj
 0002:000493e0       ?_inconsistency@@YAXXZ     1008c3e0 f   LIBCMTD:hooks.obj
 0002:00049490       ?terminate@@YAXXZ          1008c490 f   LIBCMTD:hooks.obj
 0002:00049530       ?unexpected@@YAXXZ         1008c530 f   LIBCMTD:hooks.obj
 0002:00049560       __initp_eh_hooks           1008c560 f   LIBCMTD:hooks.obj
 0002:00049580       ___getlocaleinfo           1008c580 f   LIBCMTD:inithelp.obj
 0002:00049940       __initp_misc_purevirt      1008c940 f   LIBCMTD:inithelp.obj
 0002:00049950       __initp_misc_rand_s        1008c950 f   LIBCMTD:rand_s.obj
 0002:00049960       _rand_s                    1008c960 f   LIBCMTD:rand_s.obj
 0002:00049c60       __ftbuf                    1008cc60 f   LIBCMTD:_sftbuf.obj
 0002:00049d10       __stbuf                    1008cd10 f   LIBCMTD:_sftbuf.obj
 0002:00049ee0       __iswctype_l               1008cee0 f   LIBCMTD:iswctype.obj
 0002:00049f00       _is_wctype                 1008cf00 f   LIBCMTD:iswctype.obj
 0002:00049f20       _iswctype                  1008cf20 f   LIBCMTD:iswctype.obj
 0002:00049fa0       ___termconout              1008cfa0 f   LIBCMTD:initcon.obj
 0002:00049fd0       ___initconout              1008cfd0 f   LIBCMTD:initcon.obj
 0002:0004a000       __fcloseall                1008d000 f   LIBCMTD:closeall.obj
 0002:0004a170       __commit                   1008d170 f   LIBCMTD:commit.obj
 0002:0004a440       __mbsnbcmp                 1008d440 f   LIBCMTD:mbsnbcmp.obj
 0002:0004a470       __mbsnbcmp_l               1008d470 f   LIBCMTD:mbsnbcmp.obj
 0002:0004a850       __mbsnbicmp                1008d850 f   LIBCMTD:mbsnbicm.obj
 0002:0004a880       __mbsnbicmp_l              1008d880 f   LIBCMTD:mbsnbicm.obj
 0002:0004af10       __global_unwind2           1008df10 f   LIBCMTD:exsup.obj
 0002:0004af75       __local_unwind2            1008df75 f   LIBCMTD:exsup.obj
 0002:0004aff9       __abnormal_termination     1008dff9 f   LIBCMTD:exsup.obj
 0002:0004b01c       __NLG_Notify1              1008e01c f   LIBCMTD:exsup.obj
 0002:0004b025       __NLG_Notify               1008e025 f   LIBCMTD:exsup.obj
 0002:0004b03c       __NLG_Dispatch2            1008e03c     LIBCMTD:exsup.obj
 0002:0004b03c       __NLG_Dispatch             1008e03c     LIBCMTD:exsup.obj
 0002:0004b044       __NLG_Call                 1008e044 f   LIBCMTD:exsup.obj
 0002:0004b046       __NLG_Return2              1008e046     LIBCMTD:exsup.obj
 0002:0004b190       __ismbbalnum               1008e190 f   LIBCMTD:ismbbyte.obj
 0002:0004b1b0       __ismbbalnum_l             1008e1b0 f   LIBCMTD:ismbbyte.obj
 0002:0004b1e0       __ismbbalpha               1008e1e0 f   LIBCMTD:ismbbyte.obj
 0002:0004b200       __ismbbalpha_l             1008e200 f   LIBCMTD:ismbbyte.obj
 0002:0004b230       __ismbbblank               1008e230 f   LIBCMTD:ismbbyte.obj
 0002:0004b270       __ismbbblank_l             1008e270 f   LIBCMTD:ismbbyte.obj
 0002:0004b2b0       __ismbbgraph               1008e2b0 f   LIBCMTD:ismbbyte.obj
 0002:0004b2d0       __ismbbgraph_l             1008e2d0 f   LIBCMTD:ismbbyte.obj
 0002:0004b300       __ismbbkalnum              1008e300 f   LIBCMTD:ismbbyte.obj
 0002:0004b320       __ismbbkalnum_l            1008e320 f   LIBCMTD:ismbbyte.obj
 0002:0004b340       __ismbbkana                1008e340 f   LIBCMTD:ismbbyte.obj
 0002:0004b360       __ismbbkana_l              1008e360 f   LIBCMTD:ismbbyte.obj
 0002:0004b3f0       __ismbbkprint              1008e3f0 f   LIBCMTD:ismbbyte.obj
 0002:0004b410       __ismbbkprint_l            1008e410 f   LIBCMTD:ismbbyte.obj
 0002:0004b430       __ismbbkpunct              1008e430 f   LIBCMTD:ismbbyte.obj
 0002:0004b450       __ismbbkpunct_l            1008e450 f   LIBCMTD:ismbbyte.obj
 0002:0004b470       __ismbblead                1008e470 f   LIBCMTD:ismbbyte.obj
 0002:0004b490       __ismbblead_l              1008e490 f   LIBCMTD:ismbbyte.obj
 0002:0004b4b0       __ismbbprint               1008e4b0 f   LIBCMTD:ismbbyte.obj
 0002:0004b4d0       __ismbbprint_l             1008e4d0 f   LIBCMTD:ismbbyte.obj
 0002:0004b500       __ismbbpunct               1008e500 f   LIBCMTD:ismbbyte.obj
 0002:0004b520       __ismbbpunct_l             1008e520 f   LIBCMTD:ismbbyte.obj
 0002:0004b540       __ismbbtrail               1008e540 f   LIBCMTD:ismbbyte.obj
 0002:0004b560       __ismbbtrail_l             1008e560 f   LIBCMTD:ismbbyte.obj
 0002:0004b580       ___vswprintf_l             1008e580 f   LIBCMTD:vswprint.obj
 0002:0004b5b0       __vscwprintf               1008e5b0 f   LIBCMTD:vswprint.obj
 0002:0004b5e0       __vscwprintf_helper        1008e5e0 f   LIBCMTD:vswprint.obj
 0002:0004b710       __vscwprintf_l             1008e710 f   LIBCMTD:vswprint.obj
 0002:0004b740       __vscwprintf_p             1008e740 f   LIBCMTD:vswprint.obj
 0002:0004b770       __vscwprintf_p_l           1008e770 f   LIBCMTD:vswprint.obj
 0002:0004b7a0       __vswprintf                1008e7a0 f   LIBCMTD:vswprint.obj
 0002:0004b7d0       __vswprintf_l              1008e7d0 f   LIBCMTD:vswprint.obj
 0002:0004ba70       __vsnwprintf_s             1008ea70 f   LIBCMTD:vswprnc.obj
 0002:0004baa0       __vsnwprintf_s_l           1008eaa0 f   LIBCMTD:vswprnc.obj
 0002:0004bf70       __vswprintf_c              1008ef70 f   LIBCMTD:vswprnc.obj
 0002:0004bfd0       __vswprintf_c_l            1008efd0 f   LIBCMTD:vswprnc.obj
 0002:0004c030       __vswprintf_helper         1008f030 f   LIBCMTD:vswprnc.obj
 0002:0004c340       __vswprintf_p              1008f340 f   LIBCMTD:vswprnc.obj
 0002:0004c3a0       __vswprintf_p_l            1008f3a0 f   LIBCMTD:vswprnc.obj
 0002:0004c400       __vswprintf_s_l            1008f400 f   LIBCMTD:vswprnc.obj
 0002:0004c730       _vswprintf_s               1008f730 f   LIBCMTD:vswprnc.obj
 0002:0004c760       __woutput_l                1008f760 f   LIBCMTD:woutput.obj
 0002:0004e2c0       _strcat_s                  100912c0 f   LIBCMTD:strcat_s.obj
 0002:0004e7c0       _wcscat_s                  100917c0 f   LIBCMTD:wcscat_s.obj
 0002:0004f210       __i64toa_s                 10092210 f   LIBCMTD:xtoas.obj
 0002:0004f270       __itoa_s                   10092270 f   LIBCMTD:xtoas.obj
 0002:0004f2e0       __ltoa_s                   100922e0 f   LIBCMTD:xtoas.obj
 0002:0004f330       __ui64toa_s                10092330 f   LIBCMTD:xtoas.obj
 0002:0004f360       __ultoa_s                  10092360 f   LIBCMTD:xtoas.obj
 0002:0004f870       __mbstowcs_l               10092870 f   LIBCMTD:mbstowcs.obj
 0002:0004f8a0       __mbstowcs_l_helper        100928a0 f   LIBCMTD:mbstowcs.obj
 0002:0004fd10       __mbstowcs_s_l             10092d10 f   LIBCMTD:mbstowcs.obj
 0002:000501b0       _mbstowcs                  100931b0 f   LIBCMTD:mbstowcs.obj
 0002:00050210       _mbstowcs_s                10093210 f   LIBCMTD:mbstowcs.obj
 0002:00050790       __i64tow_s                 10093790 f   LIBCMTD:xtows.obj
 0002:000507f0       __itow_s                   100937f0 f   LIBCMTD:xtows.obj
 0002:00050860       __ltow_s                   10093860 f   LIBCMTD:xtows.obj
 0002:000508b0       __ui64tow_s                100938b0 f   LIBCMTD:xtows.obj
 0002:000508e0       __ultow_s                  100938e0 f   LIBCMTD:xtows.obj
 0002:00050e10       __vsnprintf_c              10093e10 f   LIBCMTD:vsnprnc.obj
 0002:00050e70       __vsnprintf_c_l            10093e70 f   LIBCMTD:vsnprnc.obj
 0002:00050ed0       __vsnprintf_helper         10093ed0 f   LIBCMTD:vsnprnc.obj
 0002:00051150       __vsnprintf_s              10094150 f   LIBCMTD:vsnprnc.obj
 0002:00051180       __vsnprintf_s_l            10094180 f   LIBCMTD:vsnprnc.obj
 0002:00051630       __vsprintf_p               10094630 f   LIBCMTD:vsnprnc.obj
 0002:00051690       __vsprintf_p_l             10094690 f   LIBCMTD:vsnprnc.obj
 0002:000516f0       __vsprintf_s_l             100946f0 f   LIBCMTD:vsnprnc.obj
 0002:00051a20       _vsprintf_s                10094a20 f   LIBCMTD:vsnprnc.obj
 0002:00051a50       __vprintf_l                10094a50 f   LIBCMTD:vprintf.obj
 0002:00051a80       __vprintf_p                10094a80 f   LIBCMTD:vprintf.obj
 0002:00051ab0       __vprintf_p_l              10094ab0 f   LIBCMTD:vprintf.obj
 0002:00051ae0       __vprintf_s_l              10094ae0 f   LIBCMTD:vprintf.obj
 0002:00051b10       _vprintf                   10094b10 f   LIBCMTD:vprintf.obj
 0002:00051b40       _vprintf_helper            10094b40 f   LIBCMTD:vprintf.obj
 0002:00051cd0       _vprintf_s                 10094cd0 f   LIBCMTD:vprintf.obj
 0002:00051d00       ____lc_codepage_func       10094d00 f   LIBCMTD:initctyp.obj
 0002:00051d60       ____lc_collate_cp_func     10094d60 f   LIBCMTD:initctyp.obj
 0002:00051dc0       ____lc_locale_name_func    10094dc0 f   LIBCMTD:initctyp.obj
 0002:00051e20       ____mb_cur_max_func        10094e20 f   LIBCMTD:initctyp.obj
 0002:00051e80       ____mb_cur_max_l_func      10094e80 f   LIBCMTD:initctyp.obj
 0002:00051eb0       ___init_ctype              10094eb0 f   LIBCMTD:initctyp.obj
 0002:00052670       __fptrap                   10095670 f   LIBCMTD:crt0fp.obj
 0002:00052690       ___init_dummy              10095690 f   LIBCMTD:wsetloca.obj
 0002:000526a0       __locterm                  100956a0 f   LIBCMTD:wsetloca.obj
 0002:00052760       ____setlc_active_func      10095760 f   LIBCMTD:wsetloca.obj
 0002:00052770       ____unguarded_readlc_active_add_func 10095770 f   LIBCMTD:wsetloca.obj
 0002:00052780       ___copy_locale_name        10095780 f   LIBCMTD:wsetloca.obj
 0002:00052850       ___create_locale           10095850 f   LIBCMTD:wsetloca.obj
 0002:00052870       ___free_locale             10095870 f   LIBCMTD:wsetloca.obj
 0002:00052890       ___get_current_locale      10095890 f   LIBCMTD:wsetloca.obj
 0002:000528a0       ___lc_lctowcs              100958a0 f   LIBCMTD:wsetloca.obj
 0002:00052980       ___lc_wcstolc              10095980 f   LIBCMTD:wsetloca.obj
 0002:00052c30       __configthreadlocale       10095c30 f   LIBCMTD:wsetloca.obj
 0002:00052de0       __create_locale            10095de0 f   LIBCMTD:wsetloca.obj
 0002:00052e70       __expandlocale             10095e70 f   LIBCMTD:wsetloca.obj
 0002:000534a0       __free_locale              100964a0 f   LIBCMTD:wsetloca.obj
 0002:00053610       __get_current_locale       10096610 f   LIBCMTD:wsetloca.obj
 0002:00053770       __wcreate_locale           10096770 f   LIBCMTD:wsetloca.obj
 0002:000539d0       __wcscats                  100969d0 f   LIBCMTD:wsetloca.obj
 0002:00053a60       __wsetlocale               10096a60 f   LIBCMTD:wsetloca.obj
 0002:00054f10       _GetTableIndexFromLcid     10097f10 f   LIBCMTD:winapinls.obj
 0002:00054f90       _GetTableIndexFromLocaleName 10097f90 f   LIBCMTD:winapinls.obj
 0002:00055040       ___crtCompareStringEx      10098040 f   LIBCMTD:winapinls.obj
 0002:000550d0       ___crtDownlevelLCIDToLocaleName 100980d0 f   LIBCMTD:winapinls.obj
 0002:000551d0       ___crtDownlevelLocaleNameToLCID 100981d0 f   LIBCMTD:winapinls.obj
 0002:00055240       ___crtEnumSystemLocalesEx  10098240 f   LIBCMTD:winapinls.obj
 0002:000552c0       ___crtGetDateFormatEx      100982c0 f   LIBCMTD:winapinls.obj
 0002:00055340       ___crtGetLocaleInfoEx      10098340 f   LIBCMTD:winapinls.obj
 0002:000553b0       ___crtGetTimeFormatEx      100983b0 f   LIBCMTD:winapinls.obj
 0002:00055430       ___crtGetUserDefaultLocaleName 10098430 f   LIBCMTD:winapinls.obj
 0002:00055490       ___crtIsValidLocaleName    10098490 f   LIBCMTD:winapinls.obj
 0002:000554e0       ___crtLCMapStringEx        100984e0 f   LIBCMTD:winapinls.obj
 0002:00055570       ___wcsnicmp_ascii          10098570 f   LIBCMTD:winapinls.obj
 0002:00055670       __CallSettingFrame@12      10098670 f   LIBCMTD:lowhelpr.obj
 0002:00055697       __NLG_Return               10098697     LIBCMTD:lowhelpr.obj
 0002:000556d0       ___DestructExceptionObject 100986d0 f   LIBCMTD:frame.obj
 0002:00055840       ??0bad_exception@std@@QAE@ABV01@@Z 10098840 f i LIBCMTD:frame.obj
 0002:00055870       ??0bad_exception@std@@QAE@PBD@Z 10098870 f i LIBCMTD:frame.obj
 0002:000558a0       ??1bad_exception@std@@UAE@XZ 100988a0 f i LIBCMTD:frame.obj
 0002:000558d0       ??_Gbad_exception@std@@UAEPAXI@Z 100988d0 f i LIBCMTD:frame.obj
 0002:000558d0       ??_Ebad_exception@std@@UAEPAXI@Z 100988d0 f i LIBCMTD:frame.obj
 0002:000567c0       ?__uncaught_exception@@YA_NXZ 100997c0 f   LIBCMTD:frame.obj
 0002:00056800       ?_is_exception_typeof@@YAHABVtype_info@@PAU_EXCEPTION_POINTERS@@@Z 10099800 f   LIBCMTD:frame.obj
 0002:00056910       __SetWinRTOutOfMemoryExceptionCallback 10099910 f   LIBCMTD:frame.obj
 0002:00056920       ___AdjustPointer           10099920 f   LIBCMTD:frame.obj
 0002:00056980       ___BuildCatchObject        10099980 f   LIBCMTD:frame.obj
 0002:00056ad0       ___BuildCatchObjectHelper  10099ad0 f   LIBCMTD:frame.obj
 0002:00056e80       ___CxxDetectRethrow        10099e80 f   LIBCMTD:frame.obj
 0002:00056f20       ___CxxExceptionFilter      10099f20 f   LIBCMTD:frame.obj
 0002:000571a0       ___CxxQueryExceptionSize   1009a1a0 f   LIBCMTD:frame.obj
 0002:000571b0       ___CxxRegisterExceptionObject 1009a1b0 f   LIBCMTD:frame.obj
 0002:00057340       ___CxxUnregisterExceptionObject 1009a340 f   LIBCMTD:frame.obj
 0002:00057520       ___FrameUnwindFilter       1009a520 f   LIBCMTD:frame.obj
 0002:000575c0       ___FrameUnwindToState      1009a5c0 f   LIBCMTD:frame.obj
 0002:000577a0       ___GetPlatformExceptionInfo 1009a7a0 f   LIBCMTD:frame.obj
 0002:00057880       ___InternalCxxFrameHandler 1009a880 f   LIBCMTD:frame.obj
 0002:00057a50       ___TypeMatch               1009aa50 f   LIBCMTD:frame.obj
 0002:00057b60       __vscprintf                1009ab60 f   LIBCMTD:vsprintf.obj
 0002:00057b90       __vscprintf_helper         1009ab90 f   LIBCMTD:vsprintf.obj
 0002:00057cc0       __vscprintf_l              1009acc0 f   LIBCMTD:vsprintf.obj
 0002:00057cf0       __vscprintf_p              1009acf0 f   LIBCMTD:vsprintf.obj
 0002:00057d20       __vscprintf_p_l            1009ad20 f   LIBCMTD:vsprintf.obj
 0002:00057d50       __vsprintf_l               1009ad50 f   LIBCMTD:vsprintf.obj
 0002:00057f80       _vsprintf                  1009af80 f   LIBCMTD:vsprintf.obj
 0002:00057fb0       _wcsncpy_s                 1009afb0 f   LIBCMTD:wcsncpy_s.obj
 0002:000584f0       ___set_app_type            1009b4f0 f   LIBCMTD:errmode.obj
 0002:00058500       __set_error_mode           1009b500 f   LIBCMTD:errmode.obj
 0002:000585f0       __set_abort_behavior       1009b5f0 f   LIBCMTD:abort.obj
 0002:00058630       _abort                     1009b630 f   LIBCMTD:abort.obj
 0002:00058840       ___crtGetLocaleInfoA       1009b840 f   LIBCMTD:a_loc.obj
 0002:000588a0       _strncmp                   1009b8a0 f   LIBCMTD:strncmp.obj
 0002:00058940       __strnicmp                 1009b940 f   LIBCMTD:strnicmp.obj
 0002:00058b80       __strnicmp_l               1009bb80 f   LIBCMTD:strnicmp.obj
 0002:00058eb0       __validate_param_reuseW    1009beb0 f   LIBCMTD:woutputp.obj
 0002:00059250       __woutput_p_l              1009c250 f   LIBCMTD:woutputp.obj
 0002:0005dc10       __woutput_s_l              100a0c10 f   LIBCMTD:woutputs.obj
 0002:0005f930       __fputwc_nolock            100a2930 f   LIBCMTD:fputwc.obj
 0002:0005fce0       _fputwc                    100a2ce0 f   LIBCMTD:fputwc.obj
 0002:0005fe30       _putwc                     100a2e30 f   LIBCMTD:fputwc.obj
 0002:0005fe50       __output_s_l               100a2e50 f   LIBCMTD:outputs.obj
 0002:00061e60       __output_p_l               100a4e60 f   LIBCMTD:outputp.obj
 0002:00066be0       __validate_param_reuseA    100a9be0 f   LIBCMTD:outputp.obj
 0002:00066f80       _get_crtdouble_arg         100a9f80 f i LIBCMTD:outputp.obj
 0002:000671b0       ___init_collate            100aa1b0 f   LIBCMTD:initcoll.obj
 0002:000673d0       _memcmp                    100aa3d0 f   LIBCMTD:memcmp.obj
 0002:00067ed0       _wcscmp                    100aaed0 f   LIBCMTD:wcscmp.obj
 0002:00067f50       _wcscspn                   100aaf50 f   LIBCMTD:wcscspn.obj
 0002:00067fd0       _wcsnlen                   100aafd0 f   LIBCMTD:wcslen_s.obj
 0002:00068020       _wcsncmp                   100ab020 f   LIBCMTD:wcsncmp.obj
 0002:00068090       _wcspbrk                   100ab090 f   LIBCMTD:wcspbrk.obj
 0002:00068ec0       ___get_qualified_locale    100abec0 f   LIBCMTD:getqloc.obj
 0002:0006a260       ___get_qualified_locale_downlevel 100ad260 f   LIBCMTD:getqloc_downlevel.obj
 0002:0006a5e0       ??3@YAXPAX@Z               100ad5e0 f   LIBCMTD:dbgdel.obj
 0002:0006a710       _memmove                   100ad710 f   LIBCMTD:memmove.obj
 0002:0006aef0       ?_ValidateExecute@@YAHP6GHXZ@Z 100adef0 f   LIBCMTD:validate.obj
 0002:0006af20       ?_ValidateRead@@YAHPBXI@Z  100adf20 f   LIBCMTD:validate.obj
 0002:0006af50       ?_ValidateWrite@@YAHPAXI@Z 100adf50 f   LIBCMTD:validate.obj
 0002:0006af80       ??0type_info@@AAE@ABV0@@Z  100adf80 f   LIBCMTD:typinfo.obj
 0002:0006afa0       ??1type_info@@UAE@XZ       100adfa0 f   LIBCMTD:typinfo.obj
 0002:0006afd0       ??4type_info@@AAEAAV0@ABV0@@Z 100adfd0 f   LIBCMTD:typinfo.obj
 0002:0006aff0       ??8type_info@@QBE_NABV0@@Z 100adff0 f   LIBCMTD:typinfo.obj
 0002:0006b040       ??9type_info@@QBE_NABV0@@Z 100ae040 f   LIBCMTD:typinfo.obj
 0002:0006b090       ??_Etype_info@@UAEPAXI@Z   100ae090 f i LIBCMTD:typinfo.obj
 0002:0006b090       ??_Gtype_info@@UAEPAXI@Z   100ae090 f i LIBCMTD:typinfo.obj
 0002:0006b0d0       ?_name_internal_method@type_info@@QBEPBDPAU__type_info_node@@@Z 100ae0d0 f   LIBCMTD:typinfo.obj
 0002:0006b100       ?_type_info_dtor_internal_method@type_info@@QAEXXZ 100ae100 f   LIBCMTD:typinfo.obj
 0002:0006b120       ?before@type_info@@QBE_NABV1@@Z 100ae120 f   LIBCMTD:typinfo.obj
 0002:0006b170       ?name@type_info@@QBEPBDPAU__type_info_node@@@Z 100ae170 f   LIBCMTD:typinfo.obj
 0002:0006b1a0       ?raw_name@type_info@@QBEPBDXZ 100ae1a0 f   LIBCMTD:typinfo.obj
 0002:0006b1c0       ??0__non_rtti_object@std@@QAE@ABV01@@Z 100ae1c0 f   LIBCMTD:stdexcpt.obj
 0002:0006b1f0       ??0__non_rtti_object@std@@QAE@PBD@Z 100ae1f0 f   LIBCMTD:stdexcpt.obj
 0002:0006b220       ??0bad_cast@std@@QAE@ABV01@@Z 100ae220 f   LIBCMTD:stdexcpt.obj
 0002:0006b250       ??0bad_cast@std@@QAE@PBD@Z 100ae250 f   LIBCMTD:stdexcpt.obj
 0002:0006b280       ??0bad_typeid@std@@QAE@ABV01@@Z 100ae280 f   LIBCMTD:stdexcpt.obj
 0002:0006b2b0       ??0bad_typeid@std@@QAE@PBD@Z 100ae2b0 f   LIBCMTD:stdexcpt.obj
 0002:0006b2e0       ??0exception@std@@QAE@ABQBD@Z 100ae2e0 f   LIBCMTD:stdexcpt.obj
 0002:0006b330       ??0exception@std@@QAE@ABQBDH@Z 100ae330 f   LIBCMTD:stdexcpt.obj
 0002:0006b370       ??0exception@std@@QAE@ABV01@@Z 100ae370 f   LIBCMTD:stdexcpt.obj
 0002:0006b3c0       ??0exception@std@@QAE@XZ   100ae3c0 f   LIBCMTD:stdexcpt.obj
 0002:0006b400       ??1__non_rtti_object@std@@UAE@XZ 100ae400 f   LIBCMTD:stdexcpt.obj
 0002:0006b430       ??1bad_cast@std@@UAE@XZ    100ae430 f   LIBCMTD:stdexcpt.obj
 0002:0006b460       ??1bad_typeid@std@@UAE@XZ  100ae460 f   LIBCMTD:stdexcpt.obj
 0002:0006b490       ??1exception@std@@UAE@XZ   100ae490 f   LIBCMTD:stdexcpt.obj
 0002:0006b4c0       ??4exception@std@@QAEAAV01@ABV01@@Z 100ae4c0 f   LIBCMTD:stdexcpt.obj
 0002:0006b520       ??_G__non_rtti_object@std@@UAEPAXI@Z 100ae520 f i LIBCMTD:stdexcpt.obj
 0002:0006b520       ??_E__non_rtti_object@std@@UAEPAXI@Z 100ae520 f i LIBCMTD:stdexcpt.obj
 0002:0006b560       ??_Gbad_cast@std@@UAEPAXI@Z 100ae560 f i LIBCMTD:stdexcpt.obj
 0002:0006b560       ??_Ebad_cast@std@@UAEPAXI@Z 100ae560 f i LIBCMTD:stdexcpt.obj
 0002:0006b5a0       ??_Gbad_typeid@std@@UAEPAXI@Z 100ae5a0 f i LIBCMTD:stdexcpt.obj
 0002:0006b5a0       ??_Ebad_typeid@std@@UAEPAXI@Z 100ae5a0 f i LIBCMTD:stdexcpt.obj
 0002:0006b5e0       ??_Gexception@std@@UAEPAXI@Z 100ae5e0 f i LIBCMTD:stdexcpt.obj
 0002:0006b5e0       ??_Eexception@std@@UAEPAXI@Z 100ae5e0 f i LIBCMTD:stdexcpt.obj
 0002:0006b620       ?_Copy_str@exception@std@@AAEXPBD@Z 100ae620 f   LIBCMTD:stdexcpt.obj
 0002:0006b6a0       ?_Tidy@exception@std@@AAEXXZ 100ae6a0 f   LIBCMTD:stdexcpt.obj
 0002:0006b6f0       ?what@exception@std@@UBEPBDXZ 100ae6f0 f   LIBCMTD:stdexcpt.obj
 0002:0006b730       __CxxThrowException@8      100ae730 f   LIBCMTD:throw.obj
 0002:0006b800       ___ascii_strnicmp          100ae800 f   LIBCMTD:_strnicm.obj
 0002:0006b880       __tolower                  100ae880 f   LIBCMTD:tolower.obj
 0002:0006b890       __tolower_l                100ae890 f   LIBCMTD:tolower.obj
 0002:0006bb60       _tolower                   100aeb60 f   LIBCMTD:tolower.obj
 0002:0006c070       __wcstol_l                 100af070 f   LIBCMTD:wcstol.obj
 0002:0006c0a0       __wcstoul_l                100af0a0 f   LIBCMTD:wcstol.obj
 0002:0006c0d0       _wcstol                    100af0d0 f   LIBCMTD:wcstol.obj
 0002:0006c100       _wcstoul                   100af100 f   LIBCMTD:wcstol.obj
 0002:0006c130       __flswbuf                  100af130 f   LIBCMTD:_flswbuf.obj
 0002:0006cb10       __strtol_l                 100afb10 f   LIBCMTD:strtol.obj
 0002:0006cb40       __strtoul_l                100afb40 f   LIBCMTD:strtol.obj
 0002:0006cb70       _strtol                    100afb70 f   LIBCMTD:strtol.obj
 0002:0006cbd0       _strtoul                   100afbd0 f   LIBCMTD:strtol.obj
 0002:0006cc30       __wtoi                     100afc30 f   LIBCMTD:wtox.obj
 0002:0006cc50       __wtoi64                   100afc50 f   LIBCMTD:wtox.obj
 0002:0006cc70       __wtoi64_l                 100afc70 f   LIBCMTD:wtox.obj
 0002:0006cc90       __wtoi_l                   100afc90 f   LIBCMTD:wtox.obj
 0002:0006ccb0       __wtol                     100afcb0 f   LIBCMTD:wtox.obj
 0002:0006ccd0       __wtol_l                   100afcd0 f   LIBCMTD:wtox.obj
 0002:0006ccf0       __wtoll                    100afcf0 f   LIBCMTD:wtox.obj
 0002:0006cd10       __wtoll_l                  100afd10 f   LIBCMTD:wtox.obj
 0002:0006cd30       _wcschr                    100afd30 f   LIBCMTD:wcschr.obj
 0002:0006cf10       __wcsicmp                  100aff10 f   LIBCMTD:wcsicmp.obj
 0002:0006d150       __wcsicmp_l                100b0150 f   LIBCMTD:wcsicmp.obj
 0002:0006d450       __wcsnicmp                 100b0450 f   LIBCMTD:wcsnicmp.obj
 0002:0006d6b0       __wcsnicmp_l               100b06b0 f   LIBCMTD:wcsnicmp.obj
 0002:0006d9b0       ?_Name_base@type_info@@CAPBDPBV1@PAU__type_info_node@@@Z 100b09b0 f   LIBCMTD:typname.obj
 0002:0006dbc0       ?_Name_base_internal@type_info@@CAPBDPBV1@PAU__type_info_node@@@Z 100b0bc0 f   LIBCMTD:typname.obj
 0002:0006ddf0       ?_Type_info_dtor@type_info@@CAXPAV1@@Z 100b0df0 f   LIBCMTD:typname.obj
 0002:0006df40       ?_Type_info_dtor_internal@type_info@@CAXPAV1@@Z 100b0f40 f   LIBCMTD:typname.obj
 0002:0006e0a0       ___clean_type_info_names_internal 100b10a0 f   LIBCMTD:typname.obj
 0002:0006e180       ___unDNameHelper           100b1180 f   LIBCMTD:typname.obj
 0002:0006e1d0       __wchartodigit             100b11d0 f   LIBCMTD:wchtodig.obj
 0002:0006ec60       __wcstof_l                 100b1c60 f   LIBCMTD:wcstoq.obj
 0002:0006edb0       __wcstoi64                 100b1db0 f   LIBCMTD:wcstoq.obj
 0002:0006ee10       __wcstoi64_l               100b1e10 f   LIBCMTD:wcstoq.obj
 0002:0006ee40       __wcstoimax_l              100b1e40 f   LIBCMTD:wcstoq.obj
 0002:0006ee70       __wcstold_l                100b1e70 f   LIBCMTD:wcstoq.obj
 0002:0006ee90       __wcstoll_l                100b1e90 f   LIBCMTD:wcstoq.obj
 0002:0006eec0       __wcstoui64                100b1ec0 f   LIBCMTD:wcstoq.obj
 0002:0006ef20       __wcstoui64_l              100b1f20 f   LIBCMTD:wcstoq.obj
 0002:0006ef50       __wcstoull_l               100b1f50 f   LIBCMTD:wcstoq.obj
 0002:0006ef80       __wcstoumax_l              100b1f80 f   LIBCMTD:wcstoq.obj
 0002:0006efb0       _wcstof                    100b1fb0 f   LIBCMTD:wcstoq.obj
 0002:0006efd0       _wcstoimax                 100b1fd0 f   LIBCMTD:wcstoq.obj
 0002:0006eff0       _wcstold                   100b1ff0 f   LIBCMTD:wcstoq.obj
 0002:0006f010       _wcstoll                   100b2010 f   LIBCMTD:wcstoq.obj
 0002:0006f030       _wcstoull                  100b2030 f   LIBCMTD:wcstoq.obj
 0002:0006f050       _wcstoumax                 100b2050 f   LIBCMTD:wcstoq.obj
 0002:0006f070       __towlower_l               100b2070 f   LIBCMTD:towlower.obj
 0002:0006f210       _towlower                  100b2210 f   LIBCMTD:towlower.obj
 0002:0006f230       ??0Block@_HeapManager@@QAE@XZ 100b2230 f i LIBCMTD:undname.obj
 0002:0006f250       ??0DName@@QAE@AAPBDD@Z     100b2250 f   LIBCMTD:undname.obj
 0002:0006f5c0       ??0DName@@QAE@ABV0@@Z      100b25c0 f i LIBCMTD:undname.obj
 0002:0006f5f0       ??0DName@@QAE@D@Z          100b25f0 f   LIBCMTD:undname.obj
 0002:0006f700       ??0DName@@QAE@PAV0@@Z      100b2700 f   LIBCMTD:undname.obj
 0002:0006f880       ??0DName@@QAE@PBD@Z        100b2880 f   LIBCMTD:undname.obj
 0002:0006f9b0       ??0DName@@QAE@W4DNameStatus@@@Z 100b29b0 f   LIBCMTD:undname.obj
 0002:0006fb10       ??0DName@@QAE@XZ           100b2b10 f i LIBCMTD:undname.obj
 0002:0006fc00       ??0DName@@QAE@_J@Z         100b2c00 f   LIBCMTD:undname.obj
 0002:0006fde0       ??0DName@@QAE@_K@Z         100b2de0 f   LIBCMTD:undname.obj
 0002:0006ff70       ??0DNameNode@@IAE@XZ       100b2f70 f   LIBCMTD:undname.obj
 0002:0006ff90       ??0DNameStatusNode@@AAE@W4DNameStatus@@@Z 100b2f90 f   LIBCMTD:undname.obj
 0002:00070000       ??0Replicator@@QAE@XZ      100b3000 f i LIBCMTD:undname.obj
 0002:00070020       ??0UnDecorator@@QAE@PADPBDHP6APADJ@ZK@Z 100b3020 f i LIBCMTD:undname.obj
 0002:000700e0       ??0charNode@@QAE@D@Z       100b30e0 f   LIBCMTD:undname.obj
 0002:00070120       ??0pDNameNode@@QAE@PAVDName@@@Z 100b3120 f   LIBCMTD:undname.obj
 0002:000701a0       ??0pairNode@@QAE@PAVDNameNode@@0@Z 100b31a0 f   LIBCMTD:undname.obj
 0002:000701f0       ??0pcharNode@@QAE@PBDH@Z   100b31f0 f   LIBCMTD:undname.obj
 0002:000702b0       ??2@YAPAXIAAV_HeapManager@@H@Z 100b32b0 f i LIBCMTD:undname.obj
 0002:000702d0       ??4DName@@QAEAAV0@ABV0@@Z  100b32d0 f   LIBCMTD:undname.obj
 0002:00070300       ??4DName@@QAEAAV0@D@Z      100b3300 f i LIBCMTD:undname.obj
 0002:00070410       ??4DName@@QAEAAV0@PAV0@@Z  100b3410 f   LIBCMTD:undname.obj
 0002:00070590       ??4DName@@QAEAAV0@PBD@Z    100b3590 f   LIBCMTD:undname.obj
 0002:000706a0       ??4DName@@QAEAAV0@W4DNameStatus@@@Z 100b36a0 f   LIBCMTD:undname.obj
 0002:000707e0       ??AReplicator@@QBE?AVDName@@H@Z 100b37e0 f   LIBCMTD:undname.obj
 0002:00070860       ??BUnDecorator@@QAEPADXZ   100b3860 f i LIBCMTD:undname.obj
 0002:00070bb0       ??H@YA?AVDName@@DABV0@@Z   100b3bb0 f i LIBCMTD:undname.obj
 0002:00070bf0       ??H@YA?AVDName@@PBDABV0@@Z 100b3bf0 f i LIBCMTD:undname.obj
 0002:00070c30       ??H@YA?AVDName@@W4DNameStatus@@ABV0@@Z 100b3c30 f i LIBCMTD:undname.obj
 0002:00070c70       ??HDName@@QBE?AV0@ABV0@@Z  100b3c70 f   LIBCMTD:undname.obj
 0002:00070cc0       ??HDName@@QBE?AV0@D@Z      100b3cc0 f   LIBCMTD:undname.obj
 0002:00070d10       ??HDName@@QBE?AV0@PAV0@@Z  100b3d10 f   LIBCMTD:undname.obj
 0002:00070d60       ??HDName@@QBE?AV0@PBD@Z    100b3d60 f   LIBCMTD:undname.obj
 0002:00070db0       ??HDName@@QBE?AV0@W4DNameStatus@@@Z 100b3db0 f   LIBCMTD:undname.obj
 0002:00070e00       ??YDName@@QAEAAV0@ABV0@@Z  100b3e00 f   LIBCMTD:undname.obj
[...]
 0003:00018674       ??_R2charNode@@8           100e3674     LIBCMTD:undname.obj
 0003:00018680       ??_R1A@?0A@EA@charNode@@8  100e3680     LIBCMTD:undname.obj
 0003:000186a4       ??_R4pcharNode@@6B@        100e36a4     LIBCMTD:undname.obj
 0003:000186bc       ??_R3pcharNode@@8          100e36bc     LIBCMTD:undname.obj
 0003:000186d0       ??_R2pcharNode@@8          100e36d0     LIBCMTD:undname.obj
 0003:000186dc       ??_R1A@?0A@EA@pcharNode@@8 100e36dc     LIBCMTD:undname.obj
 0003:00018700       ??_R4pDNameNode@@6B@       100e3700     LIBCMTD:undname.obj
 0003:00018718       ??_R3pDNameNode@@8         100e3718     LIBCMTD:undname.obj
 0003:0001872c       ??_R2pDNameNode@@8         100e372c     LIBCMTD:undname.obj
 0003:00018738       ??_R1A@?0A@EA@pDNameNode@@8 100e3738     LIBCMTD:undname.obj
 0003:0001875c       ??_R4DNameStatusNode@@6B@  100e375c     LIBCMTD:undname.obj
 0003:00018774       ??_R3DNameStatusNode@@8    100e3774     LIBCMTD:undname.obj
 0003:00018788       ??_R2DNameStatusNode@@8    100e3788     LIBCMTD:undname.obj
 0003:00018794       ??_R1A@?0A@EA@DNameStatusNode@@8 100e3794     LIBCMTD:undname.obj
 0003:000187b8       ??_R4pairNode@@6B@         100e37b8     LIBCMTD:undname.obj
 0003:000187d0       ??_R3pairNode@@8           100e37d0     LIBCMTD:undname.obj
 0003:000187e4       ??_R2pairNode@@8           100e37e4     LIBCMTD:undname.obj
 0003:000187f0       ??_R1A@?0A@EA@pairNode@@8  100e37f0     LIBCMTD:undname.obj
 0003:00018930       ___rtc_iaa                 100e3930     LIBCMTD:initsect.obj
 0003:00018a34       ___rtc_izz                 100e3a34     LIBCMTD:initsect.obj
 0003:00018b38       ___rtc_taa                 100e3b38     LIBCMTD:initsect.obj
 0003:00018c3c       ___rtc_tzz                 100e3c3c     LIBCMTD:initsect.obj
 0003:000197e0       __TI2?AVbad_exception@std@@ 100e47e0     LIBCMTD:frame.obj
 0003:000197f4       __CTA2?AVbad_exception@std@@ 100e47f4     LIBCMTD:frame.obj
 0003:00019804       __CT??_R0?AVbad_exception@std@@@8??0bad_exception@std@@QAE@ABV01@@Z12 100e4804     LIBCMTD:frame.obj
 0003:00019824       __CT??_R0?AVexception@std@@@8??0exception@std@@QAE@ABV01@@Z12 100e4824     LIBCMTD:frame.obj
 0004:00000210       __lookuptrailbytes         100e6210     LIBCMTD:read.obj
 0004:00000350       ___isa_enabled             100e6350     LIBCMTD:cpu_disp.obj
 0004:00000358       ___nullstring              100e6358     LIBCMTD:output.obj
 0004:0000035c       ___wnullstring             100e635c     LIBCMTD:output.obj
 0004:00000368       __mbctype                  100e6368     LIBCMTD:mbctype.obj
 0004:00000470       __mbcasemap                100e6470     LIBCMTD:mbctype.obj
 0004:00000570       ___initialmbcinfo          100e6570     LIBCMTD:mbctype.obj
 0004:00000794       ___ptmbcinfo               100e6794     LIBCMTD:mbctype.obj
 0004:00000990       ___flsindex                100e6990     LIBCMTD:tidtable.obj
 0004:00000994       ___mb_cur_max              100e6994     LIBCMTD:nlsdata.obj
 0004:00000998       ___wclocalestr             100e6998     LIBCMTD:nlsdata.obj
 0004:000009a0       ___lc_time_c               100e69a0     LIBCMTD:nlsdata.obj
 0004:00000b4c       ___ptlocinfo               100e6b4c     LIBCMTD:nlsdata.obj
 0004:00000b50       ___initiallocinfo          100e6b50     LIBCMTD:nlsdata.obj
 0004:00000c2c       ___initiallocalestructinfo 100e6c2c     LIBCMTD:nlsdata.obj
 0004:00000c38       ___globallocalestatus      100e6c38     LIBCMTD:glstatus.obj
 0004:00000c3c       __crtBreakAlloc            100e6c3c     LIBCMTD:dbgheap.obj
 0004:00000c40       ___crtDebugFillThreshold   100e6c40     LIBCMTD:dbgheap.obj
 0004:00000c44       __crtDbgFlag               100e6c44     LIBCMTD:dbgheap.obj
 0004:00000c54       ___security_cookie         100e6c54     LIBCMTD:gs_cookie.obj
 0004:00000c58       ___security_cookie_complement 100e6c58     LIBCMTD:gs_cookie.obj
 0004:00000c60       ___badioinfo               100e6c60     LIBCMTD:ioinit.obj
 0004:00000cb0       __sys_nerr                 100e6cb0     LIBCMTD:syserr.obj
 0004:00000cb8       __iob                      100e6cb8     LIBCMTD:_file.obj
 0004:00000fc0       __pfnAllocHook             100e6fc0     LIBCMTD:dbghook.obj
 0004:00001124       __CrtDbgMode               100e7124     LIBCMTD:dbgrptt.obj
 0004:00001130       __CrtDbgFile               100e7130     LIBCMTD:dbgrptt.obj
 0004:0000113c       __crtAssertBusy            100e713c     LIBCMTD:dbgrptt.obj
 0004:00001150       __cfltcvt_tab              100e7150     LIBCMTD:cmiscdat.obj
 0004:00001180       ___lconv                   100e7180     LIBCMTD:lconv.obj
 0004:00001184       ___lconv_static_decimal    100e7184     LIBCMTD:lconv.obj
 0004:00001188       ___lconv_c                 100e7188     LIBCMTD:lconv.obj
 0004:000011d8       ___lconv_static_W_decimal  100e71d8     LIBCMTD:lconv.obj
 0004:000011f0       __pctype                   100e71f0     LIBCMTD:ctype.obj
 0004:000011f4       __pwctype                  100e71f4     LIBCMTD:ctype.obj
 0004:00001200       __confh                    100e7200     LIBCMTD:initcon.obj
 0004:00001210       __NLG_Destination          100e7210     LIBCMTD:exsup.obj
 0004:00001230       ___abort_behavior          100e7230     LIBCMTD:abort.obj
 0004:00001240       __fltused                  100e7240     LIBCMTD:fpinit.obj
 0004:00001244       __ldused                   100e7244     LIBCMTD:fpinit.obj
 0004:00001250       __HUGE                     100e7250     LIBCMTD:huge.obj
 0004:00001298       __pow10pos                 100e7298     LIBCMTD:constpow.obj
 0004:000013f8       __pow10neg                 100e73f8     LIBCMTD:constpow.obj
 0004:00001730       ??_R0?AVbad_exception@std@@@8 100e7730     LIBCMTD:frame.obj
 0004:00001758       ??_R0?AVexception@std@@@8  100e7758     LIBCMTD:frame.obj
 0004:0000177c       ??_R0?AVtype_info@@@8      100e777c     LIBCMTD:typinfo.obj
 0004:00001798       ??_R0?AVbad_cast@std@@@8   100e7798     LIBCMTD:stdexcpt.obj
 0004:000017b8       ??_R0?AVbad_typeid@std@@@8 100e77b8     LIBCMTD:stdexcpt.obj
 0004:000017dc       ??_R0?AV__non_rtti_object@std@@@8 100e77dc     LIBCMTD:stdexcpt.obj
 0004:00001808       ??_R0?AVDNameNode@@@8      100e7808     LIBCMTD:undname.obj
 0004:00001824       ??_R0?AVcharNode@@@8       100e7824     LIBCMTD:undname.obj
 0004:00001840       ??_R0?AVpcharNode@@@8      100e7840     LIBCMTD:undname.obj
 0004:0000185c       ??_R0?AVpDNameNode@@@8     100e785c     LIBCMTD:undname.obj
 0004:0000187c       ??_R0?AVDNameStatusNode@@@8 100e787c     LIBCMTD:undname.obj
 0004:000018a0       ??_R0?AVpairNode@@@8       100e78a0     LIBCMTD:undname.obj
 0004:000019e8       __aenvptr                  100e79e8     LIBCMTD:dllcrt0.obj
 0004:000019ec       __wenvptr                  100e79ec     LIBCMTD:dllcrt0.obj
 0004:000019f4       ___isa_available           100e79f4     LIBCMTD:cpu_disp.obj
 0004:000019f8       ___favor                   100e79f8     LIBCMTD:cpu_disp.obj
 0004:00001a00       ___pInvalidArgHandler      100e7a00     LIBCMTD:invarg.obj
 0004:00001a04       ___mbcodepage              100e7a04     LIBCMTD:mbctype.obj
 0004:00001a08       ___ismbcodepage            100e7a08     LIBCMTD:mbctype.obj
 0004:00001a0c       ___mbulinfo                100e7a0c     LIBCMTD:mbctype.obj
 0004:00001a18       ___mblocalename            100e7a18     LIBCMTD:mbctype.obj
 0004:00001a28       ___crtDebugCheckCount      100e7a28     LIBCMTD:dbgheap.obj
 0004:00001a30       ?_pfnDumpClient@@3P6AXPAXI@ZA 100e7a30     LIBCMTD:dbgheap.obj
 0004:00001a54       __newmode                  100e7a54     LIBCMTD:_newmode.obj
 0004:00001a58       ___pioinfo                 100e7a58     LIBCMTD:ioinit.obj
 0004:00001b8c       __umaskval                 100e7b8c     LIBCMTD:crt0dat.obj
 0004:00001b90       __exitflag                 100e7b90     LIBCMTD:crt0dat.obj
 0004:00001b94       __C_Termination_Done       100e7b94     LIBCMTD:crt0dat.obj
 0004:00001b98       ___winitenv                100e7b98     LIBCMTD:crt0dat.obj
 0004:00001b9c       ___initenv                 100e7b9c     LIBCMTD:crt0dat.obj
 0004:00001ba0       ___argc                    100e7ba0     LIBCMTD:crt0dat.obj
 0004:00001ba4       ___argv                    100e7ba4     LIBCMTD:crt0dat.obj
 0004:00001ba8       ___wargv                   100e7ba8     LIBCMTD:crt0dat.obj
 0004:00001bac       __environ                  100e7bac     LIBCMTD:crt0dat.obj
 0004:00001bb0       __wenviron                 100e7bb0     LIBCMTD:crt0dat.obj
 0004:00001bb4       __pgmptr                   100e7bb4     LIBCMTD:crt0dat.obj
 0004:00001bb8       __wpgmptr                  100e7bb8     LIBCMTD:crt0dat.obj
 0004:00001bbc       __C_Exit_Done              100e7bbc     LIBCMTD:crt0dat.obj
 0004:00001bcc       __cflush                   100e7bcc     LIBCMTD:_file.obj
 0004:00001bd0       __crtheap                  100e7bd0     LIBCMTD:heapinit.obj
 0004:000022bc       ___lconv_static_null       100e82bc     LIBCMTD:lconv.obj
 0004:000022c0       ___lconv_static_W_null     100e82c0     LIBCMTD:lconv.obj
 0004:000022c4       ?_pnhHeap@@3P6AHI@ZA       100e82c4     LIBCMTD:handler.obj
 0004:000022c8       ___app_type                100e82c8     LIBCMTD:crt0msg.obj
 0004:00002a34       ?__pInconsistency@@3P6AXXZA 100e8a34     LIBCMTD:hooks.obj
 0004:00002a38       ___pPurecall               100e8a38     LIBCMTD:inithelp.obj
 0004:00002a40       __stdbuf                   100e8a40     LIBCMTD:_sftbuf.obj
 0004:00002a4c       __fmode                    100e8a4c     LIBCMTD:txtmode.obj
 0004:00002a50       __commode                  100e8a50     LIBCMTD:ncommode.obj
 0004:00002a54       ___locale_changed          100e8a54     LIBCMTD:wsetloca.obj
 0004:00002a5c       ?g_OutOfMemoryExceptionCallback@@3P6GPAXXZA 100e8a5c     LIBCMTD:frame.obj
 0004:00002a60       ___error_mode              100e8a60     LIBCMTD:errmode.obj
 0004:00002a70       ?pArgList@UnDecorator@@0PAVReplicator@@A 100e8a70     LIBCMTD:undname.obj
 0004:00002a74       ?pZNameList@UnDecorator@@0PAVReplicator@@A 100e8a74     LIBCMTD:undname.obj
 0004:00002a78       ?pTemplateArgList@UnDecorator@@0PAVReplicator@@A 100e8a78     LIBCMTD:undname.obj
 0004:00002a7c       ?gName@UnDecorator@@0PBDB  100e8a7c     LIBCMTD:undname.obj
 0004:00002a80       ?name@UnDecorator@@0PBDB   100e8a80     LIBCMTD:undname.obj
 0004:00002a84       ?outputString@UnDecorator@@0PADA 100e8a84     LIBCMTD:undname.obj
 0004:00002a88       ?maxStringLength@UnDecorator@@0HA 100e8a88     LIBCMTD:undname.obj
 0004:00002a8c       ?disableFlags@UnDecorator@@0KA 100e8a8c     LIBCMTD:undname.obj
 0004:00002a90       ?fExplicitTemplateParams@UnDecorator@@0_NA 100e8a90     LIBCMTD:undname.obj
 0004:00002a91       ?fGetTemplateArgumentList@UnDecorator@@0_NA 100e8a91     LIBCMTD:undname.obj
 0004:00002a94       ?m_pGetParameter@UnDecorator@@0P6APADJ@ZA 100e8a94     LIBCMTD:undname.obj
 0004:00002b18       ?nodes@?1??make@DNameStatusNode@@SAPAV2@W4DNameStatus@@@Z@4PAV2@A 100e8b18     LIBCMTD:undname.obj
 0004:00002b54       ??_B?1??make@DNameStatusNode@@SAPAV1@W4DNameStatus@@@Z@51 100e8b54     LIBCMTD:undname.obj
 0004:00002b58       ___fastflag                100e8b58     LIBCMTD:fpinit.obj
 0004:00002b5c       __outputformat             100e8b5c     LIBCMTD:outputformat.obj
 0004:00002b60       ___unguarded_readlc_active 100e8b60     <common>
 0004:00002b70       ___setlc_active            100e8b70     <common>
 0004:00002b74       __pReportHookListW         100e8b74     <common>
 0004:00002b84       __pReportHookList          100e8b84     <common>
 0004:00002b88       __pfnReportHook            100e8b88     <common>
 0004:00002b8c       __debugger_hook_dummy      100e8b8c     <common>
 0004:00002ba0       __bufin                    100e8ba0     <common>
 0004:00003edc       ___piob                    100e9edc     <common>
 0004:00003ee0       __nstream                  100e9ee0     <common>
 0004:00003f00       _encodedKERNEL32Functions  100e9f00     <common>
 0004:00003fa8       ___dyn_tls_init_callback   100e9fa8     <common>
 0004:00003fb8       ___onexitend               100e9fb8     <common>
 0004:00003fbc       ___onexitbegin             100e9fbc     <common>
 0004:00003fc0       ___mbctype_initialized     100e9fc0     <common>
 0004:00003fc4       ___env_initialized         100e9fc4     <common>
 0004:00003fc8       __nhandle                  100e9fc8     <common>
 0004:00003fd4       __acmdln                   100e9fd4     <common>
 0005:00000000       __imp__ReadFile@20         100ea000     kernel32:KERNEL32.dll
 0005:00000004       __imp__SetFilePointerEx@20 100ea004     kernel32:KERNEL32.dll
 0005:00000008       __imp__WriteFile@20        100ea008     kernel32:KERNEL32.dll
 0005:0000000c       __imp__CreateFile2@20      100ea00c     kernel32:KERNEL32.dll
 0005:00000010       __imp__CloseHandle@4       100ea010     kernel32:KERNEL32.dll
 0005:00000014       __imp__GetLastError@0      100ea014     kernel32:KERNEL32.dll
 0005:00000018       __imp__MultiByteToWideChar@24 100ea018     kernel32:KERNEL32.dll
 0005:0000001c       __imp__WideCharToMultiByte@32 100ea01c     kernel32:KERNEL32.dll
 0005:00000020       __imp__CreateFileW@28      100ea020     kernel32:KERNEL32.dll
 0005:00000024       __imp__GetFileType@4       100ea024     kernel32:KERNEL32.dll
 0005:00000028       __imp__GetModuleHandleW@4  100ea028     kernel32:KERNEL32.dll
 0005:0000002c       __imp__GetProcAddress@8    100ea02c     kernel32:KERNEL32.dll
 0005:00000030       __imp__GetConsoleMode@8    100ea030     kernel32:KERNEL32.dll
 0005:00000034       __imp__ReadConsoleW@20     100ea034     kernel32:KERNEL32.dll
 0005:00000038       __imp__GetConsoleCP@0      100ea038     kernel32:KERNEL32.dll
 0005:0000003c       __imp__GetSystemTimeAsFileTime@4 100ea03c     kernel32:KERNEL32.dll
 0005:00000040       __imp__GetCommandLineA@0   100ea040     kernel32:KERNEL32.dll
 0005:00000044       __imp__GetCurrentThreadId@0 100ea044     kernel32:KERNEL32.dll
 0005:00000048       __imp__IsProcessorFeaturePresent@4 100ea048     kernel32:KERNEL32.dll
 0005:0000004c       __imp__IsDebuggerPresent@0 100ea04c     kernel32:KERNEL32.dll
 0005:00000050       __imp__EncodePointer@4     100ea050     kernel32:KERNEL32.dll
 0005:00000054       __imp__DecodePointer@4     100ea054     kernel32:KERNEL32.dll
 0005:00000058       __imp__GetModuleFileNameW@12 100ea058     kernel32:KERNEL32.dll
 0005:0000005c       __imp__GetModuleHandleExW@12 100ea05c     kernel32:KERNEL32.dll
 0005:00000060       __imp__IsValidCodePage@4   100ea060     kernel32:KERNEL32.dll
 0005:00000064       __imp__GetACP@0            100ea064     kernel32:KERNEL32.dll
 0005:00000068       __imp__GetOEMCP@0          100ea068     kernel32:KERNEL32.dll
 0005:0000006c       __imp__GetCPInfo@8         100ea06c     kernel32:KERNEL32.dll
 0005:00000070       __imp__SetLastError@4      100ea070     kernel32:KERNEL32.dll
 0005:00000074       __imp__GetCurrentThread@0  100ea074     kernel32:KERNEL32.dll
 0005:00000078       __imp__HeapValidate@12     100ea078     kernel32:KERNEL32.dll
 0005:0000007c       __imp__GetSystemInfo@4     100ea07c     kernel32:KERNEL32.dll
 0005:00000080       __imp__SetStdHandle@8      100ea080     kernel32:KERNEL32.dll
 0005:00000084       __imp__EnterCriticalSection@4 100ea084     kernel32:KERNEL32.dll
 0005:00000088       __imp__LeaveCriticalSection@4 100ea088     kernel32:KERNEL32.dll
 0005:0000008c       __imp__GetStdHandle@4      100ea08c     kernel32:KERNEL32.dll
 0005:00000090       __imp__DeleteCriticalSection@4 100ea090     kernel32:KERNEL32.dll
 0005:00000094       __imp__GetStartupInfoW@4   100ea094     kernel32:KERNEL32.dll
 0005:00000098       __imp__ExitProcess@4       100ea098     kernel32:KERNEL32.dll
 0005:0000009c       __imp__AreFileApisANSI@0   100ea09c     kernel32:KERNEL32.dll
 0005:000000a0       __imp__SetEndOfFile@4      100ea0a0     kernel32:KERNEL32.dll
 0005:000000a4       __imp__HeapAlloc@12        100ea0a4     kernel32:KERNEL32.dll
 0005:000000a8       __imp__HeapFree@12         100ea0a8     kernel32:KERNEL32.dll
 0005:000000ac       __imp__GetProcessHeap@0    100ea0ac     kernel32:KERNEL32.dll
 0005:000000b0       __imp__UnhandledExceptionFilter@4 100ea0b0     kernel32:KERNEL32.dll
 0005:000000b4       __imp__SetUnhandledExceptionFilter@4 100ea0b4     kernel32:KERNEL32.dll
 0005:000000b8       __imp__InitializeCriticalSectionAndSpinCount@8 100ea0b8     kernel32:KERNEL32.dll
 0005:000000bc       __imp__CreateEventW@16     100ea0bc     kernel32:KERNEL32.dll
 0005:000000c0       __imp__Sleep@4             100ea0c0     kernel32:KERNEL32.dll
 0005:000000c4       __imp__GetCurrentProcess@0 100ea0c4     kernel32:KERNEL32.dll
 0005:000000c8       __imp__TerminateProcess@8  100ea0c8     kernel32:KERNEL32.dll
 0005:000000cc       __imp__TlsAlloc@0          100ea0cc     kernel32:KERNEL32.dll
 0005:000000d0       __imp__TlsGetValue@4       100ea0d0     kernel32:KERNEL32.dll
 0005:000000d4       __imp__TlsSetValue@8       100ea0d4     kernel32:KERNEL32.dll
 0005:000000d8       __imp__TlsFree@4           100ea0d8     kernel32:KERNEL32.dll
 0005:000000dc       __imp__GetTickCount@0      100ea0dc     kernel32:KERNEL32.dll
 0005:000000e0       __imp__CreateSemaphoreW@16 100ea0e0     kernel32:KERNEL32.dll
 0005:000000e4       __imp__WriteConsoleW@20    100ea0e4     kernel32:KERNEL32.dll
 0005:000000e8       __imp__RtlUnwind@16        100ea0e8     kernel32:KERNEL32.dll
 0005:000000ec       __imp__GetModuleFileNameA@12 100ea0ec     kernel32:KERNEL32.dll
 0005:000000f0       __imp__QueryPerformanceCounter@4 100ea0f0     kernel32:KERNEL32.dll
 0005:000000f4       __imp__GetCurrentProcessId@0 100ea0f4     kernel32:KERNEL32.dll
 0005:000000f8       __imp__GetEnvironmentStringsW@0 100ea0f8     kernel32:KERNEL32.dll
 0005:000000fc       __imp__FreeEnvironmentStringsW@4 100ea0fc     kernel32:KERNEL32.dll
 0005:00000100       __imp__FatalAppExitA@8     100ea100     kernel32:KERNEL32.dll
 0005:00000104       __imp__SetConsoleCtrlHandler@8 100ea104     kernel32:KERNEL32.dll
 0005:00000108       __imp__OutputDebugStringW@4 100ea108     kernel32:KERNEL32.dll
 0005:0000010c       __imp__WaitForSingleObjectEx@12 100ea10c     kernel32:KERNEL32.dll
 0005:00000110       __imp__CreateThread@24     100ea110     kernel32:KERNEL32.dll
 0005:00000114       __imp__LoadLibraryExW@12   100ea114     kernel32:KERNEL32.dll
 0005:00000118       __imp__OutputDebugStringA@4 100ea118     kernel32:KERNEL32.dll
 0005:0000011c       __imp__GetStringTypeW@16   100ea11c     kernel32:KERNEL32.dll
 0005:00000120       __imp__HeapReAlloc@16      100ea120     kernel32:KERNEL32.dll
 0005:00000124       __imp__HeapSize@12         100ea124     kernel32:KERNEL32.dll
 0005:00000128       __imp__HeapQueryInformation@20 100ea128     kernel32:KERNEL32.dll
 0005:0000012c       __imp__FreeLibrary@4       100ea12c     kernel32:KERNEL32.dll
 0005:00000130       __imp__FlushFileBuffers@4  100ea130     kernel32:KERNEL32.dll
 0005:00000134       __imp__GetDateFormatW@24   100ea134     kernel32:KERNEL32.dll
 0005:00000138       __imp__GetTimeFormatW@24   100ea138     kernel32:KERNEL32.dll
 0005:0000013c       __imp__CompareStringW@24   100ea13c     kernel32:KERNEL32.dll
 0005:00000140       __imp__LCMapStringW@24     100ea140     kernel32:KERNEL32.dll
 0005:00000144       __imp__GetLocaleInfoW@16   100ea144     kernel32:KERNEL32.dll
 0005:00000148       __imp__IsValidLocale@8     100ea148     kernel32:KERNEL32.dll
 0005:0000014c       __imp__GetUserDefaultLCID@0 100ea14c     kernel32:KERNEL32.dll
 0005:00000150       __imp__EnumSystemLocalesW@8 100ea150     kernel32:KERNEL32.dll
 0005:00000154       __imp__RaiseException@16   100ea154     kernel32:KERNEL32.dll
 0005:00000158       \177KERNEL32_NULL_THUNK_DATA 100ea158     kernel32:KERNEL32.dll
 0005:000001c8       __IMPORT_DESCRIPTOR_KERNEL32 100ea1c8     kernel32:KERNEL32.dll
 0005:000001dc       __NULL_IMPORT_DESCRIPTOR   100ea1dc     kernel32:KERNEL32.dll
